============================= test session starts =============================
platform win32 -- Python 3.14.4, pytest-9.0.3, pluggy-1.6.0 -- C:\Apps\Python\python.exe
cachedir: .pytest_cache
rootdir: C:\Code\gui_do
configfile: pyproject.toml
collecting ... collected 4557 items

tests/test_accessibility_tree.py::TestAccessibilityRole::test_all_roles_are_strings PASSED [  0%]
tests/test_accessibility_tree.py::TestAccessibilityRole::test_enum_has_expected_values PASSED [  0%]
tests/test_accessibility_tree.py::TestAccessibilityRole::test_minimum_role_count PASSED [  0%]
tests/test_accessibility_tree.py::TestLivePoliteness::test_values PASSED [  0%]
tests/test_accessibility_tree.py::TestAccessibilityNode::test_ancestors_empty_when_no_parent PASSED [  0%]
tests/test_accessibility_tree.py::TestAccessibilityNode::test_children_initially_empty PASSED [  0%]
tests/test_accessibility_tree.py::TestAccessibilityNode::test_construction_with_all_args PASSED [  0%]
tests/test_accessibility_tree.py::TestAccessibilityNode::test_defaults PASSED [  0%]
tests/test_accessibility_tree.py::TestAccessibilityNode::test_get_effective_label_own PASSED [  0%]
tests/test_accessibility_tree.py::TestAccessibilityNode::test_get_effective_label_via_labelledby PASSED [  0%]
tests/test_accessibility_tree.py::TestAccessibilityNode::test_get_value_text_exception_returns_empty PASSED [  0%]
tests/test_accessibility_tree.py::TestAccessibilityNode::test_get_value_text_no_callable PASSED [  0%]
tests/test_accessibility_tree.py::TestAccessibilityNode::test_get_value_text_with_callable PASSED [  0%]
tests/test_accessibility_tree.py::TestAccessibilityNode::test_parent_initially_none PASSED [  0%]
tests/test_accessibility_tree.py::TestAccessibilityNode::test_repr PASSED [  0%]
tests/test_accessibility_tree.py::TestAccessibilityTree::test_ancestors PASSED [  0%]
tests/test_accessibility_tree.py::TestAccessibilityTree::test_clear PASSED [  0%]
tests/test_accessibility_tree.py::TestAccessibilityTree::test_empty_tree_len PASSED [  0%]
tests/test_accessibility_tree.py::TestAccessibilityTree::test_find_all_by_role PASSED [  0%]
tests/test_accessibility_tree.py::TestAccessibilityTree::test_find_all_enabled_only PASSED [  0%]
tests/test_accessibility_tree.py::TestAccessibilityTree::test_find_all_no_filter PASSED [  0%]
tests/test_accessibility_tree.py::TestAccessibilityTree::test_find_all_scoped PASSED [  0%]
tests/test_accessibility_tree.py::TestAccessibilityTree::test_find_by_widget PASSED [  0%]
tests/test_accessibility_tree.py::TestAccessibilityTree::test_find_by_widget_unknown_returns_none PASSED [  0%]
tests/test_accessibility_tree.py::TestAccessibilityTree::test_find_first_by_label PASSED [  0%]
tests/test_accessibility_tree.py::TestAccessibilityTree::test_find_first_by_role PASSED [  0%]
tests/test_accessibility_tree.py::TestAccessibilityTree::test_find_first_no_match_returns_none PASSED [  0%]
tests/test_accessibility_tree.py::TestAccessibilityTree::test_register_and_len PASSED [  0%]
tests/test_accessibility_tree.py::TestAccessibilityTree::test_register_idempotent PASSED [  0%]
tests/test_accessibility_tree.py::TestAccessibilityTree::test_register_with_parent PASSED [  0%]
tests/test_accessibility_tree.py::TestAccessibilityTree::test_snapshot PASSED [  0%]
tests/test_accessibility_tree.py::TestAccessibilityTree::test_unregister PASSED [  0%]
tests/test_accessibility_tree.py::TestAccessibilityTree::test_unregister_removes_from_parent PASSED [  0%]
tests/test_accessibility_tree.py::TestAccessibilityTree::test_unregister_unknown_is_noop PASSED [  0%]
tests/test_accessibility_tree.py::TestAccessibilityBus::test_AccessibilityAnnouncement_dataclass PASSED [  0%]
tests/test_accessibility_tree.py::TestAccessibilityBus::test_announce_assertive PASSED [  0%]
tests/test_accessibility_tree.py::TestAccessibilityBus::test_announce_default_politeness_is_polite PASSED [  0%]
tests/test_accessibility_tree.py::TestAccessibilityBus::test_announce_increments_count PASSED [  0%]
tests/test_accessibility_tree.py::TestAccessibilityBus::test_consume_clears_queue PASSED [  0%]
tests/test_accessibility_tree.py::TestAccessibilityBus::test_consume_returns_fifo_order PASSED [  0%]
tests/test_accessibility_tree.py::TestAccessibilityBus::test_initially_empty PASSED [  0%]
tests/test_accessibility_tree.py::TestAccessibilityBus::test_subscribe_called_on_announce PASSED [  0%]
tests/test_accessibility_tree.py::TestAccessibilityBus::test_subscribe_exception_does_not_propagate PASSED [  0%]
tests/test_accessibility_tree.py::TestAccessibilityBus::test_subscribe_returns_unsubscribe PASSED [  0%]
tests/test_accessibility_tree.py::TestAccessibilityExports::test_importable_from_gui_do PASSED [  0%]
tests/test_action_middleware_and_theme_manager.py::TestActionContext::test_extras_default_empty PASSED [  1%]
tests/test_action_middleware_and_theme_manager.py::TestActionContext::test_extras_mutable PASSED [  1%]
tests/test_action_middleware_and_theme_manager.py::TestActionContext::test_fields_set_correctly PASSED [  1%]
tests/test_action_middleware_and_theme_manager.py::TestActionContext::test_none_event_allowed PASSED [  1%]
tests/test_action_middleware_and_theme_manager.py::TestBuildMiddlewareChain::test_empty_middlewares_calls_terminal PASSED [  1%]
tests/test_action_middleware_and_theme_manager.py::TestBuildMiddlewareChain::test_middleware_can_block PASSED [  1%]
tests/test_action_middleware_and_theme_manager.py::TestBuildMiddlewareChain::test_middleware_can_mutate_extras PASSED [  1%]
tests/test_action_middleware_and_theme_manager.py::TestBuildMiddlewareChain::test_middleware_return_value_propagates PASSED [  1%]
tests/test_action_middleware_and_theme_manager.py::TestBuildMiddlewareChain::test_single_middleware_wraps_terminal PASSED [  1%]
tests/test_action_middleware_and_theme_manager.py::TestBuildMiddlewareChain::test_terminal_false_propagates PASSED [  1%]
tests/test_action_middleware_and_theme_manager.py::TestBuildMiddlewareChain::test_two_middlewares_lifo_order PASSED [  1%]
tests/test_action_middleware_and_theme_manager.py::TestActionManagerMiddleware::test_add_middleware_increases_count PASSED [  1%]
tests/test_action_middleware_and_theme_manager.py::TestActionManagerMiddleware::test_blocking_middleware_prevents_handler PASSED [  1%]
tests/test_action_middleware_and_theme_manager.py::TestActionManagerMiddleware::test_clear_middlewares PASSED [  1%]
tests/test_action_middleware_and_theme_manager.py::TestActionManagerMiddleware::test_lifo_order PASSED [  1%]
tests/test_action_middleware_and_theme_manager.py::TestActionManagerMiddleware::test_middleware_sees_action_name PASSED [  1%]
tests/test_action_middleware_and_theme_manager.py::TestActionManagerMiddleware::test_no_middleware_fires_handler PASSED [  1%]
tests/test_action_middleware_and_theme_manager.py::TestActionManagerMiddleware::test_remove_middleware_decreases_count PASSED [  1%]
tests/test_action_middleware_and_theme_manager.py::TestActionManagerMiddleware::test_remove_missing_middleware_returns_false PASSED [  1%]
tests/test_action_middleware_and_theme_manager.py::TestActionManagerBindings::test_bind_key_registers PASSED [  1%]
tests/test_action_middleware_and_theme_manager.py::TestActionManagerBindings::test_bindings_for_action PASSED [  1%]
tests/test_action_middleware_and_theme_manager.py::TestActionManagerBindings::test_bindings_for_unbound_action PASSED [  1%]
tests/test_action_middleware_and_theme_manager.py::TestActionManagerBindings::test_clear_bindings PASSED [  1%]
tests/test_action_middleware_and_theme_manager.py::TestActionManagerBindings::test_duplicate_bind_ignored PASSED [  1%]
tests/test_action_middleware_and_theme_manager.py::TestActionManagerBindings::test_same_key_two_actions PASSED [  1%]
tests/test_action_middleware_and_theme_manager.py::TestActionManagerBindings::test_trigger_fires_handler PASSED [  1%]
tests/test_action_middleware_and_theme_manager.py::TestActionManagerBindings::test_trigger_non_key_event_returns_false PASSED [  1%]
tests/test_action_middleware_and_theme_manager.py::TestActionManagerBindings::test_unbind_key_removes PASSED [  1%]
tests/test_action_middleware_and_theme_manager.py::TestActionManagerBindings::test_unbind_missing_key_returns_false PASSED [  1%]
tests/test_action_middleware_and_theme_manager.py::TestDesignTokens::test_copy_independent PASSED [  1%]
tests/test_action_middleware_and_theme_manager.py::TestDesignTokens::test_from_dict PASSED [  1%]
tests/test_action_middleware_and_theme_manager.py::TestDesignTokens::test_from_dict_skips_invalid PASSED [  1%]
tests/test_action_middleware_and_theme_manager.py::TestDesignTokens::test_get_default_fallback PASSED [  1%]
tests/test_action_middleware_and_theme_manager.py::TestDesignTokens::test_get_existing PASSED [  1%]
tests/test_action_middleware_and_theme_manager.py::TestDesignTokens::test_get_missing_returns_fallback PASSED [  1%]
tests/test_action_middleware_and_theme_manager.py::TestDesignTokens::test_name PASSED [  1%]
tests/test_action_middleware_and_theme_manager.py::TestDesignTokens::test_set_new_token PASSED [  1%]
tests/test_action_middleware_and_theme_manager.py::TestDesignTokens::test_set_overrides_existing PASSED [  1%]
tests/test_action_middleware_and_theme_manager.py::TestDesignTokens::test_to_dict_copy PASSED [  1%]
tests/test_action_middleware_and_theme_manager.py::TestDesignTokens::test_token_names_sorted PASSED [  1%]
tests/test_action_middleware_and_theme_manager.py::TestThemeManagerBuiltIns::test_dark_and_light_registered PASSED [  1%]
tests/test_action_middleware_and_theme_manager.py::TestThemeManagerBuiltIns::test_default_active_theme_is_dark PASSED [  1%]
tests/test_action_middleware_and_theme_manager.py::TestThemeManagerBuiltIns::test_has_theme_false PASSED [  1%]
tests/test_action_middleware_and_theme_manager.py::TestThemeManagerBuiltIns::test_has_theme_true PASSED [  1%]
tests/test_action_middleware_and_theme_manager.py::TestThemeManagerBuiltIns::test_token_resolves_from_active PASSED [  1%]
tests/test_action_middleware_and_theme_manager.py::TestThemeManagerSwitch::test_active_tokens_updates_on_switch PASSED [  1%]
tests/test_action_middleware_and_theme_manager.py::TestThemeManagerSwitch::test_switch_fires_subscriber PASSED [  2%]
tests/test_action_middleware_and_theme_manager.py::TestThemeManagerSwitch::test_switch_to_light PASSED [  2%]
tests/test_action_middleware_and_theme_manager.py::TestThemeManagerSwitch::test_switch_unknown_leaves_active_unchanged PASSED [  2%]
tests/test_action_middleware_and_theme_manager.py::TestThemeManagerSwitch::test_switch_unknown_returns_false PASSED [  2%]
tests/test_action_middleware_and_theme_manager.py::TestThemeManagerSwitch::test_switch_updates_active_tokens PASSED [  2%]
tests/test_action_middleware_and_theme_manager.py::TestThemeManagerRegistration::test_get_theme_returns_design_tokens PASSED [  2%]
tests/test_action_middleware_and_theme_manager.py::TestThemeManagerRegistration::test_get_theme_unknown_returns_none PASSED [  2%]
tests/test_action_middleware_and_theme_manager.py::TestThemeManagerRegistration::test_register_custom_theme PASSED [  2%]
tests/test_action_middleware_and_theme_manager.py::TestThemeManagerRegistration::test_register_design_tokens_directly PASSED [  2%]
tests/test_action_middleware_and_theme_manager.py::TestThemeManagerRegistration::test_register_empty_name_raises PASSED [  2%]
tests/test_action_middleware_and_theme_manager.py::TestThemeManagerRegistration::test_register_replaces_existing PASSED [  2%]
tests/test_action_middleware_and_theme_manager.py::TestThemeManagerRegistration::test_register_then_switch PASSED [  2%]
tests/test_action_middleware_and_theme_manager.py::TestThemeManagerRegistration::test_token_fallback_on_unknown_name PASSED [  2%]
tests/test_action_registry_and_input_map.py::TestActionDescriptor::test_invoke_calls_callback_when_enabled PASSED [  2%]
tests/test_action_registry_and_input_map.py::TestActionDescriptor::test_invoke_returns_false_when_disabled PASSED [  2%]
tests/test_action_registry_and_input_map.py::TestActionDescriptor::test_is_checked_callable PASSED [  2%]
tests/test_action_registry_and_input_map.py::TestActionDescriptor::test_is_checked_static PASSED [  2%]
tests/test_action_registry_and_input_map.py::TestActionDescriptor::test_is_enabled_callable_predicate PASSED [  2%]
tests/test_action_registry_and_input_map.py::TestActionDescriptor::test_is_enabled_static_false PASSED [  2%]
tests/test_action_registry_and_input_map.py::TestActionDescriptor::test_is_enabled_static_true PASSED [  2%]
tests/test_action_registry_and_input_map.py::TestActionRegistry::test_action_ids_sorted PASSED [  2%]
tests/test_action_registry_and_input_map.py::TestActionRegistry::test_clear_removes_all PASSED [  2%]
tests/test_action_registry_and_input_map.py::TestActionRegistry::test_declare_creates_and_returns_descriptor PASSED [  2%]
tests/test_action_registry_and_input_map.py::TestActionRegistry::test_get_raises_for_unknown PASSED [  2%]
tests/test_action_registry_and_input_map.py::TestActionRegistry::test_get_returns_registered_descriptor PASSED [  2%]
tests/test_action_registry_and_input_map.py::TestActionRegistry::test_has_returns_false_for_unknown PASSED [  2%]
tests/test_action_registry_and_input_map.py::TestActionRegistry::test_invoke_calls_descriptor PASSED [  2%]
tests/test_action_registry_and_input_map.py::TestActionRegistry::test_invoke_disabled_action_returns_false PASSED [  2%]
tests/test_action_registry_and_input_map.py::TestActionRegistry::test_register_and_has PASSED [  2%]
tests/test_action_registry_and_input_map.py::TestActionRegistry::test_register_empty_id_raises PASSED [  2%]
tests/test_action_registry_and_input_map.py::TestActionRegistry::test_register_many PASSED [  2%]
tests/test_action_registry_and_input_map.py::TestActionRegistry::test_register_non_callable_raises PASSED [  2%]
tests/test_action_registry_and_input_map.py::TestActionRegistry::test_unregister_removes_action PASSED [  2%]
tests/test_action_registry_and_input_map.py::TestActionRegistry::test_unregister_returns_false_for_unknown PASSED [  2%]
tests/test_action_registry_and_input_map.py::TestInputMap::test_actions_returns_sorted PASSED [  2%]
tests/test_action_registry_and_input_map.py::TestInputMap::test_bind_creates_new_action PASSED [  2%]
tests/test_action_registry_and_input_map.py::TestInputMap::test_bind_overrides_declared PASSED [  2%]
tests/test_action_registry_and_input_map.py::TestInputMap::test_bind_preserves_label PASSED [  2%]
tests/test_action_registry_and_input_map.py::TestInputMap::test_binding_for_unknown_returns_none PASSED [  2%]
tests/test_action_registry_and_input_map.py::TestInputMap::test_bindings_returns_all PASSED [  2%]
tests/test_action_registry_and_input_map.py::TestInputMap::test_declare_creates_binding PASSED [  2%]
tests/test_action_registry_and_input_map.py::TestInputMap::test_declare_does_not_overwrite_existing PASSED [  2%]
tests/test_action_registry_and_input_map.py::TestInputMap::test_declare_empty_action_raises PASSED [  2%]
tests/test_action_registry_and_input_map.py::TestInputMap::test_len PASSED [  2%]
tests/test_action_registry_and_input_map.py::TestInputMap::test_reset_to_default_already_default_returns_false PASSED [  2%]
tests/test_action_registry_and_input_map.py::TestInputMap::test_reset_to_default_marks_is_default PASSED [  3%]
tests/test_action_registry_and_input_map.py::TestInputMap::test_reset_to_default_unknown_returns_false PASSED [  3%]
tests/test_action_registry_and_input_map.py::TestInputMap::test_unbind_removes_binding PASSED [  3%]
tests/test_action_registry_and_input_map.py::TestInputMap::test_unbind_unknown_returns_false PASSED [  3%]
tests/test_adaptive_constraint_layout.py::TestLayoutConstraint::test_default_priority PASSED [  3%]
tests/test_adaptive_constraint_layout.py::TestLayoutConstraint::test_fraction_height PASSED [  3%]
tests/test_adaptive_constraint_layout.py::TestLayoutConstraint::test_fraction_width PASSED [  3%]
tests/test_adaptive_constraint_layout.py::TestLayoutConstraint::test_pixel_value PASSED [  3%]
tests/test_adaptive_constraint_layout.py::TestConstraintSet::test_add_and_count PASSED [  3%]
tests/test_adaptive_constraint_layout.py::TestConstraintSet::test_all_constraints_returns_copy PASSED [  3%]
tests/test_adaptive_constraint_layout.py::TestConstraintSet::test_conflict_same_priority_raises PASSED [  3%]
tests/test_adaptive_constraint_layout.py::TestConstraintSet::test_for_target_filters PASSED [  3%]
tests/test_adaptive_constraint_layout.py::TestConstraintSet::test_higher_priority_replaces PASSED [  3%]
tests/test_adaptive_constraint_layout.py::TestConstraintSet::test_lower_priority_ignored PASSED [  3%]
tests/test_adaptive_constraint_layout.py::TestConstraintSet::test_remove PASSED [  3%]
tests/test_adaptive_constraint_layout.py::TestConstraintLayoutEngine::test_bottom_constraint PASSED [  3%]
tests/test_adaptive_constraint_layout.py::TestConstraintLayoutEngine::test_center_x_constraint PASSED [  3%]
tests/test_adaptive_constraint_layout.py::TestConstraintLayoutEngine::test_center_y_constraint PASSED [  3%]
tests/test_adaptive_constraint_layout.py::TestConstraintLayoutEngine::test_fallback_initial_rect_used PASSED [  3%]
tests/test_adaptive_constraint_layout.py::TestConstraintLayoutEngine::test_fraction_left PASSED [  3%]
tests/test_adaptive_constraint_layout.py::TestConstraintLayoutEngine::test_height_constraint PASSED [  3%]
tests/test_adaptive_constraint_layout.py::TestConstraintLayoutEngine::test_left_constraint PASSED [  3%]
tests/test_adaptive_constraint_layout.py::TestConstraintLayoutEngine::test_multiple_widgets PASSED [  3%]
tests/test_adaptive_constraint_layout.py::TestConstraintLayoutEngine::test_right_constraint PASSED [  3%]
tests/test_adaptive_constraint_layout.py::TestConstraintLayoutEngine::test_top_constraint PASSED [  3%]
tests/test_adaptive_constraint_layout.py::TestConstraintLayoutEngine::test_width_constraint PASSED [  3%]
tests/test_adaptive_constraint_layout.py::TestAdaptivePolicy::test_build_constraint_set PASSED [  3%]
tests/test_adaptive_constraint_layout.py::TestAdaptivePolicy::test_resolve_fallback PASSED [  3%]
tests/test_adaptive_constraint_layout.py::TestAdaptivePolicy::test_resolve_no_match_returns_none PASSED [  3%]
tests/test_adaptive_constraint_layout.py::TestAdaptivePolicy::test_resolve_returns_most_specific PASSED [  3%]
tests/test_animation_state_machine_and_property_registry.py::TestAnimationStateMachine::test_complete_then_transition_applied_after_tween_done PASSED [  3%]
tests/test_animation_state_machine_and_property_registry.py::TestAnimationStateMachine::test_complete_then_transition_queues_state PASSED [  3%]
tests/test_animation_state_machine_and_property_registry.py::TestAnimationStateMachine::test_current_state_none_by_default PASSED [  3%]
tests/test_animation_state_machine_and_property_registry.py::TestAnimationStateMachine::test_handle_assigned_after_synchronous_empty_sequence PASSED [  3%]
tests/test_animation_state_machine_and_property_registry.py::TestAnimationStateMachine::test_initial_state_constructor PASSED [  3%]
tests/test_animation_state_machine_and_property_registry.py::TestAnimationStateMachine::test_interrupt_mode_switches_immediately PASSED [  3%]
tests/test_animation_state_machine_and_property_registry.py::TestAnimationStateMachine::test_is_transitioning_false_after_tween_completes PASSED [  3%]
tests/test_animation_state_machine_and_property_registry.py::TestAnimationStateMachine::test_is_transitioning_true_with_running_tween PASSED [  3%]
tests/test_animation_state_machine_and_property_registry.py::TestAnimationStateMachine::test_multiple_transitions_between_states PASSED [  3%]
tests/test_animation_state_machine_and_property_registry.py::TestAnimationStateMachine::test_on_state_changed_fires PASSED [  3%]
tests/test_animation_state_machine_and_property_registry.py::TestAnimationStateMachine::test_on_state_changed_multiple_callbacks PASSED [  3%]
tests/test_animation_state_machine_and_property_registry.py::TestAnimationStateMachine::test_on_state_changed_unsub_stops_events PASSED [  3%]
tests/test_animation_state_machine_and_property_registry.py::TestAnimationStateMachine::test_register_and_set_state PASSED [  3%]
tests/test_animation_state_machine_and_property_registry.py::TestAnimationStateMachine::test_reset_cancels_in_flight_tween PASSED [  3%]
tests/test_animation_state_machine_and_property_registry.py::TestAnimationStateMachine::test_reset_clears_current_state PASSED [  3%]
tests/test_animation_state_machine_and_property_registry.py::TestAnimationStateMachine::test_reverse_then_transition_falls_back_to_interrupt PASSED [  3%]
tests/test_animation_state_machine_and_property_registry.py::TestAnimationStateMachine::test_set_same_state_is_noop PASSED [  4%]
tests/test_animation_state_machine_and_property_registry.py::TestAnimationStateMachine::test_unknown_state_raises_key_error PASSED [  4%]
tests/test_animation_state_machine_and_property_registry.py::TestAnimationStateMachine::test_wildcard_transition_mode PASSED [  4%]
tests/test_animation_state_machine_and_property_registry.py::TestPropertyRegistry::test_all_classes_includes_registered PASSED [  4%]
tests/test_animation_state_machine_and_property_registry.py::TestPropertyRegistry::test_caching_returns_consistent_results PASSED [  4%]
tests/test_animation_state_machine_and_property_registry.py::TestPropertyRegistry::test_descriptor_group PASSED [  4%]
tests/test_animation_state_machine_and_property_registry.py::TestPropertyRegistry::test_descriptor_label PASSED [  4%]
tests/test_animation_state_machine_and_property_registry.py::TestPropertyRegistry::test_descriptor_min_max PASSED [  4%]
tests/test_animation_state_machine_and_property_registry.py::TestPropertyRegistry::test_descriptor_read_only PASSED [  4%]
tests/test_animation_state_machine_and_property_registry.py::TestPropertyRegistry::test_descriptor_type PASSED [  4%]
tests/test_animation_state_machine_and_property_registry.py::TestPropertyRegistry::test_descriptors_for_class PASSED [  4%]
tests/test_animation_state_machine_and_property_registry.py::TestPropertyRegistry::test_descriptors_for_instance PASSED [  4%]
tests/test_animation_state_machine_and_property_registry.py::TestPropertyRegistry::test_manual_register PASSED [  4%]
tests/test_animation_state_machine_and_property_registry.py::TestPropertyRegistry::test_subclass_inherits_base_descriptors PASSED [  4%]
tests/test_animation_state_machine_and_property_registry.py::TestPropertyRegistry::test_subclass_own_descriptor_metadata PASSED [  4%]
tests/test_animation_state_machine_and_property_registry.py::TestPropertyInspectorModel::test_get_value_returns_attribute PASSED [  4%]
tests/test_animation_state_machine_and_property_registry.py::TestPropertyInspectorModel::test_get_value_unknown_property_raises PASSED [  4%]
tests/test_animation_state_machine_and_property_registry.py::TestPropertyInspectorModel::test_grouped_organizes_by_group PASSED [  4%]
tests/test_animation_state_machine_and_property_registry.py::TestPropertyInspectorModel::test_properties_names PASSED [  4%]
tests/test_animation_state_machine_and_property_registry.py::TestPropertyInspectorModel::test_properties_returns_list PASSED [  4%]
tests/test_animation_state_machine_and_property_registry.py::TestPropertyInspectorModel::test_properties_values_reflect_object PASSED [  4%]
tests/test_animation_state_machine_and_property_registry.py::TestPropertyInspectorModel::test_set_value_clamps_to_max PASSED [  4%]
tests/test_animation_state_machine_and_property_registry.py::TestPropertyInspectorModel::test_set_value_clamps_to_min PASSED [  4%]
tests/test_animation_state_machine_and_property_registry.py::TestPropertyInspectorModel::test_set_value_coerces_float PASSED [  4%]
tests/test_animation_state_machine_and_property_registry.py::TestPropertyInspectorModel::test_set_value_int_coercion PASSED [  4%]
tests/test_animation_state_machine_and_property_registry.py::TestPropertyInspectorModel::test_set_value_read_only_raises PASSED [  4%]
tests/test_animation_state_machine_and_property_registry.py::TestPropertyInspectorModel::test_set_value_updates_attribute PASSED [  4%]
tests/test_animation_state_machine_and_property_registry.py::TestPropertyInspectorModel::test_target_property PASSED [  4%]
tests/test_app_state_store.py::TestAppStateStore::test_dispatch_adds_new_key PASSED [  4%]
tests/test_app_state_store.py::TestAppStateStore::test_dispatch_updates_value PASSED [  4%]
tests/test_app_state_store.py::TestAppStateStore::test_empty_initial_state PASSED [  4%]
tests/test_app_state_store.py::TestAppStateStore::test_get_missing_returns_default PASSED [  4%]
tests/test_app_state_store.py::TestAppStateStore::test_initial_state_set PASSED [  4%]
tests/test_app_state_store.py::TestAppStateStore::test_key_subscriber_called_on_change PASSED [  4%]
tests/test_app_state_store.py::TestAppStateStore::test_key_subscriber_not_called_without_change PASSED [  4%]
tests/test_app_state_store.py::TestAppStateStore::test_restore_fires_key_subscribers PASSED [  4%]
tests/test_app_state_store.py::TestAppStateStore::test_restore_replaces_state PASSED [  4%]
tests/test_app_state_store.py::TestAppStateStore::test_snapshot_is_deep_copy PASSED [  4%]
tests/test_app_state_store.py::TestAppStateStore::test_unsubscribe_stops_notifications PASSED [  4%]
tests/test_app_state_store.py::TestStateSelector::test_initial_value_computed PASSED [  4%]
tests/test_app_state_store.py::TestStateSelector::test_multiple_selectors_independent PASSED [  4%]
tests/test_app_state_store.py::TestStateSelector::test_selector_callback_can_read_store_without_deadlock PASSED [  4%]
tests/test_app_state_store.py::TestStateSelector::test_selector_subscriber_fires_on_change PASSED [  4%]
tests/test_app_state_store.py::TestStateSelector::test_selector_subscriber_not_fired_on_same_derived PASSED [  4%]
tests/test_app_state_store.py::TestStateSelector::test_selector_unsubscribe PASSED [  4%]
tests/test_app_state_store.py::TestStateSelector::test_selector_updates_on_dispatch PASSED [  5%]
tests/test_app_state_store.py::TestStateTransaction::test_exception_rolls_back PASSED [  5%]
tests/test_app_state_store.py::TestStateTransaction::test_nested_transaction_raises PASSED [  5%]
tests/test_app_state_store.py::TestStateTransaction::test_no_partial_notification_during_transaction PASSED [  5%]
tests/test_app_state_store.py::TestStateTransaction::test_patches_applied_atomically PASSED [  5%]
tests/test_architecture_boundary_docs_contracts.py::TestArchitectureBoundaryDocsContracts::test_boundary_spec_documents_rule_and_enforcement_tests PASSED [  5%]
tests/test_async_form_validator.py::TestAsyncFieldValidatorLocalRules::test_first_failing_rule_wins PASSED [  5%]
tests/test_async_form_validator.py::TestAsyncFieldValidatorLocalRules::test_local_error_clears_when_valid PASSED [  5%]
tests/test_async_form_validator.py::TestAsyncFieldValidatorLocalRules::test_no_rules_is_locally_valid PASSED [  5%]
tests/test_async_form_validator.py::TestAsyncFieldValidatorLocalRules::test_on_value_change_triggers_local_validation PASSED [  5%]
tests/test_async_form_validator.py::TestAsyncFieldValidatorLocalRules::test_rule_exception_treated_as_error PASSED [  5%]
tests/test_async_form_validator.py::TestAsyncFieldValidatorLocalRules::test_single_rule_fail PASSED [  5%]
tests/test_async_form_validator.py::TestAsyncFieldValidatorLocalRules::test_single_rule_pass PASSED [  5%]
tests/test_async_form_validator.py::TestAsyncFieldValidatorObservables::test_async_error_initially_none PASSED [  5%]
tests/test_async_form_validator.py::TestAsyncFieldValidatorObservables::test_is_valid_false_when_local_error PASSED [  5%]
tests/test_async_form_validator.py::TestAsyncFieldValidatorObservables::test_is_valid_when_all_clear PASSED [  5%]
tests/test_async_form_validator.py::TestAsyncFieldValidatorObservables::test_is_validating_initially_false PASSED [  5%]
tests/test_async_form_validator.py::TestAsyncFieldValidatorObservables::test_local_error_initially_none PASSED [  5%]
tests/test_async_form_validator.py::TestAsyncFieldValidatorAsyncCheck::test_async_check_called_after_debounce PASSED [  5%]
tests/test_async_form_validator.py::TestAsyncFieldValidatorAsyncCheck::test_async_check_exception_becomes_error_string PASSED [  5%]
tests/test_async_form_validator.py::TestAsyncFieldValidatorAsyncCheck::test_dispose_bumps_generation PASSED [  5%]
tests/test_async_form_validator.py::TestAsyncFieldValidatorAsyncCheck::test_stale_response_discarded PASSED [  5%]
tests/test_async_form_validator.py::TestAsyncFormValidator::test_dispose_calls_validator_dispose PASSED [  5%]
tests/test_async_form_validator.py::TestAsyncFormValidator::test_is_any_validating_observable PASSED [  5%]
tests/test_async_form_validator.py::TestAsyncFormValidator::test_is_valid_false_when_one_invalid PASSED [  5%]
tests/test_async_form_validator.py::TestAsyncFormValidator::test_is_valid_when_all_validators_valid PASSED [  5%]
tests/test_async_form_validator.py::TestAsyncFormValidator::test_update_advances_all_validators PASSED [  5%]
tests/test_async_form_validator.py::TestAsyncFormValidator::test_validate_all_local_returns_false_if_any_fail PASSED [  5%]
tests/test_async_form_validator.py::TestAsyncFormValidator::test_validate_all_local_returns_true PASSED [  5%]
tests/test_async_form_validator.py::TestAsyncFormValidatorExports::test_importable_from_gui_do PASSED [  5%]
tests/test_bouncing_shapes_demo_feature.py::TestBouncingShapesDemoFeature::test_bind_runtime_randomizes_positions_within_bounds PASSED [  5%]
tests/test_bouncing_shapes_demo_feature.py::TestBouncingShapesDemoFeature::test_create_shapes_applies_minimum_velocity_magnitude PASSED [  5%]
tests/test_bouncing_shapes_demo_feature.py::TestBouncingShapesDemoFeature::test_create_shapes_respects_requested_counts PASSED [  5%]
tests/test_bouncing_shapes_demo_feature.py::TestBouncingShapesDemoFeature::test_on_direct_update_bounces_off_edges PASSED [  5%]
tests/test_bouncing_shapes_demo_feature.py::TestBouncingShapesDemoFeature::test_on_direct_update_scales_motion_by_elapsed_time PASSED [  5%]
tests/test_boundary_contracts.py::TestBoundaryContracts::test_demo_entrypoint_uses_gui_root_import PASSED [  5%]
tests/test_boundary_contracts.py::TestBoundaryContracts::test_gui_package_does_not_import_demo_features PASSED [  5%]
tests/test_canvas_viewport_scrollbar_slider.py::TestCanvasViewportInitial::test_content_size_stored PASSED [  5%]
tests/test_canvas_viewport_scrollbar_slider.py::TestCanvasViewportInitial::test_default_offset PASSED [  5%]
tests/test_canvas_viewport_scrollbar_slider.py::TestCanvasViewportInitial::test_default_scale PASSED [  5%]
tests/test_canvas_viewport_scrollbar_slider.py::TestCanvasViewportInitial::test_initial_offset_stored PASSED [  5%]
tests/test_canvas_viewport_scrollbar_slider.py::TestCanvasViewportInitial::test_initial_scale_clamped_high PASSED [  5%]
tests/test_canvas_viewport_scrollbar_slider.py::TestCanvasViewportInitial::test_initial_scale_clamped_low PASSED [  5%]
tests/test_canvas_viewport_scrollbar_slider.py::TestCanvasViewportInitial::test_max_scale_stored PASSED [  5%]
tests/test_canvas_viewport_scrollbar_slider.py::TestCanvasViewportInitial::test_min_scale_stored PASSED [  5%]
tests/test_canvas_viewport_scrollbar_slider.py::TestCanvasViewportCoordinates::test_to_canvas_at_origin PASSED [  5%]
tests/test_canvas_viewport_scrollbar_slider.py::TestCanvasViewportCoordinates::test_to_canvas_with_offset PASSED [  6%]
tests/test_canvas_viewport_scrollbar_slider.py::TestCanvasViewportCoordinates::test_to_canvas_with_scale PASSED [  6%]
tests/test_canvas_viewport_scrollbar_slider.py::TestCanvasViewportCoordinates::test_to_screen_round_trip PASSED [  6%]
tests/test_canvas_viewport_scrollbar_slider.py::TestCanvasViewportPanZoom::test_pan_accumulates PASSED [  6%]
tests/test_canvas_viewport_scrollbar_slider.py::TestCanvasViewportPanZoom::test_pan_shifts_offset PASSED [  6%]
tests/test_canvas_viewport_scrollbar_slider.py::TestCanvasViewportPanZoom::test_reset_restores_defaults PASSED [  6%]
tests/test_canvas_viewport_scrollbar_slider.py::TestCanvasViewportPanZoom::test_set_offset_absolute PASSED [  6%]
tests/test_canvas_viewport_scrollbar_slider.py::TestCanvasViewportPanZoom::test_zoom_at_changes_scale PASSED [  6%]
tests/test_canvas_viewport_scrollbar_slider.py::TestCanvasViewportPanZoom::test_zoom_at_keeps_anchor_fixed PASSED [  6%]
tests/test_canvas_viewport_scrollbar_slider.py::TestCanvasViewportPanZoom::test_zoom_at_respects_max PASSED [  6%]
tests/test_canvas_viewport_scrollbar_slider.py::TestCanvasViewportPanZoom::test_zoom_at_respects_min PASSED [  6%]
tests/test_canvas_viewport_scrollbar_slider.py::TestCanvasViewportPanZoom::test_zoom_to_absolute PASSED [  6%]
tests/test_canvas_viewport_scrollbar_slider.py::TestCanvasViewportFitContent::test_fit_content_centers PASSED [  6%]
tests/test_canvas_viewport_scrollbar_slider.py::TestCanvasViewportFitContent::test_fit_content_scales_down PASSED [  6%]
tests/test_canvas_viewport_scrollbar_slider.py::TestScrollbarControlInitial::test_content_size_stored PASSED [  6%]
tests/test_canvas_viewport_scrollbar_slider.py::TestScrollbarControlInitial::test_offset_clamped_max PASSED [  6%]
tests/test_canvas_viewport_scrollbar_slider.py::TestScrollbarControlInitial::test_offset_clamped_negative PASSED [  6%]
tests/test_canvas_viewport_scrollbar_slider.py::TestScrollbarControlInitial::test_offset_stored PASSED [  6%]
tests/test_canvas_viewport_scrollbar_slider.py::TestScrollbarControlInitial::test_scroll_fraction_end PASSED [  6%]
tests/test_canvas_viewport_scrollbar_slider.py::TestScrollbarControlInitial::test_scroll_fraction_middle PASSED [  6%]
tests/test_canvas_viewport_scrollbar_slider.py::TestScrollbarControlInitial::test_scroll_fraction_start PASSED [  6%]
tests/test_canvas_viewport_scrollbar_slider.py::TestScrollbarControlInitial::test_viewport_size_stored PASSED [  6%]
tests/test_canvas_viewport_scrollbar_slider.py::TestScrollbarControlSetOffset::test_adjust_offset_clamped PASSED [  6%]
tests/test_canvas_viewport_scrollbar_slider.py::TestScrollbarControlSetOffset::test_adjust_offset_delta PASSED [  6%]
tests/test_canvas_viewport_scrollbar_slider.py::TestScrollbarControlSetOffset::test_handle_event_wheel_fractional_delta_steps_once PASSED [  6%]
tests/test_canvas_viewport_scrollbar_slider.py::TestScrollbarControlSetOffset::test_set_offset_clamps_high PASSED [  6%]
tests/test_canvas_viewport_scrollbar_slider.py::TestScrollbarControlSetOffset::test_set_offset_clamps_low PASSED [  6%]
tests/test_canvas_viewport_scrollbar_slider.py::TestScrollbarControlSetOffset::test_set_offset_returns_false_no_change PASSED [  6%]
tests/test_canvas_viewport_scrollbar_slider.py::TestScrollbarControlSetOffset::test_set_offset_returns_true_on_change PASSED [  6%]
tests/test_canvas_viewport_scrollbar_slider.py::TestScrollbarControlSetOffset::test_set_offset_updates PASSED [  6%]
tests/test_canvas_viewport_scrollbar_slider.py::TestSliderControlInitial::test_maximum_stored PASSED [  6%]
tests/test_canvas_viewport_scrollbar_slider.py::TestSliderControlInitial::test_minimum_stored PASSED [  6%]
tests/test_canvas_viewport_scrollbar_slider.py::TestSliderControlInitial::test_normalized_at_max PASSED [  6%]
tests/test_canvas_viewport_scrollbar_slider.py::TestSliderControlInitial::test_normalized_at_min PASSED [  6%]
tests/test_canvas_viewport_scrollbar_slider.py::TestSliderControlInitial::test_normalized_midpoint PASSED [  6%]
tests/test_canvas_viewport_scrollbar_slider.py::TestSliderControlInitial::test_value_clamped_high PASSED [  6%]
tests/test_canvas_viewport_scrollbar_slider.py::TestSliderControlInitial::test_value_clamped_low PASSED [  6%]
tests/test_canvas_viewport_scrollbar_slider.py::TestSliderControlInitial::test_value_stored PASSED [  6%]
tests/test_canvas_viewport_scrollbar_slider.py::TestSliderControlSetValue::test_adjust_value_delta PASSED [  6%]
tests/test_canvas_viewport_scrollbar_slider.py::TestSliderControlSetValue::test_set_normalized PASSED [  6%]
tests/test_canvas_viewport_scrollbar_slider.py::TestSliderControlSetValue::test_set_normalized_clamped PASSED [  6%]
tests/test_canvas_viewport_scrollbar_slider.py::TestSliderControlSetValue::test_set_value_clamps_high PASSED [  6%]
tests/test_canvas_viewport_scrollbar_slider.py::TestSliderControlSetValue::test_set_value_clamps_low PASSED [  6%]
tests/test_canvas_viewport_scrollbar_slider.py::TestSliderControlSetValue::test_set_value_returns_false_no_change PASSED [  6%]
tests/test_canvas_viewport_scrollbar_slider.py::TestSliderControlSetValue::test_set_value_returns_true_on_change PASSED [  6%]
tests/test_canvas_viewport_scrollbar_slider.py::TestSliderControlSetValue::test_set_value_updates PASSED [  7%]
tests/test_cell_caret_layout.py::TestCellCaretLayout::test_bind_anchor_layout_to_cell_content PASSED [  7%]
tests/test_cell_caret_layout.py::TestCellCaretLayout::test_overflow_moves_to_next_cell_then_next_row PASSED [  7%]
tests/test_cell_caret_layout.py::TestCellCaretLayout::test_variable_cell_overflow_advances_across_packed_rows PASSED [  7%]
tests/test_cell_caret_layout.py::TestCellCaretLayout::test_variable_cell_sizes_pack_to_next_row PASSED [  7%]
tests/test_cell_caret_layout.py::TestCellCaretLayout::test_vertical_caret_advances_by_placed_area PASSED [  7%]
tests/test_cell_caret_layout.py::TestCellCaretState::test_fields_stored PASSED [  7%]
tests/test_cell_caret_layout.py::TestCellCaretState::test_state_is_immutable PASSED [  7%]
tests/test_cell_caret_layout.py::TestCellCaretLayoutCellRect::test_cell_rect_0_0 PASSED [  7%]
tests/test_cell_caret_layout.py::TestCellCaretLayoutCellRect::test_cell_rect_0_1 PASSED [  7%]
tests/test_cell_caret_layout.py::TestCellCaretLayoutCellRect::test_cell_rect_1_0 PASSED [  7%]
tests/test_cell_caret_layout.py::TestCellCaretLayoutCellRect::test_cell_rect_returns_copy PASSED [  7%]
tests/test_cell_caret_layout.py::TestCellCaretLayoutCellRect::test_cell_rect_with_offset_bounds PASSED [  7%]
tests/test_cell_caret_layout.py::TestCellCaretLayoutCellContentRect::test_four_sided_padding PASSED [  7%]
tests/test_cell_caret_layout.py::TestCellCaretLayoutCellContentRect::test_no_padding PASSED [  7%]
tests/test_cell_caret_layout.py::TestCellCaretLayoutCellContentRect::test_uniform_padding PASSED [  7%]
tests/test_cell_caret_layout.py::TestCellCaretLayoutCellContentRect::test_xy_padding PASSED [  7%]
tests/test_cell_caret_layout.py::TestCellCaretLayoutNormalizePadding::test_four_tuple PASSED [  7%]
tests/test_cell_caret_layout.py::TestCellCaretLayoutNormalizePadding::test_int PASSED [  7%]
tests/test_cell_caret_layout.py::TestCellCaretLayoutNormalizePadding::test_invalid_length_raises PASSED [  7%]
tests/test_cell_caret_layout.py::TestCellCaretLayoutNormalizePadding::test_two_tuple PASSED [  7%]
tests/test_cell_caret_layout.py::TestCellCaretLayoutMoveToCell::test_move_resets_caret PASSED [  7%]
tests/test_cell_caret_layout.py::TestCellCaretLayoutMoveToCell::test_move_updates_col_row PASSED [  7%]
tests/test_cell_caret_layout.py::TestCellCaretLayoutErrors::test_invalid_flow_axis_raises PASSED [  7%]
tests/test_cell_caret_layout.py::TestCellCaretLayoutErrors::test_item_too_large_raises PASSED [  7%]
tests/test_cell_caret_layout.py::TestCellCaretLayoutHelpers::test_add_labeled_slot PASSED [  7%]
tests/test_cell_caret_layout.py::TestCellCaretLayoutHelpers::test_add_slot_or_overflow_uses_normal_slot_when_space_exists PASSED [  7%]
tests/test_cell_caret_layout.py::TestCellCaretLayoutHelpers::test_add_slot_or_overflow_virtualizes_when_exhausted PASSED [  7%]
tests/test_cell_caret_layout.py::TestCellCaretLayoutHelpers::test_column_stack_from_anchor_builds_single_column_layout PASSED [  7%]
tests/test_cell_caret_layout.py::TestCellCaretLayoutHelpers::test_labeled_slot_height PASSED [  7%]
tests/test_cell_caret_layout.py::TestCellCaretLayoutHelpers::test_split_columns_accepts_callable_rect_source PASSED [  7%]
tests/test_cell_caret_layout.py::TestCellCaretLayoutHelpers::test_split_columns_centered PASSED [  7%]
tests/test_chip_input_control.py::TestChipInputControlKeyboard::test_focus_manager_routes_main_enter_to_chip_input PASSED [  7%]
tests/test_chip_input_control.py::TestChipInputControlKeyboard::test_focus_manager_space_keydown_consumed_and_textinput_inserts_space PASSED [  7%]
tests/test_chip_input_control.py::TestChipInputControlKeyboard::test_main_enter_commits_edit_text PASSED [  7%]
tests/test_chip_input_control.py::TestChipInputControlKeyboard::test_numpad_enter_commits_edit_text PASSED [  7%]
tests/test_chip_input_control.py::TestChipInputControlKeyboard::test_text_input_not_doubled_after_keydown PASSED [  7%]
tests/test_collection_view.py::TestValidateValueChangeCallback::test_callable_is_ok PASSED [  7%]
tests/test_collection_view.py::TestValidateValueChangeCallback::test_non_callable_raises PASSED [  7%]
tests/test_collection_view.py::TestValidateValueChangeCallback::test_none_is_ok PASSED [  7%]
tests/test_collection_view.py::TestDispatchValueChange::test_calls_callback_with_value_and_reason PASSED [  7%]
tests/test_collection_view.py::TestDispatchValueChange::test_none_callback_no_op PASSED [  7%]
tests/test_collection_view.py::TestCollectionViewQuery::test_defaults PASSED [  7%]
tests/test_collection_view.py::TestCollectionViewInitial::test_callable_source PASSED [  7%]
tests/test_collection_view.py::TestCollectionViewInitial::test_count PASSED [  7%]
tests/test_collection_view.py::TestCollectionViewInitial::test_items_from_list_source PASSED [  7%]
tests/test_collection_view.py::TestCollectionViewInitial::test_items_returns_copy PASSED [  8%]
tests/test_collection_view.py::TestCollectionViewFilter::test_multiple_filters PASSED [  8%]
tests/test_collection_view.py::TestCollectionViewFilter::test_single_filter PASSED [  8%]
tests/test_collection_view.py::TestCollectionViewSort::test_sort_ascending PASSED [  8%]
tests/test_collection_view.py::TestCollectionViewSort::test_sort_descending PASSED [  8%]
tests/test_collection_view.py::TestCollectionViewProjector::test_projector_transforms_items PASSED [  8%]
tests/test_collection_view.py::TestCollectionViewRefresh::test_refresh_notifies_subscribers PASSED [  8%]
tests/test_collection_view.py::TestCollectionViewRefresh::test_set_source_updates_items PASSED [  8%]
tests/test_collection_view.py::TestCollectionViewRefresh::test_unsubscribe_stops_notifications PASSED [  8%]
tests/test_command_history.py::TestCommandTransaction::test_add_and_len PASSED [  8%]
tests/test_command_history.py::TestCommandTransaction::test_description_settable PASSED [  8%]
tests/test_command_history.py::TestCommandTransaction::test_description_stored PASSED [  8%]
tests/test_command_history.py::TestCommandTransaction::test_execute_runs_all PASSED [  8%]
tests/test_command_history.py::TestCommandTransaction::test_len_empty PASSED [  8%]
tests/test_command_history.py::TestCommandTransaction::test_undo_runs_in_reverse PASSED [  8%]
tests/test_command_history.py::TestCommandHistoryInitial::test_can_redo_false PASSED [  8%]
tests/test_command_history.py::TestCommandHistoryInitial::test_can_undo_false PASSED [  8%]
tests/test_command_history.py::TestCommandHistoryInitial::test_redo_description_none PASSED [  8%]
tests/test_command_history.py::TestCommandHistoryInitial::test_undo_description_none PASSED [  8%]
tests/test_command_history.py::TestCommandHistoryInitial::test_undo_stack_size_zero PASSED [  8%]
tests/test_command_history.py::TestCommandHistoryPush::test_push_clears_redo PASSED [  8%]
tests/test_command_history.py::TestCommandHistoryPush::test_push_enables_undo PASSED [  8%]
tests/test_command_history.py::TestCommandHistoryPush::test_push_executes_command PASSED [  8%]
tests/test_command_history.py::TestCommandHistoryPush::test_push_no_execute PASSED [  8%]
tests/test_command_history.py::TestCommandHistoryPush::test_push_sets_undo_description PASSED [  8%]
tests/test_command_history.py::TestCommandHistoryUndoRedo::test_redo_calls_execute_again PASSED [  8%]
tests/test_command_history.py::TestCommandHistoryUndoRedo::test_redo_empty_returns_false PASSED [  8%]
tests/test_command_history.py::TestCommandHistoryUndoRedo::test_redo_returns_true PASSED [  8%]
tests/test_command_history.py::TestCommandHistoryUndoRedo::test_undo_calls_command_undo PASSED [  8%]
tests/test_command_history.py::TestCommandHistoryUndoRedo::test_undo_empty_returns_false PASSED [  8%]
tests/test_command_history.py::TestCommandHistoryUndoRedo::test_undo_enables_redo PASSED [  8%]
tests/test_command_history.py::TestCommandHistoryUndoRedo::test_undo_returns_true PASSED [  8%]
tests/test_command_history.py::TestCommandHistoryTransaction::test_nested_transaction_raises PASSED [  8%]
tests/test_command_history.py::TestCommandHistoryTransaction::test_transaction_context_manager PASSED [  8%]
tests/test_command_history.py::TestCommandHistoryTransaction::test_transaction_undo_reverses_all PASSED [  8%]
tests/test_command_history_and_object_pool.py::TestCommandHistory::test_abort_transaction_discards_it PASSED [  8%]
tests/test_command_history_and_object_pool.py::TestCommandHistory::test_end_transaction_without_begin_raises PASSED [  8%]
tests/test_command_history_and_object_pool.py::TestCommandHistory::test_initially_cannot_undo_or_redo PASSED [  8%]
tests/test_command_history_and_object_pool.py::TestCommandHistory::test_max_size_limits_undo_stack_depth PASSED [  8%]
tests/test_command_history_and_object_pool.py::TestCommandHistory::test_nested_transaction_raises PASSED [  8%]
tests/test_command_history_and_object_pool.py::TestCommandHistory::test_new_push_clears_redo_stack PASSED [  8%]
tests/test_command_history_and_object_pool.py::TestCommandHistory::test_push_executes_command_and_enables_undo PASSED [  8%]
tests/test_command_history_and_object_pool.py::TestCommandHistory::test_push_without_execute_does_not_call_execute PASSED [  8%]
tests/test_command_history_and_object_pool.py::TestCommandHistory::test_redo_description_reflects_top_of_redo_stack PASSED [  8%]
tests/test_command_history_and_object_pool.py::TestCommandHistory::test_redo_on_empty_stack_returns_false PASSED [  8%]
tests/test_command_history_and_object_pool.py::TestCommandHistory::test_redo_re_executes_command PASSED [  8%]
tests/test_command_history_and_object_pool.py::TestCommandHistory::test_subscribe_notified_on_push PASSED [  9%]
tests/test_command_history_and_object_pool.py::TestCommandHistory::test_subscribe_notified_on_redo PASSED [  9%]
tests/test_command_history_and_object_pool.py::TestCommandHistory::test_subscribe_notified_on_undo PASSED [  9%]
tests/test_command_history_and_object_pool.py::TestCommandHistory::test_transaction_groups_commands_as_single_undo PASSED [  9%]
tests/test_command_history_and_object_pool.py::TestCommandHistory::test_undo_description_reflects_top_of_stack PASSED [  9%]
tests/test_command_history_and_object_pool.py::TestCommandHistory::test_undo_on_empty_stack_returns_false PASSED [  9%]
tests/test_command_history_and_object_pool.py::TestCommandHistory::test_undo_reverses_command PASSED [  9%]
tests/test_command_history_and_object_pool.py::TestCommandHistory::test_undo_stack_size_matches_pushes PASSED [  9%]
tests/test_command_history_and_object_pool.py::TestCommandHistory::test_unsubscribe_stops_notifications PASSED [  9%]
tests/test_command_history_and_object_pool.py::TestObjectPool::test_acquire_after_release_does_not_create_new_object PASSED [  9%]
tests/test_command_history_and_object_pool.py::TestObjectPool::test_acquire_creates_new_object_when_pool_empty PASSED [  9%]
tests/test_command_history_and_object_pool.py::TestObjectPool::test_clear_empties_pool PASSED [  9%]
tests/test_command_history_and_object_pool.py::TestObjectPool::test_max_size_property PASSED [  9%]
tests/test_command_history_and_object_pool.py::TestObjectPool::test_pool_at_capacity_discards_released_objects PASSED [  9%]
tests/test_command_history_and_object_pool.py::TestObjectPool::test_preallocate_does_not_exceed_max_size PASSED [  9%]
tests/test_command_history_and_object_pool.py::TestObjectPool::test_preallocate_warms_pool PASSED [  9%]
tests/test_command_history_and_object_pool.py::TestObjectPool::test_release_and_acquire_recycles_object PASSED [  9%]
tests/test_command_history_and_object_pool.py::TestObjectPool::test_reset_called_on_release PASSED [  9%]
tests/test_command_history_and_object_pool.py::TestObjectPool::test_stats_tracks_hits_and_misses PASSED [  9%]
tests/test_command_palette_grouped_entries.py::TestCommandPaletteGroupedEntries::test_custom_provider_can_be_no_arg_callable PASSED [  9%]
tests/test_command_palette_grouped_entries.py::TestCommandPaletteGroupedEntries::test_disable_scene_and_window_groups_emits_no_builtin_entries PASSED [  9%]
tests/test_command_palette_grouped_entries.py::TestCommandPaletteGroupedEntries::test_group_order_allows_custom_between_scene_and_window_groups PASSED [  9%]
tests/test_command_palette_grouped_entries.py::TestCommandPaletteGroupedEntries::test_mouse_activation_reopens_palette_when_action_path_dismisses_it PASSED [  9%]
tests/test_command_palette_grouped_entries.py::TestCommandPaletteGroupedEntries::test_mouse_activation_then_select_callback_does_not_double_toggle PASSED [  9%]
tests/test_command_palette_grouped_entries.py::TestCommandPaletteGroupedEntries::test_selecting_non_window_entry_still_closes_palette PASSED [  9%]
tests/test_command_palette_grouped_entries.py::TestCommandPaletteGroupedEntries::test_selecting_window_toggle_entry_dismisses_palette PASSED [  9%]
tests/test_command_palette_grouped_entries.py::TestCommandPaletteGroupedEntries::test_show_enables_focus_lost_dismiss_for_non_palette_control_activation PASSED [  9%]
tests/test_command_palette_grouped_entries.py::TestCommandPaletteGroupedEntries::test_show_is_idempotent_while_already_open PASSED [  9%]
tests/test_command_palette_grouped_entries.py::TestCommandPaletteGroupedEntries::test_show_moves_focus_to_palette_list_and_hide_restores_previous_focus PASSED [  9%]
tests/test_contract_catalog_consistency.py::TestContractCatalogConsistency::test_required_contract_docs_exist PASSED [  9%]
tests/test_contract_command_parity.py::TestContractCommandParity::test_contract_commands_include_boundary_suite_in_unittest_and_pytest_forms PASSED [  9%]
tests/test_contract_docs_helpers.py::TestContractDocsHelpers::test_library_demo_separation_contract_has_required_sections PASSED [  9%]
tests/test_contract_docs_helpers.py::TestContractDocsHelpers::test_runtime_operating_contracts_has_numbered_sections PASSED [  9%]
tests/test_control_gallery_layout_manager.py::TestBuildGridSpecs::test_correct_column_count PASSED [  9%]
tests/test_control_gallery_layout_manager.py::TestBuildGridSpecs::test_empty_definitions_returns_empty PASSED [  9%]
tests/test_control_gallery_layout_manager.py::TestBuildGridSpecs::test_reading_order_interleaving_three_columns PASSED [  9%]
tests/test_control_gallery_layout_manager.py::TestBuildGridSpecs::test_single_col_order_preserved PASSED [  9%]
tests/test_control_gallery_layout_manager.py::TestBuildGridSpecs::test_uneven_column_distribution PASSED [  9%]
tests/test_control_gallery_layout_manager.py::TestBuildGridSpecs::test_zero_cols_returns_empty PASSED [  9%]
tests/test_control_showcase_category_visibility.py::TestCategoryForRow::test_category_for_row_advanced_range PASSED [  9%]
tests/test_control_showcase_category_visibility.py::TestCategoryForRow::test_category_for_row_extended_above_boundary PASSED [  9%]
tests/test_control_showcase_category_visibility.py::TestCategoryForRow::test_category_for_row_thresholds PASSED [  9%]
tests/test_control_showcase_category_visibility.py::TestApplyCategoryVisibility::test_all_labels_show_when_all_belong_to_active_category PASSED [  9%]
tests/test_control_showcase_category_visibility.py::TestApplyCategoryVisibility::test_composite_and_chrome_boundaries PASSED [  9%]
tests/test_control_showcase_category_visibility.py::TestApplyCategoryVisibility::test_control_without_label_handled PASSED [  9%]
tests/test_control_showcase_category_visibility.py::TestApplyCategoryVisibility::test_data_bound_active_shows_data_hides_input PASSED [ 10%]
tests/test_control_showcase_category_visibility.py::TestApplyCategoryVisibility::test_input_active_shows_input_hides_others PASSED [ 10%]
tests/test_control_spec_factories.py::TestControlDefinition::test_defaults PASSED [ 10%]
tests/test_control_spec_factories.py::TestControlDefinition::test_exported_from_gui_do PASSED [ 10%]
tests/test_control_spec_factories.py::TestControlDefinition::test_frozen PASSED [ 10%]
tests/test_control_spec_factories.py::TestControlDefinition::test_required_fields PASSED [ 10%]
tests/test_control_spec_factories.py::TestBuildSpecsFromColumnSection::test_accessibility_forwarded PASSED [ 10%]
tests/test_control_spec_factories.py::TestBuildSpecsFromColumnSection::test_bottom_y_advances PASSED [ 10%]
tests/test_control_spec_factories.py::TestBuildSpecsFromColumnSection::test_column_index_forwarded PASSED [ 10%]
tests/test_control_spec_factories.py::TestBuildSpecsFromColumnSection::test_control_factory_called_once_per_definition PASSED [ 10%]
tests/test_control_spec_factories.py::TestBuildSpecsFromColumnSection::test_empty_definitions_returns_empty_tuple PASSED [ 10%]
tests/test_control_spec_factories.py::TestBuildSpecsFromColumnSection::test_exported_from_gui_do PASSED [ 10%]
tests/test_control_spec_factories.py::TestBuildSpecsFromColumnSection::test_names_preserved PASSED [ 10%]
tests/test_control_spec_factories.py::TestBuildSpecsFromColumnSection::test_overflow_gap_accepted PASSED [ 10%]
tests/test_control_spec_factories.py::TestBuildSpecsFromColumnSection::test_rects_are_non_empty PASSED [ 10%]
tests/test_control_spec_factories.py::TestBuildSpecsFromColumnSection::test_returns_correct_count PASSED [ 10%]
tests/test_control_spec_factories.py::TestBuildSpecsFromColumnSection::test_row_indices_preserved PASSED [ 10%]
tests/test_control_spec_factories.py::TestBuildSpecsFromColumnSection::test_specs_are_tuple PASSED [ 10%]
tests/test_control_spec_factories.py::TestNotificationSpec::test_custom_values PASSED [ 10%]
tests/test_control_spec_factories.py::TestNotificationSpec::test_defaults PASSED [ 10%]
tests/test_control_spec_factories.py::TestNotificationSpec::test_exported_from_gui_do PASSED [ 10%]
tests/test_control_spec_factories.py::TestNotificationSpec::test_frozen PASSED [ 10%]
tests/test_control_spec_factories.py::TestNotificationSpec::test_required_field PASSED [ 10%]
tests/test_control_spec_factories.py::TestBuildNotificationCenter::test_default_severity_is_info PASSED [ 10%]
tests/test_control_spec_factories.py::TestBuildNotificationCenter::test_empty_specs PASSED [ 10%]
tests/test_control_spec_factories.py::TestBuildNotificationCenter::test_exported_from_gui_do PASSED [ 10%]
tests/test_control_spec_factories.py::TestBuildNotificationCenter::test_max_records_honored PASSED [ 10%]
tests/test_control_spec_factories.py::TestBuildNotificationCenter::test_records_populated PASSED [ 10%]
tests/test_control_spec_factories.py::TestBuildNotificationCenter::test_returns_notification_center PASSED [ 10%]
tests/test_cooperative_scheduler.py::TestCooperativeSchedulerBasics::test_cancel_all_stops_all_coroutines PASSED [ 10%]
tests/test_cooperative_scheduler.py::TestCooperativeSchedulerBasics::test_cancel_on_already_completed_handle_is_noop PASSED [ 10%]
tests/test_cooperative_scheduler.py::TestCooperativeSchedulerBasics::test_cancel_stops_running_coroutine PASSED [ 10%]
tests/test_cooperative_scheduler.py::TestCooperativeSchedulerBasics::test_completed_handles_are_purged_after_tick PASSED [ 10%]
tests/test_cooperative_scheduler.py::TestCooperativeSchedulerBasics::test_coroutine_completes_immediately_when_no_yields PASSED [ 10%]
tests/test_cooperative_scheduler.py::TestCooperativeSchedulerBasics::test_coroutine_count_reflects_running_coroutines PASSED [ 10%]
tests/test_cooperative_scheduler.py::TestCooperativeSchedulerBasics::test_coroutine_handle_is_running_only_while_active PASSED [ 10%]
tests/test_cooperative_scheduler.py::TestCooperativeSchedulerBasics::test_coroutine_runs_body_before_first_yield PASSED [ 10%]
tests/test_cooperative_scheduler.py::TestCooperativeSchedulerBasics::test_multiple_coroutines_run_concurrently PASSED [ 10%]
tests/test_cooperative_scheduler.py::TestCooperativeSchedulerBasics::test_pause_resumes_after_one_tick PASSED [ 10%]
tests/test_cooperative_scheduler.py::TestCooperativeSchedulerBasics::test_sleep_negative_seconds_raises_value_error PASSED [ 10%]
tests/test_cooperative_scheduler.py::TestCooperativeSchedulerBasics::test_sleep_resumes_after_elapsed_time PASSED [ 10%]
tests/test_cooperative_scheduler.py::TestCooperativeSchedulerBasics::test_sleep_zero_resumes_next_tick PASSED [ 10%]
tests/test_cooperative_scheduler.py::TestCooperativeSchedulerBasics::test_unknown_yield_token_treated_as_pause PASSED [ 10%]
tests/test_cooperative_scheduler.py::TestCooperativeSchedulerBasics::test_wait_for_all_resumes_after_all_complete PASSED [ 10%]
tests/test_cooperative_scheduler.py::TestCooperativeSchedulerBasics::test_wait_until_resumes_when_predicate_true PASSED [ 10%]
tests/test_core_only_bootstrap_contracts.py::TestCoreOnlyBootstrapContracts::test_core_bootstrap_surface_exists_on_gui_root PASSED [ 10%]
tests/test_cursor_tooltip_overlay_manager.py::TestCursorManagerInitial::test_active_shape_is_default_when_empty PASSED [ 11%]
tests/test_cursor_tooltip_overlay_manager.py::TestCursorManagerInitial::test_custom_default_shape PASSED [ 11%]
tests/test_cursor_tooltip_overlay_manager.py::TestCursorManagerInitial::test_default_shape_arrow PASSED [ 11%]
tests/test_cursor_tooltip_overlay_manager.py::TestCursorManagerInitial::test_request_count_zero PASSED [ 11%]
tests/test_cursor_tooltip_overlay_manager.py::TestCursorManagerPush::test_active_shape_reflects_pushed PASSED [ 11%]
tests/test_cursor_tooltip_overlay_manager.py::TestCursorManagerPush::test_equal_priority_last_insertion_wins PASSED [ 11%]
tests/test_cursor_tooltip_overlay_manager.py::TestCursorManagerPush::test_higher_priority_wins PASSED [ 11%]
tests/test_cursor_tooltip_overlay_manager.py::TestCursorManagerPush::test_lower_priority_does_not_override PASSED [ 11%]
tests/test_cursor_tooltip_overlay_manager.py::TestCursorManagerPush::test_push_increments_count PASSED [ 11%]
tests/test_cursor_tooltip_overlay_manager.py::TestCursorManagerPush::test_push_non_shape_raises PASSED [ 11%]
tests/test_cursor_tooltip_overlay_manager.py::TestCursorManagerPush::test_push_returns_handle PASSED [ 11%]
tests/test_cursor_tooltip_overlay_manager.py::TestCursorManagerRelease::test_release_decrements_count PASSED [ 11%]
tests/test_cursor_tooltip_overlay_manager.py::TestCursorManagerRelease::test_release_lower_leaves_higher_active PASSED [ 11%]
tests/test_cursor_tooltip_overlay_manager.py::TestCursorManagerRelease::test_release_reverts_to_default PASSED [ 11%]
tests/test_cursor_tooltip_overlay_manager.py::TestCursorManagerRelease::test_release_twice_no_error PASSED [ 11%]
tests/test_cursor_tooltip_overlay_manager.py::TestCursorManagerRelease::test_released_flag PASSED [ 11%]
tests/test_cursor_tooltip_overlay_manager.py::TestCursorManagerReset::test_default_shape_setter_bad_type_raises PASSED [ 11%]
tests/test_cursor_tooltip_overlay_manager.py::TestCursorManagerReset::test_default_shape_setter_ok PASSED [ 11%]
tests/test_cursor_tooltip_overlay_manager.py::TestCursorManagerReset::test_reset_clears_all PASSED [ 11%]
tests/test_cursor_tooltip_overlay_manager.py::TestTooltipManagerRegistration::test_handle_node_id PASSED [ 11%]
tests/test_cursor_tooltip_overlay_manager.py::TestTooltipManagerRegistration::test_register_returns_handle PASSED [ 11%]
tests/test_cursor_tooltip_overlay_manager.py::TestTooltipManagerRegistration::test_unregister_direct PASSED [ 11%]
tests/test_cursor_tooltip_overlay_manager.py::TestTooltipManagerRegistration::test_unregister_via_handle PASSED [ 11%]
tests/test_cursor_tooltip_overlay_manager.py::TestTooltipManagerRegistration::test_update_text_via_handle PASSED [ 11%]
tests/test_cursor_tooltip_overlay_manager.py::TestTooltipManagerInitialState::test_not_visible_initially PASSED [ 11%]
tests/test_cursor_tooltip_overlay_manager.py::TestTooltipManagerInitialState::test_visible_node_id_none_initially PASSED [ 11%]
tests/test_cursor_tooltip_overlay_manager.py::TestTooltipManagerInitialState::test_visible_text_none_initially PASSED [ 11%]
tests/test_cursor_tooltip_overlay_manager.py::TestTooltipManagerHoverLogic::test_custom_delay_per_node PASSED [ 11%]
tests/test_cursor_tooltip_overlay_manager.py::TestTooltipManagerHoverLogic::test_dismiss_after_timeout PASSED [ 11%]
tests/test_cursor_tooltip_overlay_manager.py::TestTooltipManagerHoverLogic::test_hover_none_hides_tooltip PASSED [ 11%]
tests/test_cursor_tooltip_overlay_manager.py::TestTooltipManagerHoverLogic::test_hover_unregistered_node_no_tooltip PASSED [ 11%]
tests/test_cursor_tooltip_overlay_manager.py::TestTooltipManagerHoverLogic::test_move_to_different_node_hides_tooltip PASSED [ 11%]
tests/test_cursor_tooltip_overlay_manager.py::TestTooltipManagerHoverLogic::test_no_auto_dismiss_when_dismiss_ms_zero PASSED [ 11%]
tests/test_cursor_tooltip_overlay_manager.py::TestTooltipManagerHoverLogic::test_not_visible_before_delay PASSED [ 11%]
tests/test_cursor_tooltip_overlay_manager.py::TestTooltipManagerHoverLogic::test_visible_after_delay PASSED [ 11%]
tests/test_cursor_tooltip_overlay_manager.py::TestTooltipManagerHoverLogic::test_visible_node_id PASSED [ 11%]
tests/test_cursor_tooltip_overlay_manager.py::TestTooltipManagerHoverLogic::test_visible_text_matches_registered PASSED [ 11%]
tests/test_cursor_tooltip_overlay_manager.py::TestOverlayManagerBasic::test_empty_count PASSED [ 11%]
tests/test_cursor_tooltip_overlay_manager.py::TestOverlayManagerBasic::test_handle_dismiss PASSED [ 11%]
tests/test_cursor_tooltip_overlay_manager.py::TestOverlayManagerBasic::test_handle_is_open PASSED [ 11%]
tests/test_cursor_tooltip_overlay_manager.py::TestOverlayManagerBasic::test_has_overlay_false PASSED [ 11%]
tests/test_cursor_tooltip_overlay_manager.py::TestOverlayManagerBasic::test_has_overlay_true PASSED [ 11%]
tests/test_cursor_tooltip_overlay_manager.py::TestOverlayManagerBasic::test_hide_all_returns_count PASSED [ 11%]
tests/test_cursor_tooltip_overlay_manager.py::TestOverlayManagerBasic::test_hide_decrements_count PASSED [ 11%]
tests/test_cursor_tooltip_overlay_manager.py::TestOverlayManagerBasic::test_hide_missing_returns_false PASSED [ 11%]
tests/test_cursor_tooltip_overlay_manager.py::TestOverlayManagerBasic::test_hide_returns_true PASSED [ 12%]
tests/test_cursor_tooltip_overlay_manager.py::TestOverlayManagerBasic::test_on_dismiss_called_on_hide PASSED [ 12%]
tests/test_cursor_tooltip_overlay_manager.py::TestOverlayManagerBasic::test_on_dismiss_called_on_hide_all PASSED [ 12%]
tests/test_cursor_tooltip_overlay_manager.py::TestOverlayManagerBasic::test_show_increments_count PASSED [ 12%]
tests/test_cursor_tooltip_overlay_manager.py::TestOverlayManagerBasic::test_show_replaces_existing PASSED [ 12%]
tests/test_cursor_tooltip_overlay_manager.py::TestOverlayManagerBasic::test_show_returns_handle PASSED [ 12%]
tests/test_cursor_tooltip_overlay_manager.py::TestOverlayManagerPointInOverlay::test_no_overlays_point_outside PASSED [ 12%]
tests/test_cursor_tooltip_overlay_manager.py::TestOverlayManagerPointInOverlay::test_point_in_specific_overlay_returns_false_when_missing_or_outside PASSED [ 12%]
tests/test_cursor_tooltip_overlay_manager.py::TestOverlayManagerPointInOverlay::test_point_in_specific_overlay_returns_true_when_inside PASSED [ 12%]
tests/test_cursor_tooltip_overlay_manager.py::TestOverlayManagerPointInOverlay::test_point_inside_returns_true PASSED [ 12%]
tests/test_cursor_tooltip_overlay_manager.py::TestOverlayManagerPointInOverlay::test_point_outside_returns_false PASSED [ 12%]
tests/test_cursor_tooltip_overlay_manager.py::TestOverlayManagerAnchorPosition::test_above PASSED [ 12%]
tests/test_cursor_tooltip_overlay_manager.py::TestOverlayManagerAnchorPosition::test_below_center PASSED [ 12%]
tests/test_cursor_tooltip_overlay_manager.py::TestOverlayManagerAnchorPosition::test_below_left PASSED [ 12%]
tests/test_cursor_tooltip_overlay_manager.py::TestOverlayManagerAnchorPosition::test_below_right PASSED [ 12%]
tests/test_cursor_tooltip_overlay_manager.py::TestOverlayManagerAnchorPosition::test_left_top PASSED [ 12%]
tests/test_cursor_tooltip_overlay_manager.py::TestOverlayManagerAnchorPosition::test_right_top PASSED [ 12%]
tests/test_cursor_tooltip_overlay_manager.py::TestOverlayManagerAnchorPosition::test_screen_rect_clamps PASSED [ 12%]
tests/test_cursor_tooltip_overlay_manager.py::TestOverlayManagerModalKeys::test_consume_unhandled_keys_prevents_fallthrough PASSED [ 12%]
tests/test_cursor_tooltip_overlay_manager.py::TestOverlayManagerModalKeys::test_key_not_consumed_without_modal_flag PASSED [ 12%]
tests/test_data_cache.py::TestCacheStats::test_hit_rate PASSED           [ 12%]
tests/test_data_cache.py::TestCacheStats::test_hit_rate_no_lookups PASSED [ 12%]
tests/test_data_cache.py::TestCacheStats::test_total_lookups PASSED      [ 12%]
tests/test_data_cache.py::TestDataCacheInitial::test_initial_stats PASSED [ 12%]
tests/test_data_cache.py::TestDataCacheInitial::test_max_size_stored PASSED [ 12%]
tests/test_data_cache.py::TestDataCacheInitial::test_zero_max_size_raises PASSED [ 12%]
tests/test_data_cache.py::TestDataCachePutGet::test_get_miss_returns_none PASSED [ 12%]
tests/test_data_cache.py::TestDataCachePutGet::test_hit_increments_hits PASSED [ 12%]
tests/test_data_cache.py::TestDataCachePutGet::test_miss_increments_misses PASSED [ 12%]
tests/test_data_cache.py::TestDataCachePutGet::test_put_overwrites PASSED [ 12%]
tests/test_data_cache.py::TestDataCachePutGet::test_put_then_get PASSED  [ 12%]
tests/test_data_cache.py::TestDataCacheLRUEviction::test_eviction_at_capacity PASSED [ 12%]
tests/test_data_cache.py::TestDataCacheLRUEviction::test_eviction_increments_counter PASSED [ 12%]
tests/test_data_cache.py::TestDataCacheLRUEviction::test_recent_access_protects_from_eviction PASSED [ 12%]
tests/test_data_cache.py::TestDataCacheInvalidate::test_invalidate_all_clears_cache PASSED [ 12%]
tests/test_data_cache.py::TestDataCacheInvalidate::test_invalidate_removes_key PASSED [ 12%]
tests/test_data_cache.py::TestDataCacheInvalidate::test_invalidate_returns_false_when_missing PASSED [ 12%]
tests/test_data_cache.py::TestDataCacheInvalidate::test_invalidate_returns_true_when_found PASSED [ 12%]
tests/test_data_cache.py::TestDataCacheGetOrLoad::test_get_or_load_hit_skips_loader PASSED [ 12%]
tests/test_data_cache.py::TestDataCacheGetOrLoad::test_get_or_load_miss_calls_loader PASSED [ 12%]
tests/test_data_cache.py::TestDataCacheGetOrLoad::test_get_or_load_no_loader_no_factory_raises PASSED [ 12%]
tests/test_data_cache.py::TestDataCacheGetOrLoad::test_get_or_load_uses_factory PASSED [ 12%]
tests/test_data_driven_runtime_specs.py::TestFeatureSpec::test_fields_stored PASSED [ 12%]
tests/test_data_driven_runtime_specs.py::TestFeatureSpec::test_frozen PASSED [ 12%]
tests/test_data_driven_runtime_specs.py::TestRuntimeSceneSpec::test_custom_values PASSED [ 12%]
tests/test_data_driven_runtime_specs.py::TestRuntimeSceneSpec::test_defaults PASSED [ 12%]
tests/test_data_driven_runtime_specs.py::TestRuntimeSceneSpec::test_required_field PASSED [ 13%]
tests/test_data_driven_runtime_specs.py::TestActionSpec::test_fields_stored PASSED [ 13%]
tests/test_data_driven_runtime_specs.py::TestActionSpec::test_optional_defaults_none PASSED [ 13%]
tests/test_data_driven_runtime_specs.py::TestCursorSpec::test_fields_stored PASSED [ 13%]
tests/test_data_driven_runtime_specs.py::TestSceneRootSpec::test_draw_background_default PASSED [ 13%]
tests/test_data_driven_runtime_specs.py::TestSceneRootSpec::test_required_fields PASSED [ 13%]
tests/test_data_driven_runtime_specs.py::TestAnchoredWindowSpec::test_fields_stored PASSED [ 13%]
tests/test_data_driven_runtime_specs.py::TestLogicBindingSpec::test_fields_stored PASSED [ 13%]
tests/test_data_driven_runtime_specs.py::TestTaskPanelButtonSpec::test_custom_style PASSED [ 13%]
tests/test_data_driven_runtime_specs.py::TestTaskPanelButtonSpec::test_fields_stored PASSED [ 13%]
tests/test_data_driven_runtime_specs.py::TestTelemetryConfig::test_defaults PASSED [ 13%]
tests/test_data_driven_runtime_specs.py::TestTelemetryConfig::test_enabled_true PASSED [ 13%]
tests/test_data_driven_runtime_specs.py::TestActiveTabUpdateRouter::test_keys PASSED [ 13%]
tests/test_data_driven_runtime_specs.py::TestActiveTabUpdateRouter::test_register_and_run PASSED [ 13%]
tests/test_data_driven_runtime_specs.py::TestActiveTabUpdateRouter::test_run_no_handler PASSED [ 13%]
tests/test_data_driven_runtime_specs.py::TestActiveTabUpdateRouter::test_run_with_args PASSED [ 13%]
tests/test_data_driven_runtime_specs.py::TestActiveTabUpdateRouter::test_run_wrong_tab PASSED [ 13%]
tests/test_data_driven_runtime_specs.py::TestActiveTabUpdateRouter::test_unregister_missing_returns_false PASSED [ 13%]
tests/test_data_driven_runtime_specs.py::TestActiveTabUpdateRouter::test_unregister_returns_true PASSED [ 13%]
tests/test_data_driven_runtime_specs.py::TestPresenterLabelSpec::test_defaults PASSED [ 13%]
tests/test_data_driven_runtime_specs.py::TestPresenterLabelSpec::test_explicit_advance_zero PASSED [ 13%]
tests/test_data_driven_runtime_specs.py::TestPresenterLabelSpec::test_explicit_width_and_advance PASSED [ 13%]
tests/test_data_driven_runtime_specs.py::TestPresenterLabelSpec::test_frozen PASSED [ 13%]
tests/test_data_driven_runtime_specs.py::TestPresenterLabelSpec::test_required_fields PASSED [ 13%]
tests/test_data_driven_runtime_specs.py::TestPresenterButtonSpec::test_defaults PASSED [ 13%]
tests/test_data_driven_runtime_specs.py::TestPresenterButtonSpec::test_explicit_advance_and_offset PASSED [ 13%]
tests/test_data_driven_runtime_specs.py::TestPresenterButtonSpec::test_frozen PASSED [ 13%]
tests/test_data_driven_runtime_specs.py::TestPresenterButtonSpec::test_required_fields PASSED [ 13%]
tests/test_data_driven_runtime_specs.py::TestPresenterButtonSpec::test_style PASSED [ 13%]
tests/test_data_grid_text_input.py::TestGridColumn::test_custom_width_and_min_width PASSED [ 13%]
tests/test_data_grid_text_input.py::TestGridColumn::test_default_width PASSED [ 13%]
tests/test_data_grid_text_input.py::TestGridColumn::test_key_and_title_stored PASSED [ 13%]
tests/test_data_grid_text_input.py::TestGridColumn::test_sortable_default_true PASSED [ 13%]
tests/test_data_grid_text_input.py::TestGridRow::test_data_stored PASSED [ 13%]
tests/test_data_grid_text_input.py::TestGridRow::test_row_id_default_none PASSED [ 13%]
tests/test_data_grid_text_input.py::TestGridRow::test_row_id_stored PASSED [ 13%]
tests/test_data_grid_text_input.py::TestDataGridControlInitial::test_empty_rows_zero PASSED [ 13%]
tests/test_data_grid_text_input.py::TestDataGridControlInitial::test_row_count PASSED [ 13%]
tests/test_data_grid_text_input.py::TestDataGridControlInitial::test_rows_returns_copy PASSED [ 13%]
tests/test_data_grid_text_input.py::TestDataGridControlInitial::test_selected_row_index_minus_one PASSED [ 13%]
tests/test_data_grid_text_input.py::TestDataGridControlInitial::test_selected_row_none_initially PASSED [ 13%]
tests/test_data_grid_text_input.py::TestDataGridControlInitial::test_sort_ascending_default_true PASSED [ 13%]
tests/test_data_grid_text_input.py::TestDataGridControlInitial::test_sort_col_none PASSED [ 13%]
tests/test_data_grid_text_input.py::TestDataGridControlInitial::test_tab_index_zero PASSED [ 13%]
tests/test_data_grid_text_input.py::TestDataGridControlSetRows::test_append_row PASSED [ 13%]
tests/test_data_grid_text_input.py::TestDataGridControlSetRows::test_clear_rows PASSED [ 14%]
tests/test_data_grid_text_input.py::TestDataGridControlSetRows::test_clear_rows_resets_selection PASSED [ 14%]
tests/test_data_grid_text_input.py::TestDataGridControlSetRows::test_remove_row_decrements PASSED [ 14%]
tests/test_data_grid_text_input.py::TestDataGridControlSetRows::test_remove_row_out_of_range_returns_false PASSED [ 14%]
tests/test_data_grid_text_input.py::TestDataGridControlSetRows::test_remove_row_returns_true PASSED [ 14%]
tests/test_data_grid_text_input.py::TestDataGridControlSetRows::test_set_rows_replaces PASSED [ 14%]
tests/test_data_grid_text_input.py::TestDataGridControlSetRows::test_set_rows_resets_selection PASSED [ 14%]
tests/test_data_grid_text_input.py::TestDataGridControlSetColumns::test_set_columns_marks_offsets_dirty PASSED [ 14%]
tests/test_data_grid_text_input.py::TestDataGridControlSetColumns::test_set_columns_replaces PASSED [ 14%]
tests/test_data_grid_text_input.py::TestDataGridControlGeometry::test_col_offsets_monotone_increasing PASSED [ 14%]
tests/test_data_grid_text_input.py::TestDataGridControlGeometry::test_content_rect_below_header PASSED [ 14%]
tests/test_data_grid_text_input.py::TestDataGridControlGeometry::test_header_rect_y_at_top PASSED [ 14%]
tests/test_data_grid_text_input.py::TestTextInputControlInitial::test_accepts_focus PASSED [ 14%]
tests/test_data_grid_text_input.py::TestTextInputControlInitial::test_accepts_mouse_focus PASSED [ 14%]
tests/test_data_grid_text_input.py::TestTextInputControlInitial::test_cursor_at_end_of_value PASSED [ 14%]
tests/test_data_grid_text_input.py::TestTextInputControlInitial::test_empty_value_by_default PASSED [ 14%]
tests/test_data_grid_text_input.py::TestTextInputControlInitial::test_masked_false_by_default PASSED [ 14%]
tests/test_data_grid_text_input.py::TestTextInputControlInitial::test_masked_true_stored PASSED [ 14%]
tests/test_data_grid_text_input.py::TestTextInputControlInitial::test_max_length_none_by_default PASSED [ 14%]
tests/test_data_grid_text_input.py::TestTextInputControlInitial::test_placeholder_stored PASSED [ 14%]
tests/test_data_grid_text_input.py::TestTextInputControlInitial::test_tab_index_zero PASSED [ 14%]
tests/test_data_grid_text_input.py::TestTextInputControlInitial::test_value_stored PASSED [ 14%]
tests/test_data_grid_text_input.py::TestTextInputControlSetValue::test_clear_selection PASSED [ 14%]
tests/test_data_grid_text_input.py::TestTextInputControlSetValue::test_set_value PASSED [ 14%]
tests/test_data_grid_text_input.py::TestTextInputControlSetValue::test_set_value_moves_cursor_to_end PASSED [ 14%]
tests/test_data_grid_text_input.py::TestTextInputControlSetValue::test_set_value_no_callback PASSED [ 14%]
tests/test_data_grid_text_input.py::TestTextInputControlSetValue::test_set_value_respects_max_length PASSED [ 14%]
tests/test_data_grid_text_input.py::TestTextInputControlSetValue::test_value_setter PASSED [ 14%]
tests/test_data_grid_text_input.py::TestTextInputControlMasked::test_get_display_value_masked PASSED [ 14%]
tests/test_data_grid_text_input.py::TestTextInputControlMasked::test_get_display_value_unmasked PASSED [ 14%]
tests/test_data_grid_text_input.py::TestTextInputControlSelectAll::test_select_all_sets_anchors PASSED [ 14%]
tests/test_data_grid_text_input.py::TestTextInputControlFocusedKeyConsumption::test_end_moves_to_end_of_current_logical_line PASSED [ 14%]
tests/test_data_grid_text_input.py::TestTextInputControlFocusedKeyConsumption::test_home_moves_to_start_of_current_logical_line PASSED [ 14%]
tests/test_data_grid_text_input.py::TestTextInputControlFocusedKeyConsumption::test_non_traversal_key_consumed_when_focused PASSED [ 14%]
tests/test_data_grid_text_input.py::TestTextInputControlFocusedKeyConsumption::test_tab_traversal_keys_not_consumed_when_focused 
tests/test_data_grid_text_input.py::TestTextInputControlFocusedKeyConsumption::test_tab_traversal_keys_not_consumed_when_focused PASSED [ 14%]
tests/test_dataflow_pipeline.py::TestCancellationToken::test_cancel_idempotent PASSED [ 14%]
tests/test_dataflow_pipeline.py::TestCancellationToken::test_cancel_sets_flag PASSED [ 14%]
tests/test_dataflow_pipeline.py::TestCancellationToken::test_not_cancelled_initially PASSED [ 14%]
tests/test_dataflow_pipeline.py::TestCancellationToken::test_raise_if_cancelled PASSED [ 14%]
tests/test_dataflow_pipeline.py::TestCancellationToken::test_raise_if_not_cancelled_does_nothing PASSED [ 14%]
tests/test_dataflow_pipeline.py::TestPipelineStage::test_repr PASSED     [ 14%]
tests/test_dataflow_pipeline.py::TestPipelineStage::test_transform_called PASSED [ 14%]
tests/test_dataflow_pipeline.py::TestDataflowPipeline::test_add_stage_after_construction PASSED [ 14%]
tests/test_dataflow_pipeline.py::TestDataflowPipeline::test_cancel_via_handle PASSED [ 14%]
tests/test_dataflow_pipeline.py::TestDataflowPipeline::test_cancellation_mid_pipeline PASSED [ 14%]
tests/test_dataflow_pipeline.py::TestDataflowPipeline::test_chained_stages PASSED [ 14%]
tests/test_dataflow_pipeline.py::TestDataflowPipeline::test_empty_pipeline_returns_input PASSED [ 15%]
tests/test_dataflow_pipeline.py::TestDataflowPipeline::test_error_propagates_to_handle PASSED [ 15%]
tests/test_dataflow_pipeline.py::TestDataflowPipeline::test_handle_is_done_after_run PASSED [ 15%]
tests/test_dataflow_pipeline.py::TestDataflowPipeline::test_handle_not_done_before_run PASSED [ 15%]
tests/test_dataflow_pipeline.py::TestDataflowPipeline::test_handle_result_before_done_raises PASSED [ 15%]
tests/test_dataflow_pipeline.py::TestDataflowPipeline::test_new_run_cancels_previous_handle PASSED [ 15%]
tests/test_dataflow_pipeline.py::TestDataflowPipeline::test_pipeline_stage_count PASSED [ 15%]
tests/test_dataflow_pipeline.py::TestDataflowPipeline::test_repr PASSED  [ 15%]
tests/test_dataflow_pipeline.py::TestDataflowPipeline::test_single_stage PASSED [ 15%]
tests/test_dataflow_pipeline.py::TestDataflowPipeline::test_stages_list_is_copy PASSED [ 15%]
tests/test_demo_accessibility_specs.py::TestDemoAccessibilitySpecs::test_accessibility_applies_static_and_toggle_labels PASSED [ 15%]
tests/test_demo_accessibility_specs.py::TestDemoAccessibilitySpecs::test_main_accessibility_order_places_showcase_after_first_toggle PASSED [ 15%]
tests/test_demo_action_specs.py::TestDemoActionSpecs::test_palette_toggle_handler_creates_palette_manager_lazily_when_missing PASSED [ 15%]
tests/test_demo_action_specs.py::TestDemoActionSpecs::test_palette_toggle_handler_returns_false_when_palette_unavailable PASSED [ 15%]
tests/test_demo_action_specs.py::TestDemoActionSpecs::test_register_app_actions_declares_expected_metadata PASSED [ 15%]
tests/test_demo_action_specs.py::TestDemoActionSpecs::test_registered_handlers_preserve_behavior PASSED [ 15%]
tests/test_demo_feature_abstractions.py::TestDemoFeatureAbstractions::test_active_tab_update_router_runs_only_active_handler PASSED [ 15%]
tests/test_demo_feature_abstractions.py::TestDemoFeatureAbstractions::test_add_right_anchored_task_panel_button_appends_after_existing_ordered_controls PASSED [ 15%]
tests/test_demo_feature_abstractions.py::TestDemoFeatureAbstractions::test_add_right_anchored_task_panel_button_includes_task_panel_focus_cycle_by_default PASSED [ 15%]
tests/test_demo_feature_abstractions.py::TestDemoFeatureAbstractions::test_add_scene_task_panel_items_builds_buttons_nav_and_toggles PASSED [ 15%]
tests/test_demo_feature_abstractions.py::TestDemoFeatureAbstractions::test_add_scene_task_panel_items_clamps_out_of_range_toggle_group_start_to_panel_end PASSED [ 15%]
tests/test_demo_feature_abstractions.py::TestDemoFeatureAbstractions::test_add_task_panel_button_adds_button_via_layout_slot PASSED [ 15%]
tests/test_demo_feature_abstractions.py::TestDemoFeatureAbstractions::test_add_task_panel_buttons_assigns_controls_to_host_attributes PASSED [ 15%]
tests/test_demo_feature_abstractions.py::TestDemoFeatureAbstractions::test_add_task_panel_scene_nav_button_uses_slot_layout_and_sets_attr PASSED [ 15%]
tests/test_demo_feature_abstractions.py::TestDemoFeatureAbstractions::test_add_window_button_row_places_buttons_horizontally PASSED [ 15%]
tests/test_demo_feature_abstractions.py::TestDemoFeatureAbstractions::test_add_window_control_and_label_and_button_helpers PASSED [ 15%]
tests/test_demo_feature_abstractions.py::TestDemoFeatureAbstractions::test_add_window_toggle_task_panel_controls_builds_and_binds_toggles PASSED [ 15%]
tests/test_demo_feature_abstractions.py::TestDemoFeatureAbstractions::test_apply_accessibility_sequence_from_attrs_uses_target_attributes PASSED [ 15%]
tests/test_demo_feature_abstractions.py::TestDemoFeatureAbstractions::test_apply_accessibility_sequence_sets_tab_order_and_labels PASSED [ 15%]
tests/test_demo_feature_abstractions.py::TestDemoFeatureAbstractions::test_apply_runtime_scene_pristine_assets_applies_only_configured_specs PASSED [ 15%]
tests/test_demo_feature_abstractions.py::TestDemoFeatureAbstractions::test_apply_window_toggle_accessibility_prefers_accessibility_label PASSED [ 15%]
tests/test_demo_feature_abstractions.py::TestDemoFeatureAbstractions::test_bind_input_map_actions_binds_all_pairs PASSED [ 15%]
tests/test_demo_feature_abstractions.py::TestDemoFeatureAbstractions::test_bind_runtime_scene_exit_keys_binds_only_opted_in_specs PASSED [ 15%]
tests/test_demo_feature_abstractions.py::TestDemoFeatureAbstractions::test_build_tab_builder_specs_applies_builder_naming_defaults PASSED [ 15%]
tests/test_demo_feature_abstractions.py::TestDemoFeatureAbstractions::test_build_tools_menu_entries_applies_exclusions PASSED [ 15%]
tests/test_demo_feature_abstractions.py::TestDemoFeatureAbstractions::test_build_tools_menu_entries_handles_missing_registry PASSED [ 15%]
tests/test_demo_feature_abstractions.py::TestDemoFeatureAbstractions::test_collect_window_toggle_controls_returns_sorted_existing_controls PASSED [ 15%]
tests/test_demo_feature_abstractions.py::TestDemoFeatureAbstractions::test_compute_tabbed_window_layout_returns_expected_body_and_content_rects PASSED [ 15%]
tests/test_demo_feature_abstractions.py::TestDemoFeatureAbstractions::test_configure_routed_feature_runtime_logic_binding_is_idempotent PASSED [ 15%]
tests/test_demo_feature_abstractions.py::TestDemoFeatureAbstractions::test_configure_routed_feature_runtime_sets_scheduler_and_logic_aliases PASSED [ 15%]
tests/test_demo_feature_abstractions.py::TestDemoFeatureAbstractions::test_create_feature_presented_window_builds_presenter_from_types PASSED [ 15%]
tests/test_demo_feature_abstractions.py::TestDemoFeatureAbstractions::test_create_presented_anchored_window_attaches_presenter PASSED [ 15%]
tests/test_demo_feature_abstractions.py::TestDemoFeatureAbstractions::test_create_presented_window_from_spec_uses_spec_values PASSED [ 15%]
tests/test_demo_feature_abstractions.py::TestDemoFeatureAbstractions::test_create_tab_control_from_specs_materializes_tab_items PASSED [ 15%]
tests/test_demo_feature_abstractions.py::TestDemoFeatureAbstractions::test_create_task_panel_slot_layout_anchors_to_task_panel_top PASSED [ 15%]
tests/test_demo_feature_abstractions.py::TestDemoFeatureAbstractions::test_ensure_scene_scheduler_caches_scheduler_on_feature PASSED [ 15%]
tests/test_demo_feature_abstractions.py::TestDemoFeatureAbstractions::test_initialize_locale_registry_registers_tables_and_initial_locale PASSED [ 16%]
tests/test_demo_feature_abstractions.py::TestDemoFeatureAbstractions::test_instantiate_features_from_specs_sets_host_attributes PASSED [ 16%]
tests/test_demo_feature_abstractions.py::TestDemoFeatureAbstractions::test_make_spec_builders_provide_compact_defaults PASSED [ 16%]
tests/test_demo_feature_abstractions.py::TestDemoFeatureAbstractions::test_prewarm_runtime_scenes_prewarms_only_opted_in_specs PASSED [ 16%]
tests/test_demo_feature_abstractions.py::TestDemoFeatureAbstractions::test_register_companion_logic_features_registers_all_providers PASSED [ 16%]
tests/test_demo_feature_abstractions.py::TestDemoFeatureAbstractions::test_register_descriptors_registers_all_descriptors PASSED [ 16%]
tests/test_demo_feature_abstractions.py::TestDemoFeatureAbstractions::test_register_features_from_specs_registers_host_features PASSED [ 16%]
tests/test_demo_feature_abstractions.py::TestDemoFeatureAbstractions::test_register_tab_update_handlers_batches_registration PASSED [ 16%]
tests/test_demo_feature_abstractions.py::TestDemoFeatureAbstractions::test_register_tooltip_specs_registers_all_messages PASSED [ 16%]
tests/test_demo_feature_abstractions.py::TestDemoFeatureAbstractions::test_register_window_presentation_specs_forwards_spec_fields PASSED [ 16%]
tests/test_demo_feature_abstractions.py::TestDemoFeatureAbstractions::test_register_window_tab_builder_specs_registers_builder_pairs PASSED [ 16%]
tests/test_demo_feature_abstractions.py::TestDemoFeatureAbstractions::test_register_window_toggle_tooltips_uses_binding_labels PASSED [ 16%]
tests/test_demo_feature_abstractions.py::TestDemoFeatureAbstractions::test_resolve_canvas_local_point_falls_back_to_global_pos PASSED [ 16%]
tests/test_demo_feature_abstractions.py::TestDemoFeatureAbstractions::test_resolve_canvas_local_point_prefers_local_pos PASSED [ 16%]
tests/test_demo_feature_abstractions.py::TestDemoFeatureAbstractions::test_resolve_canvas_local_point_returns_none_when_missing_positions PASSED [ 16%]
tests/test_demo_feature_abstractions.py::TestDemoFeatureAbstractions::test_setup_feature_presenter_tabs_adds_control_and_registers_builders PASSED [ 16%]
tests/test_demo_feature_abstractions.py::TestDemoFeatureAbstractions::test_tab_layout_context_add_button_default_advance PASSED [ 16%]
tests/test_demo_feature_abstractions.py::TestDemoFeatureAbstractions::test_tab_layout_context_add_button_row_advances_correctly PASSED [ 16%]
tests/test_demo_feature_abstractions.py::TestDemoFeatureAbstractions::test_tab_layout_context_add_button_x_offset PASSED [ 16%]
tests/test_demo_feature_abstractions.py::TestDemoFeatureAbstractions::test_tab_layout_context_add_control_no_advance PASSED [ 16%]
tests/test_demo_feature_abstractions.py::TestDemoFeatureAbstractions::test_tab_layout_context_add_label_advance_zero_keeps_y PASSED [ 16%]
tests/test_demo_feature_abstractions.py::TestDemoFeatureAbstractions::test_tab_layout_context_add_label_custom_width PASSED [ 16%]
tests/test_demo_feature_abstractions.py::TestDemoFeatureAbstractions::test_tab_layout_context_add_label_default_advance PASSED [ 16%]
tests/test_demo_feature_abstractions.py::TestDemoFeatureAbstractions::test_tab_layout_context_add_label_explicit_advance PASSED [ 16%]
tests/test_demo_feature_abstractions.py::TestDemoFeatureAbstractions::test_tab_layout_context_advance_moves_cursor PASSED [ 16%]
tests/test_demo_feature_abstractions.py::TestDemoFeatureAbstractions::test_tab_layout_context_build_returns_copy PASSED [ 16%]
tests/test_demo_feature_abstractions.py::TestDemoFeatureAbstractions::test_tab_layout_context_geometry_properties PASSED [ 16%]
tests/test_demo_feature_abstractions.py::TestDemoFeatureAbstractions::test_tab_layout_context_remaining_height PASSED [ 16%]
tests/test_demo_feature_abstractions.py::TestDemoFeatureAbstractions::test_task_panel_window_toggle_group_supports_per_scene_owner_and_independent_tab_order PASSED [ 16%]
tests/test_demo_feature_package_contracts.py::TestDemoFeaturePackageContracts::test_feature_package_info_is_optional_and_non_runtime PASSED [ 16%]
tests/test_demo_feature_package_contracts.py::TestDemoFeaturePackageContracts::test_feature_scene_folders_are_python_packages PASSED [ 16%]
tests/test_demo_feature_package_contracts.py::TestDemoFeaturePackageContracts::test_feature_scene_packages_define_clean_canonical_exports PASSED [ 16%]
tests/test_demo_feature_package_contracts.py::TestDemoFeaturePackageContracts::test_feature_scene_packages_require_kind_files_by_default PASSED [ 16%]
tests/test_demo_runtime_scene_specs.py::TestDemoRuntimeSceneSpecs::test_runtime_scene_specs_apply_pristine_assets PASSED [ 16%]
tests/test_demo_runtime_scene_specs.py::TestDemoRuntimeSceneSpecs::test_runtime_scene_specs_do_not_bind_escape_to_exit PASSED [ 16%]
tests/test_demo_runtime_scene_specs.py::TestDemoRuntimeSceneSpecs::test_runtime_scene_specs_prewarm_targets PASSED [ 16%]
tests/test_demo_window_bundle_order.py::TestDemoWindowBundleOrder::test_main_scene_window_bundle_order_lists_systems_first PASSED [ 16%]
tests/test_dirty_and_snap.py::TestValueChangeReason::test_members PASSED [ 16%]
tests/test_dirty_and_snap.py::TestValueChangeReason::test_str_subclass PASSED [ 16%]
tests/test_dirty_and_snap.py::TestValueChangeReason::test_unique_values PASSED [ 16%]
tests/test_dirty_and_snap.py::TestLayoutAxis::test_horizontal_value PASSED [ 16%]
tests/test_dirty_and_snap.py::TestLayoutAxis::test_two_members PASSED    [ 16%]
tests/test_dirty_and_snap.py::TestLayoutAxis::test_vertical_value PASSED [ 16%]
tests/test_dirty_and_snap.py::TestSnapGrid::test_cell_w_minimum_one PASSED [ 16%]
tests/test_dirty_and_snap.py::TestSnapGrid::test_nearest_cell_origin PASSED [ 16%]
tests/test_dirty_and_snap.py::TestSnapGrid::test_nearest_cell_positive PASSED [ 17%]
tests/test_dirty_and_snap.py::TestSnapGrid::test_snap_point_already_on_grid PASSED [ 17%]
tests/test_dirty_and_snap.py::TestSnapGrid::test_snap_point_to_grid PASSED [ 17%]
tests/test_dirty_and_snap.py::TestSnapGrid::test_snap_point_with_offset PASSED [ 17%]
tests/test_dirty_and_snap.py::TestSnapGrid::test_snap_rect_preserves_size PASSED [ 17%]
tests/test_dirty_and_snap.py::TestDirtyRegionTrackerInitial::test_no_dirty_regions_initially PASSED [ 17%]
tests/test_dirty_and_snap.py::TestDirtyRegionTrackerInitial::test_not_dirty_initially PASSED [ 17%]
tests/test_dirty_and_snap.py::TestDirtyRegionTrackerMarkDirty::test_consume_returns_rects_and_clears PASSED [ 17%]
tests/test_dirty_and_snap.py::TestDirtyRegionTrackerMarkDirty::test_dirty_union_merges_rects PASSED [ 17%]
tests/test_dirty_and_snap.py::TestDirtyRegionTrackerMarkDirty::test_dirty_union_returns_none_when_clean PASSED [ 17%]
tests/test_dirty_and_snap.py::TestDirtyRegionTrackerMarkDirty::test_mark_after_all_dirty_ignored PASSED [ 17%]
tests/test_dirty_and_snap.py::TestDirtyRegionTrackerMarkDirty::test_mark_all_dirty PASSED [ 17%]
tests/test_dirty_and_snap.py::TestDirtyRegionTrackerMarkDirty::test_mark_dirty_sets_has_dirty PASSED [ 17%]
tests/test_dirty_and_snap.py::TestDirtyRegionTrackerMarkDirty::test_zero_size_rect_ignored PASSED [ 17%]
tests/test_dirty_and_snap.py::TestInvalidationTrackerInitial::test_end_frame_clears_full_redraw PASSED [ 17%]
tests/test_dirty_and_snap.py::TestInvalidationTrackerInitial::test_full_redraw_initially PASSED [ 17%]
tests/test_dirty_and_snap.py::TestInvalidationTrackerInitial::test_invalidate_all_marks_full PASSED [ 17%]
tests/test_dirty_and_snap.py::TestInvalidationTrackerInitial::test_invalidate_rect_accumulates PASSED [ 17%]
tests/test_dirty_and_snap.py::TestInvalidationTrackerInitial::test_merge_dirty_rects_empty PASSED [ 17%]
tests/test_dock_workspace_and_layout_animator.py::TestDockPane::test_to_dict_fields PASSED [ 17%]
tests/test_dock_workspace_and_layout_animator.py::TestDockPane::test_to_dict_kind PASSED [ 17%]
tests/test_dock_workspace_and_layout_animator.py::TestDockPane::test_to_dict_payload_is_copy PASSED [ 17%]
tests/test_dock_workspace_and_layout_animator.py::TestDockTabs::test_active_pane_id_auto_set_from_first_pane PASSED [ 17%]
tests/test_dock_workspace_and_layout_animator.py::TestDockTabs::test_active_pane_id_none_when_no_panes PASSED [ 17%]
tests/test_dock_workspace_and_layout_animator.py::TestDockTabs::test_add_pane_appends PASSED [ 17%]
tests/test_dock_workspace_and_layout_animator.py::TestDockTabs::test_add_pane_does_not_change_active_if_already_set PASSED [ 17%]
tests/test_dock_workspace_and_layout_animator.py::TestDockTabs::test_add_pane_sets_active_if_none PASSED [ 17%]
tests/test_dock_workspace_and_layout_animator.py::TestDockTabs::test_remove_active_pane_changes_active PASSED [ 17%]
tests/test_dock_workspace_and_layout_animator.py::TestDockTabs::test_remove_all_panes_active_becomes_none PASSED [ 17%]
tests/test_dock_workspace_and_layout_animator.py::TestDockTabs::test_remove_pane_missing_returns_false PASSED [ 17%]
tests/test_dock_workspace_and_layout_animator.py::TestDockTabs::test_remove_pane_removes_from_list PASSED [ 17%]
tests/test_dock_workspace_and_layout_animator.py::TestDockTabs::test_remove_pane_returns_true PASSED [ 17%]
tests/test_dock_workspace_and_layout_animator.py::TestDockTabs::test_to_dict_includes_panes PASSED [ 17%]
tests/test_dock_workspace_and_layout_animator.py::TestDockTabs::test_to_dict_kind PASSED [ 17%]
tests/test_dock_workspace_and_layout_animator.py::TestDockSplit::test_auto_ratios_equal PASSED [ 17%]
tests/test_dock_workspace_and_layout_animator.py::TestDockSplit::test_bad_axis_raises PASSED [ 17%]
tests/test_dock_workspace_and_layout_animator.py::TestDockSplit::test_children_ratios_mismatch_raises PASSED [ 17%]
tests/test_dock_workspace_and_layout_animator.py::TestDockSplit::test_to_dict_axis PASSED [ 17%]
tests/test_dock_workspace_and_layout_animator.py::TestDockSplit::test_to_dict_kind PASSED [ 17%]
tests/test_dock_workspace_and_layout_animator.py::TestDockWorkspaceEmpty::test_empty_workspace PASSED [ 17%]
tests/test_dock_workspace_and_layout_animator.py::TestDockWorkspaceEmpty::test_find_pane_none PASSED [ 17%]
tests/test_dock_workspace_and_layout_animator.py::TestDockWorkspaceEmpty::test_from_dict_empty PASSED [ 17%]
tests/test_dock_workspace_and_layout_animator.py::TestDockWorkspaceEmpty::test_pane_ids_empty PASSED [ 17%]
tests/test_dock_workspace_and_layout_animator.py::TestDockWorkspaceEmpty::test_to_dict_root_none PASSED [ 17%]
tests/test_dock_workspace_and_layout_animator.py::TestDockWorkspaceWithPane::test_find_pane_found PASSED [ 17%]
tests/test_dock_workspace_and_layout_animator.py::TestDockWorkspaceWithPane::test_find_pane_missing PASSED [ 17%]
tests/test_dock_workspace_and_layout_animator.py::TestDockWorkspaceWithPane::test_pane_ids_returns_sorted PASSED [ 18%]
tests/test_dock_workspace_and_layout_animator.py::TestDockWorkspaceWithPane::test_remove_missing_pane_returns_false PASSED [ 18%]
tests/test_dock_workspace_and_layout_animator.py::TestDockWorkspaceWithPane::test_remove_pane_returns_true PASSED [ 18%]
tests/test_dock_workspace_and_layout_animator.py::TestDockWorkspaceWithPane::test_remove_pane_root_becomes_none PASSED [ 18%]
tests/test_dock_workspace_and_layout_animator.py::TestDockWorkspaceWithTabs::test_find_pane_in_tabs PASSED [ 18%]
tests/test_dock_workspace_and_layout_animator.py::TestDockWorkspaceWithTabs::test_pane_ids PASSED [ 18%]
tests/test_dock_workspace_and_layout_animator.py::TestDockWorkspaceWithTabs::test_remove_pane_collapses_single_pane_to_root PASSED [ 18%]
tests/test_dock_workspace_and_layout_animator.py::TestDockWorkspaceWithSplit::test_pane_ids_from_split PASSED [ 18%]
tests/test_dock_workspace_and_layout_animator.py::TestDockWorkspaceWithSplit::test_remove_pane_from_split_collapses PASSED [ 18%]
tests/test_dock_workspace_and_layout_animator.py::TestDockWorkspaceWithSplit::test_remove_pane_ratios_renormalized PASSED [ 18%]
tests/test_dock_workspace_and_layout_animator.py::TestDockWorkspaceRoundtrip::test_from_dict_unknown_kind_raises PASSED [ 18%]
tests/test_dock_workspace_and_layout_animator.py::TestDockWorkspaceRoundtrip::test_pane_roundtrip PASSED [ 18%]
tests/test_dock_workspace_and_layout_animator.py::TestDockWorkspaceRoundtrip::test_split_roundtrip PASSED [ 18%]
tests/test_dock_workspace_and_layout_animator.py::TestDockWorkspaceRoundtrip::test_tabs_roundtrip PASSED [ 18%]
tests/test_dock_workspace_and_layout_animator.py::TestLayoutAnimatorInstant::test_apply_constraint_moves_node PASSED [ 18%]
tests/test_dock_workspace_and_layout_animator.py::TestLayoutAnimatorInstant::test_apply_targets_empty_is_no_op PASSED [ 18%]
tests/test_dock_workspace_and_layout_animator.py::TestLayoutAnimatorInstant::test_apply_targets_moves_node PASSED [ 18%]
tests/test_dock_workspace_and_layout_animator.py::TestLayoutAnimatorInstant::test_apply_targets_multiple_nodes PASSED [ 18%]
tests/test_dock_workspace_and_layout_animator.py::TestLayoutAnimatorInstant::test_apply_targets_resizes_node PASSED [ 18%]
tests/test_dock_workspace_and_layout_animator.py::TestLayoutAnimatorInstant::test_cancel_clears_handles PASSED [ 18%]
tests/test_dock_workspace_and_layout_animator.py::TestLayoutAnimatorInstant::test_duration_stored PASSED [ 18%]
tests/test_dock_workspace_and_layout_animator.py::TestLayoutAnimatorInstant::test_is_animating_false_when_no_tweens PASSED [ 18%]
tests/test_dock_workspace_and_layout_animator.py::TestLayoutAnimatorInstant::test_negative_duration_clamped_to_zero PASSED [ 18%]
tests/test_document_model_and_spatial_index.py::TestDocumentModelInitialState::test_content_initially_none PASSED [ 18%]
tests/test_document_model_and_spatial_index.py::TestDocumentModelInitialState::test_document_id PASSED [ 18%]
tests/test_document_model_and_spatial_index.py::TestDocumentModelInitialState::test_initially_not_dirty PASSED [ 18%]
tests/test_document_model_and_spatial_index.py::TestDocumentModelInitialState::test_metadata_initially_empty PASSED [ 18%]
tests/test_document_model_and_spatial_index.py::TestDocumentModelInitialState::test_path_initially_none PASSED [ 18%]
tests/test_document_model_and_spatial_index.py::TestDocumentModelInitialState::test_revision_initially_zero PASSED [ 18%]
tests/test_document_model_and_spatial_index.py::TestDocumentModelInitialState::test_saved_revision_initially_zero PASSED [ 18%]
tests/test_document_model_and_spatial_index.py::TestDocumentModelSetContent::test_set_content_increments_revision PASSED [ 18%]
tests/test_document_model_and_spatial_index.py::TestDocumentModelSetContent::test_set_content_marks_dirty PASSED [ 18%]
tests/test_document_model_and_spatial_index.py::TestDocumentModelSetContent::test_set_content_multiple_times_increments PASSED [ 18%]
tests/test_document_model_and_spatial_index.py::TestDocumentModelSetContent::test_set_content_updates_content PASSED [ 18%]
tests/test_document_model_and_spatial_index.py::TestDocumentModelMarkSaved::test_mark_saved_clears_dirty PASSED [ 18%]
tests/test_document_model_and_spatial_index.py::TestDocumentModelMarkSaved::test_mark_saved_syncs_saved_revision PASSED [ 18%]
tests/test_document_model_and_spatial_index.py::TestDocumentModelMarkSaved::test_mark_saved_with_path_sets_path PASSED [ 18%]
tests/test_document_model_and_spatial_index.py::TestDocumentModelMarkSaved::test_mark_saved_without_path_preserves_path PASSED [ 18%]
tests/test_document_model_and_spatial_index.py::TestDocumentModelUpdateMetadata::test_update_metadata_adds_keys PASSED [ 18%]
tests/test_document_model_and_spatial_index.py::TestDocumentModelUpdateMetadata::test_update_metadata_overwrites PASSED [ 18%]
tests/test_document_model_and_spatial_index.py::TestDocumentModelSaveLoad::test_load_custom_loader PASSED [ 18%]
tests/test_document_model_and_spatial_index.py::TestDocumentModelSaveLoad::test_load_reads_file PASSED [ 18%]
tests/test_document_model_and_spatial_index.py::TestDocumentModelSaveLoad::test_save_custom_saver PASSED [ 18%]
tests/test_document_model_and_spatial_index.py::TestDocumentModelSaveLoad::test_save_no_path_raises PASSED [ 18%]
tests/test_document_model_and_spatial_index.py::TestDocumentModelSaveLoad::test_save_writes_file_and_marks_clean PASSED [ 18%]
tests/test_document_model_and_spatial_index.py::TestDocumentModelSnapshotRestore::test_restore_path_none_stays_none PASSED [ 19%]
tests/test_document_model_and_spatial_index.py::TestDocumentModelSnapshotRestore::test_restore_path_string_becomes_path PASSED [ 19%]
tests/test_document_model_and_spatial_index.py::TestDocumentModelSnapshotRestore::test_restore_updates_content PASSED [ 19%]
tests/test_document_model_and_spatial_index.py::TestDocumentModelSnapshotRestore::test_restore_updates_metadata PASSED [ 19%]
tests/test_document_model_and_spatial_index.py::TestDocumentModelSnapshotRestore::test_restore_updates_revision PASSED [ 19%]
tests/test_document_model_and_spatial_index.py::TestDocumentModelSnapshotRestore::test_snapshot_contains_expected_keys PASSED [ 19%]
tests/test_document_model_and_spatial_index.py::TestDocumentModelSnapshotRestore::test_snapshot_content_matches PASSED [ 19%]
tests/test_document_model_and_spatial_index.py::TestDocumentModelSnapshotRestore::test_snapshot_metadata_is_copy PASSED [ 19%]
tests/test_document_model_and_spatial_index.py::TestSceneSpatialIndexInitialState::test_cell_size_custom PASSED [ 19%]
tests/test_document_model_and_spatial_index.py::TestSceneSpatialIndexInitialState::test_cell_size_default PASSED [ 19%]
tests/test_document_model_and_spatial_index.py::TestSceneSpatialIndexInitialState::test_cell_size_minimum_one PASSED [ 19%]
tests/test_document_model_and_spatial_index.py::TestSceneSpatialIndexInitialState::test_node_count_initially_zero PASSED [ 19%]
tests/test_document_model_and_spatial_index.py::TestSceneSpatialIndexBuild::test_build_empty_scene PASSED [ 19%]
tests/test_document_model_and_spatial_index.py::TestSceneSpatialIndexBuild::test_build_from_scene PASSED [ 19%]
tests/test_document_model_and_spatial_index.py::TestSceneSpatialIndexBuild::test_build_none_scene_does_not_raise PASSED [ 19%]
tests/test_document_model_and_spatial_index.py::TestSceneSpatialIndexBuild::test_rebuild_replaces_previous PASSED [ 19%]
tests/test_document_model_and_spatial_index.py::TestSceneSpatialIndexQueryPoint::test_disabled_node_excluded PASSED [ 19%]
tests/test_document_model_and_spatial_index.py::TestSceneSpatialIndexQueryPoint::test_invisible_node_excluded PASSED [ 19%]
tests/test_document_model_and_spatial_index.py::TestSceneSpatialIndexQueryPoint::test_multiple_overlapping_nodes_all_returned PASSED [ 19%]
tests/test_document_model_and_spatial_index.py::TestSceneSpatialIndexQueryPoint::test_point_inside_returns_node PASSED [ 19%]
tests/test_document_model_and_spatial_index.py::TestSceneSpatialIndexQueryPoint::test_point_on_boundary_top_left PASSED [ 19%]
tests/test_document_model_and_spatial_index.py::TestSceneSpatialIndexQueryPoint::test_point_outside_returns_empty PASSED [ 19%]
tests/test_document_model_and_spatial_index.py::TestSceneSpatialIndexQueryPoint::test_result_sorted_by_insertion_order PASSED [ 19%]
tests/test_document_model_and_spatial_index.py::TestSceneSpatialIndexQueryRect::test_non_overlapping_rect_returns_empty PASSED [ 19%]
tests/test_document_model_and_spatial_index.py::TestSceneSpatialIndexQueryRect::test_overlapping_rect_returns_node PASSED [ 19%]
tests/test_document_model_and_spatial_index.py::TestSceneSpatialIndexQueryRect::test_query_rect_invisible_excluded PASSED [ 19%]
tests/test_document_model_and_spatial_index.py::TestSceneSpatialIndexMutation::test_clear_empties_index PASSED [ 19%]
tests/test_document_model_and_spatial_index.py::TestSceneSpatialIndexMutation::test_node_without_control_id_ignored PASSED [ 19%]
tests/test_document_model_and_spatial_index.py::TestSceneSpatialIndexMutation::test_remove_missing_node_no_error PASSED [ 19%]
tests/test_document_model_and_spatial_index.py::TestSceneSpatialIndexMutation::test_remove_node PASSED [ 19%]
tests/test_document_model_and_spatial_index.py::TestSceneSpatialIndexMutation::test_update_node_adds_if_new PASSED [ 19%]
tests/test_document_model_and_spatial_index.py::TestSceneSpatialIndexMutation::test_update_node_after_move PASSED [ 19%]
tests/test_drag_payload_context_menu_item.py::TestDragPayload::test_data_default_none PASSED [ 19%]
tests/test_drag_payload_context_menu_item.py::TestDragPayload::test_data_stored PASSED [ 19%]
tests/test_drag_payload_context_menu_item.py::TestDragPayload::test_drag_id_stored PASSED [ 19%]
tests/test_drag_payload_context_menu_item.py::TestDragPayload::test_ghost_offset_default PASSED [ 19%]
tests/test_drag_payload_context_menu_item.py::TestDragPayload::test_ghost_offset_stored PASSED [ 19%]
tests/test_drag_payload_context_menu_item.py::TestDragPayload::test_ghost_surface_default_none PASSED [ 19%]
tests/test_drag_payload_context_menu_item.py::TestContextMenuItem::test_action_default_none PASSED [ 19%]
tests/test_drag_payload_context_menu_item.py::TestContextMenuItem::test_action_stored PASSED [ 19%]
tests/test_drag_payload_context_menu_item.py::TestContextMenuItem::test_disabled_item PASSED [ 19%]
tests/test_drag_payload_context_menu_item.py::TestContextMenuItem::test_enabled_default_true PASSED [ 19%]
tests/test_drag_payload_context_menu_item.py::TestContextMenuItem::test_icon_default_none PASSED [ 19%]
tests/test_drag_payload_context_menu_item.py::TestContextMenuItem::test_label_stored PASSED [ 19%]
tests/test_drag_payload_context_menu_item.py::TestContextMenuItem::test_separator_default_false PASSED [ 19%]
tests/test_drag_payload_context_menu_item.py::TestContextMenuItem::test_separator_item PASSED [ 19%]
tests/test_dropdown_range_slider_listview.py::TestDropdownOption::test_data_default_none PASSED [ 20%]
tests/test_dropdown_range_slider_listview.py::TestDropdownOption::test_enabled_default_true PASSED [ 20%]
tests/test_dropdown_range_slider_listview.py::TestDropdownOption::test_value_defaults_to_label PASSED [ 20%]
tests/test_dropdown_range_slider_listview.py::TestDropdownOption::test_value_explicit PASSED [ 20%]
tests/test_dropdown_range_slider_listview.py::TestDropdownControlInitial::test_empty_options_selected_index_minus_one PASSED [ 20%]
tests/test_dropdown_range_slider_listview.py::TestDropdownControlInitial::test_initial_selected_index_out_of_range_defaults_to_first PASSED [ 20%]
tests/test_dropdown_range_slider_listview.py::TestDropdownControlInitial::test_initial_selected_index_set PASSED [ 20%]
tests/test_dropdown_range_slider_listview.py::TestDropdownControlInitial::test_is_open_false_initially PASSED [ 20%]
tests/test_dropdown_range_slider_listview.py::TestDropdownControlInitial::test_placeholder_stored PASSED [ 20%]
tests/test_dropdown_range_slider_listview.py::TestDropdownControlInitial::test_tab_index_zero PASSED [ 20%]
tests/test_dropdown_range_slider_listview.py::TestDropdownControlInitial::test_with_options_auto_selects_first PASSED [ 20%]
tests/test_dropdown_range_slider_listview.py::TestDropdownControlSelectedOption::test_selected_index_setter_in_range PASSED [ 20%]
tests/test_dropdown_range_slider_listview.py::TestDropdownControlSelectedOption::test_selected_index_setter_out_of_range_falls_back_to_first PASSED [ 20%]
tests/test_dropdown_range_slider_listview.py::TestDropdownControlSelectedOption::test_selected_option_none_when_empty PASSED [ 20%]
tests/test_dropdown_range_slider_listview.py::TestDropdownControlSelectedOption::test_selected_option_returns_item PASSED [ 20%]
tests/test_dropdown_range_slider_listview.py::TestDropdownControlSetOptions::test_set_options_empty_clears_selection PASSED [ 20%]
tests/test_dropdown_range_slider_listview.py::TestDropdownControlSetOptions::test_set_options_replaces PASSED [ 20%]
tests/test_dropdown_range_slider_listview.py::TestDropdownControlSetOptions::test_set_options_resets_selection_to_first PASSED [ 20%]
tests/test_dropdown_range_slider_listview.py::TestDropdownControlAcceptsFocus::test_accepts_focus_false_when_disabled PASSED [ 20%]
tests/test_dropdown_range_slider_listview.py::TestDropdownControlAcceptsFocus::test_accepts_focus_when_visible_enabled PASSED [ 20%]
tests/test_dropdown_range_slider_listview.py::TestRangeSliderControlInitial::test_accepts_focus PASSED [ 20%]
tests/test_dropdown_range_slider_listview.py::TestRangeSliderControlInitial::test_default_high_equals_max PASSED [ 20%]
tests/test_dropdown_range_slider_listview.py::TestRangeSliderControlInitial::test_default_low_equals_min PASSED [ 20%]
tests/test_dropdown_range_slider_listview.py::TestRangeSliderControlInitial::test_initial_low_high_stored PASSED [ 20%]
tests/test_dropdown_range_slider_listview.py::TestRangeSliderControlInitial::test_min_max_degenerate_max_bumped PASSED [ 20%]
tests/test_dropdown_range_slider_listview.py::TestRangeSliderControlInitial::test_tab_index_zero PASSED [ 20%]
tests/test_dropdown_range_slider_listview.py::TestRangeSliderControlSetValues::test_low_cannot_exceed_high PASSED [ 20%]
tests/test_dropdown_range_slider_listview.py::TestRangeSliderControlSetValues::test_set_values PASSED [ 20%]
tests/test_dropdown_range_slider_listview.py::TestRangeSliderControlSetValues::test_set_values_clamped_to_range PASSED [ 20%]
tests/test_dropdown_range_slider_listview.py::TestRangeSliderControlSetValues::test_set_values_fires_no_callback PASSED [ 20%]
tests/test_dropdown_range_slider_listview.py::TestRangeSliderControlSetValues::test_set_values_inverted_gets_swapped PASSED [ 20%]
tests/test_dropdown_range_slider_listview.py::TestRangeSliderControlSnap::test_snap_clamped_to_max PASSED [ 20%]
tests/test_dropdown_range_slider_listview.py::TestRangeSliderControlSnap::test_snap_clamped_to_min PASSED [ 20%]
tests/test_dropdown_range_slider_listview.py::TestRangeSliderControlSnap::test_snap_to_step PASSED [ 20%]
tests/test_dropdown_range_slider_listview.py::TestListItem::test_data_default_none PASSED [ 20%]
tests/test_dropdown_range_slider_listview.py::TestListItem::test_enabled_default_true PASSED [ 20%]
tests/test_dropdown_range_slider_listview.py::TestListItem::test_value_defaults_to_label PASSED [ 20%]
tests/test_dropdown_range_slider_listview.py::TestListItem::test_value_explicit PASSED [ 20%]
tests/test_dropdown_range_slider_listview.py::TestListViewControlInitial::test_auto_selects_first_when_items_present PASSED [ 20%]
tests/test_dropdown_range_slider_listview.py::TestListViewControlInitial::test_empty_list PASSED [ 20%]
tests/test_dropdown_range_slider_listview.py::TestListViewControlInitial::test_items_returns_copy PASSED [ 20%]
tests/test_dropdown_range_slider_listview.py::TestListViewControlInitial::test_selected_index_parameter PASSED [ 20%]
tests/test_dropdown_range_slider_listview.py::TestListViewControlInitial::test_selected_item_none_when_empty PASSED [ 20%]
tests/test_dropdown_range_slider_listview.py::TestListViewControlInitial::test_selected_item_returns_item PASSED [ 20%]
tests/test_dropdown_range_slider_listview.py::TestListViewControlInitial::test_tab_index_zero PASSED [ 20%]
tests/test_dropdown_range_slider_listview.py::TestListViewControlInitial::test_with_items PASSED [ 21%]
tests/test_dropdown_range_slider_listview.py::TestListViewControlMutation::test_append_item PASSED [ 21%]
tests/test_dropdown_range_slider_listview.py::TestListViewControlMutation::test_remove_item_decrements_count PASSED [ 21%]
tests/test_dropdown_range_slider_listview.py::TestListViewControlMutation::test_remove_item_out_of_range_returns_false PASSED [ 21%]
tests/test_dropdown_range_slider_listview.py::TestListViewControlMutation::test_remove_item_returns_true PASSED [ 21%]
tests/test_dropdown_range_slider_listview.py::TestListViewControlMutation::test_set_items_empty_clears_selection PASSED [ 21%]
tests/test_dropdown_range_slider_listview.py::TestListViewControlMutation::test_set_items_replaces PASSED [ 21%]
tests/test_dropdown_range_slider_listview.py::TestListViewControlMutation::test_set_items_resets_selection_to_first PASSED [ 21%]
tests/test_dropdown_range_slider_listview.py::TestListViewControlSelect::test_select_fires_on_select PASSED [ 21%]
tests/test_dropdown_range_slider_listview.py::TestListViewControlSelect::test_select_out_of_range_no_effect PASSED [ 21%]
tests/test_dropdown_range_slider_listview.py::TestListViewControlSelect::test_select_updates_selected_index PASSED [ 21%]
tests/test_dropdown_range_slider_listview.py::TestListViewControlSelect::test_selected_index_setter PASSED [ 21%]
tests/test_dropdown_range_slider_listview.py::TestListViewControlSelect::test_selected_index_setter_out_of_range_uses_first PASSED [ 21%]
tests/test_dropdown_range_slider_listview.py::TestListViewControlMultiSelect::test_multi_select_allows_multiple PASSED [ 21%]
tests/test_dropdown_range_slider_listview.py::TestListViewControlMultiSelect::test_single_select_replaces PASSED [ 21%]
tests/test_error_boundary_draw_context.py::TestErrorBoundaryInitial::test_child_in_children_list PASSED [ 21%]
tests/test_error_boundary_draw_context.py::TestErrorBoundaryInitial::test_child_not_none_required PASSED [ 21%]
tests/test_error_boundary_draw_context.py::TestErrorBoundaryInitial::test_child_tracks_boundary_rect_when_wrapper_moves PASSED [ 21%]
tests/test_error_boundary_draw_context.py::TestErrorBoundaryInitial::test_error_none_initially PASSED [ 21%]
tests/test_error_boundary_draw_context.py::TestErrorBoundaryInitial::test_error_text_stored PASSED [ 21%]
tests/test_error_boundary_draw_context.py::TestErrorBoundaryInitial::test_has_error_false_initially PASSED [ 21%]
tests/test_error_boundary_draw_context.py::TestErrorBoundaryInitial::test_on_error_callback_stored PASSED [ 21%]
tests/test_error_boundary_draw_context.py::TestErrorBoundaryInitial::test_rect_matches_child PASSED [ 21%]
tests/test_error_boundary_draw_context.py::TestErrorBoundaryRecover::test_no_recover_on_mount_if_disabled PASSED [ 21%]
tests/test_error_boundary_draw_context.py::TestErrorBoundaryRecover::test_recover_clears_error PASSED [ 21%]
tests/test_error_boundary_draw_context.py::TestErrorBoundaryRecover::test_recover_on_mount_clears_error PASSED [ 21%]
tests/test_error_boundary_draw_context.py::TestErrorBoundaryUpdateError::test_on_error_callback_called PASSED [ 21%]
tests/test_error_boundary_draw_context.py::TestErrorBoundaryUpdateError::test_update_catches_exception PASSED [ 21%]
tests/test_error_boundary_draw_context.py::TestErrorBoundaryUpdateError::test_update_skipped_when_errored PASSED [ 21%]
tests/test_error_boundary_draw_context.py::TestDrawPhase::test_values PASSED [ 21%]
tests/test_error_boundary_draw_context.py::TestDrawContextInitial::test_clip_rect_stored PASSED [ 21%]
tests/test_error_boundary_draw_context.py::TestDrawContextInitial::test_default_phase_foreground PASSED [ 21%]
tests/test_error_boundary_draw_context.py::TestDrawContextInitial::test_local_offset_stored PASSED [ 21%]
tests/test_error_boundary_draw_context.py::TestDrawContextInitial::test_opacity_clamped_high PASSED [ 21%]
tests/test_error_boundary_draw_context.py::TestDrawContextInitial::test_opacity_clamped_low PASSED [ 21%]
tests/test_error_boundary_draw_context.py::TestDrawContextInitial::test_phase_stored PASSED [ 21%]
tests/test_error_boundary_draw_context.py::TestDrawContextInitial::test_surface_stored PASSED [ 21%]
tests/test_error_boundary_draw_context.py::TestDrawContextPhaseHelpers::test_is_background PASSED [ 21%]
tests/test_error_boundary_draw_context.py::TestDrawContextPhaseHelpers::test_is_debug PASSED [ 21%]
tests/test_error_boundary_draw_context.py::TestDrawContextPhaseHelpers::test_is_foreground PASSED [ 21%]
tests/test_error_boundary_draw_context.py::TestDrawContextPhaseHelpers::test_is_overlay PASSED [ 21%]
tests/test_error_boundary_draw_context.py::TestDrawContextPhaseHelpers::test_is_visible_phase_false_for_debug PASSED [ 21%]
tests/test_error_boundary_draw_context.py::TestDrawContextPhaseHelpers::test_is_visible_phase_not_debug PASSED [ 21%]
tests/test_error_boundary_draw_context.py::TestDrawContextDerivedContexts::test_clip_to_clamps PASSED [ 21%]
tests/test_error_boundary_draw_context.py::TestDrawContextDerivedContexts::test_clip_to_inherits_phase PASSED [ 21%]
tests/test_error_boundary_draw_context.py::TestDrawContextDerivedContexts::test_clip_to_intersects PASSED [ 21%]
tests/test_error_boundary_draw_context.py::TestDrawContextDerivedContexts::test_clip_to_override_opacity PASSED [ 22%]
tests/test_error_boundary_draw_context.py::TestDrawContextDerivedContexts::test_local_rect PASSED [ 22%]
tests/test_error_boundary_draw_context.py::TestDrawContextDerivedContexts::test_with_offset_accumulates PASSED [ 22%]
tests/test_error_boundary_draw_context.py::TestDrawContextDerivedContexts::test_with_opacity PASSED [ 22%]
tests/test_error_boundary_draw_context.py::TestDrawContextDerivedContexts::test_with_phase PASSED [ 22%]
tests/test_error_handling.py::TestErrorContextDefaults::test_is_frozen PASSED [ 22%]
tests/test_error_handling.py::TestErrorContextDefaults::test_optional_defaults_none PASSED [ 22%]
tests/test_error_handling.py::TestErrorContextDefaults::test_optional_fields_stored PASSED [ 22%]
tests/test_error_handling.py::TestErrorContextDefaults::test_required_fields_stored PASSED [ 22%]
tests/test_error_handling.py::TestFormatErrorMessage::test_basic_message_contains_reason PASSED [ 22%]
tests/test_error_handling.py::TestFormatErrorMessage::test_message_contains_cause_type PASSED [ 22%]
tests/test_error_handling.py::TestFormatErrorMessage::test_message_contains_details PASSED [ 22%]
tests/test_error_handling.py::TestFormatErrorMessage::test_message_contains_kind PASSED [ 22%]
tests/test_error_handling.py::TestFormatErrorMessage::test_message_contains_path_when_set PASSED [ 22%]
tests/test_error_handling.py::TestFormatErrorMessage::test_message_contains_subsystem PASSED [ 22%]
tests/test_error_handling.py::TestFormatErrorMessage::test_message_omits_path_when_none PASSED [ 22%]
tests/test_error_handling.py::TestLogicalError::test_custom_exc_type PASSED [ 22%]
tests/test_error_handling.py::TestLogicalError::test_default_exc_type_is_value_error PASSED [ 22%]
tests/test_error_handling.py::TestLogicalError::test_message_contains_reason PASSED [ 22%]
tests/test_error_handling.py::TestLogicalError::test_returns_exception PASSED [ 22%]
tests/test_error_handling.py::TestIoError::test_custom_exc_type PASSED   [ 22%]
tests/test_error_handling.py::TestIoError::test_default_exc_type_is_runtime_error PASSED [ 22%]
tests/test_error_handling.py::TestIoError::test_message_contains_path PASSED [ 22%]
tests/test_error_handling.py::TestIoError::test_message_contains_reason PASSED [ 22%]
tests/test_error_handling.py::TestIoError::test_returns_exception PASSED [ 22%]
tests/test_error_handling_data_driven.py::TestErrorContext::test_cause_none_by_default PASSED [ 22%]
tests/test_error_handling_data_driven.py::TestErrorContext::test_cause_stored PASSED [ 22%]
tests/test_error_handling_data_driven.py::TestErrorContext::test_details_none_by_default PASSED [ 22%]
tests/test_error_handling_data_driven.py::TestErrorContext::test_frozen PASSED [ 22%]
tests/test_error_handling_data_driven.py::TestErrorContext::test_kind_stored PASSED [ 22%]
tests/test_error_handling_data_driven.py::TestErrorContext::test_operation_stored PASSED [ 22%]
tests/test_error_handling_data_driven.py::TestErrorContext::test_path_none_by_default PASSED [ 22%]
tests/test_error_handling_data_driven.py::TestErrorContext::test_path_stored PASSED [ 22%]
tests/test_error_handling_data_driven.py::TestErrorContext::test_reason_stored PASSED [ 22%]
tests/test_error_handling_data_driven.py::TestErrorContext::test_source_stored PASSED [ 22%]
tests/test_error_handling_data_driven.py::TestErrorContext::test_subsystem_stored PASSED [ 22%]
tests/test_error_handling_data_driven.py::TestFormatErrorMessage::test_contains_cause_when_present PASSED [ 22%]
tests/test_error_handling_data_driven.py::TestFormatErrorMessage::test_contains_details_when_present PASSED [ 22%]
tests/test_error_handling_data_driven.py::TestFormatErrorMessage::test_contains_kind PASSED [ 22%]
tests/test_error_handling_data_driven.py::TestFormatErrorMessage::test_contains_operation PASSED [ 22%]
tests/test_error_handling_data_driven.py::TestFormatErrorMessage::test_contains_path_when_present PASSED [ 22%]
tests/test_error_handling_data_driven.py::TestFormatErrorMessage::test_contains_reason PASSED [ 22%]
tests/test_error_handling_data_driven.py::TestFormatErrorMessage::test_contains_source PASSED [ 22%]
tests/test_error_handling_data_driven.py::TestFormatErrorMessage::test_contains_subsystem PASSED [ 22%]
tests/test_error_handling_data_driven.py::TestFormatErrorMessage::test_no_path_when_absent PASSED [ 22%]
tests/test_error_handling_data_driven.py::TestDiscoverErrorSource::test_contains_colon_separated_parts PASSED [ 22%]
tests/test_error_handling_data_driven.py::TestDiscoverErrorSource::test_points_to_caller_not_gui_do PASSED [ 23%]
tests/test_error_handling_data_driven.py::TestDiscoverErrorSource::test_returns_string PASSED [ 23%]
tests/test_error_handling_data_driven.py::TestLogicalError::test_custom_exc_type PASSED [ 23%]
tests/test_error_handling_data_driven.py::TestLogicalError::test_default_exc_type_is_value_error PASSED [ 23%]
tests/test_error_handling_data_driven.py::TestLogicalError::test_message_contains_reason PASSED [ 23%]
tests/test_error_handling_data_driven.py::TestLogicalError::test_returns_exception PASSED [ 23%]
tests/test_error_handling_data_driven.py::TestIoError::test_default_exc_type_is_runtime_error PASSED [ 23%]
tests/test_error_handling_data_driven.py::TestIoError::test_message_contains_path PASSED [ 23%]
tests/test_error_handling_data_driven.py::TestIoError::test_message_contains_reason PASSED [ 23%]
tests/test_error_handling_data_driven.py::TestIoError::test_returns_exception PASSED [ 23%]
tests/test_error_handling_data_driven.py::TestFeatureSpec::test_attr_name_stored PASSED [ 23%]
tests/test_error_handling_data_driven.py::TestFeatureSpec::test_factory_stored PASSED [ 23%]
tests/test_error_handling_data_driven.py::TestFeatureSpec::test_frozen PASSED [ 23%]
tests/test_error_handling_data_driven.py::TestRuntimeSceneSpec::test_bind_escape_false_default PASSED [ 23%]
tests/test_error_handling_data_driven.py::TestRuntimeSceneSpec::test_frozen PASSED [ 23%]
tests/test_error_handling_data_driven.py::TestRuntimeSceneSpec::test_prewarm_false_default PASSED [ 23%]
tests/test_error_handling_data_driven.py::TestRuntimeSceneSpec::test_pristine_asset_none_default PASSED [ 23%]
tests/test_error_handling_data_driven.py::TestRuntimeSceneSpec::test_scene_name_stored PASSED [ 23%]
tests/test_error_handling_data_driven.py::TestActionSpec::test_action_id_stored PASSED [ 23%]
tests/test_error_handling_data_driven.py::TestActionSpec::test_category_none_default PASSED [ 23%]
tests/test_error_handling_data_driven.py::TestActionSpec::test_label_stored PASSED [ 23%]
tests/test_error_handling_data_driven.py::TestActionSpec::test_target_none_default PASSED [ 23%]
tests/test_event_bus_and_sort_filter_proxy.py::TestEventBus::test_duplicate_unsubscribe_is_noop PASSED [ 23%]
tests/test_event_bus_and_sort_filter_proxy.py::TestEventBus::test_multiple_subscribers_all_notified PASSED [ 23%]
tests/test_event_bus_and_sort_filter_proxy.py::TestEventBus::test_publish_none_payload_is_delivered PASSED [ 23%]
tests/test_event_bus_and_sort_filter_proxy.py::TestEventBus::test_publish_to_unknown_topic_is_noop PASSED [ 23%]
tests/test_event_bus_and_sort_filter_proxy.py::TestEventBus::test_scoped_subscriber_does_not_receive_different_scope PASSED [ 23%]
tests/test_event_bus_and_sort_filter_proxy.py::TestEventBus::test_scoped_subscriber_receives_matching_scope PASSED [ 23%]
tests/test_event_bus_and_sort_filter_proxy.py::TestEventBus::test_subscribe_and_publish_delivers_payload PASSED [ 23%]
tests/test_event_bus_and_sort_filter_proxy.py::TestEventBus::test_subscriber_count_filtered_by_topic PASSED [ 23%]
tests/test_event_bus_and_sort_filter_proxy.py::TestEventBus::test_subscriber_count_total PASSED [ 23%]
tests/test_event_bus_and_sort_filter_proxy.py::TestEventBus::test_unscoped_subscriber_receives_all_publishes PASSED [ 23%]
tests/test_event_bus_and_sort_filter_proxy.py::TestEventBus::test_unsubscribe_scope_removes_all_matching PASSED [ 23%]
tests/test_event_bus_and_sort_filter_proxy.py::TestEventBus::test_unsubscribe_scope_unknown_returns_zero PASSED [ 23%]
tests/test_event_bus_and_sort_filter_proxy.py::TestEventBus::test_unsubscribe_stops_delivery PASSED [ 23%]
tests/test_event_bus_and_sort_filter_proxy.py::TestSortFilterProxySource::test_clear_filter_restores_all_items PASSED [ 23%]
tests/test_event_bus_and_sort_filter_proxy.py::TestSortFilterProxySource::test_empty_source_item_count_is_zero PASSED [ 23%]
tests/test_event_bus_and_sort_filter_proxy.py::TestSortFilterProxySource::test_filter_and_sort_combined PASSED [ 23%]
tests/test_event_bus_and_sort_filter_proxy.py::TestSortFilterProxySource::test_filter_matching_nothing_gives_zero_count PASSED [ 23%]
tests/test_event_bus_and_sort_filter_proxy.py::TestSortFilterProxySource::test_filter_reduces_visible_count PASSED [ 23%]
tests/test_event_bus_and_sort_filter_proxy.py::TestSortFilterProxySource::test_no_transforms_exposes_all_items_in_order PASSED [ 23%]
tests/test_event_bus_and_sort_filter_proxy.py::TestSortFilterProxySource::test_plain_list_source_supported_via_len_and_getitem PASSED [ 23%]
tests/test_event_bus_and_sort_filter_proxy.py::TestSortFilterProxySource::test_sort_key_reorders_items PASSED [ 23%]
tests/test_event_bus_and_sort_filter_proxy.py::TestSortFilterProxySource::test_sort_reverse_reverses_order PASSED [ 23%]
tests/test_event_bus_and_sort_filter_proxy.py::TestSortFilterProxySource::test_subscriber_notified_on_invalidate PASSED [ 23%]
tests/test_event_bus_and_sort_filter_proxy.py::TestSortFilterProxySource::test_subscriber_notified_on_set_filter PASSED [ 24%]
tests/test_event_bus_and_sort_filter_proxy.py::TestSortFilterProxySource::test_subscriber_notified_on_set_sort_key PASSED [ 24%]
tests/test_event_bus_and_sort_filter_proxy.py::TestSortFilterProxySource::test_unsubscribe_stops_notifications PASSED [ 24%]
tests/test_event_recorder.py::TestRecordedEvent::test_custom_pos PASSED  [ 24%]
tests/test_event_recorder.py::TestRecordedEvent::test_defaults PASSED    [ 24%]
tests/test_event_recorder.py::TestRecordedEvent::test_fields_stored PASSED [ 24%]
tests/test_event_recorder.py::TestEventRecorderInitial::test_not_recording_initially PASSED [ 24%]
tests/test_event_recorder.py::TestEventRecorderInitial::test_recorded_count_zero PASSED [ 24%]
tests/test_event_recorder.py::TestEventRecorderStartStop::test_start_discards_previous PASSED [ 24%]
tests/test_event_recorder.py::TestEventRecorderStartStop::test_start_sets_recording PASSED [ 24%]
tests/test_event_recorder.py::TestEventRecorderStartStop::test_stop_clears_recording PASSED [ 24%]
tests/test_event_recorder.py::TestEventRecorderStartStop::test_stop_returns_events PASSED [ 24%]
tests/test_event_recorder.py::TestEventRecorderRecord::test_record_captures_button PASSED [ 24%]
tests/test_event_recorder.py::TestEventRecorderRecord::test_record_captures_pos PASSED [ 24%]
tests/test_event_recorder.py::TestEventRecorderRecord::test_record_captures_text PASSED [ 24%]
tests/test_event_recorder.py::TestEventRecorderRecord::test_record_increments_count PASSED [ 24%]
tests/test_event_recorder.py::TestEventRecorderRecord::test_record_while_not_recording_is_noop PASSED [ 24%]
tests/test_event_recorder.py::TestEventRecorderRecord::test_time_offset_positive PASSED [ 24%]
tests/test_event_recorder.py::TestEventRecorderPersistence::test_save_and_load PASSED [ 24%]
tests/test_event_recorder.py::TestInputState::test_initial_pointer_pos PASSED [ 24%]
tests/test_event_recorder.py::TestInputState::test_update_from_event PASSED [ 24%]
tests/test_event_recorder.py::TestInputState::test_update_ignores_invalid_pos PASSED [ 24%]
tests/test_event_recorder_gesture.py::TestRecordedEvent::test_defaults PASSED [ 24%]
tests/test_event_recorder_gesture.py::TestRecordedEvent::test_fields_stored PASSED [ 24%]
tests/test_event_recorder_gesture.py::TestEventRecorder::test_from_events PASSED [ 24%]
tests/test_event_recorder_gesture.py::TestEventRecorder::test_initial_count_zero PASSED [ 24%]
tests/test_event_recorder_gesture.py::TestEventRecorder::test_initial_not_recording PASSED [ 24%]
tests/test_event_recorder_gesture.py::TestEventRecorder::test_load_missing_file_returns_empty PASSED [ 24%]
tests/test_event_recorder_gesture.py::TestEventRecorder::test_record_when_not_recording_ignored PASSED [ 24%]
tests/test_event_recorder_gesture.py::TestEventRecorder::test_record_when_recording_captures PASSED [ 24%]
tests/test_event_recorder_gesture.py::TestEventRecorder::test_recorded_event_type_extracted PASSED [ 24%]
tests/test_event_recorder_gesture.py::TestEventRecorder::test_save_and_load PASSED [ 24%]
tests/test_event_recorder_gesture.py::TestEventRecorder::test_start_discards_previous PASSED [ 24%]
tests/test_event_recorder_gesture.py::TestEventRecorder::test_start_sets_recording PASSED [ 24%]
tests/test_event_recorder_gesture.py::TestEventRecorder::test_stop_clears_recording PASSED [ 24%]
tests/test_event_recorder_gesture.py::TestEventRecorder::test_stop_returns_events PASSED [ 24%]
tests/test_event_recorder_gesture.py::TestEventPlayback::test_elapsed_ms PASSED [ 24%]
tests/test_event_recorder_gesture.py::TestEventPlayback::test_empty_events_stay_playing_on_update PASSED [ 24%]
tests/test_event_recorder_gesture.py::TestEventPlayback::test_event_fired_at_right_time PASSED [ 24%]
tests/test_event_recorder_gesture.py::TestEventPlayback::test_initial_not_playing PASSED [ 24%]
tests/test_event_recorder_gesture.py::TestEventPlayback::test_loop_restarts PASSED [ 24%]
tests/test_event_recorder_gesture.py::TestEventPlayback::test_on_complete_called PASSED [ 24%]
tests/test_event_recorder_gesture.py::TestEventPlayback::test_progress_at_start PASSED [ 24%]
tests/test_event_recorder_gesture.py::TestEventPlayback::test_start_sets_playing PASSED [ 24%]
tests/test_event_recorder_gesture.py::TestEventPlayback::test_stop_clears_playing PASSED [ 24%]
tests/test_event_recorder_gesture.py::TestGestureRecognizerDoubleClick::test_double_click_fires PASSED [ 24%]
tests/test_event_recorder_gesture.py::TestGestureRecognizerDoubleClick::test_double_click_too_far_away PASSED [ 25%]
tests/test_event_recorder_gesture.py::TestGestureRecognizerDoubleClick::test_double_click_too_slow PASSED [ 25%]
tests/test_event_recorder_gesture.py::TestGestureRecognizerLongPress::test_long_press_fires PASSED [ 25%]
tests/test_event_recorder_gesture.py::TestGestureRecognizerLongPress::test_long_press_not_fired_too_early PASSED [ 25%]
tests/test_event_recorder_gesture.py::TestGestureRecognizerLongPress::test_long_press_not_fired_twice PASSED [ 25%]
tests/test_event_recorder_gesture.py::TestGestureRecognizerSwipe::test_swipe_left_fires PASSED [ 25%]
tests/test_event_recorder_gesture.py::TestGestureRecognizerSwipe::test_swipe_not_fired_if_too_short PASSED [ 25%]
tests/test_event_recorder_gesture.py::TestGestureRecognizerSwipe::test_swipe_right_fires PASSED [ 25%]
tests/test_event_recorder_gesture.py::TestGestureRecognizerReset::test_reset_clears_press PASSED [ 25%]
tests/test_feature_lifecycle_classes.py::TestFrameTimer::test_first_tick_returns_zero PASSED [ 25%]
tests/test_feature_lifecycle_classes.py::TestFrameTimer::test_reset_causes_next_tick_to_return_zero PASSED [ 25%]
tests/test_feature_lifecycle_classes.py::TestFrameTimer::test_second_tick_returns_positive PASSED [ 25%]
tests/test_feature_lifecycle_classes.py::TestPlacedControl::test_fields_stored PASSED [ 25%]
tests/test_feature_lifecycle_classes.py::TestPlacedControl::test_label_can_be_none PASSED [ 25%]
tests/test_feature_lifecycle_classes.py::TestWindowRelativeRect::test_relative_offsets_stored PASSED [ 25%]
tests/test_feature_lifecycle_classes.py::TestWindowRelativeRect::test_resolve_after_window_move PASSED [ 25%]
tests/test_feature_lifecycle_classes.py::TestWindowRelativeRect::test_resolve_at_same_position PASSED [ 25%]
tests/test_feature_lifecycle_classes.py::TestWindowRelativeRect::test_width_height_properties PASSED [ 25%]
tests/test_feature_lifecycle_classes.py::TestFeatureMessage::test_command_property PASSED [ 25%]
tests/test_feature_lifecycle_classes.py::TestFeatureMessage::test_event_property PASSED [ 25%]
tests/test_feature_lifecycle_classes.py::TestFeatureMessage::test_fields_stored PASSED [ 25%]
tests/test_feature_lifecycle_classes.py::TestFeatureMessage::test_from_payload PASSED [ 25%]
tests/test_feature_lifecycle_classes.py::TestFeatureMessage::test_from_payload_copies_dict PASSED [ 25%]
tests/test_feature_lifecycle_classes.py::TestFeatureMessage::test_get_existing PASSED [ 25%]
tests/test_feature_lifecycle_classes.py::TestFeatureMessage::test_get_missing_custom_default PASSED [ 25%]
tests/test_feature_lifecycle_classes.py::TestFeatureMessage::test_get_missing_default PASSED [ 25%]
tests/test_feature_lifecycle_classes.py::TestFeatureMessage::test_getitem PASSED [ 25%]
tests/test_feature_lifecycle_classes.py::TestFeatureMessage::test_topic_missing_returns_none PASSED [ 25%]
tests/test_feature_lifecycle_classes.py::TestFeatureMessage::test_topic_property PASSED [ 25%]
tests/test_feature_lifecycle_classes.py::TestPlacementHelpers::test_place_control_adds_label_and_control_once_each PASSED [ 25%]
tests/test_feature_lifecycle_classes.py::TestPlacementHelpers::test_place_control_focusable_preserves_existing_non_negative_tab_index PASSED [ 25%]
tests/test_feature_lifecycle_classes.py::TestPlacementHelpers::test_place_control_specs_mixes_labeled_and_unlabeled PASSED [ 25%]
tests/test_feature_lifecycle_classes.py::TestPlacementHelpers::test_place_control_unlabeled_disables_non_focusable PASSED [ 25%]
tests/test_feature_lifecycle_geometry.py::TestCalculateGridLayout::test_count_equals_rows_times_cols PASSED [ 25%]
tests/test_feature_lifecycle_geometry.py::TestCalculateGridLayout::test_single_cell PASSED [ 25%]
tests/test_feature_lifecycle_geometry.py::TestCalculateGridLayout::test_two_columns PASSED [ 25%]
tests/test_feature_lifecycle_geometry.py::TestCalculateGridLayout::test_two_rows PASSED [ 25%]
tests/test_feature_lifecycle_geometry.py::TestCalculateGridLayout::test_with_label_height PASSED [ 25%]
tests/test_feature_lifecycle_geometry.py::TestInsetRect::test_both_paddings PASSED [ 25%]
tests/test_feature_lifecycle_geometry.py::TestInsetRect::test_minimum_size_clamped_to_one PASSED [ 25%]
tests/test_feature_lifecycle_geometry.py::TestInsetRect::test_no_padding PASSED [ 25%]
tests/test_feature_lifecycle_geometry.py::TestInsetRect::test_x_padding PASSED [ 25%]
tests/test_feature_lifecycle_geometry.py::TestInsetRect::test_y_padding PASSED [ 25%]
tests/test_feature_lifecycle_geometry.py::TestCenteredHorizontalStripLayout::test_correct_count PASSED [ 25%]
tests/test_feature_lifecycle_geometry.py::TestCenteredHorizontalStripLayout::test_single_item PASSED [ 25%]
tests/test_feature_lifecycle_geometry.py::TestCenteredHorizontalStripLayout::test_spacing_applied PASSED [ 26%]
tests/test_feature_lifecycle_geometry.py::TestCenteredHorizontalStripLayout::test_two_items_span_full_width PASSED [ 26%]
tests/test_feature_lifecycle_geometry.py::TestSplitSlotBounds::test_empty_returns_zeros PASSED [ 26%]
tests/test_feature_lifecycle_geometry.py::TestSplitSlotBounds::test_multiple_slots PASSED [ 26%]
tests/test_feature_lifecycle_geometry.py::TestSplitSlotBounds::test_single_slot PASSED [ 26%]
tests/test_feature_lifecycle_geometry.py::TestPartitionRects::test_accepts_tuple_bounds PASSED [ 26%]
tests/test_feature_lifecycle_geometry.py::TestPartitionRects::test_count_limits_cells PASSED [ 26%]
tests/test_feature_lifecycle_geometry.py::TestPartitionRects::test_single_cell PASSED [ 26%]
tests/test_feature_lifecycle_geometry.py::TestPartitionRects::test_two_columns PASSED [ 26%]
tests/test_feature_lifecycle_geometry.py::TestPartitionRects::test_two_rows PASSED [ 26%]
tests/test_feature_lifecycle_geometry.py::TestPartitionRects::test_with_gap PASSED [ 26%]
tests/test_feature_lifecycle_geometry.py::TestPartitionRects::test_with_padding PASSED [ 26%]
tests/test_feature_window_title_font_role.py::TestFeatureWindowTitleFontRole::test_default_title_role_is_not_overridden_when_unspecified PASSED [ 26%]
tests/test_feature_window_title_font_role.py::TestFeatureWindowTitleFontRole::test_explicit_title_role_is_forwarded PASSED [ 26%]
tests/test_file_dialog_options.py::TestFileDialogOptions::test_allow_new_file PASSED [ 26%]
tests/test_file_dialog_options.py::TestFileDialogOptions::test_custom_title PASSED [ 26%]
tests/test_file_dialog_options.py::TestFileDialogOptions::test_defaults PASSED [ 26%]
tests/test_file_dialog_options.py::TestFileDialogOptions::test_filters_stored PASSED [ 26%]
tests/test_file_dialog_options.py::TestFileDialogOptions::test_multi_select PASSED [ 26%]
tests/test_file_dialog_options.py::TestFileDialogOptions::test_start_dir PASSED [ 26%]
tests/test_file_dialog_options.py::TestFileDialogHandleInitial::test_is_open_true PASSED [ 26%]
tests/test_file_dialog_options.py::TestFileDialogHandleInitial::test_result_none PASSED [ 26%]
tests/test_file_dialog_options.py::TestFileDialogHandleResolve::test_cancel_resolves_empty PASSED [ 26%]
tests/test_file_dialog_options.py::TestFileDialogHandleResolve::test_is_open_false_after_cancel PASSED [ 26%]
tests/test_file_dialog_options.py::TestFileDialogHandleResolve::test_on_close_exception_is_swallowed PASSED [ 26%]
tests/test_file_dialog_options.py::TestFileDialogHandleResolve::test_resolve_calls_on_close PASSED [ 26%]
tests/test_file_dialog_options.py::TestFileDialogHandleResolve::test_resolve_closes_dialog PASSED [ 26%]
tests/test_file_dialog_options.py::TestFileDialogHandleResolve::test_resolve_stores_paths PASSED [ 26%]
tests/test_first_frame_profiler.py::TestFirstFrameSample::test_fields_stored PASSED [ 26%]
tests/test_first_frame_profiler.py::TestFirstFrameProfilerInitial::test_disabled_by_default PASSED [ 26%]
tests/test_first_frame_profiler.py::TestFirstFrameProfilerInitial::test_min_ms_default PASSED [ 26%]
tests/test_first_frame_profiler.py::TestFirstFrameProfilerInitial::test_profile_first_frame_true_before_begin PASSED [ 26%]
tests/test_first_frame_profiler.py::TestFirstFrameProfilerInitial::test_scene_frame_count_zero_for_unknown PASSED [ 26%]
tests/test_first_frame_profiler.py::TestFirstFrameProfilerConfigure::test_configure_enable PASSED [ 26%]
tests/test_first_frame_profiler.py::TestFirstFrameProfilerConfigure::test_configure_logger PASSED [ 26%]
tests/test_first_frame_profiler.py::TestFirstFrameProfilerConfigure::test_configure_min_ms PASSED [ 26%]
tests/test_first_frame_profiler.py::TestFirstFrameProfilerBeginFrame::test_begin_frame_different_scenes_independent PASSED [ 26%]
tests/test_first_frame_profiler.py::TestFirstFrameProfilerBeginFrame::test_begin_frame_increments PASSED [ 26%]
tests/test_first_frame_profiler.py::TestFirstFrameProfilerBeginFrame::test_begin_frame_second_call PASSED [ 26%]
tests/test_first_frame_profiler.py::TestFirstFrameProfilerBeginFrame::test_profile_first_frame_false_on_frame_two PASSED [ 26%]
tests/test_first_frame_profiler.py::TestFirstFrameProfilerBeginFrame::test_profile_first_frame_true_on_frame_one PASSED [ 26%]
tests/test_first_frame_profiler.py::TestFirstFrameProfilerRecordOnce::test_below_min_ms_not_recorded PASSED [ 26%]
tests/test_first_frame_profiler.py::TestFirstFrameProfilerRecordOnce::test_different_keys_both_recorded PASSED [ 26%]
tests/test_first_frame_profiler.py::TestFirstFrameProfilerRecordOnce::test_disabled_records_nothing PASSED [ 26%]
tests/test_first_frame_profiler.py::TestFirstFrameProfilerRecordOnce::test_enabled_records_above_min_ms PASSED [ 26%]
tests/test_first_frame_profiler.py::TestFirstFrameProfilerRecordOnce::test_records_only_once_per_key PASSED [ 26%]
tests/test_flex_layout_and_flow_layout.py::TestFlexLayoutRowBasic::test_add_helper PASSED [ 27%]
tests/test_flex_layout_and_flow_layout.py::TestFlexLayoutRowBasic::test_basis_overrides_node_width PASSED [ 27%]
tests/test_flex_layout_and_flow_layout.py::TestFlexLayoutRowBasic::test_clear_removes_all PASSED [ 27%]
tests/test_flex_layout_and_flow_layout.py::TestFlexLayoutRowBasic::test_empty_no_error PASSED [ 27%]
tests/test_flex_layout_and_flow_layout.py::TestFlexLayoutRowBasic::test_gap_offsets_second_item PASSED [ 27%]
tests/test_flex_layout_and_flow_layout.py::TestFlexLayoutRowBasic::test_grow_distributes_surplus PASSED [ 27%]
tests/test_flex_layout_and_flow_layout.py::TestFlexLayoutRowBasic::test_grow_proportional PASSED [ 27%]
tests/test_flex_layout_and_flow_layout.py::TestFlexLayoutRowBasic::test_max_size_caps_grow PASSED [ 27%]
tests/test_flex_layout_and_flow_layout.py::TestFlexLayoutRowBasic::test_min_size_floors_shrink PASSED [ 27%]
tests/test_flex_layout_and_flow_layout.py::TestFlexLayoutRowBasic::test_remove_helper PASSED [ 27%]
tests/test_flex_layout_and_flow_layout.py::TestFlexLayoutRowBasic::test_remove_missing_returns_false PASSED [ 27%]
tests/test_flex_layout_and_flow_layout.py::TestFlexLayoutRowBasic::test_single_item_starts_at_container_x PASSED [ 27%]
tests/test_flex_layout_and_flow_layout.py::TestFlexLayoutRowBasic::test_single_item_starts_at_container_y PASSED [ 27%]
tests/test_flex_layout_and_flow_layout.py::TestFlexLayoutRowAlign::test_align_center PASSED [ 27%]
tests/test_flex_layout_and_flow_layout.py::TestFlexLayoutRowAlign::test_align_end PASSED [ 27%]
tests/test_flex_layout_and_flow_layout.py::TestFlexLayoutRowAlign::test_align_start_y_at_zero PASSED [ 27%]
tests/test_flex_layout_and_flow_layout.py::TestFlexLayoutRowAlign::test_align_stretch PASSED [ 27%]
tests/test_flex_layout_and_flow_layout.py::TestFlexLayoutJustify::test_justify_center PASSED [ 27%]
tests/test_flex_layout_and_flow_layout.py::TestFlexLayoutJustify::test_justify_end PASSED [ 27%]
tests/test_flex_layout_and_flow_layout.py::TestFlexLayoutJustify::test_justify_space_between_two_items PASSED [ 27%]
tests/test_flex_layout_and_flow_layout.py::TestFlexLayoutJustify::test_justify_start PASSED [ 27%]
tests/test_flex_layout_and_flow_layout.py::TestFlexLayoutColumn::test_column_grow_vertical PASSED [ 27%]
tests/test_flex_layout_and_flow_layout.py::TestFlexLayoutColumn::test_column_stacks_vertically PASSED [ 27%]
tests/test_flex_layout_and_flow_layout.py::TestFlexLayoutPadding::test_apply_accepts_callable_rect_source PASSED [ 27%]
tests/test_flex_layout_and_flow_layout.py::TestFlexLayoutPadding::test_padding_offsets_start_x PASSED [ 27%]
tests/test_flex_layout_and_flow_layout.py::TestFlexLayoutPadding::test_padding_reduces_available_space PASSED [ 27%]
tests/test_flex_layout_and_flow_layout.py::TestFlowLayoutRowBasic::test_apply_accepts_callable_rect_source PASSED [ 27%]
tests/test_flex_layout_and_flow_layout.py::TestFlowLayoutRowBasic::test_empty_apply_returns_zero PASSED [ 27%]
tests/test_flex_layout_and_flow_layout.py::TestFlowLayoutRowBasic::test_empty_rows_empty PASSED [ 27%]
tests/test_flex_layout_and_flow_layout.py::TestFlowLayoutRowBasic::test_gap_x_separates_items PASSED [ 27%]
tests/test_flex_layout_and_flow_layout.py::TestFlowLayoutRowBasic::test_gap_y_separates_rows PASSED [ 27%]
tests/test_flex_layout_and_flow_layout.py::TestFlowLayoutRowBasic::test_overflow_wraps_to_second_row PASSED [ 27%]
tests/test_flex_layout_and_flow_layout.py::TestFlowLayoutRowBasic::test_single_item_placed_at_origin PASSED [ 27%]
tests/test_flex_layout_and_flow_layout.py::TestFlowLayoutRowBasic::test_total_height_returned PASSED [ 27%]
tests/test_flex_layout_and_flow_layout.py::TestFlowLayoutRowBasic::test_two_items_same_row PASSED [ 27%]
tests/test_flex_layout_and_flow_layout.py::TestFlowLayoutRowBasic::test_two_rows_total_height PASSED [ 27%]
tests/test_flex_layout_and_flow_layout.py::TestFlowLayoutItemManagement::test_add_item PASSED [ 27%]
tests/test_flex_layout_and_flow_layout.py::TestFlowLayoutItemManagement::test_clear_removes_all PASSED [ 27%]
tests/test_flex_layout_and_flow_layout.py::TestFlowLayoutItemManagement::test_remove_item PASSED [ 27%]
tests/test_flex_layout_and_flow_layout.py::TestFlowLayoutItemManagement::test_remove_missing_returns_false PASSED [ 27%]
tests/test_flex_layout_and_flow_layout.py::TestFlowLayoutAlignCenter::test_align_center_positions_shorter_item_correctly PASSED [ 27%]
tests/test_flex_layout_and_flow_layout.py::TestFlowLayoutAlignCenter::test_align_end_positions_shorter_item_at_bottom PASSED [ 27%]
tests/test_flex_layout_and_flow_layout.py::TestFlowLayoutMinMaxConstraints::test_max_width_applied PASSED [ 27%]
tests/test_flex_layout_and_flow_layout.py::TestFlowLayoutMinMaxConstraints::test_min_width_applied PASSED [ 27%]
tests/test_flex_layout_and_flow_layout.py::TestFlowLayoutInvalidDirection::test_invalid_align_raises PASSED [ 27%]
tests/test_flex_layout_and_flow_layout.py::TestFlowLayoutInvalidDirection::test_invalid_direction_raises PASSED [ 28%]
tests/test_focus_manager_overlay_focus.py::TestFocusManagerOverlayFocus::test_revalidate_focus_clears_command_palette_overlay_focus_when_palette_closed PASSED [ 28%]
tests/test_focus_manager_overlay_focus.py::TestFocusManagerOverlayFocus::test_revalidate_focus_preserves_command_palette_overlay_focus PASSED [ 28%]
tests/test_focus_manager_overlay_focus.py::TestFocusManagerOverlayFocus::test_route_key_event_clears_missing_scene_focus_when_palette_not_open PASSED [ 28%]
tests/test_focus_manager_overlay_focus.py::TestFocusManagerOverlayFocus::test_route_key_event_preserves_command_palette_overlay_focus PASSED [ 28%]
tests/test_focus_ring.py::TestFocusRingInitial::test_contains_false PASSED [ 28%]
tests/test_focus_ring.py::TestFocusRingInitial::test_contains_true PASSED [ 28%]
tests/test_focus_ring.py::TestFocusRingInitial::test_empty_first_none PASSED [ 28%]
tests/test_focus_ring.py::TestFocusRingInitial::test_empty_last_none PASSED [ 28%]
tests/test_focus_ring.py::TestFocusRingInitial::test_first PASSED        [ 28%]
tests/test_focus_ring.py::TestFocusRingInitial::test_last PASSED         [ 28%]
tests/test_focus_ring.py::TestFocusRingInitial::test_node_ids_stored PASSED [ 28%]
tests/test_focus_ring.py::TestFocusRingInitial::test_size PASSED         [ 28%]
tests/test_focus_ring.py::TestFocusRingAdvance::test_advance_backward PASSED [ 28%]
tests/test_focus_ring.py::TestFocusRingAdvance::test_advance_empty_returns_none PASSED [ 28%]
tests/test_focus_ring.py::TestFocusRingAdvance::test_advance_forward PASSED [ 28%]
tests/test_focus_ring.py::TestFocusRingAdvance::test_advance_no_wrap_returns_none PASSED [ 28%]
tests/test_focus_ring.py::TestFocusRingAdvance::test_advance_none_backward_returns_last PASSED [ 28%]
tests/test_focus_ring.py::TestFocusRingAdvance::test_advance_none_returns_first PASSED [ 28%]
tests/test_focus_ring.py::TestFocusRingAdvance::test_advance_unknown_id_returns_first PASSED [ 28%]
tests/test_focus_ring.py::TestFocusRingAdvance::test_advance_wraps_backward PASSED [ 28%]
tests/test_focus_ring.py::TestFocusRingAdvance::test_advance_wraps_forward PASSED [ 28%]
tests/test_focus_ring.py::TestFocusRingTrap::test_trap_wraps_backward PASSED [ 28%]
tests/test_focus_ring.py::TestFocusRingTrap::test_trap_wraps_forward PASSED [ 28%]
tests/test_focus_ring.py::TestFocusRingParent::test_delegates_to_parent_at_boundary PASSED [ 28%]
tests/test_focus_ring.py::TestFocusRingMutation::test_append PASSED      [ 28%]
tests/test_focus_ring.py::TestFocusRingMutation::test_append_duplicate_no_change PASSED [ 28%]
tests/test_focus_ring.py::TestFocusRingMutation::test_clear PASSED       [ 28%]
tests/test_focus_ring.py::TestFocusRingMutation::test_first_focusable PASSED [ 28%]
tests/test_focus_ring.py::TestFocusRingMutation::test_insert_after PASSED [ 28%]
tests/test_focus_ring.py::TestFocusRingMutation::test_insert_before PASSED [ 28%]
tests/test_focus_ring.py::TestFocusRingMutation::test_remove_existing PASSED [ 28%]
tests/test_focus_ring.py::TestFocusRingMutation::test_remove_missing_returns_false PASSED [ 28%]
tests/test_focus_ring.py::TestFocusRingMutation::test_replace PASSED     [ 28%]
tests/test_focus_ring_and_scope_manager.py::TestFocusRingMembership::test_contains_existing PASSED [ 28%]
tests/test_focus_ring_and_scope_manager.py::TestFocusRingMembership::test_contains_missing PASSED [ 28%]
tests/test_focus_ring_and_scope_manager.py::TestFocusRingMembership::test_first PASSED [ 28%]
tests/test_focus_ring_and_scope_manager.py::TestFocusRingMembership::test_first_empty_ring_returns_none PASSED [ 28%]
tests/test_focus_ring_and_scope_manager.py::TestFocusRingMembership::test_last PASSED [ 28%]
tests/test_focus_ring_and_scope_manager.py::TestFocusRingMembership::test_last_empty_ring_returns_none PASSED [ 28%]
tests/test_focus_ring_and_scope_manager.py::TestFocusRingMembership::test_node_ids_returns_copy PASSED [ 28%]
tests/test_focus_ring_and_scope_manager.py::TestFocusRingMembership::test_size PASSED [ 28%]
tests/test_focus_ring_and_scope_manager.py::TestFocusRingTraversal::test_advance_backward PASSED [ 28%]
tests/test_focus_ring_and_scope_manager.py::TestFocusRingTraversal::test_advance_empty_ring_returns_none PASSED [ 28%]
tests/test_focus_ring_and_scope_manager.py::TestFocusRingTraversal::test_advance_forward PASSED [ 28%]
tests/test_focus_ring_and_scope_manager.py::TestFocusRingTraversal::test_advance_from_none_backward_returns_last PASSED [ 28%]
tests/test_focus_ring_and_scope_manager.py::TestFocusRingTraversal::test_advance_from_none_forward_returns_first PASSED [ 29%]
tests/test_focus_ring_and_scope_manager.py::TestFocusRingTraversal::test_advance_unknown_id_backward_returns_last PASSED [ 29%]
tests/test_focus_ring_and_scope_manager.py::TestFocusRingTraversal::test_advance_unknown_id_forward_returns_first PASSED [ 29%]
tests/test_focus_ring_and_scope_manager.py::TestFocusRingTraversal::test_advance_wraps_at_end_forward PASSED [ 29%]
tests/test_focus_ring_and_scope_manager.py::TestFocusRingTraversal::test_advance_wraps_at_start_backward PASSED [ 29%]
tests/test_focus_ring_and_scope_manager.py::TestFocusRingTraversal::test_first_focusable PASSED [ 29%]
tests/test_focus_ring_and_scope_manager.py::TestFocusRingTraversal::test_first_focusable_empty_returns_none PASSED [ 29%]
tests/test_focus_ring_and_scope_manager.py::TestFocusRingTraversal::test_no_wrap_delegates_to_parent PASSED [ 29%]
tests/test_focus_ring_and_scope_manager.py::TestFocusRingTraversal::test_no_wrap_no_parent_returns_none_at_boundary PASSED [ 29%]
tests/test_focus_ring_and_scope_manager.py::TestFocusRingTraversal::test_parent_delegation_backward PASSED [ 29%]
tests/test_focus_ring_and_scope_manager.py::TestFocusRingTraversal::test_trap_wraps_instead_of_escaping PASSED [ 29%]
tests/test_focus_ring_and_scope_manager.py::TestFocusRingMutation::test_append_adds_to_end PASSED [ 29%]
tests/test_focus_ring_and_scope_manager.py::TestFocusRingMutation::test_append_duplicate_ignored PASSED [ 29%]
tests/test_focus_ring_and_scope_manager.py::TestFocusRingMutation::test_clear PASSED [ 29%]
tests/test_focus_ring_and_scope_manager.py::TestFocusRingMutation::test_insert_after PASSED [ 29%]
tests/test_focus_ring_and_scope_manager.py::TestFocusRingMutation::test_insert_before PASSED [ 29%]
tests/test_focus_ring_and_scope_manager.py::TestFocusRingMutation::test_insert_duplicate_ignored PASSED [ 29%]
tests/test_focus_ring_and_scope_manager.py::TestFocusRingMutation::test_insert_no_anchor_appends PASSED [ 29%]
tests/test_focus_ring_and_scope_manager.py::TestFocusRingMutation::test_remove_existing PASSED [ 29%]
tests/test_focus_ring_and_scope_manager.py::TestFocusRingMutation::test_remove_missing_returns_false PASSED [ 29%]
tests/test_focus_ring_and_scope_manager.py::TestFocusRingMutation::test_replace PASSED [ 29%]
tests/test_focus_ring_and_scope_manager.py::TestFocusScope::test_initially_not_active PASSED [ 29%]
tests/test_focus_ring_and_scope_manager.py::TestFocusScope::test_root_reference PASSED [ 29%]
tests/test_focus_ring_and_scope_manager.py::TestFocusScope::test_scope_id_auto_generated PASSED [ 29%]
tests/test_focus_ring_and_scope_manager.py::TestFocusScope::test_scope_id_from_argument PASSED [ 29%]
tests/test_focus_ring_and_scope_manager.py::TestFocusScopeManager::test_active_scope_is_innermost PASSED [ 29%]
tests/test_focus_ring_and_scope_manager.py::TestFocusScopeManager::test_active_scope_none_when_empty PASSED [ 29%]
tests/test_focus_ring_and_scope_manager.py::TestFocusScopeManager::test_initial_depth_is_zero PASSED [ 29%]
tests/test_focus_ring_and_scope_manager.py::TestFocusScopeManager::test_initial_not_constrained PASSED [ 29%]
tests/test_focus_ring_and_scope_manager.py::TestFocusScopeManager::test_pop_all_clears_stack PASSED [ 29%]
tests/test_focus_ring_and_scope_manager.py::TestFocusScopeManager::test_pop_all_deactivates_all_scopes PASSED [ 29%]
tests/test_focus_ring_and_scope_manager.py::TestFocusScopeManager::test_pop_all_syncs_focus_manager PASSED [ 29%]
tests/test_focus_ring_and_scope_manager.py::TestFocusScopeManager::test_pop_deactivates_scope PASSED [ 29%]
tests/test_focus_ring_and_scope_manager.py::TestFocusScopeManager::test_pop_missing_returns_false PASSED [ 29%]
tests/test_focus_ring_and_scope_manager.py::TestFocusScopeManager::test_pop_non_top_scope PASSED [ 29%]
tests/test_focus_ring_and_scope_manager.py::TestFocusScopeManager::test_pop_removes_scope PASSED [ 29%]
tests/test_focus_ring_and_scope_manager.py::TestFocusScopeManager::test_pop_syncs_focus_manager PASSED [ 29%]
tests/test_focus_ring_and_scope_manager.py::TestFocusScopeManager::test_pop_top_empty_returns_none PASSED [ 29%]
tests/test_focus_ring_and_scope_manager.py::TestFocusScopeManager::test_pop_top_returns_innermost PASSED [ 29%]
tests/test_focus_ring_and_scope_manager.py::TestFocusScopeManager::test_push_activates_scope PASSED [ 29%]
tests/test_focus_ring_and_scope_manager.py::TestFocusScopeManager::test_push_increments_depth PASSED [ 29%]
tests/test_focus_ring_and_scope_manager.py::TestFocusScopeManager::test_push_returns_scope PASSED [ 29%]
tests/test_focus_ring_and_scope_manager.py::TestFocusScopeManager::test_push_sets_constrained PASSED [ 29%]
tests/test_focus_ring_and_scope_manager.py::TestFocusScopeManager::test_push_syncs_to_focus_manager PASSED [ 29%]
tests/test_focus_ring_and_scope_manager.py::TestFocusScopeManager::test_stacked_scopes_sync_in_order PASSED [ 29%]
tests/test_focus_visualizer.py::TestFocusVisualizerDashedRectangle::test_dashed_rectangle_stays_within_box PASSED [ 29%]
tests/test_focus_visualizer.py::TestFocusVisualizerWindowShearHint::test_draw_hint_for_window_delegates_to_shear_overlay PASSED [ 30%]
tests/test_focus_visualizer.py::TestFocusVisualizerWindowShearHint::test_draw_hint_for_window_falls_back_to_direct_draw_without_shear PASSED [ 30%]
tests/test_font_role_default_fallback.py::TestFontRoleDefaultFallback::test_color_theme_font_manager_uses_cwd_relative_resolution_by_default PASSED [ 30%]
tests/test_font_role_default_fallback.py::TestFontRoleDefaultFallback::test_font_manager_resolves_unknown_role_to_default PASSED [ 30%]
tests/test_font_role_default_fallback.py::TestFontRoleDefaultFallback::test_register_role_noops_when_definition_unchanged PASSED [ 30%]
tests/test_font_role_default_fallback.py::TestFontRoleDefaultFallback::test_setup_prefers_explicit_title_role_over_window_alias PASSED [ 30%]
tests/test_font_role_default_fallback.py::TestFontRoleDefaultFallback::test_setup_raises_when_title_role_cannot_be_resolved PASSED [ 30%]
tests/test_font_role_default_fallback.py::TestFontRoleDefaultFallback::test_setup_registers_default_role_from_fonts_map PASSED [ 30%]
tests/test_font_role_default_fallback.py::TestFontRoleDefaultFallback::test_setup_seeds_title_role_from_window_font_with_size_18 PASSED [ 30%]
tests/test_font_role_default_fallback.py::TestFontRoleDefaultFallback::test_setup_uses_default_font_size_when_role_size_missing PASSED [ 30%]
tests/test_font_role_default_fallback.py::TestFontRoleDefaultFallback::test_setup_uses_explicit_window_title_when_title_not_defined PASSED [ 30%]
tests/test_font_role_registry.py::TestFontRoleDef::test_defaults PASSED  [ 30%]
tests/test_font_role_registry.py::TestFontRoleDef::test_fields_stored PASSED [ 30%]
tests/test_font_role_registry.py::TestFontRoleDef::test_frozen PASSED    [ 30%]
tests/test_font_role_registry.py::TestFontRoleRegistryInitial::test_defined_names_empty PASSED [ 30%]
tests/test_font_role_registry.py::TestFontRoleRegistryInitial::test_empty_initially PASSED [ 30%]
tests/test_font_role_registry.py::TestFontRoleRegistryInitial::test_has_role_false PASSED [ 30%]
tests/test_font_role_registry.py::TestFontRoleRegistryInitial::test_not_contains PASSED [ 30%]
tests/test_font_role_registry.py::TestFontRoleRegistryDefine::test_contains_after_define PASSED [ 30%]
tests/test_font_role_registry.py::TestFontRoleRegistryDefine::test_define_adds_role PASSED [ 30%]
tests/test_font_role_registry.py::TestFontRoleRegistryDefine::test_define_chaining PASSED [ 30%]
tests/test_font_role_registry.py::TestFontRoleRegistryDefine::test_define_returns_self PASSED [ 30%]
tests/test_font_role_registry.py::TestFontRoleRegistryDefine::test_defined_names_order PASSED [ 30%]
tests/test_font_role_registry.py::TestFontRoleRegistryDefine::test_empty_name_raises PASSED [ 30%]
tests/test_font_role_registry.py::TestFontRoleRegistryDefine::test_has_role_after_define PASSED [ 30%]
tests/test_font_role_registry.py::TestFontRoleRegistryDefine::test_redefine_replaces_no_duplicate_in_order PASSED [ 30%]
tests/test_font_role_registry.py::TestFontRoleRegistryDefine::test_whitespace_name_raises PASSED [ 30%]
tests/test_font_role_registry.py::TestFontRoleRegistryLookup::test_font_instance_raises PASSED [ 30%]
tests/test_font_role_registry.py::TestFontRoleRegistryLookup::test_getitem PASSED [ 30%]
tests/test_font_role_registry.py::TestFontRoleRegistryLookup::test_getitem_unknown_raises PASSED [ 30%]
tests/test_font_role_registry.py::TestFontRoleRegistryLookup::test_role_returns_name PASSED [ 30%]
tests/test_font_role_registry.py::TestFontRoleRegistryLookup::test_role_unknown_raises PASSED [ 30%]
tests/test_form_model.py::TestFieldError::test_fields_stored PASSED      [ 30%]
tests/test_form_model.py::TestFormFieldInitial::test_first_error_none_initially PASSED [ 30%]
tests/test_form_model.py::TestFormFieldInitial::test_initial_value PASSED [ 30%]
tests/test_form_model.py::TestFormFieldInitial::test_name_stored PASSED  [ 30%]
tests/test_form_model.py::TestFormFieldInitial::test_no_errors_initially PASSED [ 30%]
tests/test_form_model.py::TestFormFieldInitial::test_not_dirty_initially PASSED [ 30%]
tests/test_form_model.py::TestFormFieldInitial::test_valid_initially PASSED [ 30%]
tests/test_form_model.py::TestFormFieldDirty::test_becomes_dirty_on_value_change PASSED [ 30%]
tests/test_form_model.py::TestFormFieldDirty::test_commit_clears_dirty PASSED [ 30%]
tests/test_form_model.py::TestFormFieldDirty::test_reset_reverts_value PASSED [ 30%]
tests/test_form_model.py::TestFormFieldValidation::test_add_validator_after_init PASSED [ 30%]
tests/test_form_model.py::TestFormFieldValidation::test_errors_changed_callback PASSED [ 30%]
tests/test_form_model.py::TestFormFieldValidation::test_errors_changed_unsubscribe PASSED [ 30%]
tests/test_form_model.py::TestFormFieldValidation::test_first_error_set PASSED [ 31%]
tests/test_form_model.py::TestFormFieldValidation::test_required_field_empty_fails PASSED [ 31%]
tests/test_form_model.py::TestFormFieldValidation::test_required_field_nonempty_passes PASSED [ 31%]
tests/test_form_model.py::TestFormFieldValidation::test_reset_clears_errors PASSED [ 31%]
tests/test_form_model.py::TestFormFieldValidation::test_validator_on_invalid_value PASSED [ 31%]
tests/test_form_model.py::TestFormFieldValidation::test_validator_on_valid_value PASSED [ 31%]
tests/test_form_model.py::TestFormModelInitial::test_is_dirty_empty PASSED [ 31%]
tests/test_form_model.py::TestFormModelInitial::test_is_valid_empty PASSED [ 31%]
tests/test_form_model.py::TestFormModelInitial::test_no_fields_initially PASSED [ 31%]
tests/test_form_model.py::TestFormModelAddField::test_add_field_returns_form_field PASSED [ 31%]
tests/test_form_model.py::TestFormModelAddField::test_field_accessor PASSED [ 31%]
tests/test_form_model.py::TestFormModelAddField::test_fields_dict_has_all PASSED [ 31%]
tests/test_form_model.py::TestFormModelValidation::test_commit_all_clears_dirty PASSED [ 31%]
tests/test_form_model.py::TestFormModelValidation::test_cross_validator_fires PASSED [ 31%]
tests/test_form_model.py::TestFormModelValidation::test_get_errors_combines_field_and_cross PASSED [ 31%]
tests/test_form_model.py::TestFormModelValidation::test_get_values_snapshot PASSED [ 31%]
tests/test_form_model.py::TestFormModelValidation::test_reset_all_reverts_fields PASSED [ 31%]
tests/test_form_model.py::TestFormModelValidation::test_validate_all_fails_when_field_invalid PASSED [ 31%]
tests/test_form_model.py::TestFormModelValidation::test_validate_all_passes_when_all_fields_valid PASSED [ 31%]
tests/test_form_model_schema_and_wizard_flow.py::TestFormField::test_add_validator PASSED [ 31%]
tests/test_form_model_schema_and_wizard_flow.py::TestFormField::test_commit_clears_dirty PASSED [ 31%]
tests/test_form_model_schema_and_wizard_flow.py::TestFormField::test_errors_returns_copy PASSED [ 31%]
tests/test_form_model_schema_and_wizard_flow.py::TestFormField::test_first_error PASSED [ 31%]
tests/test_form_model_schema_and_wizard_flow.py::TestFormField::test_first_error_none_when_valid PASSED [ 31%]
tests/test_form_model_schema_and_wizard_flow.py::TestFormField::test_initial_not_dirty PASSED [ 31%]
tests/test_form_model_schema_and_wizard_flow.py::TestFormField::test_initially_valid_with_no_validators PASSED [ 31%]
tests/test_form_model_schema_and_wizard_flow.py::TestFormField::test_name PASSED [ 31%]
tests/test_form_model_schema_and_wizard_flow.py::TestFormField::test_on_errors_changed_fires_on_validate PASSED [ 31%]
tests/test_form_model_schema_and_wizard_flow.py::TestFormField::test_on_errors_changed_unsubscribe PASSED [ 31%]
tests/test_form_model_schema_and_wizard_flow.py::TestFormField::test_required_field_passes_nonempty PASSED [ 31%]
tests/test_form_model_schema_and_wizard_flow.py::TestFormField::test_required_field_rejects_empty_string PASSED [ 31%]
tests/test_form_model_schema_and_wizard_flow.py::TestFormField::test_reset_clears_errors PASSED [ 31%]
tests/test_form_model_schema_and_wizard_flow.py::TestFormField::test_reset_fires_on_errors_changed PASSED [ 31%]
tests/test_form_model_schema_and_wizard_flow.py::TestFormField::test_reset_reverts_value PASSED [ 31%]
tests/test_form_model_schema_and_wizard_flow.py::TestFormField::test_validate_fails_invalid_value PASSED [ 31%]
tests/test_form_model_schema_and_wizard_flow.py::TestFormField::test_validate_passes_valid_value PASSED [ 31%]
tests/test_form_model_schema_and_wizard_flow.py::TestFormField::test_validator_exception_adds_generic_error PASSED [ 31%]
tests/test_form_model_schema_and_wizard_flow.py::TestFormField::test_value_change_marks_dirty PASSED [ 31%]
tests/test_form_model_schema_and_wizard_flow.py::TestFormModel::test_add_field_returns_form_field PASSED [ 31%]
tests/test_form_model_schema_and_wizard_flow.py::TestFormModel::test_commit_all_clears_dirty PASSED [ 31%]
tests/test_form_model_schema_and_wizard_flow.py::TestFormModel::test_cross_errors_in_get_errors PASSED [ 31%]
tests/test_form_model_schema_and_wizard_flow.py::TestFormModel::test_cross_validator_no_errors PASSED [ 31%]
tests/test_form_model_schema_and_wizard_flow.py::TestFormModel::test_cross_validator_with_errors PASSED [ 31%]
tests/test_form_model_schema_and_wizard_flow.py::TestFormModel::test_field_lookup PASSED [ 31%]
tests/test_form_model_schema_and_wizard_flow.py::TestFormModel::test_fields_dict PASSED [ 31%]
tests/test_form_model_schema_and_wizard_flow.py::TestFormModel::test_get_errors_aggregates_field_errors PASSED [ 31%]
tests/test_form_model_schema_and_wizard_flow.py::TestFormModel::test_get_values_snapshot PASSED [ 32%]
tests/test_form_model_schema_and_wizard_flow.py::TestFormModel::test_is_dirty_when_any_field_changed PASSED [ 32%]
tests/test_form_model_schema_and_wizard_flow.py::TestFormModel::test_is_valid_initially_no_validators PASSED [ 32%]
tests/test_form_model_schema_and_wizard_flow.py::TestFormModel::test_not_dirty_initially PASSED [ 32%]
tests/test_form_model_schema_and_wizard_flow.py::TestFormModel::test_reset_all_clears_cross_errors PASSED [ 32%]
tests/test_form_model_schema_and_wizard_flow.py::TestFormModel::test_reset_all_reverts_fields PASSED [ 32%]
tests/test_form_model_schema_and_wizard_flow.py::TestFormModel::test_validate_all_returns_false_on_error PASSED [ 32%]
tests/test_form_model_schema_and_wizard_flow.py::TestFormModel::test_validate_all_returns_true_when_valid PASSED [ 32%]
tests/test_form_model_schema_and_wizard_flow.py::TestFormSchema::test_apply_to PASSED [ 32%]
tests/test_form_model_schema_and_wizard_flow.py::TestFormSchema::test_apply_to_skips_missing_keys PASSED [ 32%]
tests/test_form_model_schema_and_wizard_flow.py::TestFormSchema::test_build_form_applies_required PASSED [ 32%]
tests/test_form_model_schema_and_wizard_flow.py::TestFormSchema::test_build_form_applies_validators PASSED [ 32%]
tests/test_form_model_schema_and_wizard_flow.py::TestFormSchema::test_build_form_creates_form_model PASSED [ 32%]
tests/test_form_model_schema_and_wizard_flow.py::TestFormSchema::test_defaults PASSED [ 32%]
tests/test_form_model_schema_and_wizard_flow.py::TestFormSchema::test_duplicate_names_raises PASSED [ 32%]
tests/test_form_model_schema_and_wizard_flow.py::TestFormSchema::test_extract_from PASSED [ 32%]
tests/test_form_model_schema_and_wizard_flow.py::TestFormSchema::test_fields_property PASSED [ 32%]
tests/test_form_model_schema_and_wizard_flow.py::TestFormSchema::test_validate_values_with_invalid_data PASSED [ 32%]
tests/test_form_model_schema_and_wizard_flow.py::TestFormSchema::test_validate_values_with_valid_data PASSED [ 32%]
tests/test_form_model_schema_and_wizard_flow.py::TestWizardFlow::test_advance_collects_data PASSED [ 32%]
tests/test_form_model_schema_and_wizard_flow.py::TestWizardFlow::test_advance_moves_to_next_step PASSED [ 32%]
tests/test_form_model_schema_and_wizard_flow.py::TestWizardFlow::test_advance_updates_progress PASSED [ 32%]
tests/test_form_model_schema_and_wizard_flow.py::TestWizardFlow::test_advance_validation_failure PASSED [ 32%]
tests/test_form_model_schema_and_wizard_flow.py::TestWizardFlow::test_advance_without_validator_succeeds PASSED [ 32%]
tests/test_form_model_schema_and_wizard_flow.py::TestWizardFlow::test_back_decrements_step PASSED [ 32%]
tests/test_form_model_schema_and_wizard_flow.py::TestWizardFlow::test_back_from_step_zero_returns_false PASSED [ 32%]
tests/test_form_model_schema_and_wizard_flow.py::TestWizardFlow::test_back_returns_true PASSED [ 32%]
tests/test_form_model_schema_and_wizard_flow.py::TestWizardFlow::test_cancel_fires_on_cancel PASSED [ 32%]
tests/test_form_model_schema_and_wizard_flow.py::TestWizardFlow::test_cancel_sets_is_cancelled PASSED [ 32%]
tests/test_form_model_schema_and_wizard_flow.py::TestWizardFlow::test_current_step_title PASSED [ 32%]
tests/test_form_model_schema_and_wizard_flow.py::TestWizardFlow::test_empty_steps_raises PASSED [ 32%]
tests/test_form_model_schema_and_wizard_flow.py::TestWizardFlow::test_handle_cancel_delegates PASSED [ 32%]
tests/test_form_model_schema_and_wizard_flow.py::TestWizardFlow::test_handle_flow_reference PASSED [ 32%]
tests/test_form_model_schema_and_wizard_flow.py::TestWizardFlow::test_initial_progress_is_zero PASSED [ 32%]
tests/test_form_model_schema_and_wizard_flow.py::TestWizardFlow::test_initial_step_index_is_zero PASSED [ 32%]
tests/test_form_model_schema_and_wizard_flow.py::TestWizardFlow::test_last_step_advance_calls_on_complete PASSED [ 32%]
tests/test_form_model_schema_and_wizard_flow.py::TestWizardFlow::test_last_step_advance_sets_progress_to_one PASSED [ 32%]
tests/test_form_model_schema_and_wizard_flow.py::TestWizardFlow::test_on_enter_called_for_first_step PASSED [ 32%]
tests/test_form_model_schema_and_wizard_flow.py::TestWizardFlow::test_on_enter_called_on_advance PASSED [ 32%]
tests/test_form_model_schema_and_wizard_flow.py::TestWizardFlow::test_on_leave_called_on_advance PASSED [ 32%]
tests/test_form_model_schema_and_wizard_flow.py::TestWizardFlow::test_progress_observable PASSED [ 32%]
tests/test_form_model_schema_and_wizard_flow.py::TestWizardFlow::test_step_count PASSED [ 32%]
tests/test_form_model_schema_and_wizard_flow.py::TestWizardFlow::test_step_data_none_before_visit PASSED [ 32%]
tests/test_form_model_schema_and_wizard_flow.py::TestWizardFlow::test_step_data_recorded PASSED [ 32%]
tests/test_grid_constraint_responsive_layout.py::TestGridTrack::test_auto_str_ok PASSED [ 32%]
tests/test_grid_constraint_responsive_layout.py::TestGridTrack::test_bad_str_raises PASSED [ 33%]
tests/test_grid_constraint_responsive_layout.py::TestGridTrack::test_bad_type_raises PASSED [ 33%]
tests/test_grid_constraint_responsive_layout.py::TestGridTrack::test_fixed_int_ok PASSED [ 33%]
tests/test_grid_constraint_responsive_layout.py::TestGridTrack::test_fr_float_str_ok PASSED [ 33%]
tests/test_grid_constraint_responsive_layout.py::TestGridTrack::test_fr_str_ok PASSED [ 33%]
tests/test_grid_constraint_responsive_layout.py::TestGridTrack::test_min_size_stored PASSED [ 33%]
tests/test_grid_constraint_responsive_layout.py::TestGridTrack::test_negative_int_raises PASSED [ 33%]
tests/test_grid_constraint_responsive_layout.py::TestGridPlacement::test_bad_align_x_raises PASSED [ 33%]
tests/test_grid_constraint_responsive_layout.py::TestGridPlacement::test_bad_align_y_raises PASSED [ 33%]
tests/test_grid_constraint_responsive_layout.py::TestGridPlacement::test_default_span PASSED [ 33%]
tests/test_grid_constraint_responsive_layout.py::TestGridPlacement::test_negative_col_raises PASSED [ 33%]
tests/test_grid_constraint_responsive_layout.py::TestGridPlacement::test_negative_row_raises PASSED [ 33%]
tests/test_grid_constraint_responsive_layout.py::TestGridPlacement::test_rowspan_zero_raises PASSED [ 33%]
tests/test_grid_constraint_responsive_layout.py::TestGridLayoutManagement::test_place_and_nodes PASSED [ 33%]
tests/test_grid_constraint_responsive_layout.py::TestGridLayoutManagement::test_place_replaces_existing PASSED [ 33%]
tests/test_grid_constraint_responsive_layout.py::TestGridLayoutManagement::test_remove_missing_returns_false PASSED [ 33%]
tests/test_grid_constraint_responsive_layout.py::TestGridLayoutManagement::test_remove_returns_true PASSED [ 33%]
tests/test_grid_constraint_responsive_layout.py::TestGridLayoutFixedTracks::test_col_gap_offsets_second_column PASSED [ 33%]
tests/test_grid_constraint_responsive_layout.py::TestGridLayoutFixedTracks::test_fixed_col_positions PASSED [ 33%]
tests/test_grid_constraint_responsive_layout.py::TestGridLayoutFixedTracks::test_fixed_col_width PASSED [ 33%]
tests/test_grid_constraint_responsive_layout.py::TestGridLayoutFixedTracks::test_out_of_range_placement_skipped PASSED [ 33%]
tests/test_grid_constraint_responsive_layout.py::TestGridLayoutFixedTracks::test_row_gap_offsets_second_row PASSED [ 33%]
tests/test_grid_constraint_responsive_layout.py::TestGridLayoutFrTracks::test_equal_fr_splits_space PASSED [ 33%]
tests/test_grid_constraint_responsive_layout.py::TestGridLayoutFrTracks::test_proportional_fr PASSED [ 33%]
tests/test_grid_constraint_responsive_layout.py::TestGridLayoutAutoTracks::test_auto_track_sizes_to_content PASSED [ 33%]
tests/test_grid_constraint_responsive_layout.py::TestGridLayoutSpanning::test_colspan_2_gets_combined_width PASSED [ 33%]
tests/test_grid_constraint_responsive_layout.py::TestGridLayoutSpanning::test_rowspan_2_gets_combined_height PASSED [ 33%]
tests/test_grid_constraint_responsive_layout.py::TestGridLayoutAlignment::test_align_stretch_fills_cell PASSED [ 33%]
tests/test_grid_constraint_responsive_layout.py::TestGridLayoutAlignment::test_align_x_center PASSED [ 33%]
tests/test_grid_constraint_responsive_layout.py::TestGridLayoutAlignment::test_align_x_end PASSED [ 33%]
tests/test_grid_constraint_responsive_layout.py::TestGridLayoutAlignment::test_align_x_start PASSED [ 33%]
tests/test_grid_constraint_responsive_layout.py::TestGridLayoutAlignment::test_align_y_end PASSED [ 33%]
tests/test_grid_constraint_responsive_layout.py::TestAnchorConstraintHorizontal::test_left_and_right_fill_width PASSED [ 33%]
tests/test_grid_constraint_responsive_layout.py::TestAnchorConstraintHorizontal::test_left_frac PASSED [ 33%]
tests/test_grid_constraint_responsive_layout.py::TestAnchorConstraintHorizontal::test_left_pin PASSED [ 33%]
tests/test_grid_constraint_responsive_layout.py::TestAnchorConstraintHorizontal::test_max_width_clamped PASSED [ 33%]
tests/test_grid_constraint_responsive_layout.py::TestAnchorConstraintHorizontal::test_min_width_clamped PASSED [ 33%]
tests/test_grid_constraint_responsive_layout.py::TestAnchorConstraintHorizontal::test_right_frac PASSED [ 33%]
tests/test_grid_constraint_responsive_layout.py::TestAnchorConstraintHorizontal::test_right_pin PASSED [ 33%]
tests/test_grid_constraint_responsive_layout.py::TestAnchorConstraintVertical::test_bottom_frac PASSED [ 33%]
tests/test_grid_constraint_responsive_layout.py::TestAnchorConstraintVertical::test_bottom_pin PASSED [ 33%]
tests/test_grid_constraint_responsive_layout.py::TestAnchorConstraintVertical::test_no_constraint_preserves_rect PASSED [ 33%]
tests/test_grid_constraint_responsive_layout.py::TestAnchorConstraintVertical::test_top_and_bottom_fill_height PASSED [ 33%]
tests/test_grid_constraint_responsive_layout.py::TestAnchorConstraintVertical::test_top_frac PASSED [ 33%]
tests/test_grid_constraint_responsive_layout.py::TestAnchorConstraintVertical::test_top_pin PASSED [ 33%]
tests/test_grid_constraint_responsive_layout.py::TestConstraintLayout::test_add_and_has PASSED [ 33%]
tests/test_grid_constraint_responsive_layout.py::TestConstraintLayout::test_add_replaces_constraint PASSED [ 34%]
tests/test_grid_constraint_responsive_layout.py::TestConstraintLayout::test_apply_accepts_callable_parent_rect PASSED [ 34%]
tests/test_grid_constraint_responsive_layout.py::TestConstraintLayout::test_apply_mutates_node_rect PASSED [ 34%]
tests/test_grid_constraint_responsive_layout.py::TestConstraintLayout::test_apply_to_returns_rect_without_mutating PASSED [ 34%]
tests/test_grid_constraint_responsive_layout.py::TestConstraintLayout::test_apply_to_unknown_returns_copy PASSED [ 34%]
tests/test_grid_constraint_responsive_layout.py::TestConstraintLayout::test_has_false_for_unknown PASSED [ 34%]
tests/test_grid_constraint_responsive_layout.py::TestConstraintLayout::test_node_count PASSED [ 34%]
tests/test_grid_constraint_responsive_layout.py::TestConstraintLayout::test_remove_missing_returns_false PASSED [ 34%]
tests/test_grid_constraint_responsive_layout.py::TestConstraintLayout::test_remove_returns_true PASSED [ 34%]
tests/test_grid_constraint_responsive_layout.py::TestConstraintBuilder::test_bottom_pin PASSED [ 34%]
tests/test_grid_constraint_responsive_layout.py::TestConstraintBuilder::test_fill_height PASSED [ 34%]
tests/test_grid_constraint_responsive_layout.py::TestConstraintBuilder::test_fill_width PASSED [ 34%]
tests/test_grid_constraint_responsive_layout.py::TestConstraintBuilder::test_left_pin PASSED [ 34%]
tests/test_grid_constraint_responsive_layout.py::TestConstraintBuilder::test_min_max_width PASSED [ 34%]
tests/test_grid_constraint_responsive_layout.py::TestConstraintBuilder::test_right_pin PASSED [ 34%]
tests/test_grid_constraint_responsive_layout.py::TestConstraintBuilder::test_top_pin PASSED [ 34%]
tests/test_grid_constraint_responsive_layout.py::TestResponsiveLayoutInitial::test_breakpoints_initially_empty PASSED [ 34%]
tests/test_grid_constraint_responsive_layout.py::TestResponsiveLayoutInitial::test_current_width_zero PASSED [ 34%]
tests/test_grid_constraint_responsive_layout.py::TestResponsiveLayoutInitial::test_default_active_breakpoint_name PASSED [ 34%]
tests/test_grid_constraint_responsive_layout.py::TestResponsiveLayoutInitial::test_default_active_layout PASSED [ 34%]
tests/test_grid_constraint_responsive_layout.py::TestResponsiveLayoutBreakpoints::test_add_breakpoint_sorted_widest_first PASSED [ 34%]
tests/test_grid_constraint_responsive_layout.py::TestResponsiveLayoutBreakpoints::test_add_non_breakpoint_raises PASSED [ 34%]
tests/test_grid_constraint_responsive_layout.py::TestResponsiveLayoutBreakpoints::test_current_width_updated PASSED [ 34%]
tests/test_grid_constraint_responsive_layout.py::TestResponsiveLayoutBreakpoints::test_fallback_to_default_when_width_below_all_breakpoints PASSED [ 34%]
tests/test_grid_constraint_responsive_layout.py::TestResponsiveLayoutBreakpoints::test_set_default_layout PASSED [ 34%]
tests/test_grid_constraint_responsive_layout.py::TestResponsiveLayoutBreakpoints::test_subscriber_not_notified_without_change PASSED [ 34%]
tests/test_grid_constraint_responsive_layout.py::TestResponsiveLayoutBreakpoints::test_subscriber_notified_on_change PASSED [ 34%]
tests/test_grid_constraint_responsive_layout.py::TestResponsiveLayoutBreakpoints::test_update_no_change_returns_false PASSED [ 34%]
tests/test_grid_constraint_responsive_layout.py::TestResponsiveLayoutBreakpoints::test_update_stays_narrow_below_wide PASSED [ 34%]
tests/test_grid_constraint_responsive_layout.py::TestResponsiveLayoutBreakpoints::test_update_switches_to_wide PASSED [ 34%]
tests/test_gui_application_command_palette_focus_gate.py::TestGuiApplicationCommandPaletteFocusGate::test_should_restore_active_window_focus_false_for_missing_window PASSED [ 34%]
tests/test_gui_application_command_palette_focus_gate.py::TestGuiApplicationCommandPaletteFocusGate::test_should_restore_active_window_focus_false_when_palette_open PASSED [ 34%]
tests/test_gui_application_command_palette_focus_gate.py::TestGuiApplicationCommandPaletteFocusGate::test_should_restore_active_window_focus_true_when_palette_closed PASSED [ 34%]
tests/test_gui_application_prewarm_scene.py::TestGuiApplicationPrewarmScene::test_prewarm_scene_draws_hidden_windows_once PASSED [ 34%]
tests/test_gui_application_prewarm_scene.py::TestGuiApplicationPrewarmScene::test_prewarm_scene_primes_pristine_for_target_scene PASSED [ 34%]
tests/test_gui_application_prewarm_scene.py::TestGuiApplicationPrewarmScene::test_prewarm_scene_schedules_and_runs_hidden_tab_prewarm_deferred PASSED [ 34%]
tests/test_gui_application_prewarm_scene.py::TestGuiApplicationPrewarmScene::test_queue_scene_prewarm_runs_after_entrypoint_drain PASSED [ 34%]
tests/test_gui_application_wheel_pointer_sync.py::TestGuiApplicationWheelPointerSync::test_mouse_wheel_syncs_logical_pointer_from_hardware_when_unlocked PASSED [ 34%]
tests/test_gui_application_workspace_contracts.py::TestGuiApplicationWorkspaceContracts::test_load_workspace_returns_restore_report PASSED [ 34%]
tests/test_gui_application_workspace_contracts.py::TestGuiApplicationWorkspaceContracts::test_restore_workspace_returns_manager_report PASSED [ 34%]
tests/test_gui_application_workspace_contracts.py::TestGuiApplicationWorkspaceContracts::test_run_entrypoint_constructs_default_workspace_manager PASSED [ 34%]
tests/test_gui_application_workspace_contracts.py::TestGuiApplicationWorkspaceContracts::test_run_entrypoint_ignores_workspace_load_errors_and_exits_zero PASSED [ 34%]
tests/test_gui_application_workspace_contracts.py::TestGuiApplicationWorkspaceContracts::test_run_entrypoint_reports_runtime_error_and_exits_one PASSED [ 34%]
tests/test_gui_application_workspace_contracts.py::TestGuiApplicationWorkspaceContracts::test_run_entrypoint_without_workspace_save_skips_workspace_io PASSED [ 34%]
tests/test_gui_event.py::TestEventType::test_key_down_value PASSED       [ 34%]
tests/test_gui_event.py::TestEventType::test_key_up_value PASSED         [ 35%]
tests/test_gui_event.py::TestEventType::test_mouse_button_down PASSED    [ 35%]
tests/test_gui_event.py::TestEventType::test_mouse_button_up PASSED      [ 35%]
tests/test_gui_event.py::TestEventType::test_mouse_motion PASSED         [ 35%]
tests/test_gui_event.py::TestEventType::test_mouse_wheel PASSED          [ 35%]
tests/test_gui_event.py::TestEventType::test_pass_value PASSED           [ 35%]
tests/test_gui_event.py::TestEventType::test_quit_value PASSED           [ 35%]
tests/test_gui_event.py::TestEventType::test_text_input PASSED           [ 35%]
tests/test_gui_event.py::TestEventPhase::test_bubble PASSED              [ 35%]
tests/test_gui_event.py::TestEventPhase::test_capture PASSED             [ 35%]
tests/test_gui_event.py::TestEventPhase::test_target PASSED              [ 35%]
tests/test_gui_event.py::TestGuiEventDefaults::test_button_none_by_default PASSED [ 35%]
tests/test_gui_event.py::TestGuiEventDefaults::test_default_prevented_false PASSED [ 35%]
tests/test_gui_event.py::TestGuiEventDefaults::test_key_none_by_default PASSED [ 35%]
tests/test_gui_event.py::TestGuiEventDefaults::test_kind_stored PASSED   [ 35%]
tests/test_gui_event.py::TestGuiEventDefaults::test_phase_default_target PASSED [ 35%]
tests/test_gui_event.py::TestGuiEventDefaults::test_pos_none_by_default PASSED [ 35%]
tests/test_gui_event.py::TestGuiEventDefaults::test_propagation_stopped_false PASSED [ 35%]
tests/test_gui_event.py::TestGuiEventDefaults::test_wheel_x_zero PASSED  [ 35%]
tests/test_gui_event.py::TestGuiEventDefaults::test_wheel_y_zero PASSED  [ 35%]
tests/test_gui_event.py::TestGuiEventIsKind::test_is_kind_match PASSED   [ 35%]
tests/test_gui_event.py::TestGuiEventIsKind::test_is_kind_multiple PASSED [ 35%]
tests/test_gui_event.py::TestGuiEventIsKind::test_is_kind_no_match PASSED [ 35%]
tests/test_gui_event.py::TestGuiEventQueryMethods::test_is_key_down_any PASSED [ 35%]
tests/test_gui_event.py::TestGuiEventQueryMethods::test_is_key_down_specific PASSED [ 35%]
tests/test_gui_event.py::TestGuiEventQueryMethods::test_is_key_down_wrong_key PASSED [ 35%]
tests/test_gui_event.py::TestGuiEventQueryMethods::test_is_key_up PASSED [ 35%]
tests/test_gui_event.py::TestGuiEventQueryMethods::test_is_left_down_false_wrong_button PASSED [ 35%]
tests/test_gui_event.py::TestGuiEventQueryMethods::test_is_left_down_true PASSED [ 35%]
tests/test_gui_event.py::TestGuiEventQueryMethods::test_is_left_up_true PASSED [ 35%]
tests/test_gui_event.py::TestGuiEventQueryMethods::test_is_mouse_down_any PASSED [ 35%]
tests/test_gui_event.py::TestGuiEventQueryMethods::test_is_mouse_down_button1 PASSED [ 35%]
tests/test_gui_event.py::TestGuiEventQueryMethods::test_is_mouse_down_wrong_button PASSED [ 35%]
tests/test_gui_event.py::TestGuiEventQueryMethods::test_is_mouse_motion PASSED [ 35%]
tests/test_gui_event.py::TestGuiEventQueryMethods::test_is_mouse_up PASSED [ 35%]
tests/test_gui_event.py::TestGuiEventQueryMethods::test_is_mouse_wheel PASSED [ 35%]
tests/test_gui_event.py::TestGuiEventQueryMethods::test_is_quit_false PASSED [ 35%]
tests/test_gui_event.py::TestGuiEventQueryMethods::test_is_quit_true PASSED [ 35%]
tests/test_gui_event.py::TestGuiEventMutators::test_prevent_default PASSED [ 35%]
tests/test_gui_event.py::TestGuiEventMutators::test_stop_propagation PASSED [ 35%]
tests/test_gui_event.py::TestGuiEventMutators::test_with_phase PASSED    [ 35%]
tests/test_gui_event.py::TestGuiEventMouseWheelNormalization::test_from_pygame_mousewheel_uses_precise_x_when_x_zero PASSED [ 35%]
tests/test_gui_event.py::TestGuiEventMouseWheelNormalization::test_from_pygame_mousewheel_uses_precise_y_when_y_zero PASSED [ 35%]
tests/test_gui_event.py::TestGuiEventMouseWheelNormalization::test_wheel_delta_preserves_fractional_value PASSED [ 35%]
tests/test_hierarchical_state_machine.py::TestHierarchicalFlatApi::test_add_state_and_trigger PASSED [ 35%]
tests/test_hierarchical_state_machine.py::TestHierarchicalFlatApi::test_initial_state PASSED [ 35%]
tests/test_hierarchical_state_machine.py::TestHierarchicalFlatApi::test_no_match_returns_false PASSED [ 36%]
tests/test_hierarchical_state_machine.py::TestCompositeState::test_entering_composite_resets_to_initial PASSED [ 36%]
tests/test_hierarchical_state_machine.py::TestCompositeState::test_sub_current_returns_sub_state PASSED [ 36%]
tests/test_hierarchical_state_machine.py::TestCompositeState::test_sub_current_unknown_state_returns_none PASSED [ 36%]
tests/test_hierarchical_state_machine.py::TestCompositeState::test_sub_machine_registered PASSED [ 36%]
tests/test_hierarchical_state_machine.py::TestCompositeState::test_sub_trigger_fires_in_sub_machine PASSED [ 36%]
tests/test_hierarchical_state_machine.py::TestCompositeState::test_sub_trigger_unknown_state_returns_false PASSED [ 36%]
tests/test_hierarchical_state_machine.py::TestHistoryState::test_history_resumed_on_re_entry PASSED [ 36%]
tests/test_hierarchical_state_machine.py::TestHistoryState::test_initial_entry_uses_initial PASSED [ 36%]
tests/test_hierarchical_state_machine.py::TestParallelRegions::test_parallel_regions_registered PASSED [ 36%]
tests/test_hierarchical_state_machine.py::TestParallelRegions::test_parallel_regions_unknown_returns_empty PASSED [ 36%]
tests/test_hierarchical_state_machine.py::TestParallelRegions::test_trigger_parallel_fires_all PASSED [ 36%]
tests/test_image_richlabel_animated_overlay_canvas.py::TestImageControlInitial::test_accepts_mouse_focus_false PASSED [ 36%]
tests/test_image_richlabel_animated_overlay_canvas.py::TestImageControlInitial::test_accepts_surface_directly PASSED [ 36%]
tests/test_image_richlabel_animated_overlay_canvas.py::TestImageControlInitial::test_rect_stored PASSED [ 36%]
tests/test_image_richlabel_animated_overlay_canvas.py::TestImageControlInitial::test_scale_false_stored PASSED [ 36%]
tests/test_image_richlabel_animated_overlay_canvas.py::TestImageControlInitial::test_scale_true_by_default PASSED [ 36%]
tests/test_image_richlabel_animated_overlay_canvas.py::TestImageControlSetImage::test_invalid_path_raises PASSED [ 36%]
tests/test_image_richlabel_animated_overlay_canvas.py::TestImageControlSetImage::test_set_image_clears_scaled_cache PASSED [ 36%]
tests/test_image_richlabel_animated_overlay_canvas.py::TestImageControlSetImage::test_set_image_replaces_base PASSED [ 36%]
tests/test_image_richlabel_animated_overlay_canvas.py::TestRichLabelControlInitial::test_accepts_mouse_focus_false PASSED [ 36%]
tests/test_image_richlabel_animated_overlay_canvas.py::TestRichLabelControlInitial::test_align_center_stored PASSED [ 36%]
tests/test_image_richlabel_animated_overlay_canvas.py::TestRichLabelControlInitial::test_align_default_left PASSED [ 36%]
tests/test_image_richlabel_animated_overlay_canvas.py::TestRichLabelControlInitial::test_align_invalid_falls_back_to_left PASSED [ 36%]
tests/test_image_richlabel_animated_overlay_canvas.py::TestRichLabelControlInitial::test_empty_text_by_default PASSED [ 36%]
tests/test_image_richlabel_animated_overlay_canvas.py::TestRichLabelControlInitial::test_font_role_default_body PASSED [ 36%]
tests/test_image_richlabel_animated_overlay_canvas.py::TestRichLabelControlInitial::test_font_role_stored PASSED [ 36%]
tests/test_image_richlabel_animated_overlay_canvas.py::TestRichLabelControlInitial::test_font_size_clamped_to_6 PASSED [ 36%]
tests/test_image_richlabel_animated_overlay_canvas.py::TestRichLabelControlInitial::test_font_size_stored PASSED [ 36%]
tests/test_image_richlabel_animated_overlay_canvas.py::TestRichLabelControlInitial::test_text_stored PASSED [ 36%]
tests/test_image_richlabel_animated_overlay_canvas.py::TestRichLabelControlSetters::test_set_align_invalid_falls_back_to_left PASSED [ 36%]
tests/test_image_richlabel_animated_overlay_canvas.py::TestRichLabelControlSetters::test_set_align_right PASSED [ 36%]
tests/test_image_richlabel_animated_overlay_canvas.py::TestRichLabelControlSetters::test_set_font_role PASSED [ 36%]
tests/test_image_richlabel_animated_overlay_canvas.py::TestRichLabelControlSetters::test_set_font_size PASSED [ 36%]
tests/test_image_richlabel_animated_overlay_canvas.py::TestRichLabelControlSetters::test_set_font_size_clamped PASSED [ 36%]
tests/test_image_richlabel_animated_overlay_canvas.py::TestRichLabelControlSetters::test_set_same_text_idempotent PASSED [ 36%]
tests/test_image_richlabel_animated_overlay_canvas.py::TestRichLabelControlSetters::test_set_text PASSED [ 36%]
tests/test_image_richlabel_animated_overlay_canvas.py::TestAnimatedImageControlInitial::test_accepts_mouse_focus_false PASSED [ 36%]
tests/test_image_richlabel_animated_overlay_canvas.py::TestAnimatedImageControlInitial::test_animation_stored PASSED [ 36%]
tests/test_image_richlabel_animated_overlay_canvas.py::TestAnimatedImageControlInitial::test_scale_false_stored PASSED [ 36%]
tests/test_image_richlabel_animated_overlay_canvas.py::TestAnimatedImageControlInitial::test_scale_true_by_default PASSED [ 36%]
tests/test_image_richlabel_animated_overlay_canvas.py::TestAnimatedImageControlSetters::test_animation_setter PASSED [ 36%]
tests/test_image_richlabel_animated_overlay_canvas.py::TestAnimatedImageControlSetters::test_scale_setter PASSED [ 36%]
tests/test_image_richlabel_animated_overlay_canvas.py::TestAnimatedImageControlSetters::test_tick_advances_animation PASSED [ 36%]
tests/test_image_richlabel_animated_overlay_canvas.py::TestOverlayPanelControlInitial::test_add_at_child_tracks_panel_move PASSED [ 36%]
tests/test_image_richlabel_animated_overlay_canvas.py::TestOverlayPanelControlInitial::test_add_at_child_tracks_panel_set_pos PASSED [ 36%]
tests/test_image_richlabel_animated_overlay_canvas.py::TestOverlayPanelControlInitial::test_children_empty PASSED [ 37%]
tests/test_image_richlabel_animated_overlay_canvas.py::TestOverlayPanelControlInitial::test_control_id PASSED [ 37%]
tests/test_image_richlabel_animated_overlay_canvas.py::TestOverlayPanelControlInitial::test_draw_background_default_true PASSED [ 37%]
tests/test_image_richlabel_animated_overlay_canvas.py::TestOverlayPanelControlInitial::test_draw_background_false PASSED [ 37%]
tests/test_image_richlabel_animated_overlay_canvas.py::TestOverlayPanelControlInitial::test_is_overlay_true PASSED [ 37%]
tests/test_image_richlabel_animated_overlay_canvas.py::TestOverlayPanelControlInputConsumption::test_overlay_consumes_click_at_edge PASSED [ 37%]
tests/test_image_richlabel_animated_overlay_canvas.py::TestOverlayPanelControlInputConsumption::test_overlay_consumes_mouse_click_within_bounds PASSED [ 37%]
tests/test_image_richlabel_animated_overlay_canvas.py::TestOverlayPanelControlInputConsumption::test_overlay_ignores_non_mouse_events PASSED [ 37%]
tests/test_image_richlabel_animated_overlay_canvas.py::TestOverlayPanelControlInputConsumption::test_overlay_ignores_other_button_clicks PASSED [ 37%]
tests/test_image_richlabel_animated_overlay_canvas.py::TestOverlayPanelControlInputConsumption::test_overlay_rejects_mouse_click_outside_bounds PASSED [ 37%]
tests/test_image_richlabel_animated_overlay_canvas.py::TestCanvasEventPacket::test_is_left_down PASSED [ 37%]
tests/test_image_richlabel_animated_overlay_canvas.py::TestCanvasEventPacket::test_is_left_up PASSED [ 37%]
tests/test_image_richlabel_animated_overlay_canvas.py::TestCanvasEventPacket::test_is_middle_down PASSED [ 37%]
tests/test_image_richlabel_animated_overlay_canvas.py::TestCanvasEventPacket::test_is_middle_up PASSED [ 37%]
tests/test_image_richlabel_animated_overlay_canvas.py::TestCanvasEventPacket::test_is_mouse_down_any PASSED [ 37%]
tests/test_image_richlabel_animated_overlay_canvas.py::TestCanvasEventPacket::test_is_mouse_down_specific_button PASSED [ 37%]
tests/test_image_richlabel_animated_overlay_canvas.py::TestCanvasEventPacket::test_is_mouse_motion_false PASSED [ 37%]
tests/test_image_richlabel_animated_overlay_canvas.py::TestCanvasEventPacket::test_is_mouse_motion_true PASSED [ 37%]
tests/test_image_richlabel_animated_overlay_canvas.py::TestCanvasEventPacket::test_is_mouse_up PASSED [ 37%]
tests/test_image_richlabel_animated_overlay_canvas.py::TestCanvasEventPacket::test_is_mouse_wheel PASSED [ 37%]
tests/test_image_richlabel_animated_overlay_canvas.py::TestCanvasEventPacket::test_is_right_down PASSED [ 37%]
tests/test_image_richlabel_animated_overlay_canvas.py::TestCanvasEventPacket::test_is_right_up PASSED [ 37%]
tests/test_image_richlabel_animated_overlay_canvas.py::TestCanvasControlInitial::test_canvas_size_matches_rect PASSED [ 37%]
tests/test_image_richlabel_animated_overlay_canvas.py::TestCanvasControlInitial::test_canvas_surface_created PASSED [ 37%]
tests/test_image_richlabel_animated_overlay_canvas.py::TestCanvasControlInitial::test_coalesce_motion_true_by_default PASSED [ 37%]
tests/test_image_richlabel_animated_overlay_canvas.py::TestCanvasControlInitial::test_get_canvas_surface PASSED [ 37%]
tests/test_image_richlabel_animated_overlay_canvas.py::TestCanvasControlInitial::test_max_events_custom PASSED [ 37%]
tests/test_image_richlabel_animated_overlay_canvas.py::TestCanvasControlInitial::test_overflow_mode_default PASSED [ 37%]
tests/test_image_richlabel_animated_overlay_canvas.py::TestCanvasControlInitial::test_read_event_empty_returns_none PASSED [ 37%]
tests/test_image_richlabel_animated_overlay_canvas.py::TestCanvasControlEventQueue::test_set_event_queue_limit PASSED [ 37%]
tests/test_image_richlabel_animated_overlay_canvas.py::TestCanvasControlEventQueue::test_set_event_queue_limit_clamped_to_one PASSED [ 37%]
tests/test_image_richlabel_animated_overlay_canvas.py::TestCanvasControlEventQueue::test_set_motion_coalescing PASSED [ 37%]
tests/test_image_richlabel_animated_overlay_canvas.py::TestCanvasControlEventQueue::test_set_overflow_handler PASSED [ 37%]
tests/test_image_richlabel_animated_overlay_canvas.py::TestCanvasControlEventQueue::test_set_overflow_mode_invalid_raises PASSED [ 37%]
tests/test_image_richlabel_animated_overlay_canvas.py::TestCanvasControlEventQueue::test_set_overflow_mode_valid PASSED [ 37%]
tests/test_input_map_and_chord.py::TestInputBinding::test_custom_values PASSED [ 37%]
tests/test_input_map_and_chord.py::TestInputBinding::test_defaults PASSED [ 37%]
tests/test_input_map_and_chord.py::TestInputBinding::test_required_fields_stored PASSED [ 37%]
tests/test_input_map_and_chord.py::TestInputMapInitial::test_bindings_empty PASSED [ 37%]
tests/test_input_map_and_chord.py::TestInputMapInitial::test_get_returns_none_for_unknown PASSED [ 37%]
tests/test_input_map_and_chord.py::TestInputMapDeclare::test_declare_creates_binding PASSED [ 37%]
tests/test_input_map_and_chord.py::TestInputMapDeclare::test_declare_empty_action_raises PASSED [ 37%]
tests/test_input_map_and_chord.py::TestInputMapDeclare::test_declare_marks_as_default PASSED [ 37%]
tests/test_input_map_and_chord.py::TestInputMapDeclare::test_declare_second_call_ignored PASSED [ 37%]
tests/test_input_map_and_chord.py::TestInputMapBind::test_bind_creates_binding PASSED [ 37%]
tests/test_input_map_and_chord.py::TestInputMapBind::test_bind_empty_action_raises PASSED [ 38%]
tests/test_input_map_and_chord.py::TestInputMapBind::test_bind_marks_not_default PASSED [ 38%]
tests/test_input_map_and_chord.py::TestInputMapBind::test_bind_preserves_label PASSED [ 38%]
tests/test_input_map_and_chord.py::TestInputMapUnbind::test_unbind_existing_returns_true PASSED [ 38%]
tests/test_input_map_and_chord.py::TestInputMapUnbind::test_unbind_missing_returns_false PASSED [ 38%]
tests/test_input_map_and_chord.py::TestInputMapUnbind::test_unbind_removes_binding PASSED [ 38%]
tests/test_input_map_and_chord.py::TestInputMapResetToDefault::test_reset_not_needed_returns_false PASSED [ 38%]
tests/test_input_map_and_chord.py::TestInputMapResetToDefault::test_reset_overridden_returns_true PASSED [ 38%]
tests/test_input_map_and_chord.py::TestInputMapResetToDefault::test_reset_restores_is_default_flag PASSED [ 38%]
tests/test_input_map_and_chord.py::TestInputMapResetToDefault::test_reset_unknown_returns_false PASSED [ 38%]
tests/test_input_map_and_chord.py::TestChordStep::test_custom_mod PASSED [ 38%]
tests/test_input_map_and_chord.py::TestChordStep::test_is_frozen PASSED  [ 38%]
tests/test_input_map_and_chord.py::TestChordStep::test_key_stored PASSED [ 38%]
tests/test_input_map_and_chord.py::TestChordStep::test_mod_default_zero PASSED [ 38%]
tests/test_input_map_and_chord.py::TestKeyChord::test_empty_steps_raises PASSED [ 38%]
tests/test_input_map_and_chord.py::TestKeyChord::test_indexing PASSED    [ 38%]
tests/test_input_map_and_chord.py::TestKeyChord::test_is_frozen PASSED   [ 38%]
tests/test_input_map_and_chord.py::TestKeyChord::test_single_step PASSED [ 38%]
tests/test_input_map_and_chord.py::TestKeyChord::test_steps_stored_as_tuple PASSED [ 38%]
tests/test_input_map_and_chord.py::TestKeyChord::test_two_steps PASSED   [ 38%]
tests/test_input_snapshot.py::TestInputSnapshotDefaults::test_default_buttons_held_empty PASSED [ 38%]
tests/test_input_snapshot.py::TestInputSnapshotDefaults::test_default_hover_chain_empty PASSED [ 38%]
tests/test_input_snapshot.py::TestInputSnapshotDefaults::test_default_modifiers_zero PASSED [ 38%]
tests/test_input_snapshot.py::TestInputSnapshotDefaults::test_default_pointer_pos PASSED [ 38%]
tests/test_input_snapshot.py::TestInputSnapshotDefaults::test_default_wheel_delta_zero PASSED [ 38%]
tests/test_input_snapshot.py::TestInputSnapshotCustom::test_custom_buttons_held PASSED [ 38%]
tests/test_input_snapshot.py::TestInputSnapshotCustom::test_custom_hover_chain PASSED [ 38%]
tests/test_input_snapshot.py::TestInputSnapshotCustom::test_custom_pointer_pos PASSED [ 38%]
tests/test_input_snapshot.py::TestInputSnapshotCustom::test_wheel_delta_stored PASSED [ 38%]
tests/test_input_snapshot.py::TestInputSnapshotQueries::test_is_button_just_pressed PASSED [ 38%]
tests/test_input_snapshot.py::TestInputSnapshotQueries::test_is_button_just_released PASSED [ 38%]
tests/test_input_snapshot.py::TestInputSnapshotQueries::test_is_key_down_modifier_flag PASSED [ 38%]
tests/test_input_snapshot.py::TestInputSnapshotQueries::test_is_key_just_pressed PASSED [ 38%]
tests/test_input_snapshot.py::TestInputSnapshotQueries::test_is_key_just_released PASSED [ 38%]
tests/test_input_snapshot.py::TestInputSnapshotQueries::test_pointer_delta_stored PASSED [ 38%]
tests/test_input_snapshot.py::TestInputSnapshotQueries::test_topmost_hovered_id_empty PASSED [ 38%]
tests/test_input_snapshot.py::TestInputSnapshotQueries::test_topmost_hovered_id_returns_last PASSED [ 38%]
tests/test_input_snapshot_build.py::TestInputSnapshotBuild::test_empty_factory_produces_zero_state_snapshot PASSED [ 38%]
tests/test_input_snapshot_build.py::TestInputSnapshotBuild::test_empty_snapshot_has_zero_state PASSED [ 38%]
tests/test_input_snapshot_build.py::TestInputSnapshotBuild::test_key_down_adds_to_keys_just_pressed PASSED [ 38%]
tests/test_input_snapshot_build.py::TestInputSnapshotBuild::test_key_up_adds_to_keys_just_released PASSED [ 38%]
tests/test_input_snapshot_build.py::TestInputSnapshotBuild::test_modifier_bitmask_set_from_key_events PASSED [ 38%]
tests/test_input_snapshot_build.py::TestInputSnapshotBuild::test_mouse_button_down_sets_held_and_just_pressed PASSED [ 38%]
tests/test_input_snapshot_build.py::TestInputSnapshotBuild::test_mouse_button_up_sets_just_released_and_clears_held PASSED [ 38%]
tests/test_input_snapshot_build.py::TestInputSnapshotBuild::test_mouse_motion_delta_is_accumulated_across_multiple_events PASSED [ 38%]
tests/test_input_snapshot_build.py::TestInputSnapshotBuild::test_mouse_motion_updates_pointer_pos_and_delta PASSED [ 38%]
tests/test_input_snapshot_build.py::TestInputSnapshotBuild::test_pointer_pos_updated_by_mouse_button_down PASSED [ 39%]
tests/test_input_snapshot_build.py::TestInputSnapshotBuild::test_previous_held_buttons_carry_forward PASSED [ 39%]
tests/test_input_snapshot_build.py::TestInputSnapshotBuild::test_topmost_hovered_id_returns_last_chain_element PASSED [ 39%]
tests/test_input_snapshot_build.py::TestInputSnapshotBuild::test_topmost_hovered_id_returns_none_for_empty_chain PASSED [ 39%]
tests/test_input_snapshot_build.py::TestInputSnapshotBuild::test_wheel_delta_accumulated_across_events PASSED [ 39%]
tests/test_input_snapshot_state_textspan.py::TestTextSpan::test_bold_stored PASSED [ 39%]
tests/test_input_snapshot_state_textspan.py::TestTextSpan::test_color_stored PASSED [ 39%]
tests/test_input_snapshot_state_textspan.py::TestTextSpan::test_defaults PASSED [ 39%]
tests/test_input_snapshot_state_textspan.py::TestTextSpan::test_italic_stored PASSED [ 39%]
tests/test_input_snapshot_state_textspan.py::TestTextSpan::test_role_stored PASSED [ 39%]
tests/test_input_snapshot_state_textspan.py::TestTextSpan::test_text_stored PASSED [ 39%]
tests/test_input_snapshot_state_textspan.py::TestInputState::test_initial_pointer_pos PASSED [ 39%]
tests/test_input_snapshot_state_textspan.py::TestInputState::test_update_from_event PASSED [ 39%]
tests/test_input_snapshot_state_textspan.py::TestInputState::test_update_ignores_invalid_pos PASSED [ 39%]
tests/test_input_snapshot_state_textspan.py::TestInputSnapshotDefaults::test_default_buttons_held_empty PASSED [ 39%]
tests/test_input_snapshot_state_textspan.py::TestInputSnapshotDefaults::test_default_hover_chain_empty PASSED [ 39%]
tests/test_input_snapshot_state_textspan.py::TestInputSnapshotDefaults::test_default_pointer_delta PASSED [ 39%]
tests/test_input_snapshot_state_textspan.py::TestInputSnapshotDefaults::test_default_pointer_pos PASSED [ 39%]
tests/test_input_snapshot_state_textspan.py::TestInputSnapshotDefaults::test_topmost_hovered_id_none PASSED [ 39%]
tests/test_input_snapshot_state_textspan.py::TestInputSnapshotDefaults::test_topmost_hovered_id_present PASSED [ 39%]
tests/test_input_snapshot_state_textspan.py::TestInputSnapshotQueries::test_is_button_held_false PASSED [ 39%]
tests/test_input_snapshot_state_textspan.py::TestInputSnapshotQueries::test_is_button_held_true PASSED [ 39%]
tests/test_input_snapshot_state_textspan.py::TestInputSnapshotQueries::test_is_button_just_pressed PASSED [ 39%]
tests/test_input_snapshot_state_textspan.py::TestInputSnapshotQueries::test_is_button_just_released PASSED [ 39%]
tests/test_input_snapshot_state_textspan.py::TestInputSnapshotQueries::test_is_key_down_false PASSED [ 39%]
tests/test_input_snapshot_state_textspan.py::TestInputSnapshotQueries::test_is_key_down_true PASSED [ 39%]
tests/test_input_snapshot_state_textspan.py::TestInputSnapshotQueries::test_is_key_just_pressed PASSED [ 39%]
tests/test_input_snapshot_state_textspan.py::TestInputSnapshotQueries::test_is_key_just_released PASSED [ 39%]
tests/test_input_snapshot_state_textspan.py::TestInputSnapshotBuild::test_build_empty_events PASSED [ 39%]
tests/test_input_snapshot_state_textspan.py::TestInputSnapshotBuild::test_build_key_down PASSED [ 39%]
tests/test_input_snapshot_state_textspan.py::TestInputSnapshotBuild::test_build_key_up PASSED [ 39%]
tests/test_input_snapshot_state_textspan.py::TestInputSnapshotBuild::test_build_mouse_down PASSED [ 39%]
tests/test_input_snapshot_state_textspan.py::TestInputSnapshotBuild::test_build_mouse_motion_updates_pos PASSED [ 39%]
tests/test_input_snapshot_state_textspan.py::TestInputSnapshotBuild::test_build_mouse_up_removes_held PASSED [ 39%]
tests/test_input_snapshot_state_textspan.py::TestInputSnapshotBuild::test_build_wheel_accumulates PASSED [ 39%]
tests/test_input_snapshot_state_textspan.py::TestInputSnapshotBuild::test_build_with_previous_held PASSED [ 39%]
tests/test_input_snapshot_state_textspan.py::TestInputSnapshotBuild::test_build_with_previous_pos PASSED [ 39%]
tests/test_interaction_state_machine.py::TestInteractionPhase::test_all_phases_unique PASSED [ 39%]
tests/test_interaction_state_machine.py::TestInteractionPhase::test_idle_is_default_phase PASSED [ 39%]
tests/test_interaction_state_machine.py::TestInteractionContext::test_custom_values PASSED [ 39%]
tests/test_interaction_state_machine.py::TestInteractionContext::test_defaults PASSED [ 39%]
tests/test_interaction_state_machine.py::TestInteractionStateMachine::test_action_called_on_transition PASSED [ 39%]
tests/test_interaction_state_machine.py::TestInteractionStateMachine::test_custom_initial_phase PASSED [ 39%]
tests/test_interaction_state_machine.py::TestInteractionStateMachine::test_guard_allows_transition PASSED [ 39%]
tests/test_interaction_state_machine.py::TestInteractionStateMachine::test_guard_can_block PASSED [ 39%]
tests/test_interaction_state_machine.py::TestInteractionStateMachine::test_initial_phase_is_idle PASSED [ 40%]
tests/test_interaction_state_machine.py::TestInteractionStateMachine::test_phase_change_callback PASSED [ 40%]
tests/test_interaction_state_machine.py::TestInteractionStateMachine::test_reset PASSED [ 40%]
tests/test_interaction_state_machine.py::TestInteractionStateMachine::test_reset_to_custom_phase PASSED [ 40%]
tests/test_interaction_state_machine.py::TestInteractionStateMachine::test_standard_cancel_from_any_phase PASSED [ 40%]
tests/test_interaction_state_machine.py::TestInteractionStateMachine::test_standard_pointer_machine PASSED [ 40%]
tests/test_interaction_state_machine.py::TestInteractionStateMachine::test_transition_fires PASSED [ 40%]
tests/test_interaction_state_machine.py::TestInteractionStateMachine::test_unmatched_event_returns_false PASSED [ 40%]
tests/test_interaction_state_machine.py::TestInteractionStateMachine::test_unsubscribe_phase_change PASSED [ 40%]
tests/test_interaction_state_machine.py::TestInteractionStateMachine::test_wildcard_transition PASSED [ 40%]
tests/test_interaction_state_machine.py::TestInteractionStateMachine::test_wrong_phase_blocks_transition PASSED [ 40%]
tests/test_layout_pass.py::TestMeasureContext::test_available_size_tuple PASSED [ 40%]
tests/test_layout_pass.py::TestMeasureContext::test_height_stored PASSED [ 40%]
tests/test_layout_pass.py::TestMeasureContext::test_unconstrained_minus_one PASSED [ 40%]
tests/test_layout_pass.py::TestMeasureContext::test_width_stored PASSED  [ 40%]
tests/test_layout_pass.py::TestArrangeContext::test_rect_is_copy PASSED  [ 40%]
tests/test_layout_pass.py::TestArrangeContext::test_rect_stored PASSED   [ 40%]
tests/test_layout_pass.py::TestLayoutRoot::test_different_rect_triggers_rerun PASSED [ 40%]
tests/test_layout_pass.py::TestLayoutRoot::test_is_dirty_initially PASSED [ 40%]
tests/test_layout_pass.py::TestLayoutRoot::test_mark_dirty_forces_rerun PASSED [ 40%]
tests/test_layout_pass.py::TestLayoutRoot::test_preferred_size_from_measure PASSED [ 40%]
tests/test_layout_pass.py::TestLayoutRoot::test_preferred_size_zero_initially PASSED [ 40%]
tests/test_layout_pass.py::TestLayoutRoot::test_second_update_skipped_if_same_rect PASSED [ 40%]
tests/test_layout_pass.py::TestLayoutRoot::test_update_accepts_rect_provider PASSED [ 40%]
tests/test_layout_pass.py::TestLayoutRoot::test_update_clears_dirty PASSED [ 40%]
tests/test_layout_pass.py::TestLayoutRoot::test_update_runs_measure_and_arrange PASSED [ 40%]
tests/test_life_demo_feature_abstractions.py::TestLifeDemoFeatureAbstractions::test_update_life_frame_core_steps_when_toggle_pushed PASSED [ 40%]
tests/test_life_demo_feature_abstractions.py::TestLifeDemoFeatureAbstractions::test_update_life_frame_core_toggles_cell_from_local_point PASSED [ 40%]
tests/test_list_diff.py::TestDiffTypes::test_diff_insert_frozen PASSED   [ 40%]
tests/test_list_diff.py::TestDiffTypes::test_diff_move_frozen PASSED     [ 40%]
tests/test_list_diff.py::TestDiffTypes::test_diff_remove_frozen PASSED   [ 40%]
tests/test_list_diff.py::TestDiffTypes::test_list_diff_is_empty_false PASSED [ 40%]
tests/test_list_diff.py::TestDiffTypes::test_list_diff_is_empty_true PASSED [ 40%]
tests/test_list_diff.py::TestListDiffCalculatorBasic::test_completely_different_lists PASSED [ 40%]
tests/test_list_diff.py::TestListDiffCalculatorBasic::test_empty_new_all_removes PASSED [ 40%]
tests/test_list_diff.py::TestListDiffCalculatorBasic::test_empty_old_all_inserts PASSED [ 40%]
tests/test_list_diff.py::TestListDiffCalculatorBasic::test_identical_lists_empty_diff PASSED [ 40%]
tests/test_list_diff.py::TestListDiffCalculatorBasic::test_insert_one_item PASSED [ 40%]
tests/test_list_diff.py::TestListDiffCalculatorBasic::test_key_fn_used_for_objects PASSED [ 40%]
tests/test_list_diff.py::TestListDiffCalculatorBasic::test_remove_one_item PASSED [ 40%]
tests/test_list_diff.py::TestListDiffCalculatorBasic::test_replace_one_item PASSED [ 40%]
tests/test_list_diff.py::TestListDiffApply::test_apply_empty_diff_no_change PASSED [ 40%]
tests/test_list_diff.py::TestListDiffApply::test_apply_insert PASSED     [ 40%]
tests/test_list_diff.py::TestListDiffApply::test_apply_remove PASSED     [ 40%]
tests/test_list_diff_calculator.py::TestListDiffCalculator::test_apply_to_list_insert PASSED [ 40%]
tests/test_list_diff_calculator.py::TestListDiffCalculator::test_apply_to_list_produces_target_list PASSED [ 40%]
tests/test_list_diff_calculator.py::TestListDiffCalculator::test_apply_to_list_remove PASSED [ 41%]
tests/test_list_diff_calculator.py::TestListDiffCalculator::test_both_lists_empty_produces_empty_diff PASSED [ 41%]
tests/test_list_diff_calculator.py::TestListDiffCalculator::test_empty_new_list_produces_all_removes PASSED [ 41%]
tests/test_list_diff_calculator.py::TestListDiffCalculator::test_empty_old_list_produces_all_inserts PASSED [ 41%]
tests/test_list_diff_calculator.py::TestListDiffCalculator::test_identical_lists_produce_empty_diff PASSED [ 41%]
tests/test_list_diff_calculator.py::TestListDiffCalculator::test_is_empty_false_when_any_operation_exists PASSED [ 41%]
tests/test_list_diff_calculator.py::TestListDiffCalculator::test_is_empty_true_for_blank_diff PASSED [ 41%]
tests/test_list_diff_calculator.py::TestListDiffCalculator::test_key_fn_used_for_object_comparison PASSED [ 41%]
tests/test_list_diff_calculator.py::TestListDiffCalculator::test_replace_one_item_detected_as_remove_and_insert PASSED [ 41%]
tests/test_list_diff_calculator.py::TestListDiffCalculator::test_single_insertion_detected PASSED [ 41%]
tests/test_list_diff_calculator.py::TestListDiffCalculator::test_single_removal_detected PASSED [ 41%]
tests/test_list_diff_pool_timeline_source.py::TestListDiff::test_apply_to_list_insert PASSED [ 41%]
tests/test_list_diff_pool_timeline_source.py::TestListDiff::test_apply_to_list_remove PASSED [ 41%]
tests/test_list_diff_pool_timeline_source.py::TestListDiff::test_apply_to_list_replace_all PASSED [ 41%]
tests/test_list_diff_pool_timeline_source.py::TestListDiff::test_both_empty_is_empty PASSED [ 41%]
tests/test_list_diff_pool_timeline_source.py::TestListDiff::test_complete_replacement PASSED [ 41%]
tests/test_list_diff_pool_timeline_source.py::TestListDiff::test_diff_result_types PASSED [ 41%]
tests/test_list_diff_pool_timeline_source.py::TestListDiff::test_empty_new_all_removes PASSED [ 41%]
tests/test_list_diff_pool_timeline_source.py::TestListDiff::test_empty_old_all_inserts PASSED [ 41%]
tests/test_list_diff_pool_timeline_source.py::TestListDiff::test_identical_lists_empty_diff PASSED [ 41%]
tests/test_list_diff_pool_timeline_source.py::TestListDiff::test_insert_at_end PASSED [ 41%]
tests/test_list_diff_pool_timeline_source.py::TestListDiff::test_is_empty_false_when_has_diff PASSED [ 41%]
tests/test_list_diff_pool_timeline_source.py::TestListDiff::test_key_fn_used_for_comparison PASSED [ 41%]
tests/test_list_diff_pool_timeline_source.py::TestListDiff::test_remove_first_item PASSED [ 41%]
tests/test_list_diff_pool_timeline_source.py::TestObjectPool::test_acquire_creates_new_when_empty PASSED [ 41%]
tests/test_list_diff_pool_timeline_source.py::TestObjectPool::test_clear_empties_pool PASSED [ 41%]
tests/test_list_diff_pool_timeline_source.py::TestObjectPool::test_max_size_property PASSED [ 41%]
tests/test_list_diff_pool_timeline_source.py::TestObjectPool::test_preallocate_fills_pool PASSED [ 41%]
tests/test_list_diff_pool_timeline_source.py::TestObjectPool::test_preallocate_respects_max_size PASSED [ 41%]
tests/test_list_diff_pool_timeline_source.py::TestObjectPool::test_release_then_acquire_reuses_object PASSED [ 41%]
tests/test_list_diff_pool_timeline_source.py::TestObjectPool::test_reset_called_on_release PASSED [ 41%]
tests/test_list_diff_pool_timeline_source.py::TestObjectPool::test_stats_discards_when_pool_full PASSED [ 41%]
tests/test_list_diff_pool_timeline_source.py::TestObjectPool::test_stats_hits_increments_on_reuse PASSED [ 41%]
tests/test_list_diff_pool_timeline_source.py::TestObjectPool::test_stats_misses_increments_on_fresh PASSED [ 41%]
tests/test_list_diff_pool_timeline_source.py::TestObjectPool::test_stats_returns_correct_keys PASSED [ 41%]
tests/test_list_diff_pool_timeline_source.py::TestSceneTimeline::test_after_fires_relative_to_play_start PASSED [ 41%]
tests/test_list_diff_pool_timeline_source.py::TestSceneTimeline::test_at_fires_callback_at_given_time PASSED [ 41%]
tests/test_list_diff_pool_timeline_source.py::TestSceneTimeline::test_at_fires_exactly_once PASSED [ 41%]
tests/test_list_diff_pool_timeline_source.py::TestSceneTimeline::test_between_fires_on_enter_and_exit PASSED [ 41%]
tests/test_list_diff_pool_timeline_source.py::TestSceneTimeline::test_chaining_returns_self PASSED [ 41%]
tests/test_list_diff_pool_timeline_source.py::TestSceneTimeline::test_duration_auto_computed_from_at PASSED [ 41%]
tests/test_list_diff_pool_timeline_source.py::TestSceneTimeline::test_explicit_duration_respected PASSED [ 41%]
tests/test_list_diff_pool_timeline_source.py::TestSceneTimeline::test_is_not_playing_initially PASSED [ 41%]
tests/test_list_diff_pool_timeline_source.py::TestSceneTimeline::test_label_and_seek_to_label PASSED [ 41%]
tests/test_list_diff_pool_timeline_source.py::TestSceneTimeline::test_loop_every_fires_repeatedly PASSED [ 41%]
tests/test_list_diff_pool_timeline_source.py::TestSceneTimeline::test_on_complete_fires_when_duration_reached PASSED [ 42%]
tests/test_list_diff_pool_timeline_source.py::TestSceneTimeline::test_pause_clears_playing PASSED [ 42%]
tests/test_list_diff_pool_timeline_source.py::TestSceneTimeline::test_play_sets_playing PASSED [ 42%]
tests/test_list_diff_pool_timeline_source.py::TestSceneTimeline::test_reset_clears_time_and_fired PASSED [ 42%]
tests/test_list_diff_pool_timeline_source.py::TestSceneTimeline::test_seek_backward_resets_fired_state PASSED [ 42%]
tests/test_list_diff_pool_timeline_source.py::TestSceneTimeline::test_seek_forward_fires_events_in_range PASSED [ 42%]
tests/test_list_diff_pool_timeline_source.py::TestSceneTimeline::test_update_advances_current_time PASSED [ 42%]
tests/test_list_diff_pool_timeline_source.py::TestSceneTimeline::test_update_does_not_advance_when_paused PASSED [ 42%]
tests/test_list_diff_pool_timeline_source.py::TestFixedItemSource::test_append_increases_count PASSED [ 42%]
tests/test_list_diff_pool_timeline_source.py::TestFixedItemSource::test_clear_empties_source PASSED [ 42%]
tests/test_list_diff_pool_timeline_source.py::TestFixedItemSource::test_empty_source_starts_empty PASSED [ 42%]
tests/test_list_diff_pool_timeline_source.py::TestFixedItemSource::test_insert_at_index PASSED [ 42%]
tests/test_list_diff_pool_timeline_source.py::TestFixedItemSource::test_item_at_out_of_range_raises PASSED [ 42%]
tests/test_list_diff_pool_timeline_source.py::TestFixedItemSource::test_item_at_returns_correct_item PASSED [ 42%]
tests/test_list_diff_pool_timeline_source.py::TestFixedItemSource::test_item_count_matches_initial_list PASSED [ 42%]
tests/test_list_diff_pool_timeline_source.py::TestFixedItemSource::test_item_height_custom PASSED [ 42%]
tests/test_list_diff_pool_timeline_source.py::TestFixedItemSource::test_item_height_default_zero PASSED [ 42%]
tests/test_list_diff_pool_timeline_source.py::TestFixedItemSource::test_remove_at_decrements_count PASSED [ 42%]
tests/test_list_diff_pool_timeline_source.py::TestFixedItemSource::test_replace_item PASSED [ 42%]
tests/test_list_diff_pool_timeline_source.py::TestFixedItemSource::test_satisfies_virtual_item_source_protocol PASSED [ 42%]
tests/test_list_diff_pool_timeline_source.py::TestFixedItemSource::test_set_items_replaces_all PASSED [ 42%]
tests/test_list_diff_pool_timeline_source.py::TestFixedItemSource::test_snapshot_returns_copy PASSED [ 42%]
tests/test_load_state.py::TestLoadStateKind::test_enum_values PASSED     [ 42%]
tests/test_load_state.py::TestLoadStateIdle::test_data_none PASSED       [ 42%]
tests/test_load_state.py::TestLoadStateIdle::test_default_kind PASSED    [ 42%]
tests/test_load_state.py::TestLoadStateIdle::test_error_none PASSED      [ 42%]
tests/test_load_state.py::TestLoadStateIdle::test_is_failed_false PASSED [ 42%]
tests/test_load_state.py::TestLoadStateIdle::test_is_idle_true PASSED    [ 42%]
tests/test_load_state.py::TestLoadStateIdle::test_is_loaded_false PASSED [ 42%]
tests/test_load_state.py::TestLoadStateIdle::test_is_loading_false PASSED [ 42%]
tests/test_load_state.py::TestLoadStateIdle::test_progress_zero PASSED   [ 42%]
tests/test_load_state.py::TestLoadStateLoading::test_is_loading PASSED   [ 42%]
tests/test_load_state.py::TestLoadStateLoading::test_progress_stored PASSED [ 42%]
tests/test_load_state.py::TestLoadStateLoaded::test_data_stored PASSED   [ 42%]
tests/test_load_state.py::TestLoadStateLoaded::test_is_loaded PASSED     [ 42%]
tests/test_load_state.py::TestLoadStateFailed::test_error_stored PASSED  [ 42%]
tests/test_load_state.py::TestLoadStateFailed::test_is_failed PASSED     [ 42%]
tests/test_localization.py::TestStringTableInitial::test_empty_locale_raises PASSED [ 42%]
tests/test_localization.py::TestStringTableInitial::test_len PASSED      [ 42%]
tests/test_localization.py::TestStringTableInitial::test_locale_id_stored PASSED [ 42%]
tests/test_localization.py::TestStringTableInitial::test_non_dict_entries_raises PASSED [ 42%]
tests/test_localization.py::TestStringTableGet::test_get_custom_fallback PASSED [ 42%]
tests/test_localization.py::TestStringTableGet::test_get_existing PASSED [ 42%]
tests/test_localization.py::TestStringTableGet::test_get_missing_returns_fallback PASSED [ 42%]
tests/test_localization.py::TestStringTableGet::test_has_existing PASSED [ 42%]
tests/test_localization.py::TestStringTableGet::test_has_missing PASSED  [ 42%]
tests/test_localization.py::TestStringTableGet::test_keys_sorted PASSED  [ 43%]
tests/test_localization.py::TestLocaleRegistryInitial::test_default_locale PASSED [ 43%]
tests/test_localization.py::TestLocaleRegistryInitial::test_registered_locales_empty PASSED [ 43%]
tests/test_localization.py::TestLocaleRegistryRegister::test_register_adds_locale PASSED [ 43%]
tests/test_localization.py::TestLocaleRegistryRegister::test_register_non_table_raises PASSED [ 43%]
tests/test_localization.py::TestLocaleRegistryRegister::test_register_replaces_existing PASSED [ 43%]
tests/test_localization.py::TestLocaleRegistrySetLocale::test_set_locale_changes_active PASSED [ 43%]
tests/test_localization.py::TestLocaleRegistrySetLocale::test_set_locale_notifies_subscribers PASSED [ 43%]
tests/test_localization.py::TestLocaleRegistryT::test_lookup_existing PASSED [ 43%]
tests/test_localization.py::TestLocaleRegistryT::test_lookup_explicit_locale_override PASSED [ 43%]
tests/test_localization.py::TestLocaleRegistryT::test_lookup_falls_back_to_fallback_locale PASSED [ 43%]
tests/test_localization.py::TestLocaleRegistryT::test_lookup_missing_returns_fallback PASSED [ 43%]
tests/test_localization.py::TestLocaleRegistryT::test_registered_locales_sorted PASSED [ 43%]
tests/test_localization_searcher.py::TestStringTable::test_empty_locale_id_raises PASSED [ 43%]
tests/test_localization_searcher.py::TestStringTable::test_get_missing_returns_fallback PASSED [ 43%]
tests/test_localization_searcher.py::TestStringTable::test_get_returns_value PASSED [ 43%]
tests/test_localization_searcher.py::TestStringTable::test_has_false PASSED [ 43%]
tests/test_localization_searcher.py::TestStringTable::test_has_true PASSED [ 43%]
tests/test_localization_searcher.py::TestStringTable::test_keys_sorted PASSED [ 43%]
tests/test_localization_searcher.py::TestStringTable::test_len PASSED    [ 43%]
tests/test_localization_searcher.py::TestStringTable::test_locale_id_stored PASSED [ 43%]
tests/test_localization_searcher.py::TestStringTable::test_non_dict_entries_raises PASSED [ 43%]
tests/test_localization_searcher.py::TestLocaleRegistryInitial::test_default_locale PASSED [ 43%]
tests/test_localization_searcher.py::TestLocaleRegistryInitial::test_no_registered_locales PASSED [ 43%]
tests/test_localization_searcher.py::TestLocaleRegistryInitial::test_t_returns_fallback_when_unregistered PASSED [ 43%]
tests/test_localization_searcher.py::TestLocaleRegistryRegister::test_has_returns_false_for_missing PASSED [ 43%]
tests/test_localization_searcher.py::TestLocaleRegistryRegister::test_has_returns_true PASSED [ 43%]
tests/test_localization_searcher.py::TestLocaleRegistryRegister::test_registered_locales_sorted PASSED [ 43%]
tests/test_localization_searcher.py::TestLocaleRegistryRegister::test_set_locale_switches PASSED [ 43%]
tests/test_localization_searcher.py::TestLocaleRegistryRegister::test_t_custom_fallback PASSED [ 43%]
tests/test_localization_searcher.py::TestLocaleRegistryRegister::test_t_missing_key_returns_fallback PASSED [ 43%]
tests/test_localization_searcher.py::TestLocaleRegistryRegister::test_t_returns_active_locale_string PASSED [ 43%]
tests/test_localization_searcher.py::TestLocaleRegistryRegister::test_t_with_explicit_locale PASSED [ 43%]
tests/test_localization_searcher.py::TestLocaleRegistryFallback::test_falls_back_to_fallback_locale PASSED [ 43%]
tests/test_localization_searcher.py::TestLocaleRegistryFallback::test_non_string_table_raises PASSED [ 43%]
tests/test_localization_searcher.py::TestTextMatch::test_fields_stored PASSED [ 43%]
tests/test_localization_searcher.py::TestTextMatch::test_frozen PASSED   [ 43%]
tests/test_localization_searcher.py::TestTextSearcher::test_find_all_case_insensitive PASSED [ 43%]
tests/test_localization_searcher.py::TestTextSearcher::test_find_all_case_sensitive PASSED [ 43%]
tests/test_localization_searcher.py::TestTextSearcher::test_find_all_no_match PASSED [ 43%]
tests/test_localization_searcher.py::TestTextSearcher::test_find_all_returns_text_match PASSED [ 43%]
tests/test_localization_searcher.py::TestTextSearcher::test_find_next_from_pos PASSED [ 43%]
tests/test_localization_searcher.py::TestTextSearcher::test_regex_mode PASSED [ 43%]
tests/test_localization_searcher.py::TestTextSearcher::test_replace_all PASSED [ 43%]
tests/test_localization_searcher.py::TestTextSearcher::test_update_text PASSED [ 43%]
tests/test_localization_searcher.py::TestTextSearcher::test_whole_word_match PASSED [ 43%]
tests/test_main_scene_task_panel_toggle_sync.py::TestMainSceneTaskPanelToggleSync::test_from_toggle_path_does_not_overwrite_toggle_state PASSED [ 44%]
tests/test_main_scene_task_panel_toggle_sync.py::TestMainSceneTaskPanelToggleSync::test_menu_toggle_routes_by_window_control_id PASSED [ 44%]
tests/test_main_scene_task_panel_toggle_sync.py::TestMainSceneTaskPanelToggleSync::test_programmatic_visibility_syncs_all_task_panel_toggles PASSED [ 44%]
tests/test_mandel_event_schema_exports.py::TestMandelEventSchemaExports::test_from_payload_uses_status_kind_for_non_dict_values PASSED [ 44%]
tests/test_mandel_event_schema_exports.py::TestMandelEventSchemaExports::test_status_event_payload_round_trip PASSED [ 44%]
tests/test_mandel_event_schema_exports.py::TestMandelEventSchemaExports::test_status_topic_and_scope_are_strings PASSED [ 44%]
tests/test_mandelbrot_feature_scheduler_optimization.py::MandelbrotFeatureSchedulerOptimizationTests::test_iterative_apply_result_supports_chunked_row_payload PASSED [ 44%]
tests/test_mandelbrot_feature_scheduler_optimization.py::MandelbrotFeatureSchedulerOptimizationTests::test_iterative_apply_result_uses_cached_color_table PASSED [ 44%]
tests/test_mandelbrot_feature_scheduler_optimization.py::MandelbrotFeatureSchedulerOptimizationTests::test_queue_staged_tasks_enqueues_one_and_defers_rest PASSED [ 44%]
tests/test_mandelbrot_feature_scheduler_optimization.py::MandelbrotFeatureSchedulerOptimizationTests::test_set_busy_uses_and_restores_scheduler_baseline_limits PASSED [ 44%]
tests/test_mandelbrot_logic_slice_budget.py::MandelbrotLogicSliceBudgetTests::test_iterative_task_emits_chunked_payloads PASSED [ 44%]
tests/test_mandelbrot_logic_slice_budget.py::MandelbrotLogicSliceBudgetTests::test_recursive_leaf_sends_scalar_for_uniform_tile PASSED [ 44%]
tests/test_menu_bar_manager_and_shortcut_help.py::TestMenuBarManagerRegistration::test_initial_empty PASSED [ 44%]
tests/test_menu_bar_manager_and_shortcut_help.py::TestMenuBarManagerRegistration::test_items_for_known PASSED [ 44%]
tests/test_menu_bar_manager_and_shortcut_help.py::TestMenuBarManagerRegistration::test_items_for_returns_copy PASSED [ 44%]
tests/test_menu_bar_manager_and_shortcut_help.py::TestMenuBarManagerRegistration::test_items_for_unknown_returns_empty PASSED [ 44%]
tests/test_menu_bar_manager_and_shortcut_help.py::TestMenuBarManagerRegistration::test_register_multiple_menus_order_preserved PASSED [ 44%]
tests/test_menu_bar_manager_and_shortcut_help.py::TestMenuBarManagerRegistration::test_register_same_label_appends_items PASSED [ 44%]
tests/test_menu_bar_manager_and_shortcut_help.py::TestMenuBarManagerRegistration::test_register_same_label_not_duplicated_in_order PASSED [ 44%]
tests/test_menu_bar_manager_and_shortcut_help.py::TestMenuBarManagerRegistration::test_register_single_menu PASSED [ 44%]
tests/test_menu_bar_manager_and_shortcut_help.py::TestMenuBarManagerSetEnabled::test_default_enabled_true PASSED [ 44%]
tests/test_menu_bar_manager_and_shortcut_help.py::TestMenuBarManagerSetEnabled::test_set_enabled_false PASSED [ 44%]
tests/test_menu_bar_manager_and_shortcut_help.py::TestMenuBarManagerSetEnabled::test_set_enabled_unknown_label_no_error PASSED [ 44%]
tests/test_menu_bar_manager_and_shortcut_help.py::TestMenuBarManagerClear::test_clear_removes_all PASSED [ 44%]
tests/test_menu_bar_manager_and_shortcut_help.py::TestMenuBarManagerClear::test_clear_then_register_works PASSED [ 44%]
tests/test_menu_bar_manager_and_shortcut_help.py::TestMenuBarManagerBuild::test_build_control_id PASSED [ 44%]
tests/test_menu_bar_manager_and_shortcut_help.py::TestMenuBarManagerBuild::test_build_entries_count PASSED [ 44%]
tests/test_menu_bar_manager_and_shortcut_help.py::TestMenuBarManagerBuild::test_build_entries_labels PASSED [ 44%]
tests/test_menu_bar_manager_and_shortcut_help.py::TestMenuBarManagerBuild::test_build_rect_set PASSED [ 44%]
tests/test_menu_bar_manager_and_shortcut_help.py::TestMenuBarManagerBuild::test_build_returns_menu_bar_control PASSED [ 44%]
tests/test_menu_bar_manager_and_shortcut_help.py::TestMenuBarManagerBuild::test_empty_manager_builds_empty_bar PASSED [ 44%]
tests/test_menu_bar_manager_and_shortcut_help.py::TestMenuBarManagerRegisterActions::test_register_actions_creates_menu PASSED [ 44%]
tests/test_menu_bar_manager_and_shortcut_help.py::TestShortcutEntryDataclass::test_default_category_empty PASSED [ 44%]
tests/test_menu_bar_manager_and_shortcut_help.py::TestShortcutEntryDataclass::test_default_description_empty PASSED [ 44%]
tests/test_menu_bar_manager_and_shortcut_help.py::TestShortcutEntryDataclass::test_explicit_values PASSED [ 44%]
tests/test_menu_bar_manager_and_shortcut_help.py::TestShortcutEntryDataclass::test_required_fields PASSED [ 44%]
tests/test_menu_bar_manager_and_shortcut_help.py::TestShortcutSectionDataclass::test_default_entries_empty PASSED [ 44%]
tests/test_menu_bar_manager_and_shortcut_help.py::TestShortcutSectionDataclass::test_entries_stored PASSED [ 44%]
tests/test_menu_bar_manager_and_shortcut_help.py::TestShortcutSectionDataclass::test_title_stored PASSED [ 44%]
tests/test_menu_bar_manager_and_shortcut_help.py::TestShortcutHelpOverlaySections::test_manual_shortcuts_only_omits_registry_sections PASSED [ 44%]
tests/test_menu_bar_manager_and_shortcut_help.py::TestShortcutHelpOverlaySections::test_sections_empty_when_no_registry_or_chords PASSED [ 44%]
tests/test_menu_bar_manager_and_shortcut_help.py::TestShortcutHelpOverlaySections::test_sections_entry_label PASSED [ 44%]
tests/test_menu_bar_manager_and_shortcut_help.py::TestShortcutHelpOverlaySections::test_sections_entry_shortcut_hint PASSED [ 44%]
tests/test_menu_bar_manager_and_shortcut_help.py::TestShortcutHelpOverlaySections::test_sections_from_registry PASSED [ 44%]
tests/test_menu_bar_manager_and_shortcut_help.py::TestShortcutHelpOverlaySections::test_sections_general_first PASSED [ 44%]
tests/test_menu_bar_manager_and_shortcut_help.py::TestShortcutHelpOverlaySections::test_sections_include_manual_shortcut_lines PASSED [ 45%]
tests/test_menu_bar_manager_and_shortcut_help.py::TestShortcutHelpOverlaySections::test_sections_prepend_manual_shortcuts_when_requested PASSED [ 45%]
tests/test_menu_bar_manager_and_shortcut_help.py::TestShortcutHelpOverlaySections::test_sections_sorted_alphabetically_after_general PASSED [ 45%]
tests/test_menu_bar_manager_and_shortcut_help.py::TestShortcutHelpOverlayVisibility::test_hide_closes PASSED [ 45%]
tests/test_menu_bar_manager_and_shortcut_help.py::TestShortcutHelpOverlayVisibility::test_hide_preserves_clicked_focus_target PASSED [ 45%]
tests/test_menu_bar_manager_and_shortcut_help.py::TestShortcutHelpOverlayVisibility::test_not_open_initially PASSED [ 45%]
tests/test_menu_bar_manager_and_shortcut_help.py::TestShortcutHelpOverlayVisibility::test_set_rect PASSED [ 45%]
tests/test_menu_bar_manager_and_shortcut_help.py::TestShortcutHelpOverlayVisibility::test_show_captures_focus_and_hide_restores_when_no_new_focus PASSED [ 45%]
tests/test_menu_bar_manager_and_shortcut_help.py::TestShortcutHelpOverlayVisibility::test_show_opens PASSED [ 45%]
tests/test_menu_bar_manager_and_shortcut_help.py::TestShortcutHelpOverlayVisibility::test_show_when_already_open_no_duplicate PASSED [ 45%]
tests/test_menu_bar_manager_and_shortcut_help.py::TestShortcutHelpOverlayVisibility::test_toggle_closes_when_open PASSED [ 45%]
tests/test_menu_bar_manager_and_shortcut_help.py::TestShortcutHelpOverlayVisibility::test_toggle_opens_when_closed PASSED [ 45%]
tests/test_new_factory_utilities.py::TestControlRegistry::test_add_control_adds_to_container_and_tracks PASSED [ 45%]
tests/test_new_factory_utilities.py::TestControlRegistry::test_add_label_adds_to_container_and_tracks PASSED [ 45%]
tests/test_new_factory_utilities.py::TestControlRegistry::test_control_labels_property_returns_list PASSED [ 45%]
tests/test_new_factory_utilities.py::TestControlRegistry::test_controls_property_returns_list PASSED [ 45%]
tests/test_new_factory_utilities.py::TestControlRegistry::test_exported_from_gui_do PASSED [ 45%]
tests/test_new_factory_utilities.py::TestControlRegistry::test_initial_lists_empty PASSED [ 45%]
tests/test_new_factory_utilities.py::TestControlRegistry::test_multiple_registers_accumulate PASSED [ 45%]
tests/test_new_factory_utilities.py::TestControlRegistry::test_placed_controls_property_returns_list PASSED [ 45%]
tests/test_new_factory_utilities.py::TestControlRegistry::test_register_labeled_spec_tracks_label_in_control_labels PASSED [ 45%]
tests/test_new_factory_utilities.py::TestControlRegistry::test_register_places_specs_and_populates_tracking_lists PASSED [ 45%]
tests/test_new_factory_utilities.py::TestControlRegistry::test_register_unlabeled_spec_no_label_created PASSED [ 45%]
tests/test_new_factory_utilities.py::TestMakeLabeledSlotHeightFn::test_captures_parameters_independently PASSED [ 45%]
tests/test_new_factory_utilities.py::TestMakeLabeledSlotHeightFn::test_exported_from_gui_do PASSED [ 45%]
tests/test_new_factory_utilities.py::TestMakeLabeledSlotHeightFn::test_integer_coercion PASSED [ 45%]
tests/test_new_factory_utilities.py::TestMakeLabeledSlotHeightFn::test_matches_cell_caret_layout_labeled_slot_height PASSED [ 45%]
tests/test_new_factory_utilities.py::TestMakeLabeledSlotHeightFn::test_returns_callable PASSED [ 45%]
tests/test_new_factory_utilities.py::TestColumnFlowAnchorsFor::test_column_span_respected PASSED [ 45%]
tests/test_new_factory_utilities.py::TestColumnFlowAnchorsFor::test_function_accessible PASSED [ 45%]
tests/test_new_factory_utilities.py::TestColumnFlowAnchorsFor::test_repeatable_for_same_inputs PASSED [ 45%]
tests/test_new_factory_utilities.py::TestColumnFlowAnchorsFor::test_returns_tuple_of_rects PASSED [ 45%]
tests/test_new_factory_utilities.py::TestColumnFlowAnchorsFor::test_zero_count_returns_empty_tuple PASSED [ 45%]
tests/test_new_factory_utilities.py::TestBindTaskPanelFocusToggle::test_exported_from_gui_do PASSED [ 45%]
tests/test_new_factory_utilities.py::TestBindTaskPanelFocusToggle::test_registers_action_and_binds_key PASSED [ 45%]
tests/test_new_factory_utilities.py::TestBindTaskPanelFocusToggle::test_toggle_delegates_to_task_panel_focus PASSED [ 45%]
tests/test_new_factory_utilities.py::TestBindTaskPanelFocusToggle::test_toggle_returns_false_when_no_task_panel_focus PASSED [ 45%]
tests/test_new_factory_utilities.py::TestBindTaskPanelFocusToggle::test_toggle_returns_true_when_palette_open PASSED [ 45%]
tests/test_new_factory_utilities.py::TestRegisterActionHotkeys::test_action_hotkey_spec_exported_from_gui_do PASSED [ 45%]
tests/test_new_factory_utilities.py::TestRegisterActionHotkeys::test_register_action_hotkeys_exported_from_gui_do PASSED [ 45%]
tests/test_new_factory_utilities.py::TestRegisterActionHotkeys::test_registers_action_and_global_key_binding PASSED [ 45%]
tests/test_new_factory_utilities.py::TestRegisterActionHotkeys::test_registers_action_and_scene_key_binding PASSED [ 45%]
tests/test_new_factory_utilities.py::TestRegisterActionHotkeys::test_registers_action_without_key_binding PASSED [ 45%]
tests/test_new_factory_utilities.py::TestDrawControlsPrewarm::test_draws_all_non_none_controls PASSED [ 45%]
tests/test_new_factory_utilities.py::TestDrawControlsPrewarm::test_exported_from_gui_do PASSED [ 45%]
tests/test_new_factory_utilities.py::TestDrawControlsPrewarm::test_skips_objects_without_draw_method PASSED [ 45%]
tests/test_new_factory_utilities.py::TestSceneTaskPanelHelpers::test_add_scene_nav_button_helpers_exported PASSED [ 46%]
tests/test_new_factory_utilities.py::TestSceneTaskPanelHelpers::test_add_task_panel_scene_nav_button_falls_back_to_scene_transitions PASSED [ 46%]
tests/test_new_factory_utilities.py::TestSceneTaskPanelHelpers::test_add_task_panel_scene_nav_button_uses_go_to_attr_when_available PASSED [ 46%]
tests/test_new_factory_utilities.py::TestSceneTaskPanelHelpers::test_ensure_scene_task_panel_delegates_to_scene_presentation PASSED [ 46%]
tests/test_new_factory_utilities.py::TestSceneTaskPanelHelpers::test_ensure_scene_task_panel_exported PASSED [ 46%]
tests/test_new_factory_utilities.py::TestSceneTaskPanelHelpers::test_scene_task_panel_spec_and_scene_nav_button_spec_exported PASSED [ 46%]
tests/test_new_factory_utilities.py::TestOverlayHelpers::test_centered_overlay_rect_applies_offsets PASSED [ 46%]
tests/test_new_factory_utilities.py::TestOverlayHelpers::test_centered_overlay_rect_computes_centered_rect PASSED [ 46%]
tests/test_new_factory_utilities.py::TestOverlayHelpers::test_create_shortcut_help_overlay_uses_centered_overlay_rect PASSED [ 46%]
tests/test_new_factory_utilities.py::TestOverlayHelpers::test_overlay_helpers_exported_from_gui_do PASSED [ 46%]
tests/test_new_factory_utilities.py::TestFeatureEventSubscriptionHelpers::test_bind_feature_event_subscription_graceful_without_app_events PASSED [ 46%]
tests/test_new_factory_utilities.py::TestFeatureEventSubscriptionHelpers::test_bind_feature_event_subscription_sets_attr_and_returns_token PASSED [ 46%]
tests/test_new_factory_utilities.py::TestFeatureEventSubscriptionHelpers::test_event_subscription_spec_and_helpers_exported_from_gui_do PASSED [ 46%]
tests/test_new_factory_utilities.py::TestFeatureEventSubscriptionHelpers::test_unbind_feature_event_subscription_clears_attr_without_app_events PASSED [ 46%]
tests/test_new_factory_utilities.py::TestFeatureEventSubscriptionHelpers::test_unbind_feature_event_subscription_noop_when_missing PASSED [ 46%]
tests/test_new_factory_utilities.py::TestFeatureEventSubscriptionHelpers::test_unbind_feature_event_subscription_unsubscribes_and_clears_attr PASSED [ 46%]
tests/test_new_factory_utilities.py::TestTabbedPresenterSetupHelpers::test_setup_helper_composes_compute_and_setup_calls PASSED [ 46%]
tests/test_new_factory_utilities.py::TestTabbedPresenterSetupHelpers::test_tabbed_presenter_spec_and_setup_helper_exported PASSED [ 46%]
tests/test_new_factory_utilities.py::TestRoutedRuntimeHelpers::test_RoutedRuntimeSpec_task_panel_focus_toggles_defaults_empty PASSED [ 46%]
tests/test_new_factory_utilities.py::TestRoutedRuntimeHelpers::test_bind_routed_feature_lifecycle_with_factory_spec PASSED [ 46%]
tests/test_new_factory_utilities.py::TestRoutedRuntimeHelpers::test_bind_routed_feature_lifecycle_with_static_spec PASSED [ 46%]
tests/test_new_factory_utilities.py::TestRoutedRuntimeHelpers::test_operation_failure_policy_retries_with_timers PASSED [ 46%]
tests/test_new_factory_utilities.py::TestRoutedRuntimeHelpers::test_operation_failure_policy_times_out_deferred_handler PASSED [ 46%]
tests/test_new_factory_utilities.py::TestRoutedRuntimeHelpers::test_register_routed_feature_companions_with_instances_and_factories PASSED [ 46%]
tests/test_new_factory_utilities.py::TestRoutedRuntimeHelpers::test_routed_runtime_spec_and_helpers_exported PASSED [ 46%]
tests/test_new_factory_utilities.py::TestRoutedRuntimeHelpers::test_setup_routed_runtime_binds_store_and_observable_effects PASSED [ 46%]
tests/test_new_factory_utilities.py::TestRoutedRuntimeHelpers::test_setup_routed_runtime_composes_all_declared_wiring PASSED [ 46%]
tests/test_new_factory_utilities.py::TestRoutedRuntimeHelpers::test_setup_routed_runtime_creates_runtime_scope_and_binds_services PASSED [ 46%]
tests/test_new_factory_utilities.py::TestRoutedRuntimeHelpers::test_setup_routed_runtime_registers_operation_bus_handlers PASSED [ 46%]
tests/test_new_factory_utilities.py::TestRoutedRuntimeHelpers::test_setup_routed_runtime_registers_overlay_toggle_action_and_key PASSED [ 46%]
tests/test_new_factory_utilities.py::TestRoutedRuntimeHelpers::test_setup_routed_runtime_registers_task_panel_focus_toggles PASSED [ 46%]
tests/test_new_factory_utilities.py::TestRoutedRuntimeHelpers::test_setup_routed_runtime_skips_optional_wiring_when_app_parts_missing PASSED [ 46%]
tests/test_new_factory_utilities.py::TestRoutedRuntimeHelpers::test_setup_routed_runtime_skips_task_panel_toggles_when_app_missing PASSED [ 46%]
tests/test_new_factory_utilities.py::TestRoutedRuntimeHelpers::test_shortcut_overlay_spec_toggle_fields_default_none PASSED [ 46%]
tests/test_new_factory_utilities.py::TestRoutedRuntimeHelpers::test_shortcut_overlay_spec_toggle_fields_set PASSED [ 46%]
tests/test_new_factory_utilities.py::TestRoutedRuntimeHelpers::test_shutdown_routed_feature_lifecycle_from_stored_runtime_spec PASSED [ 46%]
tests/test_new_factory_utilities.py::TestRoutedRuntimeHelpers::test_shutdown_routed_feature_lifecycle_returns_false_without_runtime_spec PASSED [ 46%]
tests/test_new_factory_utilities.py::TestRoutedRuntimeHelpers::test_shutdown_routed_feature_lifecycle_uses_static_runtime_spec_fallback PASSED [ 46%]
tests/test_new_factory_utilities.py::TestRoutedRuntimeHelpers::test_shutdown_routed_runtime_disposes_runtime_scope PASSED [ 46%]
tests/test_new_factory_utilities.py::TestRoutedRuntimeHelpers::test_shutdown_routed_runtime_skips_when_events_missing PASSED [ 46%]
tests/test_new_factory_utilities.py::TestRoutedRuntimeHelpers::test_shutdown_routed_runtime_unbinds_declared_event_subscriptions PASSED [ 46%]
tests/test_new_factory_utilities.py::TestRoutedRuntimeHelpers::test_task_panel_focus_toggle_spec_fields PASSED [ 46%]
tests/test_new_factory_utilities.py::TestRegisterActionHotkeysGeneralCases::test_register_action_hotkeys_graceful_with_none_actions PASSED [ 46%]
tests/test_new_factory_utilities.py::TestBootstrapCollectionBuilders::test_build_action_specs_from_bindings_and_passthrough PASSED [ 46%]
tests/test_new_factory_utilities.py::TestBootstrapCollectionBuilders::test_build_action_specs_rejects_unknown_kind PASSED [ 46%]
tests/test_new_factory_utilities.py::TestBootstrapCollectionBuilders::test_build_action_specs_scene_nav_requires_target PASSED [ 47%]
tests/test_new_factory_utilities.py::TestBootstrapCollectionBuilders::test_build_cursor_specs_from_bindings_tuples_and_passthrough PASSED [ 47%]
tests/test_new_factory_utilities.py::TestBootstrapCollectionBuilders::test_build_feature_specs_from_tuples_and_passthrough PASSED [ 47%]
tests/test_new_factory_utilities.py::TestBootstrapCollectionBuilders::test_build_feature_window_bundle_specs_applies_window_defaults PASSED [ 47%]
tests/test_new_factory_utilities.py::TestBootstrapCollectionBuilders::test_build_feature_window_bundle_specs_exported PASSED [ 47%]
tests/test_new_factory_utilities.py::TestBootstrapCollectionBuilders::test_build_feature_window_bundle_specs_from_bindings PASSED [ 47%]
tests/test_new_factory_utilities.py::TestBootstrapCollectionBuilders::test_build_feature_window_bundle_specs_passthrough PASSED [ 47%]
tests/test_new_factory_utilities.py::TestBootstrapCollectionBuilders::test_build_font_role_specs_from_bindings_tuples_and_passthrough PASSED [ 47%]
tests/test_new_factory_utilities.py::TestBootstrapCollectionBuilders::test_build_host_application_config_from_binding_spec PASSED [ 47%]
tests/test_new_factory_utilities.py::TestBootstrapCollectionBuilders::test_build_host_application_config_merges_feature_window_bundles PASSED [ 47%]
tests/test_new_factory_utilities.py::TestBootstrapCollectionBuilders::test_build_host_application_config_merges_scene_bundle_entries PASSED [ 47%]
tests/test_new_factory_utilities.py::TestBootstrapCollectionBuilders::test_build_host_application_config_passthrough PASSED [ 47%]
tests/test_new_factory_utilities.py::TestBootstrapCollectionBuilders::test_build_runtime_scene_specs_from_names_bindings_and_tuples PASSED [ 47%]
tests/test_new_factory_utilities.py::TestBootstrapCollectionBuilders::test_build_scene_bundle_specs_can_disable_each_output_collection PASSED [ 47%]
tests/test_new_factory_utilities.py::TestBootstrapCollectionBuilders::test_build_scene_bundle_specs_from_bindings_and_passthrough PASSED [ 47%]
tests/test_new_factory_utilities.py::TestBootstrapCollectionBuilders::test_build_scene_nav_actions_from_tuples_and_passthrough PASSED [ 47%]
tests/test_new_factory_utilities.py::TestBootstrapCollectionBuilders::test_build_scene_root_specs_from_bindings_and_tuples PASSED [ 47%]
tests/test_new_factory_utilities.py::TestBootstrapCollectionBuilders::test_build_scene_setup_specs_from_bindings_and_tuples PASSED [ 47%]
tests/test_new_factory_utilities.py::TestBootstrapCollectionBuilders::test_build_static_accessibility_specs_from_tuples_and_passthrough PASSED [ 47%]
tests/test_new_factory_utilities.py::TestBootstrapCollectionBuilders::test_build_window_toggle_specs_from_binding_specs_and_passthrough PASSED [ 47%]
tests/test_new_factory_utilities.py::TestBootstrapCollectionBuilders::test_builders_exported_from_gui_do PASSED [ 47%]
tests/test_object_pool.py::TestObjectPoolInitial::test_max_size_minimum_one PASSED [ 47%]
tests/test_object_pool.py::TestObjectPoolInitial::test_stats_initial PASSED [ 47%]
tests/test_object_pool.py::TestObjectPoolAcquireRelease::test_acquire_creates_new_object PASSED [ 47%]
tests/test_object_pool.py::TestObjectPoolAcquireRelease::test_acquire_reuses_released_object PASSED [ 47%]
tests/test_object_pool.py::TestObjectPoolAcquireRelease::test_release_adds_to_pool_size PASSED [ 47%]
tests/test_object_pool.py::TestObjectPoolAcquireRelease::test_release_at_capacity_discards PASSED [ 47%]
tests/test_object_pool.py::TestObjectPoolAcquireRelease::test_release_calls_reset PASSED [ 47%]
tests/test_object_pool.py::TestObjectPoolPreallocate::test_clear_empties_pool PASSED [ 47%]
tests/test_object_pool.py::TestObjectPoolPreallocate::test_preallocate_fills_pool PASSED [ 47%]
tests/test_object_pool.py::TestObjectPoolPreallocate::test_preallocate_respects_max_size PASSED [ 47%]
tests/test_object_pool.py::TestObjectPoolReset::test_reset_applied_before_reuse PASSED [ 47%]
tests/test_observable_collections.py::TestObservableList::test_append_fires_added_event_with_correct_index_and_value PASSED [ 47%]
tests/test_observable_collections.py::TestObservableList::test_clear_fires_single_cleared_event PASSED [ 47%]
tests/test_observable_collections.py::TestObservableList::test_clear_on_empty_list_fires_no_event PASSED [ 47%]
tests/test_observable_collections.py::TestObservableList::test_extend_fires_one_added_event_per_item PASSED [ 47%]
tests/test_observable_collections.py::TestObservableList::test_initial_contents_accessible_via_snapshot PASSED [ 47%]
tests/test_observable_collections.py::TestObservableList::test_insert_fires_added_event_at_correct_position PASSED [ 47%]
tests/test_observable_collections.py::TestObservableList::test_len_and_contains_work_without_notification PASSED [ 47%]
tests/test_observable_collections.py::TestObservableList::test_move_reorders_items_and_fires_moved_event PASSED [ 47%]
tests/test_observable_collections.py::TestObservableList::test_move_same_index_is_noop PASSED [ 47%]
tests/test_observable_collections.py::TestObservableList::test_multiple_subscribers_all_notified PASSED [ 47%]
tests/test_observable_collections.py::TestObservableList::test_remove_at_fires_removed_event_with_old_value PASSED [ 47%]
tests/test_observable_collections.py::TestObservableList::test_remove_existing_item_returns_true_and_fires_event PASSED [ 47%]
tests/test_observable_collections.py::TestObservableList::test_remove_missing_item_returns_false_and_fires_no_event PASSED [ 47%]
tests/test_observable_collections.py::TestObservableList::test_setitem_fires_replaced_event PASSED [ 47%]
tests/test_observable_collections.py::TestObservableList::test_sort_fires_cleared_then_added_events PASSED [ 48%]
tests/test_observable_collections.py::TestObservableList::test_unsubscribe_stops_notifications PASSED [ 48%]
tests/test_observable_collections.py::TestObservableDict::test_clear_fires_single_cleared_event PASSED [ 48%]
tests/test_observable_collections.py::TestObservableDict::test_clear_on_empty_dict_fires_no_event PASSED [ 48%]
tests/test_observable_collections.py::TestObservableDict::test_contains_and_get_do_not_fire_events PASSED [ 48%]
tests/test_observable_collections.py::TestObservableDict::test_delitem_fires_removed_event PASSED [ 48%]
tests/test_observable_collections.py::TestObservableDict::test_initial_contents_accessible_via_snapshot PASSED [ 48%]
tests/test_observable_collections.py::TestObservableDict::test_pop_existing_key_fires_removed_event PASSED [ 48%]
tests/test_observable_collections.py::TestObservableDict::test_pop_missing_key_with_default_returns_default_no_event PASSED [ 48%]
tests/test_observable_collections.py::TestObservableDict::test_pop_missing_key_without_default_raises_key_error PASSED [ 48%]
tests/test_observable_collections.py::TestObservableDict::test_setdefault_adds_missing_key_and_fires_event PASSED [ 48%]
tests/test_observable_collections.py::TestObservableDict::test_setdefault_existing_key_returns_existing_value_no_event PASSED [ 48%]
tests/test_observable_collections.py::TestObservableDict::test_setitem_existing_key_fires_replaced_event PASSED [ 48%]
tests/test_observable_collections.py::TestObservableDict::test_setitem_new_key_fires_added_event PASSED [ 48%]
tests/test_observable_collections.py::TestObservableDict::test_unsubscribe_stops_notifications PASSED [ 48%]
tests/test_observable_collections.py::TestObservableDict::test_update_fires_events_per_key PASSED [ 48%]
tests/test_observable_collections_and_command_history.py::TestObservableList::test_append_fires_added_event PASSED [ 48%]
tests/test_observable_collections_and_command_history.py::TestObservableList::test_clear_empty_list_does_not_fire PASSED [ 48%]
tests/test_observable_collections_and_command_history.py::TestObservableList::test_clear_fires_cleared PASSED [ 48%]
tests/test_observable_collections_and_command_history.py::TestObservableList::test_contains PASSED [ 48%]
tests/test_observable_collections_and_command_history.py::TestObservableList::test_extend_fires_one_event_per_item PASSED [ 48%]
tests/test_observable_collections_and_command_history.py::TestObservableList::test_getitem PASSED [ 48%]
tests/test_observable_collections_and_command_history.py::TestObservableList::test_index PASSED [ 48%]
tests/test_observable_collections_and_command_history.py::TestObservableList::test_initial_items_accessible PASSED [ 48%]
tests/test_observable_collections_and_command_history.py::TestObservableList::test_insert_fires_added_event PASSED [ 48%]
tests/test_observable_collections_and_command_history.py::TestObservableList::test_iter PASSED [ 48%]
tests/test_observable_collections_and_command_history.py::TestObservableList::test_len PASSED [ 48%]
tests/test_observable_collections_and_command_history.py::TestObservableList::test_move_item PASSED [ 48%]
tests/test_observable_collections_and_command_history.py::TestObservableList::test_move_out_of_range_raises PASSED [ 48%]
tests/test_observable_collections_and_command_history.py::TestObservableList::test_non_callable_listener_raises PASSED [ 48%]
tests/test_observable_collections_and_command_history.py::TestObservableList::test_remove_at_fires_removed_event PASSED [ 48%]
tests/test_observable_collections_and_command_history.py::TestObservableList::test_remove_by_value PASSED [ 48%]
tests/test_observable_collections_and_command_history.py::TestObservableList::test_remove_missing_returns_false PASSED [ 48%]
tests/test_observable_collections_and_command_history.py::TestObservableList::test_replace_fires_replaced_event PASSED [ 48%]
tests/test_observable_collections_and_command_history.py::TestObservableList::test_set_all_fires_clear_then_adds PASSED [ 48%]
tests/test_observable_collections_and_command_history.py::TestObservableList::test_setitem_triggers_replace PASSED [ 48%]
tests/test_observable_collections_and_command_history.py::TestObservableList::test_snapshot_returns_copy PASSED [ 48%]
tests/test_observable_collections_and_command_history.py::TestObservableList::test_sort_fires_cleared_then_added PASSED [ 48%]
tests/test_observable_collections_and_command_history.py::TestObservableList::test_unsubscribe_stops_notifications PASSED [ 48%]
tests/test_observable_collections_and_command_history.py::TestObservableDict::test_clear_fires_cleared PASSED [ 48%]
tests/test_observable_collections_and_command_history.py::TestObservableDict::test_delitem_fires_removed PASSED [ 48%]
tests/test_observable_collections_and_command_history.py::TestObservableDict::test_get_with_default PASSED [ 48%]
tests/test_observable_collections_and_command_history.py::TestObservableDict::test_getitem PASSED [ 48%]
tests/test_observable_collections_and_command_history.py::TestObservableDict::test_initial_keys_accessible PASSED [ 48%]
tests/test_observable_collections_and_command_history.py::TestObservableDict::test_iter_over_keys PASSED [ 48%]
tests/test_observable_collections_and_command_history.py::TestObservableDict::test_len PASSED [ 49%]
tests/test_observable_collections_and_command_history.py::TestObservableDict::test_pop_missing_with_default PASSED [ 49%]
tests/test_observable_collections_and_command_history.py::TestObservableDict::test_pop_missing_without_default_raises PASSED [ 49%]
tests/test_observable_collections_and_command_history.py::TestObservableDict::test_pop_removes_and_returns PASSED [ 49%]
tests/test_observable_collections_and_command_history.py::TestObservableDict::test_setdefault_adds_when_absent PASSED [ 49%]
tests/test_observable_collections_and_command_history.py::TestObservableDict::test_setdefault_does_not_overwrite PASSED [ 49%]
tests/test_observable_collections_and_command_history.py::TestObservableDict::test_setitem_existing_key_fires_replaced PASSED [ 49%]
tests/test_observable_collections_and_command_history.py::TestObservableDict::test_setitem_new_key_fires_added PASSED [ 49%]
tests/test_observable_collections_and_command_history.py::TestObservableDict::test_snapshot_returns_copy PASSED [ 49%]
tests/test_observable_collections_and_command_history.py::TestObservableDict::test_unsubscribe_stops_notifications PASSED [ 49%]
tests/test_observable_collections_and_command_history.py::TestObservableDict::test_update_fires_per_key PASSED [ 49%]
tests/test_observable_collections_and_command_history.py::TestCommandHistory::test_abort_transaction_without_open_raises PASSED [ 49%]
tests/test_observable_collections_and_command_history.py::TestCommandHistory::test_begin_transaction_while_open_raises PASSED [ 49%]
tests/test_observable_collections_and_command_history.py::TestCommandHistory::test_can_redo_false_when_empty PASSED [ 49%]
tests/test_observable_collections_and_command_history.py::TestCommandHistory::test_can_undo_false_when_empty PASSED [ 49%]
tests/test_observable_collections_and_command_history.py::TestCommandHistory::test_clear_empties_both_stacks PASSED [ 49%]
tests/test_observable_collections_and_command_history.py::TestCommandHistory::test_end_transaction_without_open_raises PASSED [ 49%]
tests/test_observable_collections_and_command_history.py::TestCommandHistory::test_max_size_limits_undo_stack PASSED [ 49%]
tests/test_observable_collections_and_command_history.py::TestCommandHistory::test_push_after_undo_clears_redo PASSED [ 49%]
tests/test_observable_collections_and_command_history.py::TestCommandHistory::test_push_enables_undo PASSED [ 49%]
tests/test_observable_collections_and_command_history.py::TestCommandHistory::test_push_executes_command PASSED [ 49%]
tests/test_observable_collections_and_command_history.py::TestCommandHistory::test_push_with_execute_false_does_not_run_command PASSED [ 49%]
tests/test_observable_collections_and_command_history.py::TestCommandHistory::test_redo_description PASSED [ 49%]
tests/test_observable_collections_and_command_history.py::TestCommandHistory::test_redo_re_executes_command PASSED [ 49%]
tests/test_observable_collections_and_command_history.py::TestCommandHistory::test_redo_returns_false_when_empty PASSED [ 49%]
tests/test_observable_collections_and_command_history.py::TestCommandHistory::test_redo_stack_size_after_undo PASSED [ 49%]
tests/test_observable_collections_and_command_history.py::TestCommandHistory::test_subscribe_fires_on_push PASSED [ 49%]
tests/test_observable_collections_and_command_history.py::TestCommandHistory::test_subscribe_fires_on_redo PASSED [ 49%]
tests/test_observable_collections_and_command_history.py::TestCommandHistory::test_subscribe_fires_on_undo PASSED [ 49%]
tests/test_observable_collections_and_command_history.py::TestCommandHistory::test_transaction_aborted_on_exception PASSED [ 49%]
tests/test_observable_collections_and_command_history.py::TestCommandHistory::test_transaction_context_manager PASSED [ 49%]
tests/test_observable_collections_and_command_history.py::TestCommandHistory::test_transaction_undo_reverses_all_commands PASSED [ 49%]
tests/test_observable_collections_and_command_history.py::TestCommandHistory::test_undo_description PASSED [ 49%]
tests/test_observable_collections_and_command_history.py::TestCommandHistory::test_undo_enables_redo PASSED [ 49%]
tests/test_observable_collections_and_command_history.py::TestCommandHistory::test_undo_returns_false_when_empty PASSED [ 49%]
tests/test_observable_collections_and_command_history.py::TestCommandHistory::test_undo_reverses_command PASSED [ 49%]
tests/test_observable_collections_and_command_history.py::TestCommandHistory::test_undo_stack_size PASSED [ 49%]
tests/test_observable_collections_and_command_history.py::TestCommandHistory::test_unsubscribe_stops_events PASSED [ 49%]
tests/test_observable_value_binding_invalidation.py::TestObservableValue::test_bound_feature_handler_auto_tracks_subscription_for_release PASSED [ 49%]
tests/test_observable_value_binding_invalidation.py::TestObservableValue::test_bound_feature_handler_tracks_into_runtime_scope_when_present PASSED [ 49%]
tests/test_observable_value_binding_invalidation.py::TestObservableValue::test_force_notify_fires_even_when_unchanged PASSED [ 49%]
tests/test_observable_value_binding_invalidation.py::TestObservableValue::test_initial_value PASSED [ 49%]
tests/test_observable_value_binding_invalidation.py::TestObservableValue::test_multiple_observers_all_notified PASSED [ 49%]
tests/test_observable_value_binding_invalidation.py::TestObservableValue::test_observer_count PASSED [ 49%]
tests/test_observable_value_binding_invalidation.py::TestObservableValue::test_set_same_value_does_not_notify PASSED [ 49%]
tests/test_observable_value_binding_invalidation.py::TestObservableValue::test_set_silently_does_not_notify PASSED [ 49%]
tests/test_observable_value_binding_invalidation.py::TestObservableValue::test_set_value_notifies_observer PASSED [ 50%]
tests/test_observable_value_binding_invalidation.py::TestObservableValue::test_unsubscribe_stops_notification PASSED [ 50%]
tests/test_observable_value_binding_invalidation.py::TestComputedValue::test_auto_tracked_deps_discovered PASSED [ 50%]
tests/test_observable_value_binding_invalidation.py::TestComputedValue::test_cached_value_not_recomputed_when_not_dirty PASSED [ 50%]
tests/test_observable_value_binding_invalidation.py::TestComputedValue::test_explicit_deps_registered PASSED [ 50%]
tests/test_observable_value_binding_invalidation.py::TestComputedValue::test_initial_value_computed_lazily PASSED [ 50%]
tests/test_observable_value_binding_invalidation.py::TestComputedValue::test_subscriber_notified_on_dep_change PASSED [ 50%]
tests/test_observable_value_binding_invalidation.py::TestComputedValue::test_unsubscribe_stops_notification PASSED [ 50%]
tests/test_observable_value_binding_invalidation.py::TestComputedValue::test_value_updates_when_dep_changes PASSED [ 50%]
tests/test_observable_value_binding_invalidation.py::TestPresentationModel::test_bind_registers_observer_and_receives_changes PASSED [ 50%]
tests/test_observable_value_binding_invalidation.py::TestPresentationModel::test_dispose_unsubscribes_all_bindings PASSED [ 50%]
tests/test_observable_value_binding_invalidation.py::TestBinding::test_dispose_restores_previous_control_callback PASSED [ 50%]
tests/test_observable_value_binding_invalidation.py::TestBinding::test_dispose_stops_model_to_control_updates PASSED [ 50%]
tests/test_observable_value_binding_invalidation.py::TestBinding::test_disposed_property PASSED [ 50%]
tests/test_observable_value_binding_invalidation.py::TestBinding::test_invalid_mode_raises PASSED [ 50%]
tests/test_observable_value_binding_invalidation.py::TestBinding::test_one_way_control_change_does_not_update_model PASSED [ 50%]
tests/test_observable_value_binding_invalidation.py::TestBinding::test_one_way_initial_value_applied PASSED [ 50%]
tests/test_observable_value_binding_invalidation.py::TestBinding::test_one_way_model_change_updates_control PASSED [ 50%]
tests/test_observable_value_binding_invalidation.py::TestBinding::test_sync_to_control_forces_resync PASSED [ 50%]
tests/test_observable_value_binding_invalidation.py::TestBinding::test_to_control_converter_applied PASSED [ 50%]
tests/test_observable_value_binding_invalidation.py::TestBinding::test_to_source_converter_applied PASSED [ 50%]
tests/test_observable_value_binding_invalidation.py::TestBinding::test_two_way_control_change_updates_model PASSED [ 50%]
tests/test_observable_value_binding_invalidation.py::TestBinding::test_two_way_model_change_updates_control PASSED [ 50%]
tests/test_observable_value_binding_invalidation.py::TestBinding::test_two_way_no_infinite_loop PASSED [ 50%]
tests/test_observable_value_binding_invalidation.py::TestBinding::test_two_way_without_signal_raises PASSED [ 50%]
tests/test_observable_value_binding_invalidation.py::TestBindingGroup::test_add_returns_binding PASSED [ 50%]
tests/test_observable_value_binding_invalidation.py::TestBindingGroup::test_dispose_clears_group PASSED [ 50%]
tests/test_observable_value_binding_invalidation.py::TestBindingGroup::test_dispose_stops_all_bindings PASSED [ 50%]
tests/test_observable_value_binding_invalidation.py::TestBindingGroup::test_len_reflects_count PASSED [ 50%]
tests/test_observable_value_binding_invalidation.py::TestBindingGroup::test_sync_all_to_control PASSED [ 50%]
tests/test_observable_value_binding_invalidation.py::TestInvalidationTracker::test_end_frame_clears_dirty_state PASSED [ 50%]
tests/test_observable_value_binding_invalidation.py::TestInvalidationTracker::test_initially_full_redraw PASSED [ 50%]
tests/test_observable_value_binding_invalidation.py::TestInvalidationTracker::test_invalidate_all_sets_full_redraw PASSED [ 50%]
tests/test_observable_value_binding_invalidation.py::TestInvalidationTracker::test_invalidate_rect_covering_full_screen_promotes_to_full_redraw PASSED [ 50%]
tests/test_observable_value_binding_invalidation.py::TestInvalidationTracker::test_invalidate_rect_tracks_dirty_region PASSED [ 50%]
tests/test_observable_value_binding_invalidation.py::TestInvalidationTracker::test_merge_dirty_rects_empty_returns_empty PASSED [ 50%]
tests/test_observable_value_binding_invalidation.py::TestInvalidationTracker::test_merge_dirty_rects_keeps_non_overlapping_separate PASSED [ 50%]
tests/test_observable_value_binding_invalidation.py::TestInvalidationTracker::test_merge_dirty_rects_unions_overlapping PASSED [ 50%]
tests/test_observable_value_binding_invalidation.py::TestInvalidationTracker::test_multiple_rects_accumulated PASSED [ 50%]
tests/test_offscreen_backend.py::TestCreateSurface::test_returns_surface_without_display PASSED [ 50%]
tests/test_offscreen_backend.py::TestCreateSurface::test_supports_per_pixel_alpha PASSED [ 50%]
tests/test_offscreen_backend.py::TestOffscreenRenderTarget::test_blit PASSED [ 50%]
tests/test_offscreen_backend.py::TestOffscreenRenderTarget::test_fill_sets_pixels PASSED [ 50%]
tests/test_offscreen_backend.py::TestOffscreenRenderTarget::test_fill_with_rect PASSED [ 50%]
tests/test_offscreen_backend.py::TestOffscreenRenderTarget::test_flip_is_noop PASSED [ 50%]
tests/test_offscreen_backend.py::TestOffscreenRenderTarget::test_satisfies_render_target_protocol PASSED [ 50%]
tests/test_offscreen_backend.py::TestOffscreenRenderTarget::test_size PASSED [ 51%]
tests/test_offscreen_backend.py::TestOffscreenRenderTarget::test_surface_is_pygame_surface PASSED [ 51%]
tests/test_offscreen_backend.py::TestOffscreenRenderTarget::test_to_png_bytes_returns_bytes PASSED [ 51%]
tests/test_offscreen_backend.py::TestCreateRenderTarget::test_exports_from_gui_do PASSED [ 51%]
tests/test_offscreen_backend.py::TestCreateRenderTarget::test_returns_offscreen_when_no_display PASSED [ 51%]
tests/test_package_contracts_docs.py::TestPackageContractsDocs::test_package_contracts_declares_named_import_policy PASSED [ 51%]
tests/test_package_contracts_docs.py::TestPackageContractsDocs::test_package_contracts_includes_unittest_and_pytest_commands PASSED [ 51%]
tests/test_package_contracts_docs.py::TestPackageContractsDocs::test_package_contracts_lists_expected_architecture_docs PASSED [ 51%]
tests/test_package_contracts_public_api.py::TestPackageContractsPublicAPI::test_all_documented_gui_root_symbols_resolve PASSED [ 51%]
tests/test_package_contracts_public_api.py::TestPackageContractsPublicAPI::test_documented_gui_import_block_has_no_duplicates PASSED [ 51%]
tests/test_package_contracts_public_api.py::TestPackageContractsPublicAPI::test_package_contracts_contains_public_import_block PASSED [ 51%]
tests/test_particle_system_and_tile_map.py::TestParticleSystemEmitterManagement::test_add_duplicate_emitter_ignored PASSED [ 51%]
tests/test_particle_system_and_tile_map.py::TestParticleSystemEmitterManagement::test_add_emitter PASSED [ 51%]
tests/test_particle_system_and_tile_map.py::TestParticleSystemEmitterManagement::test_clear_removes_emitters PASSED [ 51%]
tests/test_particle_system_and_tile_map.py::TestParticleSystemEmitterManagement::test_initially_no_emitters PASSED [ 51%]
tests/test_particle_system_and_tile_map.py::TestParticleSystemEmitterManagement::test_remove_emitter PASSED [ 51%]
tests/test_particle_system_and_tile_map.py::TestParticleSystemEmitterManagement::test_remove_missing_emitter_no_error PASSED [ 51%]
tests/test_particle_system_and_tile_map.py::TestParticleSystemBurstSimulation::test_burst_only_fires_once PASSED [ 51%]
tests/test_particle_system_and_tile_map.py::TestParticleSystemBurstSimulation::test_burst_spawns_particles_on_update PASSED [ 51%]
tests/test_particle_system_and_tile_map.py::TestParticleSystemBurstSimulation::test_clear_kills_all_particles PASSED [ 51%]
tests/test_particle_system_and_tile_map.py::TestParticleSystemBurstSimulation::test_gravity_applied_to_vy PASSED [ 51%]
tests/test_particle_system_and_tile_map.py::TestParticleSystemBurstSimulation::test_initially_no_active_particles PASSED [ 51%]
tests/test_particle_system_and_tile_map.py::TestParticleSystemBurstSimulation::test_manual_burst_adds_particles PASSED [ 51%]
tests/test_particle_system_and_tile_map.py::TestParticleSystemBurstSimulation::test_max_particles_cap PASSED [ 51%]
tests/test_particle_system_and_tile_map.py::TestParticleSystemBurstSimulation::test_particles_expire_over_time PASSED [ 51%]
tests/test_particle_system_and_tile_map.py::TestParticleSystemRateEmission::test_inactive_emitter_emits_nothing PASSED [ 51%]
tests/test_particle_system_and_tile_map.py::TestParticleSystemRateEmission::test_rate_emitter_spawns_particles_over_time PASSED [ 51%]
tests/test_particle_system_and_tile_map.py::TestTileSet::test_invalid_tile_size_raises PASSED [ 51%]
tests/test_particle_system_and_tile_map.py::TestTileSet::test_tile_count PASSED [ 51%]
tests/test_particle_system_and_tile_map.py::TestTileSet::test_tile_surface_cached PASSED [ 51%]
tests/test_particle_system_and_tile_map.py::TestTileSet::test_tile_surface_last_valid_id PASSED [ 51%]
tests/test_particle_system_and_tile_map.py::TestTileSet::test_tile_surface_negative_raises PASSED [ 51%]
tests/test_particle_system_and_tile_map.py::TestTileSet::test_tile_surface_out_of_range_raises PASSED [ 51%]
tests/test_particle_system_and_tile_map.py::TestTileSet::test_tile_surface_valid_id PASSED [ 51%]
tests/test_particle_system_and_tile_map.py::TestTileSet::test_tile_w_and_h PASSED [ 51%]
tests/test_particle_system_and_tile_map.py::TestTileMapProperties::test_cols PASSED [ 51%]
tests/test_particle_system_and_tile_map.py::TestTileMapProperties::test_invalid_cols_raises PASSED [ 51%]
tests/test_particle_system_and_tile_map.py::TestTileMapProperties::test_invalid_tile_size_raises PASSED [ 51%]
tests/test_particle_system_and_tile_map.py::TestTileMapProperties::test_pixel_height PASSED [ 51%]
tests/test_particle_system_and_tile_map.py::TestTileMapProperties::test_pixel_width PASSED [ 51%]
tests/test_particle_system_and_tile_map.py::TestTileMapProperties::test_rows PASSED [ 51%]
tests/test_particle_system_and_tile_map.py::TestTileMapProperties::test_tile_h PASSED [ 51%]
tests/test_particle_system_and_tile_map.py::TestTileMapProperties::test_tile_w PASSED [ 51%]
tests/test_particle_system_and_tile_map.py::TestTileMapTileAccess::test_clear_resets_all PASSED [ 51%]
tests/test_particle_system_and_tile_map.py::TestTileMapTileAccess::test_fill_rect PASSED [ 51%]
tests/test_particle_system_and_tile_map.py::TestTileMapTileAccess::test_fill_sets_all PASSED [ 52%]
tests/test_particle_system_and_tile_map.py::TestTileMapTileAccess::test_initially_all_empty PASSED [ 52%]
tests/test_particle_system_and_tile_map.py::TestTileMapTileAccess::test_set_tile PASSED [ 52%]
tests/test_particle_system_and_tile_map.py::TestTileMapTileAccess::test_set_tile_out_of_bounds_ignored PASSED [ 52%]
tests/test_particle_system_and_tile_map.py::TestTileMapTileAccess::test_tile_at_out_of_bounds_returns_none PASSED [ 52%]
tests/test_particle_system_and_tile_map.py::TestTileMapCoordinates::test_tile_to_world PASSED [ 52%]
tests/test_particle_system_and_tile_map.py::TestTileMapCoordinates::test_tile_to_world_origin PASSED [ 52%]
tests/test_particle_system_and_tile_map.py::TestTileMapCoordinates::test_world_to_tile_inside PASSED [ 52%]
tests/test_particle_system_and_tile_map.py::TestTileMapCoordinates::test_world_to_tile_origin PASSED [ 52%]
tests/test_particle_system_and_tile_map.py::TestTileMapCoordinates::test_world_to_tile_partial PASSED [ 52%]
tests/test_particle_system_and_tile_map.py::TestTileMapVisibleRange::test_camera_aligned_to_tile_boundary PASSED [ 52%]
tests/test_particle_system_and_tile_map.py::TestTileMapVisibleRange::test_camera_clamps_to_grid_bounds PASSED [ 52%]
tests/test_particle_system_and_tile_map.py::TestTileMapVisibleRange::test_full_camera_covers_all PASSED [ 52%]
tests/test_particle_system_and_tile_map.py::TestTileMapDirtyTiles::test_empty_map_yields_nothing PASSED [ 52%]
tests/test_particle_system_and_tile_map.py::TestTileMapDirtyTiles::test_filled_map_yields_all_tiles PASSED [ 52%]
tests/test_particle_system_and_tile_map.py::TestTileMapDirtyTiles::test_single_tile_yields_one_rect PASSED [ 52%]
tests/test_pointer_capture_scene_transition_style.py::TestSceneTransitionStyle::test_fade_value PASSED [ 52%]
tests/test_pointer_capture_scene_transition_style.py::TestSceneTransitionStyle::test_none_value PASSED [ 52%]
tests/test_pointer_capture_scene_transition_style.py::TestSceneTransitionStyle::test_slide_down PASSED [ 52%]
tests/test_pointer_capture_scene_transition_style.py::TestSceneTransitionStyle::test_slide_left PASSED [ 52%]
tests/test_pointer_capture_scene_transition_style.py::TestSceneTransitionStyle::test_slide_right PASSED [ 52%]
tests/test_pointer_capture_scene_transition_style.py::TestSceneTransitionStyle::test_slide_up PASSED [ 52%]
tests/test_pointer_capture_scene_transition_style.py::TestPointerCaptureInitial::test_is_active_false PASSED [ 52%]
tests/test_pointer_capture_scene_transition_style.py::TestPointerCaptureInitial::test_lock_rect_none PASSED [ 52%]
tests/test_pointer_capture_scene_transition_style.py::TestPointerCaptureInitial::test_owner_id_none PASSED [ 52%]
tests/test_pointer_capture_scene_transition_style.py::TestPointerCaptureInitial::test_use_relative_motion_false PASSED [ 52%]
tests/test_pointer_capture_scene_transition_style.py::TestPointerCaptureBeginEnd::test_begin_relative_motion PASSED [ 52%]
tests/test_pointer_capture_scene_transition_style.py::TestPointerCaptureBeginEnd::test_begin_sets_is_active PASSED [ 52%]
tests/test_pointer_capture_scene_transition_style.py::TestPointerCaptureBeginEnd::test_begin_sets_owner PASSED [ 52%]
tests/test_pointer_capture_scene_transition_style.py::TestPointerCaptureBeginEnd::test_begin_stores_rect PASSED [ 52%]
tests/test_pointer_capture_scene_transition_style.py::TestPointerCaptureBeginEnd::test_end_clears_owner PASSED [ 52%]
tests/test_pointer_capture_scene_transition_style.py::TestPointerCaptureBeginEnd::test_end_wrong_owner_no_effect PASSED [ 52%]
tests/test_pointer_capture_scene_transition_style.py::TestPointerCaptureBeginEnd::test_is_owned_by_false PASSED [ 52%]
tests/test_pointer_capture_scene_transition_style.py::TestPointerCaptureBeginEnd::test_is_owned_by_true PASSED [ 52%]
tests/test_pointer_capture_scene_transition_style.py::TestPointerCaptureForceRelease::test_force_release_clears PASSED [ 52%]
tests/test_pointer_capture_scene_transition_style.py::TestPointerCaptureForceRelease::test_force_release_returns_owner PASSED [ 52%]
tests/test_pointer_capture_scene_transition_style.py::TestPointerCaptureForceRelease::test_force_release_when_idle_returns_none PASSED [ 52%]
tests/test_pointer_capture_scene_transition_style.py::TestPointerCaptureClamp::test_clamp_above_max_x PASSED [ 52%]
tests/test_pointer_capture_scene_transition_style.py::TestPointerCaptureClamp::test_clamp_above_max_y PASSED [ 52%]
tests/test_pointer_capture_scene_transition_style.py::TestPointerCaptureClamp::test_clamp_below_min_x PASSED [ 52%]
tests/test_pointer_capture_scene_transition_style.py::TestPointerCaptureClamp::test_clamp_inside_rect PASSED [ 52%]
tests/test_pointer_capture_scene_transition_style.py::TestPointerCaptureClamp::test_clamp_no_lock_rect_passthrough PASSED [ 52%]
tests/test_popup_notification.py::TestSideEnum::test_members PASSED      [ 52%]
tests/test_popup_notification.py::TestAlignmentEnum::test_members PASSED [ 52%]
tests/test_popup_notification.py::TestComputePopupRect::test_offset_applied_below PASSED [ 52%]
tests/test_popup_notification.py::TestComputePopupRect::test_place_above PASSED [ 52%]
tests/test_popup_notification.py::TestComputePopupRect::test_place_below PASSED [ 53%]
tests/test_popup_notification.py::TestComputePopupRect::test_place_left PASSED [ 53%]
tests/test_popup_notification.py::TestComputePopupRect::test_place_right PASSED [ 53%]
tests/test_popup_notification.py::TestComputePopupRect::test_placement_result_type PASSED [ 53%]
tests/test_popup_notification.py::TestComputePopupRect::test_popup_stays_in_screen PASSED [ 53%]
tests/test_popup_notification.py::TestComputePopupRect::test_was_not_flipped_when_fits PASSED [ 53%]
tests/test_popup_notification.py::TestPopupPlacement::test_compute_delegates PASSED [ 53%]
tests/test_popup_notification.py::TestPopupPlacement::test_defaults PASSED [ 53%]
tests/test_popup_notification.py::TestNotificationCenterInitial::test_empty_records PASSED [ 53%]
tests/test_popup_notification.py::TestNotificationCenterInitial::test_unread_count_zero PASSED [ 53%]
tests/test_popup_notification.py::TestNotificationCenterAdd::test_add_inserts_record PASSED [ 53%]
tests/test_popup_notification.py::TestNotificationCenterAdd::test_clear PASSED [ 53%]
tests/test_popup_notification.py::TestNotificationCenterAdd::test_mark_all_read PASSED [ 53%]
tests/test_popup_notification.py::TestNotificationCenterAdd::test_mark_read_single PASSED [ 53%]
tests/test_popup_notification.py::TestNotificationCenterAdd::test_max_records_respected PASSED [ 53%]
tests/test_popup_notification.py::TestNotificationCenterAdd::test_records_newest_first PASSED [ 53%]
tests/test_popup_notification.py::TestNotificationCenterAdd::test_records_observable_updates PASSED [ 53%]
tests/test_popup_notification.py::TestNotificationCenterAdd::test_unread_count_increments PASSED [ 53%]
tests/test_popup_placement.py::TestSide::test_values PASSED              [ 53%]
tests/test_popup_placement.py::TestAlignment::test_values PASSED         [ 53%]
tests/test_popup_placement.py::TestPlacementResult::test_custom_flags PASSED [ 53%]
tests/test_popup_placement.py::TestPlacementResult::test_fields_stored PASSED [ 53%]
tests/test_popup_placement.py::TestPlacementResult::test_flags_default_false PASSED [ 53%]
tests/test_popup_placement.py::TestPopupPlacementDefaults::test_default_alignment PASSED [ 53%]
tests/test_popup_placement.py::TestPopupPlacementDefaults::test_default_flip_axes PASSED [ 53%]
tests/test_popup_placement.py::TestPopupPlacementDefaults::test_default_offset PASSED [ 53%]
tests/test_popup_placement.py::TestPopupPlacementDefaults::test_default_side PASSED [ 53%]
tests/test_popup_placement.py::TestComputePopupRectBasic::test_above_anchor PASSED [ 53%]
tests/test_popup_placement.py::TestComputePopupRectBasic::test_below_anchor PASSED [ 53%]
tests/test_popup_placement.py::TestComputePopupRectBasic::test_flips_when_overflow_bottom PASSED [ 53%]
tests/test_popup_placement.py::TestComputePopupRectBasic::test_left_of_anchor PASSED [ 53%]
tests/test_popup_placement.py::TestComputePopupRectBasic::test_offset_applied PASSED [ 53%]
tests/test_popup_placement.py::TestComputePopupRectBasic::test_popup_placement_compute_delegates PASSED [ 53%]
tests/test_popup_placement.py::TestComputePopupRectBasic::test_result_inside_screen_bounds PASSED [ 53%]
tests/test_popup_placement.py::TestComputePopupRectBasic::test_right_of_anchor PASSED [ 53%]
tests/test_progress_bar_spinner_toggle_label_button.py::TestProgressBarControlInitial::test_default_not_indeterminate PASSED [ 53%]
tests/test_progress_bar_spinner_toggle_label_button.py::TestProgressBarControlInitial::test_default_orientation_horizontal PASSED [ 53%]
tests/test_progress_bar_spinner_toggle_label_button.py::TestProgressBarControlInitial::test_default_value_zero PASSED [ 53%]
tests/test_progress_bar_spinner_toggle_label_button.py::TestProgressBarControlInitial::test_indeterminate_stored PASSED [ 53%]
tests/test_progress_bar_spinner_toggle_label_button.py::TestProgressBarControlInitial::test_initial_value_stored PASSED [ 53%]
tests/test_progress_bar_spinner_toggle_label_button.py::TestProgressBarControlInitial::test_invalid_orientation_raises PASSED [ 53%]
tests/test_progress_bar_spinner_toggle_label_button.py::TestProgressBarControlInitial::test_value_clamped_high PASSED [ 53%]
tests/test_progress_bar_spinner_toggle_label_button.py::TestProgressBarControlInitial::test_value_clamped_low PASSED [ 53%]
tests/test_progress_bar_spinner_toggle_label_button.py::TestProgressBarControlInitial::test_vertical_orientation PASSED [ 53%]
tests/test_progress_bar_spinner_toggle_label_button.py::TestProgressBarControlValueSetter::test_set_same_value_no_error PASSED [ 53%]
tests/test_progress_bar_spinner_toggle_label_button.py::TestProgressBarControlValueSetter::test_set_value_clamped_above_one PASSED [ 54%]
tests/test_progress_bar_spinner_toggle_label_button.py::TestProgressBarControlValueSetter::test_set_value_clamped_below_zero PASSED [ 54%]
tests/test_progress_bar_spinner_toggle_label_button.py::TestProgressBarControlValueSetter::test_set_value_in_range PASSED [ 54%]
tests/test_progress_bar_spinner_toggle_label_button.py::TestProgressBarControlIndeterminate::test_clear_indeterminate PASSED [ 54%]
tests/test_progress_bar_spinner_toggle_label_button.py::TestProgressBarControlIndeterminate::test_marquee_pos_wraps PASSED [ 54%]
tests/test_progress_bar_spinner_toggle_label_button.py::TestProgressBarControlIndeterminate::test_set_indeterminate PASSED [ 54%]
tests/test_progress_bar_spinner_toggle_label_button.py::TestProgressBarControlIndeterminate::test_tick_advances_marquee_pos_in_indeterminate_mode PASSED [ 54%]
tests/test_progress_bar_spinner_toggle_label_button.py::TestProgressBarControlIndeterminate::test_tick_no_op_in_determinate_mode PASSED [ 54%]
tests/test_progress_bar_spinner_toggle_label_button.py::TestProgressBarControlBindTo::test_accepts_mouse_focus_false PASSED [ 54%]
tests/test_progress_bar_spinner_toggle_label_button.py::TestProgressBarControlBindTo::test_bind_to_replaces_previous_binding PASSED [ 54%]
tests/test_progress_bar_spinner_toggle_label_button.py::TestProgressBarControlBindTo::test_bind_to_returns_unsub PASSED [ 54%]
tests/test_progress_bar_spinner_toggle_label_button.py::TestProgressBarControlBindTo::test_bind_to_sets_initial_value PASSED [ 54%]
tests/test_progress_bar_spinner_toggle_label_button.py::TestProgressBarControlBindTo::test_bind_to_unsub_stops_updates PASSED [ 54%]
tests/test_progress_bar_spinner_toggle_label_button.py::TestProgressBarControlBindTo::test_bind_to_updates_on_change PASSED [ 54%]
tests/test_progress_bar_spinner_toggle_label_button.py::TestSpinnerControlInitial::test_default_value_zero PASSED [ 54%]
tests/test_progress_bar_spinner_toggle_label_button.py::TestSpinnerControlInitial::test_float_mode_decimals PASSED [ 54%]
tests/test_progress_bar_spinner_toggle_label_button.py::TestSpinnerControlInitial::test_initial_value_stored PASSED [ 54%]
tests/test_progress_bar_spinner_toggle_label_button.py::TestSpinnerControlInitial::test_integer_mode_rounds PASSED [ 54%]
tests/test_progress_bar_spinner_toggle_label_button.py::TestSpinnerControlInitial::test_value_clamped_to_max PASSED [ 54%]
tests/test_progress_bar_spinner_toggle_label_button.py::TestSpinnerControlInitial::test_value_clamped_to_min PASSED [ 54%]
tests/test_progress_bar_spinner_toggle_label_button.py::TestSpinnerControlIncrementDecrement::test_decrement_by_step PASSED [ 54%]
tests/test_progress_bar_spinner_toggle_label_button.py::TestSpinnerControlIncrementDecrement::test_decrement_clamped_to_min PASSED [ 54%]
tests/test_progress_bar_spinner_toggle_label_button.py::TestSpinnerControlIncrementDecrement::test_decrement_fires_on_change PASSED [ 54%]
tests/test_progress_bar_spinner_toggle_label_button.py::TestSpinnerControlIncrementDecrement::test_increment_by_step PASSED [ 54%]
tests/test_progress_bar_spinner_toggle_label_button.py::TestSpinnerControlIncrementDecrement::test_increment_clamped_to_max PASSED [ 54%]
tests/test_progress_bar_spinner_toggle_label_button.py::TestSpinnerControlIncrementDecrement::test_increment_fires_on_change PASSED [ 54%]
tests/test_progress_bar_spinner_toggle_label_button.py::TestSpinnerControlIncrementDecrement::test_no_change_no_callback PASSED [ 54%]
tests/test_progress_bar_spinner_toggle_label_button.py::TestSpinnerControlSetValue::test_set_value_no_callback PASSED [ 54%]
tests/test_progress_bar_spinner_toggle_label_button.py::TestSpinnerControlSetValue::test_value_setter_clamped PASSED [ 54%]
tests/test_progress_bar_spinner_toggle_label_button.py::TestSpinnerControlFloatMode::test_accepts_focus_when_visible_enabled PASSED [ 54%]
tests/test_progress_bar_spinner_toggle_label_button.py::TestSpinnerControlFloatMode::test_float_clamp PASSED [ 54%]
tests/test_progress_bar_spinner_toggle_label_button.py::TestSpinnerControlFloatMode::test_float_step PASSED [ 54%]
tests/test_progress_bar_spinner_toggle_label_button.py::TestSpinnerControlFloatMode::test_not_accepts_focus_when_disabled PASSED [ 54%]
tests/test_progress_bar_spinner_toggle_label_button.py::TestToggleControlInitial::test_initial_pushed_false PASSED [ 54%]
tests/test_progress_bar_spinner_toggle_label_button.py::TestToggleControlInitial::test_initial_pushed_true PASSED [ 54%]
tests/test_progress_bar_spinner_toggle_label_button.py::TestToggleControlInitial::test_text_off_defaults_to_text_on PASSED [ 54%]
tests/test_progress_bar_spinner_toggle_label_button.py::TestToggleControlInitial::test_text_on_and_off_different PASSED [ 54%]
tests/test_progress_bar_spinner_toggle_label_button.py::TestToggleControlPushedSetter::test_set_pushed_false PASSED [ 54%]
tests/test_progress_bar_spinner_toggle_label_button.py::TestToggleControlPushedSetter::test_set_pushed_true PASSED [ 54%]
tests/test_progress_bar_spinner_toggle_label_button.py::TestToggleControlPushedSetter::test_set_same_value_idempotent PASSED [ 54%]
tests/test_progress_bar_spinner_toggle_label_button.py::TestToggleControlCommitToggle::test_commit_toggle_fires_callback PASSED [ 54%]
tests/test_progress_bar_spinner_toggle_label_button.py::TestToggleControlCommitToggle::test_commit_toggle_flips_state PASSED [ 54%]
tests/test_progress_bar_spinner_toggle_label_button.py::TestToggleControlCommitToggle::test_commit_toggle_no_callback_no_error PASSED [ 54%]
tests/test_progress_bar_spinner_toggle_label_button.py::TestToggleControlCommitToggle::test_set_on_toggle_callable PASSED [ 54%]
tests/test_progress_bar_spinner_toggle_label_button.py::TestToggleControlCommitToggle::test_set_on_toggle_non_callable_raises PASSED [ 54%]
tests/test_progress_bar_spinner_toggle_label_button.py::TestToggleControlCommitToggle::test_set_on_toggle_none_clears PASSED [ 54%]
tests/test_progress_bar_spinner_toggle_label_button.py::TestToggleControlStateCapture::test_capture_state PASSED [ 55%]
tests/test_progress_bar_spinner_toggle_label_button.py::TestToggleControlStateCapture::test_restore_state PASSED [ 55%]
tests/test_progress_bar_spinner_toggle_label_button.py::TestToggleControlStateCapture::test_restore_state_missing_key_no_error PASSED [ 55%]
tests/test_progress_bar_spinner_toggle_label_button.py::TestLabelControlInitial::test_accepts_mouse_focus_false PASSED [ 55%]
tests/test_progress_bar_spinner_toggle_label_button.py::TestLabelControlInitial::test_center_align PASSED [ 55%]
tests/test_progress_bar_spinner_toggle_label_button.py::TestLabelControlInitial::test_default_align_left PASSED [ 55%]
tests/test_progress_bar_spinner_toggle_label_button.py::TestLabelControlInitial::test_invalid_align_raises PASSED [ 55%]
tests/test_progress_bar_spinner_toggle_label_button.py::TestLabelControlInitial::test_right_align PASSED [ 55%]
tests/test_progress_bar_spinner_toggle_label_button.py::TestLabelControlInitial::test_text_stored PASSED [ 55%]
tests/test_progress_bar_spinner_toggle_label_button.py::TestLabelControlTextSetter::test_set_same_text_idempotent PASSED [ 55%]
tests/test_progress_bar_spinner_toggle_label_button.py::TestLabelControlTextSetter::test_set_text PASSED [ 55%]
tests/test_progress_bar_spinner_toggle_label_button.py::TestLabelControlFontRole::test_default_font_role_body PASSED [ 55%]
tests/test_progress_bar_spinner_toggle_label_button.py::TestLabelControlFontRole::test_font_size_clamped_to_one PASSED [ 55%]
tests/test_progress_bar_spinner_toggle_label_button.py::TestLabelControlFontRole::test_set_font_role PASSED [ 55%]
tests/test_progress_bar_spinner_toggle_label_button.py::TestLabelControlFontRole::test_set_font_role_empty_raises PASSED [ 55%]
tests/test_progress_bar_spinner_toggle_label_button.py::TestLabelControlFontRole::test_set_font_size PASSED [ 55%]
tests/test_progress_bar_spinner_toggle_label_button.py::TestLabelControlAlignSetter::test_set_align_center PASSED [ 55%]
tests/test_progress_bar_spinner_toggle_label_button.py::TestLabelControlAlignSetter::test_set_invalid_align_raises PASSED [ 55%]
tests/test_progress_bar_spinner_toggle_label_button.py::TestButtonControlSetOnClick::test_initial_on_click_fires PASSED [ 55%]
tests/test_progress_bar_spinner_toggle_label_button.py::TestButtonControlSetOnClick::test_set_on_click_callable PASSED [ 55%]
tests/test_progress_bar_spinner_toggle_label_button.py::TestButtonControlSetOnClick::test_set_on_click_non_callable_raises PASSED [ 55%]
tests/test_progress_bar_spinner_toggle_label_button.py::TestButtonControlSetOnClick::test_set_on_click_none_clears PASSED [ 55%]
tests/test_progress_bar_spinner_toggle_label_button.py::TestButtonControlSetOnClick::test_style_stored PASSED [ 55%]
tests/test_property_registry.py::TestPropertyDescriptor::test_custom_fields PASSED [ 55%]
tests/test_property_registry.py::TestPropertyDescriptor::test_defaults PASSED [ 55%]
tests/test_property_registry.py::TestPropertyDescriptor::test_required_fields PASSED [ 55%]
tests/test_property_registry.py::TestUiPropertyDecorator::test_attaches_metadata_to_function PASSED [ 55%]
tests/test_property_registry.py::TestUiPropertyDecorator::test_defaults_in_metadata PASSED [ 55%]
tests/test_property_registry.py::TestPropertyRegistry::test_all_classes_returns_registered PASSED [ 55%]
tests/test_property_registry.py::TestPropertyRegistry::test_clear_resets_registry PASSED [ 55%]
tests/test_property_registry.py::TestPropertyRegistry::test_descriptor_metadata_correct PASSED [ 55%]
tests/test_property_registry.py::TestPropertyRegistry::test_descriptors_for_empty_class PASSED [ 55%]
tests/test_property_registry.py::TestPropertyRegistry::test_descriptors_for_instance PASSED [ 55%]
tests/test_property_registry.py::TestPropertyRegistry::test_descriptors_for_single_property PASSED [ 55%]
tests/test_property_registry.py::TestPropertyRegistry::test_inherits_parent_descriptors PASSED [ 55%]
tests/test_property_registry.py::TestPropertyRegistry::test_manual_register PASSED [ 55%]
tests/test_public_api_docs_contracts.py::TestPublicAPIDocsContracts::test_public_api_spec_declares_named_import_contract PASSED [ 55%]
tests/test_public_api_docs_contracts.py::TestPublicAPIDocsContracts::test_public_api_spec_includes_strict_contract_language PASSED [ 55%]
tests/test_public_api_docs_contracts.py::TestPublicAPIDocsContracts::test_public_api_spec_lists_telemetry_exports PASSED [ 55%]
tests/test_public_api_exports.py::TestPublicAPIExports::test_selected_functional_exports_are_callable PASSED [ 55%]
tests/test_public_api_exports.py::TestPublicAPIExports::test_selected_runtime_symbols_exist PASSED [ 55%]
tests/test_pure_data_classes.py::TestToastSeverity::test_members_exist PASSED [ 55%]
tests/test_pure_data_classes.py::TestToastSeverity::test_unique_values PASSED [ 55%]
tests/test_pure_data_classes.py::TestNotificationRecord::test_custom_fields PASSED [ 55%]
tests/test_pure_data_classes.py::TestNotificationRecord::test_defaults PASSED [ 55%]
tests/test_pure_data_classes.py::TestNotificationRecord::test_message_stored PASSED [ 56%]
tests/test_pure_data_classes.py::TestNotificationRecord::test_read_is_mutable PASSED [ 56%]
tests/test_pure_data_classes.py::TestNotificationRecord::test_timestamp_is_string PASSED [ 56%]
tests/test_pure_data_classes.py::TestAnimationTransitionMode::test_complete_then_transition_value PASSED [ 56%]
tests/test_pure_data_classes.py::TestAnimationTransitionMode::test_interrupt_value PASSED [ 56%]
tests/test_pure_data_classes.py::TestAnimationTransitionMode::test_reverse_then_transition_value PASSED [ 56%]
tests/test_pure_data_classes.py::TestAnimationTransitionMode::test_three_members PASSED [ 56%]
tests/test_pure_data_classes.py::TestTaskSchedulerRecommendedWorkerCount::test_custom_logical_cpus PASSED [ 56%]
tests/test_pure_data_classes.py::TestTaskSchedulerRecommendedWorkerCount::test_minimum_one PASSED [ 56%]
tests/test_pure_data_classes.py::TestTaskSchedulerRecommendedWorkerCount::test_respects_cap PASSED [ 56%]
tests/test_pure_data_classes.py::TestTaskSchedulerRecommendedWorkerCount::test_respects_reserve_for_ui PASSED [ 56%]
tests/test_pure_data_classes.py::TestTaskSchedulerRecommendedWorkerCount::test_returns_positive_int PASSED [ 56%]
tests/test_rate_limiter_and_data_cache.py::TestDebouncer::test_call_registers_timer PASSED [ 56%]
tests/test_rate_limiter_and_data_cache.py::TestDebouncer::test_callback_invoked_when_timer_fires PASSED [ 56%]
tests/test_rate_limiter_and_data_cache.py::TestDebouncer::test_callback_not_invoked_until_timer_fires PASSED [ 56%]
tests/test_rate_limiter_and_data_cache.py::TestDebouncer::test_callback_receives_kwargs PASSED [ 56%]
tests/test_rate_limiter_and_data_cache.py::TestDebouncer::test_cancel_clears_pending_and_removes_timer PASSED [ 56%]
tests/test_rate_limiter_and_data_cache.py::TestDebouncer::test_cancel_on_idle_debouncer_is_noop PASSED [ 56%]
tests/test_rate_limiter_and_data_cache.py::TestDebouncer::test_flush_fires_immediately_and_clears_timer PASSED [ 56%]
tests/test_rate_limiter_and_data_cache.py::TestDebouncer::test_flush_on_idle_debouncer_is_noop PASSED [ 56%]
tests/test_rate_limiter_and_data_cache.py::TestDebouncer::test_invalid_delay_raises PASSED [ 56%]
tests/test_rate_limiter_and_data_cache.py::TestDebouncer::test_is_pending_false_after_timer_fires PASSED [ 56%]
tests/test_rate_limiter_and_data_cache.py::TestDebouncer::test_is_pending_true_after_call PASSED [ 56%]
tests/test_rate_limiter_and_data_cache.py::TestDebouncer::test_non_callable_callback_raises PASSED [ 56%]
tests/test_rate_limiter_and_data_cache.py::TestDebouncer::test_subsequent_calls_reset_timer PASSED [ 56%]
tests/test_rate_limiter_and_data_cache.py::TestThrottler::test_cancel_discards_buffered_call PASSED [ 56%]
tests/test_rate_limiter_and_data_cache.py::TestThrottler::test_cancel_resets_lock PASSED [ 56%]
tests/test_rate_limiter_and_data_cache.py::TestThrottler::test_first_call_fires_immediately_leading_true PASSED [ 56%]
tests/test_rate_limiter_and_data_cache.py::TestThrottler::test_invalid_interval_raises PASSED [ 56%]
tests/test_rate_limiter_and_data_cache.py::TestThrottler::test_is_locked_false_after_interval_with_no_queued_call PASSED [ 56%]
tests/test_rate_limiter_and_data_cache.py::TestThrottler::test_is_locked_true_within_interval PASSED [ 56%]
tests/test_rate_limiter_and_data_cache.py::TestThrottler::test_leading_false_buffers_until_second_window PASSED [ 56%]
tests/test_rate_limiter_and_data_cache.py::TestThrottler::test_leading_false_does_not_fire_on_first_call PASSED [ 56%]
tests/test_rate_limiter_and_data_cache.py::TestThrottler::test_non_callable_raises PASSED [ 56%]
tests/test_rate_limiter_and_data_cache.py::TestThrottler::test_only_most_recent_buffered_call_fires PASSED [ 56%]
tests/test_rate_limiter_and_data_cache.py::TestThrottler::test_second_call_within_interval_is_buffered PASSED [ 56%]
tests/test_rate_limiter_and_data_cache.py::TestThrottler::test_trailing_edge_fires_buffered_call PASSED [ 56%]
tests/test_rate_limiter_and_data_cache.py::TestDataCache::test_contains_false_for_missing_key PASSED [ 56%]
tests/test_rate_limiter_and_data_cache.py::TestDataCache::test_contains_true_for_present_key PASSED [ 56%]
tests/test_rate_limiter_and_data_cache.py::TestDataCache::test_get_miss_returns_none PASSED [ 56%]
tests/test_rate_limiter_and_data_cache.py::TestDataCache::test_get_miss_updates_stats_miss PASSED [ 56%]
tests/test_rate_limiter_and_data_cache.py::TestDataCache::test_get_or_load_no_loader_no_factory_raises PASSED [ 56%]
tests/test_rate_limiter_and_data_cache.py::TestDataCache::test_get_or_load_on_hit_skips_loader PASSED [ 56%]
tests/test_rate_limiter_and_data_cache.py::TestDataCache::test_get_or_load_on_miss_uses_loader PASSED [ 56%]
tests/test_rate_limiter_and_data_cache.py::TestDataCache::test_get_or_load_with_factory PASSED [ 56%]
tests/test_rate_limiter_and_data_cache.py::TestDataCache::test_get_updates_stats_hit PASSED [ 56%]
tests/test_rate_limiter_and_data_cache.py::TestDataCache::test_invalidate_all_clears_cache PASSED [ 57%]
tests/test_rate_limiter_and_data_cache.py::TestDataCache::test_invalidate_missing_key_returns_false PASSED [ 57%]
tests/test_rate_limiter_and_data_cache.py::TestDataCache::test_invalidate_removes_key PASSED [ 57%]
tests/test_rate_limiter_and_data_cache.py::TestDataCache::test_len_reflects_entry_count PASSED [ 57%]
tests/test_rate_limiter_and_data_cache.py::TestDataCache::test_lru_evicts_least_recently_used PASSED [ 57%]
tests/test_rate_limiter_and_data_cache.py::TestDataCache::test_max_size_property PASSED [ 57%]
tests/test_rate_limiter_and_data_cache.py::TestDataCache::test_on_evicted_signal_fires_on_lru_eviction PASSED [ 57%]
tests/test_rate_limiter_and_data_cache.py::TestDataCache::test_on_invalidated_signal_fires PASSED [ 57%]
tests/test_rate_limiter_and_data_cache.py::TestDataCache::test_put_and_get_returns_value PASSED [ 57%]
tests/test_rate_limiter_and_data_cache.py::TestDataCache::test_stats_eviction_count PASSED [ 57%]
tests/test_rate_limiter_and_data_cache.py::TestDataCache::test_stats_hit_rate_zero_when_no_lookups PASSED [ 57%]
tests/test_rate_limiter_and_data_cache.py::TestDataCache::test_stats_invalidation_count PASSED [ 57%]
tests/test_rate_limiter_and_data_cache.py::TestDataCache::test_ttl_entry_still_valid_before_expiry PASSED [ 57%]
tests/test_rate_limiter_and_data_cache.py::TestDataCache::test_ttl_expires_entry PASSED [ 57%]
tests/test_rate_limiter_and_data_cache.py::TestDataCache::test_zero_max_size_raises PASSED [ 57%]
tests/test_reactive_batch.py::TestReactiveBatchContextManager::test_batch_deduplcates_repeated_assignment PASSED [ 57%]
tests/test_reactive_batch.py::TestReactiveBatchContextManager::test_batch_defers_until_exit PASSED [ 57%]
tests/test_reactive_batch.py::TestReactiveBatchContextManager::test_batch_is_exported_from_gui_do PASSED [ 57%]
tests/test_reactive_batch.py::TestReactiveBatchContextManager::test_exception_discards_pending_notifications PASSED [ 57%]
tests/test_reactive_batch.py::TestReactiveBatchContextManager::test_is_batching_reflects_context PASSED [ 57%]
tests/test_reactive_batch.py::TestReactiveBatchContextManager::test_multiple_observables_notify_once_each PASSED [ 57%]
tests/test_reactive_batch.py::TestReactiveBatchContextManager::test_nested_batch_defers_to_outermost_exit PASSED [ 57%]
tests/test_reactive_batch.py::TestReactiveBatchContextManager::test_no_batch_notifies_immediately PASSED [ 57%]
tests/test_reactive_batch.py::TestReactiveBatchContextManager::test_no_notification_when_value_unchanged_inside_batch PASSED [ 57%]
tests/test_reactive_batch.py::TestReactiveBatchContextManager::test_reentrant_observer_notification_handled_safely PASSED [ 57%]
tests/test_reactive_batch.py::TestObservableListBatchReplace::test_batch_replace_empty_list PASSED [ 57%]
tests/test_reactive_batch.py::TestObservableListBatchReplace::test_batch_replace_fires_one_cleared_event PASSED [ 57%]
tests/test_reactive_batch.py::TestObservableListBatchReplace::test_batch_replace_updates_contents PASSED [ 57%]
tests/test_resize_manager_and_telemetry.py::TestResizeManagerInitial::test_default_size PASSED [ 57%]
tests/test_resize_manager_and_telemetry.py::TestResizeManagerInitial::test_resize_count_zero PASSED [ 57%]
tests/test_resize_manager_and_telemetry.py::TestResizeManagerInitial::test_small_size_clamped_to_one PASSED [ 57%]
tests/test_resize_manager_and_telemetry.py::TestResizeManagerInitial::test_width_height_properties PASSED [ 57%]
tests/test_resize_manager_and_telemetry.py::TestResizeManagerNotify::test_no_event_bus_no_error PASSED [ 57%]
tests/test_resize_manager_and_telemetry.py::TestResizeManagerNotify::test_notify_fires_callbacks PASSED [ 57%]
tests/test_resize_manager_and_telemetry.py::TestResizeManagerNotify::test_notify_multiple_callbacks PASSED [ 57%]
tests/test_resize_manager_and_telemetry.py::TestResizeManagerNotify::test_notify_publishes_to_event_bus PASSED [ 57%]
tests/test_resize_manager_and_telemetry.py::TestResizeManagerNotify::test_notify_resize_increments_count PASSED [ 57%]
tests/test_resize_manager_and_telemetry.py::TestResizeManagerNotify::test_notify_resize_updates_size PASSED [ 57%]
tests/test_resize_manager_and_telemetry.py::TestResizeManagerNotify::test_notify_resize_zero_clamped_to_one PASSED [ 57%]
tests/test_resize_manager_and_telemetry.py::TestResizeManagerLayouts::test_notify_reflows_layout PASSED [ 57%]
tests/test_resize_manager_and_telemetry.py::TestResizeManagerLayouts::test_register_applies_immediately PASSED [ 57%]
tests/test_resize_manager_and_telemetry.py::TestResizeManagerLayouts::test_register_no_duplicate PASSED [ 57%]
tests/test_resize_manager_and_telemetry.py::TestResizeManagerLayouts::test_unregister_missing_returns_false PASSED [ 57%]
tests/test_resize_manager_and_telemetry.py::TestResizeManagerLayouts::test_unregister_registered_returns_true PASSED [ 57%]
tests/test_resize_manager_and_telemetry.py::TestResizeManagerLayouts::test_unregister_stops_reflow PASSED [ 57%]
tests/test_resize_manager_and_telemetry.py::TestResizeManagerCallbackUnsub::test_on_resize_non_callable_raises PASSED [ 57%]
tests/test_resize_manager_and_telemetry.py::TestResizeManagerCallbackUnsub::test_unsub_stops_callback PASSED [ 58%]
tests/test_resize_manager_and_telemetry.py::TestResizeManagerPygameEvent::test_non_videoresize_event_not_handled PASSED [ 58%]
tests/test_resize_manager_and_telemetry.py::TestResizeManagerPygameEvent::test_videoresize_event_handled PASSED [ 58%]
tests/test_resize_manager_and_telemetry.py::TestTelemetryCollectorInitial::test_default_log_directory_uses_current_working_directory PASSED [ 58%]
tests/test_resize_manager_and_telemetry.py::TestTelemetryCollectorInitial::test_disabled_initially PASSED [ 58%]
tests/test_resize_manager_and_telemetry.py::TestTelemetryCollectorInitial::test_should_record_false_when_disabled PASSED [ 58%]
tests/test_resize_manager_and_telemetry.py::TestTelemetryCollectorInitial::test_snapshot_empty_initially PASSED [ 58%]
tests/test_resize_manager_and_telemetry.py::TestTelemetryCollectorEnableDisable::test_disable PASSED [ 58%]
tests/test_resize_manager_and_telemetry.py::TestTelemetryCollectorEnableDisable::test_enable PASSED [ 58%]
tests/test_resize_manager_and_telemetry.py::TestTelemetryCollectorEnableDisable::test_should_record_true_when_enabled PASSED [ 58%]
tests/test_resize_manager_and_telemetry.py::TestTelemetryCollectorRecordDuration::test_empty_point_raises PASSED [ 58%]
tests/test_resize_manager_and_telemetry.py::TestTelemetryCollectorRecordDuration::test_empty_system_raises PASSED [ 58%]
tests/test_resize_manager_and_telemetry.py::TestTelemetryCollectorRecordDuration::test_negative_elapsed_clamped_to_zero PASSED [ 58%]
tests/test_resize_manager_and_telemetry.py::TestTelemetryCollectorRecordDuration::test_record_duration_adds_sample PASSED [ 58%]
tests/test_resize_manager_and_telemetry.py::TestTelemetryCollectorRecordDuration::test_record_when_disabled_no_sample PASSED [ 58%]
tests/test_resize_manager_and_telemetry.py::TestTelemetryCollectorRecordDuration::test_sample_fields PASSED [ 58%]
tests/test_resize_manager_and_telemetry.py::TestTelemetryCollectorRecordDuration::test_system_names_normalised_to_lower PASSED [ 58%]
tests/test_resize_manager_and_telemetry.py::TestTelemetryCollectorFilters::test_clear_filters PASSED [ 58%]
tests/test_resize_manager_and_telemetry.py::TestTelemetryCollectorFilters::test_min_duration_filters_fast_samples PASSED [ 58%]
tests/test_resize_manager_and_telemetry.py::TestTelemetryCollectorFilters::test_min_duration_negative_raises PASSED [ 58%]
tests/test_resize_manager_and_telemetry.py::TestTelemetryCollectorFilters::test_min_duration_passes_slow_samples PASSED [ 58%]
tests/test_resize_manager_and_telemetry.py::TestTelemetryCollectorFilters::test_point_disabled_overrides_system_enabled PASSED [ 58%]
tests/test_resize_manager_and_telemetry.py::TestTelemetryCollectorFilters::test_point_enabled_passes_when_system_not_overridden PASSED [ 58%]
tests/test_resize_manager_and_telemetry.py::TestTelemetryCollectorFilters::test_set_point_disabled_filters PASSED [ 58%]
tests/test_resize_manager_and_telemetry.py::TestTelemetryCollectorFilters::test_set_system_disabled_filters PASSED [ 58%]
tests/test_resize_manager_and_telemetry.py::TestTelemetryCollectorFilters::test_set_system_empty_name_raises PASSED [ 58%]
tests/test_resize_manager_and_telemetry.py::TestTelemetryCollectorFilters::test_set_system_enabled_passes PASSED [ 58%]
tests/test_resize_manager_and_telemetry.py::TestTelemetryCollectorSpan::test_span_disabled_returns_null_span PASSED [ 58%]
tests/test_resize_manager_and_telemetry.py::TestTelemetryCollectorSpan::test_span_enabled_records_sample PASSED [ 58%]
tests/test_resize_manager_and_telemetry.py::TestTelemetryCollectorSpan::test_span_records_on_exception PASSED [ 58%]
tests/test_resize_manager_and_telemetry.py::TestTelemetryCollectorSpan::test_span_sample_fields PASSED [ 58%]
tests/test_resize_manager_and_telemetry.py::TestTelemetryCollectorReset::test_reset_clears_samples PASSED [ 58%]
tests/test_resize_manager_and_telemetry.py::TestTelemetryCollectorLiveAnalysis::test_live_analysis_enabled_default_false PASSED [ 58%]
tests/test_resize_manager_and_telemetry.py::TestTelemetryCollectorLiveAnalysis::test_set_live_analysis PASSED [ 58%]
tests/test_router.py::TestRouteEntry::test_params_default_empty PASSED   [ 58%]
tests/test_router.py::TestRouteEntry::test_params_stored PASSED          [ 58%]
tests/test_router.py::TestRouteEntry::test_route_stored PASSED           [ 58%]
tests/test_router.py::TestRouterInitial::test_current_params_empty PASSED [ 58%]
tests/test_router.py::TestRouterInitial::test_current_route_none PASSED  [ 58%]
tests/test_router.py::TestRouterInitial::test_history_empty PASSED       [ 58%]
tests/test_router.py::TestRouterRegister::test_register_empty_route_raises PASSED [ 58%]
tests/test_router.py::TestRouterRegister::test_register_empty_scene_raises PASSED [ 58%]
tests/test_router.py::TestRouterRegister::test_register_valid PASSED     [ 58%]
tests/test_router.py::TestRouterPush::test_push_adds_to_history PASSED   [ 58%]
tests/test_router.py::TestRouterPush::test_push_blocked_by_guard PASSED  [ 58%]
tests/test_router.py::TestRouterPush::test_push_fires_on_route_change PASSED [ 59%]
tests/test_router.py::TestRouterPush::test_push_returns_true PASSED      [ 59%]
tests/test_router.py::TestRouterPush::test_push_stores_params PASSED     [ 59%]
tests/test_router.py::TestRouterPush::test_push_updates_current_route PASSED [ 59%]
tests/test_router.py::TestRouterPop::test_pop_decrements_history PASSED  [ 59%]
tests/test_router.py::TestRouterPop::test_pop_restores_previous_route PASSED [ 59%]
tests/test_router.py::TestRouterPop::test_pop_single_entry_returns_false PASSED [ 59%]
tests/test_router.py::TestRouterPop::test_pop_two_entries_returns_true PASSED [ 59%]
tests/test_router.py::TestRouterReplace::test_replace_changes_current_route PASSED [ 59%]
tests/test_router.py::TestRouterReplace::test_replace_does_not_grow_history PASSED [ 59%]
tests/test_router.py::TestRouterReplace::test_replace_returns_true PASSED [ 59%]
tests/test_router.py::TestRouterOnRouteChange::test_callback_receives_route_entry PASSED [ 59%]
tests/test_router.py::TestRouterOnRouteChange::test_unsub_removes_callback PASSED [ 59%]
tests/test_router.py::TestRouterGuards::test_guard_allows_navigation PASSED [ 59%]
tests/test_router.py::TestRouterGuards::test_guard_receives_from_to PASSED [ 59%]
tests/test_router.py::TestRouterGuards::test_multiple_guards_all_must_pass PASSED [ 59%]
tests/test_router.py::TestRouterGuards::test_non_callable_guard_raises PASSED [ 59%]
tests/test_router_anim_stream_collection.py::TestRouter::test_add_guard_non_callable_raises PASSED [ 59%]
tests/test_router_anim_stream_collection.py::TestRouter::test_can_pop_false_when_single_entry PASSED [ 59%]
tests/test_router_anim_stream_collection.py::TestRouter::test_can_pop_true_when_two_entries PASSED [ 59%]
tests/test_router_anim_stream_collection.py::TestRouter::test_current_params_empty_when_no_history PASSED [ 59%]
tests/test_router_anim_stream_collection.py::TestRouter::test_current_route_none_when_empty PASSED [ 59%]
tests/test_router_anim_stream_collection.py::TestRouter::test_guard_allows_navigation_when_returning_true PASSED [ 59%]
tests/test_router_anim_stream_collection.py::TestRouter::test_guard_can_block_navigation PASSED [ 59%]
tests/test_router_anim_stream_collection.py::TestRouter::test_guard_receives_from_and_to_routes PASSED [ 59%]
tests/test_router_anim_stream_collection.py::TestRouter::test_history_grows_with_each_push PASSED [ 59%]
tests/test_router_anim_stream_collection.py::TestRouter::test_history_returns_copy PASSED [ 59%]
tests/test_router_anim_stream_collection.py::TestRouter::test_on_route_change_fires_on_push PASSED [ 59%]
tests/test_router_anim_stream_collection.py::TestRouter::test_on_route_change_non_callable_raises PASSED [ 59%]
tests/test_router_anim_stream_collection.py::TestRouter::test_on_route_change_unsubscribe_stops_callbacks PASSED [ 59%]
tests/test_router_anim_stream_collection.py::TestRouter::test_pop_navigates_back PASSED [ 59%]
tests/test_router_anim_stream_collection.py::TestRouter::test_pop_returns_false_when_history_too_short PASSED [ 59%]
tests/test_router_anim_stream_collection.py::TestRouter::test_push_appends_to_history PASSED [ 59%]
tests/test_router_anim_stream_collection.py::TestRouter::test_push_records_params PASSED [ 59%]
tests/test_router_anim_stream_collection.py::TestRouter::test_push_returns_true_on_success PASSED [ 59%]
tests/test_router_anim_stream_collection.py::TestRouter::test_register_empty_route_raises PASSED [ 59%]
tests/test_router_anim_stream_collection.py::TestRouter::test_register_empty_scene_raises PASSED [ 59%]
tests/test_router_anim_stream_collection.py::TestRouter::test_replace_on_empty_history_creates_entry PASSED [ 59%]
tests/test_router_anim_stream_collection.py::TestRouter::test_replace_swaps_current_entry PASSED [ 59%]
tests/test_router_anim_stream_collection.py::TestRouter::test_scene_for_returns_scene_name PASSED [ 59%]
tests/test_router_anim_stream_collection.py::TestRouter::test_scene_for_unknown_returns_none PASSED [ 59%]
tests/test_router_anim_stream_collection.py::TestAnimationSequence::test_animation_handle_cancelled_property PASSED [ 59%]
tests/test_router_anim_stream_collection.py::TestAnimationSequence::test_cancel_prevents_subsequent_steps PASSED [ 59%]
tests/test_router_anim_stream_collection.py::TestAnimationSequence::test_non_zero_duration_step_runs_via_update PASSED [ 59%]
tests/test_router_anim_stream_collection.py::TestAnimationSequence::test_on_done_fires_without_steps PASSED [ 59%]
tests/test_router_anim_stream_collection.py::TestAnimationSequence::test_on_done_returns_self_for_chaining PASSED [ 59%]
tests/test_router_anim_stream_collection.py::TestAnimationSequence::test_parallel_group_starts_all_tweens PASSED [ 60%]
tests/test_router_anim_stream_collection.py::TestAnimationSequence::test_sequential_steps_run_in_order PASSED [ 60%]
tests/test_router_anim_stream_collection.py::TestAnimationSequence::test_single_step_zero_duration_completes PASSED [ 60%]
tests/test_router_anim_stream_collection.py::TestAnimationSequence::test_start_returns_animation_handle PASSED [ 60%]
tests/test_router_anim_stream_collection.py::TestAnimationSequence::test_then_returns_self_for_chaining PASSED [ 60%]
tests/test_router_anim_stream_collection.py::TestAnimationSequence::test_wait_returns_self_for_chaining PASSED [ 60%]
tests/test_router_anim_stream_collection.py::TestAnimationSequence::test_wait_zero_still_runs_next_step PASSED [ 60%]
tests/test_router_anim_stream_collection.py::TestObservableStream::test_distinct_until_changed_skips_repeat PASSED [ 60%]
tests/test_router_anim_stream_collection.py::TestObservableStream::test_filter_suppresses_non_matching PASSED [ 60%]
tests/test_router_anim_stream_collection.py::TestObservableStream::test_invalid_source_raises PASSED [ 60%]
tests/test_router_anim_stream_collection.py::TestObservableStream::test_map_then_filter_pipeline PASSED [ 60%]
tests/test_router_anim_stream_collection.py::TestObservableStream::test_map_transforms_values PASSED [ 60%]
tests/test_router_anim_stream_collection.py::TestObservableStream::test_merge_emits_from_both PASSED [ 60%]
tests/test_router_anim_stream_collection.py::TestObservableStream::test_of_constructor_emits_synchronously PASSED [ 60%]
tests/test_router_anim_stream_collection.py::TestObservableStream::test_pairwise_emits_pairs PASSED [ 60%]
tests/test_router_anim_stream_collection.py::TestObservableStream::test_pairwise_skips_first_emission PASSED [ 60%]
tests/test_router_anim_stream_collection.py::TestObservableStream::test_subscribe_receives_emitted_values PASSED [ 60%]
tests/test_router_anim_stream_collection.py::TestObservableStream::test_take_stops_after_n PASSED [ 60%]
tests/test_router_anim_stream_collection.py::TestObservableStream::test_take_until_stops_on_stop_signal PASSED [ 60%]
tests/test_router_anim_stream_collection.py::TestObservableStream::test_unsubscribe_stops_delivery PASSED [ 60%]
tests/test_router_anim_stream_collection.py::TestObservableStream::test_zip_consumes_buffers_in_order PASSED [ 60%]
tests/test_router_anim_stream_collection.py::TestObservableStream::test_zip_emits_only_when_both_have_value PASSED [ 60%]
tests/test_router_anim_stream_collection.py::TestCollectionView::test_add_filter_removes_non_matching PASSED [ 60%]
tests/test_router_anim_stream_collection.py::TestCollectionView::test_callable_source_is_called_each_refresh PASSED [ 60%]
tests/test_router_anim_stream_collection.py::TestCollectionView::test_clear_filters_restores_all_items PASSED [ 60%]
tests/test_router_anim_stream_collection.py::TestCollectionView::test_count_matches_items_length PASSED [ 60%]
tests/test_router_anim_stream_collection.py::TestCollectionView::test_filter_sort_project_combined PASSED [ 60%]
tests/test_router_anim_stream_collection.py::TestCollectionView::test_items_returns_all_source_items PASSED [ 60%]
tests/test_router_anim_stream_collection.py::TestCollectionView::test_multiple_filters_applied_in_order PASSED [ 60%]
tests/test_router_anim_stream_collection.py::TestCollectionView::test_query_accessible_via_property PASSED [ 60%]
tests/test_router_anim_stream_collection.py::TestCollectionView::test_refresh_returns_items PASSED [ 60%]
tests/test_router_anim_stream_collection.py::TestCollectionView::test_set_projector_none_removes_projection PASSED [ 60%]
tests/test_router_anim_stream_collection.py::TestCollectionView::test_set_projector_transforms_items PASSED [ 60%]
tests/test_router_anim_stream_collection.py::TestCollectionView::test_set_sort_none_removes_sort PASSED [ 60%]
tests/test_router_anim_stream_collection.py::TestCollectionView::test_set_sort_reverse PASSED [ 60%]
tests/test_router_anim_stream_collection.py::TestCollectionView::test_set_sort_sorts_items PASSED [ 60%]
tests/test_router_anim_stream_collection.py::TestCollectionView::test_set_source_replaces_data PASSED [ 60%]
tests/test_router_anim_stream_collection.py::TestCollectionView::test_snapshot_is_alias_for_items PASSED [ 60%]
tests/test_router_anim_stream_collection.py::TestCollectionView::test_subscribe_fires_on_refresh PASSED [ 60%]
tests/test_router_anim_stream_collection.py::TestCollectionView::test_unsubscribe_stops_callbacks PASSED [ 60%]
tests/test_runtime_guarantees_and_determinism.py::TestRuntimeGuaranteesAndDeterminism::test_action_precedence_prefers_scene_window_binding PASSED [ 60%]
tests/test_runtime_guarantees_and_determinism.py::TestRuntimeGuaranteesAndDeterminism::test_action_precedence_without_active_window_skips_window_only_bindings PASSED [ 60%]
tests/test_runtime_guarantees_and_determinism.py::TestRuntimeGuaranteesAndDeterminism::test_gui_event_clone_has_independent_default_prevention_state PASSED [ 60%]
tests/test_runtime_guarantees_and_determinism.py::TestRuntimeGuaranteesAndDeterminism::test_gui_event_clone_has_independent_propagation_state PASSED [ 60%]
tests/test_runtime_guarantees_and_determinism.py::TestRuntimeGuaranteesAndDeterminism::test_gui_event_clone_preserves_payload_fields PASSED [ 60%]
tests/test_runtime_guarantees_and_determinism.py::TestRuntimeGuaranteesAndDeterminism::test_scheduler_dispatch_budget_clamps_to_min_and_max PASSED [ 61%]
tests/test_runtime_guarantees_and_determinism.py::TestRuntimeGuaranteesAndDeterminism::test_scheduler_dispatch_budget_scales_in_midrange PASSED [ 61%]
tests/test_runtime_guarantees_and_determinism.py::TestRuntimeGuaranteesAndDeterminism::test_stop_propagation_on_original_does_not_affect_clone PASSED [ 61%]
tests/test_runtime_guarantees_and_determinism.py::TestRuntimeGuaranteesAndDeterminism::test_window_focus_candidate_windows_are_sorted_deterministically PASSED [ 61%]
tests/test_runtime_guarantees_and_determinism.py::TestRuntimeGuaranteesAndDeterminism::test_window_focus_cycle_excludes_menubar_nested_in_window PASSED [ 61%]
tests/test_runtime_guarantees_and_determinism.py::TestRuntimeGuaranteesAndDeterminism::test_window_focus_cycle_includes_screen_menubar_targets PASSED [ 61%]
tests/test_runtime_operating_contracts.py::TestRuntimeOperatingContracts::test_contract_doc_contains_required_sections PASSED [ 61%]
tests/test_runtime_operating_contracts.py::TestRuntimeOperatingContracts::test_contract_doc_declares_application_workspace_report_contract PASSED [ 61%]
tests/test_runtime_operating_contracts.py::TestRuntimeOperatingContracts::test_contract_doc_declares_run_entrypoint_resilience PASSED [ 61%]
tests/test_runtime_operating_contracts.py::TestRuntimeOperatingContracts::test_contract_doc_stable_abstractions_exist_in_public_api PASSED [ 61%]
tests/test_runtime_operating_contracts.py::TestRuntimeOperatingContracts::test_scheduler_budget_policy_matches_runtime_constants PASSED [ 61%]
tests/test_runtime_systems.py::TestDependencyValidation::test_missing_dependency_raises PASSED [ 61%]
tests/test_runtime_systems.py::TestFeatureManagerAutoSubscriptionCleanup::test_shutdown_runtime_releases_tracked_feature_observable_subscriptions PASSED [ 61%]
tests/test_runtime_systems.py::TestWorkflowCoordinator::test_runs_steps_and_completes PASSED [ 61%]
tests/test_runtime_systems.py::TestRecomputeOrchestrator::test_recompute_order_and_assignment PASSED [ 61%]
tests/test_runtime_systems.py::TestQoSPolicyRuntime::test_budget_is_enforced_per_update PASSED [ 61%]
tests/test_runtime_systems.py::TestFeatureHealthRuntime::test_health_aggregate_reflects_probe_failures PASSED [ 61%]
tests/test_runtime_systems.py::TestReplayHarness::test_replay_buffer_is_bounded PASSED [ 61%]
tests/test_runtime_systems.py::TestFeatureHotSwapManager::test_replace_transfers_state PASSED [ 61%]
tests/test_runtime_systems.py::TestRuntimePolicyEngine::test_policy_engine_denies_target PASSED [ 61%]
tests/test_runtime_systems.py::TestEffectLifetimeOrchestrator::test_register_and_cancel_group PASSED [ 61%]
tests/test_runtime_systems.py::TestEventPipelineRuntime::test_pipeline_filter_map_window PASSED [ 61%]
tests/test_runtime_systems.py::TestDurableOperationQueueRuntime::test_enqueue_and_pump PASSED [ 61%]
tests/test_runtime_systems.py::TestCapabilityContractRuntime::test_provider_registration_and_requirements PASSED [ 61%]
tests/test_runtime_systems.py::TestProjectionRuntime::test_projection_order_and_assignment PASSED [ 61%]
tests/test_runtime_systems.py::TestRoutedRuntimeSystemsIntegration::test_build_routed_runtime_systems_with_new_specs PASSED [ 61%]
tests/test_runtime_systems.py::TestExecutionContextRuntime::test_context_creation_cancellation_and_expiry PASSED [ 61%]
tests/test_runtime_systems.py::TestWorkloadBudgetBrokerRuntime::test_budget_enforces_caps PASSED [ 61%]
tests/test_runtime_systems.py::TestCheckpointRecoveryRuntime::test_checkpoint_capture_and_restore PASSED [ 61%]
tests/test_runtime_systems.py::TestSagaCompensationRuntime::test_saga_compensates_on_failure PASSED [ 61%]
tests/test_runtime_systems.py::TestReactiveDependencyGraphRuntime::test_reactive_graph_marks_dirty_from_source PASSED [ 61%]
tests/test_runtime_systems.py::TestContractMigrationRuntime::test_applies_migration_chain PASSED [ 61%]
tests/test_runtime_systems.py::TestNewRuntimeSystemsIntegration::test_build_routed_runtime_systems_builds_all_new_systems PASSED [ 61%]
tests/test_scene.py::TestSceneInitial::test_nodes_empty PASSED           [ 61%]
tests/test_scene.py::TestSceneAdd::test_add_appends_node PASSED          [ 61%]
tests/test_scene.py::TestSceneAdd::test_add_multiple PASSED              [ 61%]
tests/test_scene.py::TestSceneAdd::test_add_returns_node PASSED          [ 61%]
tests/test_scene.py::TestSceneAdd::test_add_sets_parent_none PASSED      [ 61%]
tests/test_scene.py::TestSceneRemove::test_remove_clears_from_nodes PASSED [ 61%]
tests/test_scene.py::TestSceneRemove::test_remove_missing_returns_false PASSED [ 61%]
tests/test_scene.py::TestSceneRemove::test_remove_returns_true PASSED    [ 61%]
tests/test_scene.py::TestSceneFind::test_find_child_descendant PASSED    [ 61%]
tests/test_scene.py::TestSceneFind::test_find_existing PASSED            [ 61%]
tests/test_scene.py::TestSceneFind::test_find_missing_returns_none PASSED [ 61%]
tests/test_scene.py::TestSceneFindAll::test_find_all_empty PASSED        [ 61%]
tests/test_scene.py::TestSceneFindAll::test_find_all_matching PASSED     [ 61%]
tests/test_scene.py::TestSceneContains::test_contains_child PASSED       [ 62%]
tests/test_scene.py::TestSceneContains::test_contains_root_node PASSED   [ 62%]
tests/test_scene.py::TestSceneContains::test_not_contains_unregistered PASSED [ 62%]
tests/test_scene.py::TestSceneDrawOrder::test_focused_descendant_not_drawn_as_scene_root PASSED [ 62%]
tests/test_scene.py::TestSceneDrawOrder::test_focused_scene_root_drawn_last PASSED [ 62%]
tests/test_scene_command_palette_bindings.py::SceneCommandPaletteBindingTests::test_bind_palette_window_action_bind_uses_logical_pointer_fallback PASSED [ 62%]
tests/test_scene_command_palette_bindings.py::SceneCommandPaletteBindingTests::test_setup_scene_command_palette_bindings_uses_logical_pointer_fallback PASSED [ 62%]
tests/test_scene_graph_2d.py::TestCamera2D::test_defaults PASSED         [ 62%]
tests/test_scene_graph_2d.py::TestCamera2D::test_pan PASSED              [ 62%]
tests/test_scene_graph_2d.py::TestCamera2D::test_pan_screen PASSED       [ 62%]
tests/test_scene_graph_2d.py::TestCamera2D::test_screen_to_world_roundtrip PASSED [ 62%]
tests/test_scene_graph_2d.py::TestCamera2D::test_set_zoom PASSED         [ 62%]
tests/test_scene_graph_2d.py::TestCamera2D::test_set_zoom_clamps_minimum PASSED [ 62%]
tests/test_scene_graph_2d.py::TestCamera2D::test_set_zoom_with_anchor PASSED [ 62%]
tests/test_scene_graph_2d.py::TestCamera2D::test_world_to_screen_identity PASSED [ 62%]
tests/test_scene_graph_2d.py::TestCamera2D::test_world_to_screen_with_offset PASSED [ 62%]
tests/test_scene_graph_2d.py::TestCamera2D::test_world_to_screen_with_zoom PASSED [ 62%]
tests/test_scene_graph_2d.py::TestNode2D::test_add_child_reparents PASSED [ 62%]
tests/test_scene_graph_2d.py::TestNode2D::test_add_child_sets_parent PASSED [ 62%]
tests/test_scene_graph_2d.py::TestNode2D::test_defaults PASSED           [ 62%]
tests/test_scene_graph_2d.py::TestNode2D::test_draw_calls_on_draw PASSED [ 62%]
tests/test_scene_graph_2d.py::TestNode2D::test_draw_invisible_node_skipped PASSED [ 62%]
tests/test_scene_graph_2d.py::TestNode2D::test_draw_on_draw_exception_does_not_propagate PASSED [ 62%]
tests/test_scene_graph_2d.py::TestNode2D::test_find_descendant PASSED    [ 62%]
tests/test_scene_graph_2d.py::TestNode2D::test_find_returns_none_if_not_found PASSED [ 62%]
tests/test_scene_graph_2d.py::TestNode2D::test_pos_property PASSED       [ 62%]
tests/test_scene_graph_2d.py::TestNode2D::test_pos_setter_updates_xy PASSED [ 62%]
tests/test_scene_graph_2d.py::TestNode2D::test_remove_child PASSED       [ 62%]
tests/test_scene_graph_2d.py::TestNode2D::test_remove_child_returns_false_if_not_found PASSED [ 62%]
tests/test_scene_graph_2d.py::TestNode2D::test_scale_property PASSED     [ 62%]
tests/test_scene_graph_2d.py::TestNode2D::test_transform_cache_invalidated_on_child_reparent PASSED [ 62%]
tests/test_scene_graph_2d.py::TestNode2D::test_transform_cache_invalidated_on_pos_change PASSED [ 62%]
tests/test_scene_graph_2d.py::TestNode2D::test_world_transform_cached PASSED [ 62%]
tests/test_scene_graph_2d.py::TestNode2D::test_world_transform_child_inherits PASSED [ 62%]
tests/test_scene_graph_2d.py::TestNode2D::test_world_transform_root PASSED [ 62%]
tests/test_scene_graph_2d.py::TestSceneGraph2D::test_add_idempotent PASSED [ 62%]
tests/test_scene_graph_2d.py::TestSceneGraph2D::test_add_increases_root_count PASSED [ 62%]
tests/test_scene_graph_2d.py::TestSceneGraph2D::test_clear PASSED        [ 62%]
tests/test_scene_graph_2d.py::TestSceneGraph2D::test_draw_calls_draw_on_all_roots PASSED [ 62%]
tests/test_scene_graph_2d.py::TestSceneGraph2D::test_find_all PASSED     [ 62%]
tests/test_scene_graph_2d.py::TestSceneGraph2D::test_find_all_visible_only PASSED [ 62%]
tests/test_scene_graph_2d.py::TestSceneGraph2D::test_find_descendant PASSED [ 62%]
tests/test_scene_graph_2d.py::TestSceneGraph2D::test_find_missing_returns_none PASSED [ 62%]
tests/test_scene_graph_2d.py::TestSceneGraph2D::test_find_root_node PASSED [ 62%]
tests/test_scene_graph_2d.py::TestSceneGraph2D::test_initially_empty PASSED [ 62%]
tests/test_scene_graph_2d.py::TestSceneGraph2D::test_remove_decreases_count PASSED [ 63%]
tests/test_scene_graph_2d.py::TestSceneGraph2D::test_remove_returns_false_if_not_found PASSED [ 63%]
tests/test_scene_graph_2d.py::TestSceneGraph2DExports::test_importable_from_gui_do PASSED [ 63%]
tests/test_scene_menu_strip_control.py::TestMenuStripControl::test_add_window_menu_strip_accepts_optional_scene_and_window_providers FAILED [ 63%]
tests/test_scene_menu_strip_control.py::TestMenuStripControl::test_empty_autogenerated_scene_menu_highlights_without_opening_overlay PASSED [ 63%]
tests/test_scene_menu_strip_control.py::TestMenuStripControl::test_empty_autogenerated_window_menu_highlights_without_opening_overlay PASSED [ 63%]
tests/test_scene_menu_strip_control.py::TestMenuStripControl::test_flyout_width_is_at_least_top_level_entry_graphical_width PASSED [ 63%]
tests/test_scene_menu_strip_control.py::TestMenuStripControl::test_focus_manager_routes_menu_key_event_with_app_theme PASSED [ 63%]
tests/test_scene_menu_strip_control.py::TestMenuStripControl::test_menu_flyout_closes_when_focus_moves_away PASSED [ 63%]
tests/test_scene_menu_strip_control.py::TestMenuStripControl::test_normal_tab_candidates_exclude_task_panel_descendants PASSED [ 63%]
tests/test_scene_menu_strip_control.py::TestMenuStripControl::test_open_scenes_flyout_auto_refreshes_current_scene_filtering PASSED [ 63%]
tests/test_scene_menu_strip_control.py::TestMenuStripControl::test_open_windows_flyout_auto_refreshes_when_visibility_changes FAILED [ 63%]
tests/test_scene_menu_strip_control.py::TestMenuStripControl::test_regular_menu_width_is_automatic_from_items PASSED [ 63%]
tests/test_scene_menu_strip_control.py::TestMenuStripControl::test_scene_menu_accepts_focus_for_tab_traversal PASSED [ 63%]
tests/test_scene_menu_strip_control.py::TestMenuStripControl::test_scene_menu_active_marker_updates_on_keyboard_open PASSED [ 63%]
tests/test_scene_menu_strip_control.py::TestMenuStripControl::test_scene_menu_compact_width_is_not_clamped_to_legacy_floor PASSED [ 63%]
tests/test_scene_menu_strip_control.py::TestMenuStripControl::test_scene_menu_excludes_current_active_scene PASSED [ 63%]
tests/test_scene_menu_strip_control.py::TestMenuStripControl::test_scene_menu_keyboard_left_right_cycles_open_submenus PASSED [ 63%]
tests/test_scene_menu_strip_control.py::TestMenuStripControl::test_scene_menu_tracks_longest_label_for_flyout_width PASSED [ 63%]
tests/test_scene_menu_strip_control.py::TestMenuStripControl::test_scene_menu_width_recomputes_when_discovery_changes PASSED [ 63%]
tests/test_scene_menu_strip_control.py::TestMenuStripControl::test_space_activates_highlighted_flyout_item PASSED [ 63%]
tests/test_scene_menu_strip_control.py::TestMenuStripControl::test_windows_menu_action_calls_on_window_toggled_callback FAILED [ 63%]
tests/test_scene_menu_strip_control.py::TestMenuStripControl::test_windows_menu_discovers_mandelbrot_window_without_built_in_setter FAILED [ 63%]
tests/test_scene_menu_strip_control.py::TestMenuStripControl::test_windows_menu_state_updates_on_keyboard_open FAILED [ 63%]
tests/test_scene_menu_strip_control.py::TestSceneMenuStripMouseClickRegression::test_mouse_click_on_scene_flyout_item_fires_when_focus_stealer_present PASSED [ 63%]
tests/test_scene_setup_specs.py::TestSceneSetupSpecs::test_apply_scene_setup_specs_creates_scenes_and_applies_defaults PASSED [ 63%]
tests/test_scene_setup_specs.py::TestSceneSetupSpecs::test_first_scene_becomes_initial_when_not_explicit PASSED [ 63%]
tests/test_scene_snapshot.py::TestNodeSnapshot::test_custom_visible_enabled PASSED [ 63%]
tests/test_scene_snapshot.py::TestNodeSnapshot::test_defaults PASSED     [ 63%]
tests/test_scene_snapshot.py::TestNodeSnapshot::test_fields_stored PASSED [ 63%]
tests/test_scene_snapshot.py::TestSceneSnapshotInitial::test_contains_false PASSED [ 63%]
tests/test_scene_snapshot.py::TestSceneSnapshotInitial::test_empty_by_default PASSED [ 63%]
tests/test_scene_snapshot.py::TestSceneSnapshotInitial::test_get_missing_returns_none PASSED [ 63%]
tests/test_scene_snapshot.py::TestSceneSnapshotInitial::test_node_ids_empty PASSED [ 63%]
tests/test_scene_snapshot.py::TestSceneSnapshotFromNodes::test_captures_all_nodes PASSED [ 63%]
tests/test_scene_snapshot.py::TestSceneSnapshotFromNodes::test_captures_rect PASSED [ 63%]
tests/test_scene_snapshot.py::TestSceneSnapshotFromNodes::test_captures_visible_false PASSED [ 63%]
tests/test_scene_snapshot.py::TestSceneSnapshotFromNodes::test_node_ids_sorted PASSED [ 63%]
tests/test_scene_snapshot.py::TestSceneSnapshotFromNodes::test_skips_nodes_without_control_id PASSED [ 63%]
tests/test_scene_snapshot.py::TestSceneSnapshotSerialization::test_from_dict_empty PASSED [ 63%]
tests/test_scene_snapshot.py::TestSceneSnapshotSerialization::test_to_dict_keys_are_control_ids PASSED [ 63%]
tests/test_scene_snapshot.py::TestSceneSnapshotSerialization::test_to_dict_roundtrip PASSED [ 63%]
tests/test_scene_snapshot.py::TestSceneSnapshotPersistence::test_load_missing_file_returns_empty PASSED [ 63%]
tests/test_scene_snapshot.py::TestSceneSnapshotPersistence::test_save_and_load PASSED [ 63%]
tests/test_scene_snapshot_and_workspace_state.py::TestNodeSnapshot::test_defaults PASSED [ 63%]
tests/test_scene_snapshot_and_workspace_state.py::TestNodeSnapshot::test_extra_default_is_not_shared PASSED [ 63%]
tests/test_scene_snapshot_and_workspace_state.py::TestNodeSnapshot::test_fields PASSED [ 64%]
tests/test_scene_snapshot_and_workspace_state.py::TestSceneSnapshotCapture::test_capture_from_scene PASSED [ 64%]
tests/test_scene_snapshot_and_workspace_state.py::TestSceneSnapshotCapture::test_capture_multiple_nodes PASSED [ 64%]
tests/test_scene_snapshot_and_workspace_state.py::TestSceneSnapshotCapture::test_capture_none_scene_returns_empty PASSED [ 64%]
tests/test_scene_snapshot_and_workspace_state.py::TestSceneSnapshotCapture::test_capture_preserves_visibility PASSED [ 64%]
tests/test_scene_snapshot_and_workspace_state.py::TestSceneSnapshotCapture::test_capture_skips_nodes_without_control_id PASSED [ 64%]
tests/test_scene_snapshot_and_workspace_state.py::TestSceneSnapshotCapture::test_capture_with_include_ids_filters PASSED [ 64%]
tests/test_scene_snapshot_and_workspace_state.py::TestSceneSnapshotCapture::test_from_nodes PASSED [ 64%]
tests/test_scene_snapshot_and_workspace_state.py::TestSceneSnapshotRestore::test_restore_calls_invalidate PASSED [ 64%]
tests/test_scene_snapshot_and_workspace_state.py::TestSceneSnapshotRestore::test_restore_empty_snapshot_returns_zero PASSED [ 64%]
tests/test_scene_snapshot_and_workspace_state.py::TestSceneSnapshotRestore::test_restore_none_scene_returns_zero PASSED [ 64%]
tests/test_scene_snapshot_and_workspace_state.py::TestSceneSnapshotRestore::test_restore_returns_count PASSED [ 64%]
tests/test_scene_snapshot_and_workspace_state.py::TestSceneSnapshotRestore::test_restore_skips_unmatched_nodes PASSED [ 64%]
tests/test_scene_snapshot_and_workspace_state.py::TestSceneSnapshotRestore::test_restore_updates_rect PASSED [ 64%]
tests/test_scene_snapshot_and_workspace_state.py::TestSceneSnapshotRestore::test_restore_updates_visibility PASSED [ 64%]
tests/test_scene_snapshot_and_workspace_state.py::TestSceneSnapshotSerialisation::test_contains PASSED [ 64%]
tests/test_scene_snapshot_and_workspace_state.py::TestSceneSnapshotSerialisation::test_from_dict_round_trips PASSED [ 64%]
tests/test_scene_snapshot_and_workspace_state.py::TestSceneSnapshotSerialisation::test_get_returns_none_for_missing PASSED [ 64%]
tests/test_scene_snapshot_and_workspace_state.py::TestSceneSnapshotSerialisation::test_load_missing_file_returns_empty PASSED [ 64%]
tests/test_scene_snapshot_and_workspace_state.py::TestSceneSnapshotSerialisation::test_node_ids_sorted PASSED [ 64%]
tests/test_scene_snapshot_and_workspace_state.py::TestSceneSnapshotSerialisation::test_save_and_load PASSED [ 64%]
tests/test_scene_snapshot_and_workspace_state.py::TestSceneSnapshotSerialisation::test_to_dict_structure PASSED [ 64%]
tests/test_scene_snapshot_and_workspace_state.py::TestWorkspaceState::test_from_dict_defaults_on_missing_keys PASSED [ 64%]
tests/test_scene_snapshot_and_workspace_state.py::TestWorkspaceState::test_from_dict_round_trips PASSED [ 64%]
tests/test_scene_snapshot_and_workspace_state.py::TestWorkspaceState::test_from_dict_skips_non_dict_feature_states PASSED [ 64%]
tests/test_scene_snapshot_and_workspace_state.py::TestWorkspaceState::test_load_missing_file_returns_default PASSED [ 64%]
tests/test_scene_snapshot_and_workspace_state.py::TestWorkspaceState::test_load_restores_state PASSED [ 64%]
tests/test_scene_snapshot_and_workspace_state.py::TestWorkspaceState::test_save_creates_parent_dirs PASSED [ 64%]
tests/test_scene_snapshot_and_workspace_state.py::TestWorkspaceState::test_save_writes_json_file PASSED [ 64%]
tests/test_scene_snapshot_and_workspace_state.py::TestWorkspaceState::test_to_dict_keys PASSED [ 64%]
tests/test_scene_snapshot_and_workspace_state.py::TestWorkspaceState::test_to_dict_values PASSED [ 64%]
tests/test_scene_snapshot_and_workspace_state.py::TestWorkspacePersistenceManagerRegistration::test_capture_registry_values PASSED [ 64%]
tests/test_scene_snapshot_and_workspace_state.py::TestWorkspacePersistenceManagerRegistration::test_register_adds_block PASSED [ 64%]
tests/test_scene_snapshot_and_workspace_state.py::TestWorkspacePersistenceManagerRegistration::test_register_empty_name_raises PASSED [ 64%]
tests/test_scene_snapshot_and_workspace_state.py::TestWorkspacePersistenceManagerRegistration::test_registered_blocks_sorted PASSED [ 64%]
tests/test_scene_snapshot_and_workspace_state.py::TestWorkspacePersistenceManagerRegistration::test_restore_applies_settings PASSED [ 64%]
tests/test_scene_snapshot_and_workspace_state.py::TestWorkspacePersistenceManagerRegistration::test_restore_reports_missing_blocks PASSED [ 64%]
tests/test_scene_snapshot_and_workspace_state.py::TestWorkspacePersistenceManagerRegistration::test_unregister_missing_returns_false PASSED [ 64%]
tests/test_scene_snapshot_and_workspace_state.py::TestWorkspacePersistenceManagerRegistration::test_unregister_removes_block PASSED [ 64%]
tests/test_scene_timeline.py::TestSceneTimelineInitial::test_current_time_zero PASSED [ 64%]
tests/test_scene_timeline.py::TestSceneTimelineInitial::test_explicit_duration PASSED [ 64%]
tests/test_scene_timeline.py::TestSceneTimelineInitial::test_no_events PASSED [ 64%]
tests/test_scene_timeline.py::TestSceneTimelineInitial::test_not_playing PASSED [ 64%]
tests/test_scene_timeline.py::TestSceneTimelinePlayback::test_pause_stops_playing PASSED [ 64%]
tests/test_scene_timeline.py::TestSceneTimelinePlayback::test_play_sets_playing PASSED [ 64%]
tests/test_scene_timeline.py::TestSceneTimelinePlayback::test_reset_clears_time_and_state PASSED [ 64%]
tests/test_scene_timeline.py::TestSceneTimelinePlayback::test_update_advances_time PASSED [ 65%]
tests/test_scene_timeline.py::TestSceneTimelinePlayback::test_update_while_paused_does_nothing PASSED [ 65%]
tests/test_scene_timeline.py::TestSceneTimelineAt::test_fires_at_time PASSED [ 65%]
tests/test_scene_timeline.py::TestSceneTimelineAt::test_fires_only_once PASSED [ 65%]
tests/test_scene_timeline.py::TestSceneTimelineAt::test_multiple_events_ordered PASSED [ 65%]
tests/test_scene_timeline.py::TestSceneTimelineAt::test_not_fired_before_time PASSED [ 65%]
tests/test_scene_timeline.py::TestSceneTimelineLabels::test_label_and_seek_to_label PASSED [ 65%]
tests/test_scene_timeline.py::TestSceneTimelineLabels::test_seek_fires_events_in_range PASSED [ 65%]
tests/test_scene_timeline.py::TestSceneTimelineLabels::test_seek_jumps_to_time PASSED [ 65%]
tests/test_scene_timeline.py::TestSceneTimelineLoop::test_loop_fires_repeatedly PASSED [ 65%]
tests/test_scene_timeline.py::TestSceneTimelineComplete::test_complete_fires_at_end PASSED [ 65%]
tests/test_scene_timeline.py::TestSceneTimelineBetween::test_on_enter_fires_when_entering_region PASSED [ 65%]
tests/test_scene_timeline.py::TestSceneTimelineBetween::test_on_exit_fires_when_leaving_region PASSED [ 65%]
tests/test_scheduler_transition_locale_formatter.py::TestCooperativeScheduler::test_cancel_all_clears_all_coroutines PASSED [ 65%]
tests/test_scheduler_transition_locale_formatter.py::TestCooperativeScheduler::test_cancel_stops_coroutine PASSED [ 65%]
tests/test_scheduler_transition_locale_formatter.py::TestCooperativeScheduler::test_coroutine_count_decrements_on_completion PASSED [ 65%]
tests/test_scheduler_transition_locale_formatter.py::TestCooperativeScheduler::test_handle_is_complete_after_exhaustion PASSED [ 65%]
tests/test_scheduler_transition_locale_formatter.py::TestCooperativeScheduler::test_handle_is_running_while_active PASSED [ 65%]
tests/test_scheduler_transition_locale_formatter.py::TestCooperativeScheduler::test_multiple_coroutines_run_concurrently PASSED [ 65%]
tests/test_scheduler_transition_locale_formatter.py::TestCooperativeScheduler::test_simple_coroutine_runs_to_completion PASSED [ 65%]
tests/test_scheduler_transition_locale_formatter.py::TestCooperativeScheduler::test_sleep_negative_raises PASSED [ 65%]
tests/test_scheduler_transition_locale_formatter.py::TestCooperativeScheduler::test_sleep_waits_required_time PASSED [ 65%]
tests/test_scheduler_transition_locale_formatter.py::TestCooperativeScheduler::test_start_returns_coroutine_handle PASSED [ 65%]
tests/test_scheduler_transition_locale_formatter.py::TestCooperativeScheduler::test_wait_for_all_waits_until_all_complete PASSED [ 65%]
tests/test_scheduler_transition_locale_formatter.py::TestCooperativeScheduler::test_wait_for_signal_resumes_on_fire PASSED [ 65%]
tests/test_scheduler_transition_locale_formatter.py::TestCooperativeScheduler::test_wait_until_resumes_when_predicate_true PASSED [ 65%]
tests/test_scheduler_transition_locale_formatter.py::TestTransitionManager::test_firing_unregistered_node_is_noop PASSED [ 65%]
tests/test_scheduler_transition_locale_formatter.py::TestTransitionManager::test_multiple_specs_for_same_event_all_fire PASSED [ 65%]
tests/test_scheduler_transition_locale_formatter.py::TestTransitionManager::test_on_disable_fires_registered_tween PASSED [ 65%]
tests/test_scheduler_transition_locale_formatter.py::TestTransitionManager::test_on_done_callback_fires_on_zero_duration PASSED [ 65%]
tests/test_scheduler_transition_locale_formatter.py::TestTransitionManager::test_on_enable_fires_registered_tween PASSED [ 65%]
tests/test_scheduler_transition_locale_formatter.py::TestTransitionManager::test_on_hide_fires_registered_tween PASSED [ 65%]
tests/test_scheduler_transition_locale_formatter.py::TestTransitionManager::test_on_show_fires_registered_tween PASSED [ 65%]
tests/test_scheduler_transition_locale_formatter.py::TestTransitionManager::test_start_value_applied_before_tween PASSED [ 65%]
tests/test_scheduler_transition_locale_formatter.py::TestTransitionManager::test_string_event_coercion PASSED [ 65%]
tests/test_scheduler_transition_locale_formatter.py::TestTransitionManager::test_unregister_event_removes_specific_event PASSED [ 65%]
tests/test_scheduler_transition_locale_formatter.py::TestTransitionManager::test_unregister_removes_all_specs PASSED [ 65%]
tests/test_scheduler_transition_locale_formatter.py::TestStringTable::test_empty_locale_id_raises PASSED [ 65%]
tests/test_scheduler_transition_locale_formatter.py::TestStringTable::test_get_known_key PASSED [ 65%]
tests/test_scheduler_transition_locale_formatter.py::TestStringTable::test_get_unknown_returns_fallback PASSED [ 65%]
tests/test_scheduler_transition_locale_formatter.py::TestStringTable::test_has_returns_false_for_unknown PASSED [ 65%]
tests/test_scheduler_transition_locale_formatter.py::TestStringTable::test_has_returns_true_for_known PASSED [ 65%]
tests/test_scheduler_transition_locale_formatter.py::TestStringTable::test_keys_sorted PASSED [ 65%]
tests/test_scheduler_transition_locale_formatter.py::TestStringTable::test_len PASSED [ 65%]
tests/test_scheduler_transition_locale_formatter.py::TestStringTable::test_locale_id_property PASSED [ 65%]
tests/test_scheduler_transition_locale_formatter.py::TestStringTable::test_non_dict_entries_raises PASSED [ 66%]
tests/test_scheduler_transition_locale_formatter.py::TestLocaleRegistry::test_current_locale_observable_notifies PASSED [ 66%]
tests/test_scheduler_transition_locale_formatter.py::TestLocaleRegistry::test_has_returns_false_for_missing_key PASSED [ 66%]
tests/test_scheduler_transition_locale_formatter.py::TestLocaleRegistry::test_has_returns_true_for_existing_key PASSED [ 66%]
tests/test_scheduler_transition_locale_formatter.py::TestLocaleRegistry::test_len_returns_locale_count PASSED [ 66%]
tests/test_scheduler_transition_locale_formatter.py::TestLocaleRegistry::test_register_non_string_table_raises PASSED [ 66%]
tests/test_scheduler_transition_locale_formatter.py::TestLocaleRegistry::test_register_replaces_existing_locale PASSED [ 66%]
tests/test_scheduler_transition_locale_formatter.py::TestLocaleRegistry::test_registered_locales_sorted PASSED [ 66%]
tests/test_scheduler_transition_locale_formatter.py::TestLocaleRegistry::test_set_locale_changes_active PASSED [ 66%]
tests/test_scheduler_transition_locale_formatter.py::TestLocaleRegistry::test_t_explicit_locale_override PASSED [ 66%]
tests/test_scheduler_transition_locale_formatter.py::TestLocaleRegistry::test_t_falls_back_to_fallback_locale PASSED [ 66%]
tests/test_scheduler_transition_locale_formatter.py::TestLocaleRegistry::test_t_returns_active_locale_value PASSED [ 66%]
tests/test_scheduler_transition_locale_formatter.py::TestLocaleRegistry::test_t_returns_fallback_arg_when_missing_everywhere PASSED [ 66%]
tests/test_scheduler_transition_locale_formatter.py::TestNumericFormatter::test_adjust_cursor_moves_forward PASSED [ 66%]
tests/test_scheduler_transition_locale_formatter.py::TestNumericFormatter::test_format_float_two_decimals PASSED [ 66%]
tests/test_scheduler_transition_locale_formatter.py::TestNumericFormatter::test_format_integer PASSED [ 66%]
tests/test_scheduler_transition_locale_formatter.py::TestNumericFormatter::test_format_invalid_raw_returns_raw PASSED [ 66%]
tests/test_scheduler_transition_locale_formatter.py::TestNumericFormatter::test_format_with_thousands_sep PASSED [ 66%]
tests/test_scheduler_transition_locale_formatter.py::TestNumericFormatter::test_negative_value_format PASSED [ 66%]
tests/test_scheduler_transition_locale_formatter.py::TestNumericFormatter::test_parse_returns_integer_string PASSED [ 66%]
tests/test_scheduler_transition_locale_formatter.py::TestNumericFormatter::test_parse_strips_thousands_sep PASSED [ 66%]
tests/test_scheduler_transition_locale_formatter.py::TestNumericFormatter::test_validate_above_max_returns_false PASSED [ 66%]
tests/test_scheduler_transition_locale_formatter.py::TestNumericFormatter::test_validate_below_min_returns_false PASSED [ 66%]
tests/test_scheduler_transition_locale_formatter.py::TestNumericFormatter::test_validate_in_range PASSED [ 66%]
tests/test_scheduler_transition_locale_formatter.py::TestNumericFormatter::test_validate_no_bounds_any_number PASSED [ 66%]
tests/test_scheduler_transition_locale_formatter.py::TestNumericFormatter::test_validate_non_numeric_returns_false PASSED [ 66%]
tests/test_scheduler_transition_locale_formatter.py::TestPatternFormatter::test_adjust_cursor_returns_slot_position PASSED [ 66%]
tests/test_scheduler_transition_locale_formatter.py::TestPatternFormatter::test_custom_fill_char PASSED [ 66%]
tests/test_scheduler_transition_locale_formatter.py::TestPatternFormatter::test_format_full_digits PASSED [ 66%]
tests/test_scheduler_transition_locale_formatter.py::TestPatternFormatter::test_format_partial_digits_uses_fill PASSED [ 66%]
tests/test_scheduler_transition_locale_formatter.py::TestPatternFormatter::test_format_partial_shows_only_entered_digits PASSED [ 66%]
tests/test_scheduler_transition_locale_formatter.py::TestPatternFormatter::test_mask_property PASSED [ 66%]
tests/test_scheduler_transition_locale_formatter.py::TestPatternFormatter::test_parse_extracts_digits PASSED [ 66%]
tests/test_scheduler_transition_locale_formatter.py::TestPatternFormatter::test_parse_ignores_literals PASSED [ 66%]
tests/test_scheduler_transition_locale_formatter.py::TestPatternFormatter::test_slot_count PASSED [ 66%]
tests/test_scheduler_transition_locale_formatter.py::TestPatternFormatter::test_validate_full_returns_true PASSED [ 66%]
tests/test_scheduler_transition_locale_formatter.py::TestPatternFormatter::test_validate_partial_returns_false PASSED [ 66%]
tests/test_schema_form_runtime.py::TestFieldSchema::test_defaults PASSED [ 66%]
tests/test_schema_form_runtime.py::TestFieldGraphSchema::test_fields_returns_copy PASSED [ 66%]
tests/test_schema_form_runtime.py::TestFieldGraphSchema::test_unique_names PASSED [ 66%]
tests/test_schema_form_runtime.py::TestFieldGraphSchema::test_unknown_dependency_raises PASSED [ 66%]
tests/test_schema_form_runtime.py::TestFieldGraphSchema::test_valid_dependency PASSED [ 66%]
tests/test_schema_form_runtime.py::TestSchemaFormRuntime::test_field_names PASSED [ 66%]
tests/test_schema_form_runtime.py::TestSchemaFormRuntime::test_initial_values PASSED [ 66%]
tests/test_schema_form_runtime.py::TestSchemaFormRuntime::test_invisible_field_does_not_affect_validity PASSED [ 66%]
tests/test_schema_form_runtime.py::TestSchemaFormRuntime::test_is_valid PASSED [ 66%]
tests/test_schema_form_runtime.py::TestSchemaFormRuntime::test_not_valid_with_errors PASSED [ 67%]
tests/test_schema_form_runtime.py::TestSchemaFormRuntime::test_on_blur_policy_defers_validation PASSED [ 67%]
tests/test_schema_form_runtime.py::TestSchemaFormRuntime::test_on_change_callback PASSED [ 67%]
tests/test_schema_form_runtime.py::TestSchemaFormRuntime::test_on_change_validation PASSED [ 67%]
tests/test_schema_form_runtime.py::TestSchemaFormRuntime::test_on_submit_defers_until_validate_all PASSED [ 67%]
tests/test_schema_form_runtime.py::TestSchemaFormRuntime::test_required_field_error PASSED [ 67%]
tests/test_schema_form_runtime.py::TestSchemaFormRuntime::test_restore_values PASSED [ 67%]
tests/test_schema_form_runtime.py::TestSchemaFormRuntime::test_set_value PASSED [ 67%]
tests/test_schema_form_runtime.py::TestSchemaFormRuntime::test_unsubscribe_change_callback PASSED [ 67%]
tests/test_schema_form_runtime.py::TestSchemaFormRuntime::test_valid_after_correction PASSED [ 67%]
tests/test_schema_form_runtime.py::TestSchemaFormRuntime::test_validate_all_returns_bool PASSED [ 67%]
tests/test_schema_form_runtime.py::TestSchemaFormRuntime::test_values_snapshot PASSED [ 67%]
tests/test_schema_form_runtime.py::TestSchemaFormRuntime::test_visible_when_controls_visibility PASSED [ 67%]
tests/test_scoped_theme.py::TestScopedThemeInitial::test_custom_name PASSED [ 67%]
tests/test_scoped_theme.py::TestScopedThemeInitial::test_name_default PASSED [ 67%]
tests/test_scoped_theme.py::TestScopedThemeInitial::test_overrides_stored PASSED [ 67%]
tests/test_scoped_theme.py::TestScopedThemeInitial::test_parent_none_initial PASSED [ 67%]
tests/test_scoped_theme.py::TestScopedThemeSet::test_copy PASSED         [ 67%]
tests/test_scoped_theme.py::TestScopedThemeSet::test_remove_missing_no_error PASSED [ 67%]
tests/test_scoped_theme.py::TestScopedThemeSet::test_remove_token PASSED [ 67%]
tests/test_scoped_theme.py::TestScopedThemeSet::test_resolve_climbs_parent_chain PASSED [ 67%]
tests/test_scoped_theme.py::TestScopedThemeSet::test_resolve_missing_returns_fallback PASSED [ 67%]
tests/test_scoped_theme.py::TestScopedThemeSet::test_set_adds_token PASSED [ 67%]
tests/test_scoped_theme.py::TestScopedThemeSet::test_to_dict_returns_copy PASSED [ 67%]
tests/test_scoped_theme.py::TestScopedThemeManagerInitial::test_active_scope_none PASSED [ 67%]
tests/test_scoped_theme.py::TestScopedThemeManagerInitial::test_depth_zero PASSED [ 67%]
tests/test_scoped_theme.py::TestScopedThemeManagerPushPop::test_pop_empty_returns_none PASSED [ 67%]
tests/test_scoped_theme.py::TestScopedThemeManagerPushPop::test_pop_returns_scope PASSED [ 67%]
tests/test_scoped_theme.py::TestScopedThemeManagerPushPop::test_push_increments_depth PASSED [ 67%]
tests/test_scoped_theme.py::TestScopedThemeManagerPushPop::test_push_sets_active PASSED [ 67%]
tests/test_scoped_theme.py::TestScopedThemeManagerPushPop::test_push_two_sets_parent PASSED [ 67%]
tests/test_scoped_theme.py::TestScopedThemeManagerResolve::test_context_manager_pushes_pops PASSED [ 67%]
tests/test_scoped_theme.py::TestScopedThemeManagerResolve::test_resolve_falls_through_to_base PASSED [ 67%]
tests/test_scoped_theme.py::TestScopedThemeManagerResolve::test_resolve_from_active_scope PASSED [ 67%]
tests/test_scoped_theme.py::TestScopedThemeManagerResolve::test_resolve_missing_returns_fallback PASSED [ 67%]
tests/test_scoped_theme.py::TestScopedThemeManagerResolve::test_resolve_no_scope_uses_base PASSED [ 67%]
tests/test_scoped_theme_and_key_chord_manager.py::TestScopedThemeInitial::test_default_name PASSED [ 67%]
tests/test_scoped_theme_and_key_chord_manager.py::TestScopedThemeInitial::test_empty_scope_name PASSED [ 67%]
tests/test_scoped_theme_and_key_chord_manager.py::TestScopedThemeInitial::test_parent_initially_none PASSED [ 67%]
tests/test_scoped_theme_and_key_chord_manager.py::TestScopedThemeInitial::test_to_dict_empty PASSED [ 67%]
tests/test_scoped_theme_and_key_chord_manager.py::TestScopedThemeOverrides::test_child_overrides_parent PASSED [ 67%]
tests/test_scoped_theme_and_key_chord_manager.py::TestScopedThemeOverrides::test_construct_with_overrides PASSED [ 67%]
tests/test_scoped_theme_and_key_chord_manager.py::TestScopedThemeOverrides::test_copy_is_independent PASSED [ 67%]
tests/test_scoped_theme_and_key_chord_manager.py::TestScopedThemeOverrides::test_remove_existing_token PASSED [ 67%]
tests/test_scoped_theme_and_key_chord_manager.py::TestScopedThemeOverrides::test_remove_missing_token_no_error PASSED [ 67%]
tests/test_scoped_theme_and_key_chord_manager.py::TestScopedThemeOverrides::test_resolve_climbs_parent_chain PASSED [ 68%]
tests/test_scoped_theme_and_key_chord_manager.py::TestScopedThemeOverrides::test_resolve_missing_returns_fallback PASSED [ 68%]
tests/test_scoped_theme_and_key_chord_manager.py::TestScopedThemeOverrides::test_resolve_own_token PASSED [ 68%]
tests/test_scoped_theme_and_key_chord_manager.py::TestScopedThemeOverrides::test_set_adds_token PASSED [ 68%]
tests/test_scoped_theme_and_key_chord_manager.py::TestScopedThemeOverrides::test_to_dict_does_not_include_parent PASSED [ 68%]
tests/test_scoped_theme_and_key_chord_manager.py::TestScopedThemeManagerStack::test_active_scope_after_push PASSED [ 68%]
tests/test_scoped_theme_and_key_chord_manager.py::TestScopedThemeManagerStack::test_active_scope_none_initially PASSED [ 68%]
tests/test_scoped_theme_and_key_chord_manager.py::TestScopedThemeManagerStack::test_first_push_parent_is_none PASSED [ 68%]
tests/test_scoped_theme_and_key_chord_manager.py::TestScopedThemeManagerStack::test_initial_depth_zero PASSED [ 68%]
tests/test_scoped_theme_and_key_chord_manager.py::TestScopedThemeManagerStack::test_pop_clears_parent_reference PASSED [ 68%]
tests/test_scoped_theme_and_key_chord_manager.py::TestScopedThemeManagerStack::test_pop_decreases_depth PASSED [ 68%]
tests/test_scoped_theme_and_key_chord_manager.py::TestScopedThemeManagerStack::test_pop_empty_returns_none PASSED [ 68%]
tests/test_scoped_theme_and_key_chord_manager.py::TestScopedThemeManagerStack::test_push_increases_depth PASSED [ 68%]
tests/test_scoped_theme_and_key_chord_manager.py::TestScopedThemeManagerStack::test_push_sets_parent_to_previous_top PASSED [ 68%]
tests/test_scoped_theme_and_key_chord_manager.py::TestScopedThemeManagerResolve::test_pop_restores_base_resolution PASSED [ 68%]
tests/test_scoped_theme_and_key_chord_manager.py::TestScopedThemeManagerResolve::test_resolve_falls_through_to_base PASSED [ 68%]
tests/test_scoped_theme_and_key_chord_manager.py::TestScopedThemeManagerResolve::test_resolve_inner_scope_overrides_outer PASSED [ 68%]
tests/test_scoped_theme_and_key_chord_manager.py::TestScopedThemeManagerResolve::test_resolve_outer_token_not_in_inner PASSED [ 68%]
tests/test_scoped_theme_and_key_chord_manager.py::TestScopedThemeManagerResolve::test_resolve_scope_overrides_base PASSED [ 68%]
tests/test_scoped_theme_and_key_chord_manager.py::TestScopedThemeManagerResolve::test_resolve_unknown_returns_fallback PASSED [ 68%]
tests/test_scoped_theme_and_key_chord_manager.py::TestScopedThemeManagerContextManager::test_nested_scopes_resolve_correctly PASSED [ 68%]
tests/test_scoped_theme_and_key_chord_manager.py::TestScopedThemeManagerContextManager::test_scope_context_pops_on_exit PASSED [ 68%]
tests/test_scoped_theme_and_key_chord_manager.py::TestScopedThemeManagerContextManager::test_scope_context_pushes_on_enter PASSED [ 68%]
tests/test_scoped_theme_and_key_chord_manager.py::TestKeyChord::test_empty_steps_raises PASSED [ 68%]
tests/test_scoped_theme_and_key_chord_manager.py::TestKeyChord::test_frozen_steps PASSED [ 68%]
tests/test_scoped_theme_and_key_chord_manager.py::TestKeyChord::test_getitem PASSED [ 68%]
tests/test_scoped_theme_and_key_chord_manager.py::TestKeyChord::test_single_step PASSED [ 68%]
tests/test_scoped_theme_and_key_chord_manager.py::TestKeyChord::test_two_steps PASSED [ 68%]
tests/test_scoped_theme_and_key_chord_manager.py::TestKeyChordManagerSetup::test_none_actions_raises PASSED [ 68%]
tests/test_scoped_theme_and_key_chord_manager.py::TestKeyChordManagerSetup::test_not_in_progress_initially PASSED [ 68%]
tests/test_scoped_theme_and_key_chord_manager.py::TestKeyChordManagerSetup::test_registered_chords_initially_empty PASSED [ 68%]
tests/test_scoped_theme_and_key_chord_manager.py::TestKeyChordManagerRegistration::test_bind_registers_chord PASSED [ 68%]
tests/test_scoped_theme_and_key_chord_manager.py::TestKeyChordManagerRegistration::test_bind_replaces_duplicate PASSED [ 68%]
tests/test_scoped_theme_and_key_chord_manager.py::TestKeyChordManagerRegistration::test_unbind_existing PASSED [ 68%]
tests/test_scoped_theme_and_key_chord_manager.py::TestKeyChordManagerRegistration::test_unbind_missing_returns_false PASSED [ 68%]
tests/test_scoped_theme_and_key_chord_manager.py::TestKeyChordManagerSingleStep::test_non_key_event_not_consumed PASSED [ 68%]
tests/test_scoped_theme_and_key_chord_manager.py::TestKeyChordManagerSingleStep::test_single_step_chord_fires_immediately PASSED [ 68%]
tests/test_scoped_theme_and_key_chord_manager.py::TestKeyChordManagerSingleStep::test_wrong_key_not_consumed PASSED [ 68%]
tests/test_scoped_theme_and_key_chord_manager.py::TestKeyChordManagerTwoStep::test_after_reset_first_step_works_again PASSED [ 68%]
tests/test_scoped_theme_and_key_chord_manager.py::TestKeyChordManagerTwoStep::test_first_step_consumed_not_fired PASSED [ 68%]
tests/test_scoped_theme_and_key_chord_manager.py::TestKeyChordManagerTwoStep::test_mod_zero_matches_any PASSED [ 68%]
tests/test_scoped_theme_and_key_chord_manager.py::TestKeyChordManagerTwoStep::test_reset_clears_progress PASSED [ 68%]
tests/test_scoped_theme_and_key_chord_manager.py::TestKeyChordManagerTwoStep::test_second_step_fires_action PASSED [ 68%]
tests/test_scoped_theme_and_key_chord_manager.py::TestKeyChordManagerTwoStep::test_wrong_second_step_resets PASSED [ 68%]
tests/test_scoped_theme_and_key_chord_manager.py::TestKeyChordManagerUnregisteredAction::test_unregistered_action_returns_false PASSED [ 68%]
tests/test_selection_model.py::TestSelectionModelInitial::test_active_end_none PASSED [ 68%]
tests/test_selection_model.py::TestSelectionModelInitial::test_anchor_none PASSED [ 69%]
tests/test_selection_model.py::TestSelectionModelInitial::test_item_count_stored PASSED [ 69%]
tests/test_selection_model.py::TestSelectionModelInitial::test_mode_default_single PASSED [ 69%]
tests/test_selection_model.py::TestSelectionModelInitial::test_selected_index_minus_one PASSED [ 69%]
tests/test_selection_model.py::TestSelectionModelInitial::test_selected_indices_empty PASSED [ 69%]
tests/test_selection_model.py::TestSelectionModelSingle::test_clear PASSED [ 69%]
tests/test_selection_model.py::TestSelectionModelSingle::test_deselect PASSED [ 69%]
tests/test_selection_model.py::TestSelectionModelSingle::test_deselect_not_selected_no_error PASSED [ 69%]
tests/test_selection_model.py::TestSelectionModelSingle::test_is_selected_false PASSED [ 69%]
tests/test_selection_model.py::TestSelectionModelSingle::test_is_selected_true PASSED [ 69%]
tests/test_selection_model.py::TestSelectionModelSingle::test_select_all PASSED [ 69%]
tests/test_selection_model.py::TestSelectionModelSingle::test_select_invalid_out_of_range PASSED [ 69%]
tests/test_selection_model.py::TestSelectionModelSingle::test_select_item PASSED [ 69%]
tests/test_selection_model.py::TestSelectionModelSingle::test_select_replaces_previous PASSED [ 69%]
tests/test_selection_model.py::TestSelectionModelSingle::test_selected_index_lowest PASSED [ 69%]
tests/test_selection_model.py::TestSelectionModelMulti::test_multiple_selected PASSED [ 69%]
tests/test_selection_model.py::TestSelectionModelMulti::test_select_all_multi PASSED [ 69%]
tests/test_selection_model.py::TestSelectionModelMulti::test_toggle_adds PASSED [ 69%]
tests/test_selection_model.py::TestSelectionModelMulti::test_toggle_removes PASSED [ 69%]
tests/test_selection_model.py::TestSelectionModelRange::test_active_stored PASSED [ 69%]
tests/test_selection_model.py::TestSelectionModelRange::test_anchor_stored PASSED [ 69%]
tests/test_selection_model.py::TestSelectionModelRange::test_range_anchor_to_active PASSED [ 69%]
tests/test_selection_model.py::TestSelectionModelRange::test_range_reverse_order PASSED [ 69%]
tests/test_selection_model.py::TestSelectionModelRange::test_single_item_range PASSED [ 69%]
tests/test_selection_model.py::TestSelectionModelCallbacks::test_mode_change_clears_selection PASSED [ 69%]
tests/test_selection_model.py::TestSelectionModelCallbacks::test_on_change_called_on_select PASSED [ 69%]
tests/test_selection_model.py::TestSelectionModelCallbacks::test_set_item_count_prunes_selection PASSED [ 69%]
tests/test_selection_model.py::TestSelectionModelCallbacks::test_subscribe_called PASSED [ 69%]
tests/test_selection_model.py::TestSelectionModelCallbacks::test_unsubscribe PASSED [ 69%]
tests/test_service_scope.py::TestServiceKey::test_empty_name_raises PASSED [ 69%]
tests/test_service_scope.py::TestServiceKey::test_equality_by_name PASSED [ 69%]
tests/test_service_scope.py::TestServiceKey::test_hash_consistent_with_eq PASSED [ 69%]
tests/test_service_scope.py::TestServiceKey::test_inequality PASSED      [ 69%]
tests/test_service_scope.py::TestServiceKey::test_repr PASSED            [ 69%]
tests/test_service_scope.py::TestServiceKey::test_usable_as_dict_key PASSED [ 69%]
tests/test_service_scope.py::TestServiceScope::test_bind_and_get PASSED  [ 69%]
tests/test_service_scope.py::TestServiceScope::test_bind_non_disposable_instance PASSED [ 69%]
tests/test_service_scope.py::TestServiceScope::test_child_can_shadow_parent PASSED [ 69%]
tests/test_service_scope.py::TestServiceScope::test_child_inherits_parent_binding PASSED [ 69%]
tests/test_service_scope.py::TestServiceScope::test_dispose_calls_owned_dispose PASSED [ 69%]
tests/test_service_scope.py::TestServiceScope::test_dispose_clears_bindings PASSED [ 69%]
tests/test_service_scope.py::TestServiceScope::test_dispose_multiple_lifo_order PASSED [ 69%]
tests/test_service_scope.py::TestServiceScope::test_dispose_not_owned_skips_dispose PASSED [ 69%]
tests/test_service_scope.py::TestServiceScope::test_get_missing_raises PASSED [ 69%]
tests/test_service_scope.py::TestServiceScope::test_get_optional_returns_none_when_missing PASSED [ 69%]
tests/test_service_scope.py::TestServiceScope::test_get_optional_returns_value PASSED [ 70%]
tests/test_service_scope.py::TestScopeStack::test_cannot_pop_root PASSED [ 70%]
tests/test_service_scope.py::TestScopeStack::test_nested_push PASSED     [ 70%]
tests/test_service_scope.py::TestScopeStack::test_pop_disposes_child PASSED [ 70%]
tests/test_service_scope.py::TestScopeStack::test_pop_restores_parent PASSED [ 70%]
tests/test_service_scope.py::TestScopeStack::test_push_creates_child_scope PASSED [ 70%]
tests/test_service_scope.py::TestScopeStack::test_root_is_accessible PASSED [ 70%]
tests/test_settings_registry.py::TestSettingDescriptor::test_fields_stored PASSED [ 70%]
tests/test_settings_registry.py::TestSettingDescriptor::test_label_defaults_empty PASSED [ 70%]
tests/test_settings_registry.py::TestSettingsRegistryInitial::test_file_path_none PASSED [ 70%]
tests/test_settings_registry.py::TestSettingsRegistryInitial::test_no_descriptors PASSED [ 70%]
tests/test_settings_registry.py::TestSettingsRegistryInitial::test_no_namespaces PASSED [ 70%]
tests/test_settings_registry.py::TestSettingsRegistryDeclare::test_declare_adds_key PASSED [ 70%]
tests/test_settings_registry.py::TestSettingsRegistryDeclare::test_declare_adds_namespace PASSED [ 70%]
tests/test_settings_registry.py::TestSettingsRegistryDeclare::test_declare_creates_observable PASSED [ 70%]
tests/test_settings_registry.py::TestSettingsRegistryDeclare::test_declare_empty_key_raises PASSED [ 70%]
tests/test_settings_registry.py::TestSettingsRegistryDeclare::test_declare_empty_namespace_raises PASSED [ 70%]
tests/test_settings_registry.py::TestSettingsRegistryDeclare::test_declare_twice_returns_same_observable PASSED [ 70%]
tests/test_settings_registry.py::TestSettingsRegistryGetSet::test_get_missing_raises PASSED [ 70%]
tests/test_settings_registry.py::TestSettingsRegistryGetSet::test_get_value_returns_default PASSED [ 70%]
tests/test_settings_registry.py::TestSettingsRegistryGetSet::test_set_fires_subscriber PASSED [ 70%]
tests/test_settings_registry.py::TestSettingsRegistryGetSet::test_set_value_updates PASSED [ 70%]
tests/test_settings_registry.py::TestSettingsRegistryReset::test_reset_all PASSED [ 70%]
tests/test_settings_registry.py::TestSettingsRegistryReset::test_reset_reverts_namespace PASSED [ 70%]
tests/test_settings_registry.py::TestSettingsRegistryInspection::test_all_descriptors_ordered PASSED [ 70%]
tests/test_settings_registry.py::TestSettingsRegistryInspection::test_describe_missing_returns_none PASSED [ 70%]
tests/test_settings_registry.py::TestSettingsRegistryInspection::test_describe_returns_descriptor PASSED [ 70%]
tests/test_settings_registry.py::TestSettingsRegistryInspection::test_keys_sorted PASSED [ 70%]
tests/test_settings_registry.py::TestSettingsRegistryInspection::test_namespaces_sorted PASSED [ 70%]
tests/test_shear_window_controller.py::TestShearWindowControllerReleaseRefresh::test_end_drag_defers_buffer_refresh_until_render PASSED [ 70%]
tests/test_shear_window_controller.py::TestShearWindowControllerReleaseRefresh::test_settle_render_keeps_refreshing_live_content PASSED [ 70%]
tests/test_shear_window_controller.py::TestShearWindowControllerAutoQuality::test_auto_quality_degrades_when_render_time_is_high PASSED [ 70%]
tests/test_shear_window_controller.py::TestShearWindowControllerAutoQuality::test_auto_quality_upgrades_when_render_time_is_low PASSED [ 70%]
tests/test_shear_window_controller.py::TestShearWindowControllerAutoQuality::test_quality_params_shift_with_auto_level PASSED [ 70%]
tests/test_signal.py::TestSignalDescriptor::test_class_level_access_returns_descriptor PASSED [ 70%]
tests/test_signal.py::TestSignalDescriptor::test_connect_and_connect_once_coexist PASSED [ 70%]
tests/test_signal.py::TestSignalDescriptor::test_connect_once_fires_exactly_one_time PASSED [ 70%]
tests/test_signal.py::TestSignalDescriptor::test_connect_returns_signal_connection PASSED [ 70%]
tests/test_signal.py::TestSignalDescriptor::test_connection_count_reflects_active_connections PASSED [ 70%]
tests/test_signal.py::TestSignalDescriptor::test_disconnect_all_removes_all_connections PASSED [ 70%]
tests/test_signal.py::TestSignalDescriptor::test_disconnect_inside_emit_does_not_raise PASSED [ 70%]
tests/test_signal.py::TestSignalDescriptor::test_disconnect_via_connection_handle_stops_delivery PASSED [ 70%]
tests/test_signal.py::TestSignalDescriptor::test_disconnect_via_signal_instance_stops_delivery PASSED [ 70%]
tests/test_signal.py::TestSignalDescriptor::test_duplicate_connect_does_not_add_duplicate_callback PASSED [ 70%]
tests/test_signal.py::TestSignalDescriptor::test_each_instance_gets_its_own_signal_state PASSED [ 70%]
tests/test_signal.py::TestSignalDescriptor::test_emit_calls_connected_callback_with_value PASSED [ 70%]
tests/test_signal.py::TestSignalDescriptor::test_emit_with_no_connections_is_a_noop PASSED [ 71%]
tests/test_signal.py::TestSignalDescriptor::test_multiple_signals_on_same_instance_are_independent PASSED [ 71%]
tests/test_signal.py::TestSignalDescriptor::test_reassigning_signal_raises_attribute_error PASSED [ 71%]
tests/test_signal_value_change.py::TestSignalInstance::test_connect_deduplicated PASSED [ 71%]
tests/test_signal_value_change.py::TestSignalInstance::test_connect_noncallable_raises PASSED [ 71%]
tests/test_signal_value_change.py::TestSignalInstance::test_connect_once_auto_disconnects PASSED [ 71%]
tests/test_signal_value_change.py::TestSignalInstance::test_connect_once_fires_once PASSED [ 71%]
tests/test_signal_value_change.py::TestSignalInstance::test_connect_registers PASSED [ 71%]
tests/test_signal_value_change.py::TestSignalInstance::test_connect_returns_connection PASSED [ 71%]
tests/test_signal_value_change.py::TestSignalInstance::test_connection_count_both_types PASSED [ 71%]
tests/test_signal_value_change.py::TestSignalInstance::test_disconnect PASSED [ 71%]
tests/test_signal_value_change.py::TestSignalInstance::test_disconnect_all PASSED [ 71%]
tests/test_signal_value_change.py::TestSignalInstance::test_disconnect_missing_no_error PASSED [ 71%]
tests/test_signal_value_change.py::TestSignalInstance::test_emit_fires_all_callbacks PASSED [ 71%]
tests/test_signal_value_change.py::TestSignalInstance::test_emit_fires_callback PASSED [ 71%]
tests/test_signal_value_change.py::TestSignalInstance::test_emit_no_callbacks_no_error PASSED [ 71%]
tests/test_signal_value_change.py::TestSignalConnection::test_callback_property PASSED [ 71%]
tests/test_signal_value_change.py::TestSignalConnection::test_disconnect_via_handle PASSED [ 71%]
tests/test_signal_value_change.py::TestSignalDescriptor::test_class_level_access_returns_descriptor PASSED [ 71%]
tests/test_signal_value_change.py::TestSignalDescriptor::test_signal_not_reassignable PASSED [ 71%]
tests/test_signal_value_change.py::TestSignalDescriptor::test_signal_per_instance PASSED [ 71%]
tests/test_signal_value_change.py::TestValueChangeReason::test_is_string_enum PASSED [ 71%]
tests/test_signal_value_change.py::TestValueChangeReason::test_mouse_drag PASSED [ 71%]
tests/test_signal_value_change.py::TestValueChangeReason::test_wheel PASSED [ 71%]
tests/test_signal_value_change.py::TestValidateValueChangeCallback::test_callable_is_valid PASSED [ 71%]
tests/test_signal_value_change.py::TestValidateValueChangeCallback::test_int_raises PASSED [ 71%]
tests/test_signal_value_change.py::TestValidateValueChangeCallback::test_non_callable_raises PASSED [ 71%]
tests/test_signal_value_change.py::TestValidateValueChangeCallback::test_none_is_valid PASSED [ 71%]
tests/test_signal_value_change.py::TestDispatchValueChange::test_dispatch_calls_callback PASSED [ 71%]
tests/test_signal_value_change.py::TestDispatchValueChange::test_dispatch_none_callback_no_error PASSED [ 71%]
tests/test_signal_value_change.py::TestDispatchValueChange::test_dispatch_with_reason PASSED [ 71%]
tests/test_snap_grid_and_viewport.py::TestSnapGridSnapPoint::test_exact_grid_intersection_unchanged PASSED [ 71%]
tests/test_snap_grid_and_viewport.py::TestSnapGridSnapPoint::test_non_square_cells PASSED [ 71%]
tests/test_snap_grid_and_viewport.py::TestSnapGridSnapPoint::test_offset_shifts_grid_origin PASSED [ 71%]
tests/test_snap_grid_and_viewport.py::TestSnapGridSnapPoint::test_origin_snaps_to_zero PASSED [ 71%]
tests/test_snap_grid_and_viewport.py::TestSnapGridSnapPoint::test_rounds_down_before_midpoint PASSED [ 71%]
tests/test_snap_grid_and_viewport.py::TestSnapGridSnapPoint::test_rounds_up_past_midpoint PASSED [ 71%]
tests/test_snap_grid_and_viewport.py::TestSnapGridSnapRect::test_already_aligned_unchanged PASSED [ 71%]
tests/test_snap_grid_and_viewport.py::TestSnapGridSnapRect::test_preserves_size PASSED [ 71%]
tests/test_snap_grid_and_viewport.py::TestSnapGridSnapRect::test_snaps_topleft PASSED [ 71%]
tests/test_snap_grid_and_viewport.py::TestSnapGridNearestCell::test_origin PASSED [ 71%]
tests/test_snap_grid_and_viewport.py::TestSnapGridNearestCell::test_positive_coords PASSED [ 71%]
tests/test_snap_grid_and_viewport.py::TestSnapGridNearestCell::test_with_offset PASSED [ 71%]
tests/test_snap_grid_and_viewport.py::TestAlignmentGuide::test_center_x_snap PASSED [ 71%]
tests/test_snap_grid_and_viewport.py::TestAlignmentGuide::test_left_left_snap PASSED [ 71%]
tests/test_snap_grid_and_viewport.py::TestAlignmentGuide::test_no_snap_when_far PASSED [ 71%]
tests/test_snap_grid_and_viewport.py::TestAlignmentGuide::test_sorted_by_distance_ascending PASSED [ 72%]
tests/test_snap_grid_and_viewport.py::TestAlignmentGuide::test_top_top_snap PASSED [ 72%]
tests/test_snap_grid_and_viewport.py::TestAlignmentGuide::test_update_candidates_replaces PASSED [ 72%]
tests/test_snap_grid_and_viewport.py::TestSnapComposerGridOnly::test_size_preserved PASSED [ 72%]
tests/test_snap_grid_and_viewport.py::TestSnapComposerGridOnly::test_snap_aligns_to_grid PASSED [ 72%]
tests/test_snap_grid_and_viewport.py::TestSnapComposerGuideOverridesGrid::test_guide_wins_over_grid PASSED [ 72%]
tests/test_snap_grid_and_viewport.py::TestViewportInitialState::test_content_size PASSED [ 72%]
tests/test_snap_grid_and_viewport.py::TestViewportInitialState::test_scroll_starts_at_zero PASSED [ 72%]
tests/test_snap_grid_and_viewport.py::TestViewportInitialState::test_viewport_size PASSED [ 72%]
tests/test_snap_grid_and_viewport.py::TestViewportInitialState::test_zoom_starts_at_one PASSED [ 72%]
tests/test_snap_grid_and_viewport.py::TestViewportScrollTo::test_no_event_when_scroll_unchanged PASSED [ 72%]
tests/test_snap_grid_and_viewport.py::TestViewportScrollTo::test_scroll_by_accumulates PASSED [ 72%]
tests/test_snap_grid_and_viewport.py::TestViewportScrollTo::test_scroll_clamped_at_max PASSED [ 72%]
tests/test_snap_grid_and_viewport.py::TestViewportScrollTo::test_scroll_clamped_at_zero PASSED [ 72%]
tests/test_snap_grid_and_viewport.py::TestViewportScrollTo::test_scroll_fires_subscriber PASSED [ 72%]
tests/test_snap_grid_and_viewport.py::TestViewportScrollTo::test_scroll_to_moves_offset PASSED [ 72%]
tests/test_snap_grid_and_viewport.py::TestViewportScrollToItem::test_item_already_visible_no_scroll PASSED [ 72%]
tests/test_snap_grid_and_viewport.py::TestViewportScrollToItem::test_item_right_of_viewport_scrolls PASSED [ 72%]
tests/test_snap_grid_and_viewport.py::TestViewportZoom::test_adjust_zoom_multiplies PASSED [ 72%]
tests/test_snap_grid_and_viewport.py::TestViewportZoom::test_same_zoom_no_event PASSED [ 72%]
tests/test_snap_grid_and_viewport.py::TestViewportZoom::test_set_zoom_changes_factor PASSED [ 72%]
tests/test_snap_grid_and_viewport.py::TestViewportZoom::test_zoom_clamped_at_max PASSED [ 72%]
tests/test_snap_grid_and_viewport.py::TestViewportZoom::test_zoom_clamped_at_min PASSED [ 72%]
tests/test_snap_grid_and_viewport.py::TestViewportZoom::test_zoom_fires_subscriber PASSED [ 72%]
tests/test_snap_grid_and_viewport.py::TestViewportCoordinateTransforms::test_local_to_screen_round_trip PASSED [ 72%]
tests/test_snap_grid_and_viewport.py::TestViewportCoordinateTransforms::test_screen_to_local_at_origin PASSED [ 72%]
tests/test_snap_grid_and_viewport.py::TestViewportCoordinateTransforms::test_screen_to_local_with_zoom PASSED [ 72%]
tests/test_snap_grid_and_viewport.py::TestViewportCoordinateTransforms::test_visible_rect_with_zoom PASSED [ 72%]
tests/test_snap_grid_and_viewport.py::TestViewportSizing::test_set_content_fires_subscriber PASSED [ 72%]
tests/test_snap_grid_and_viewport.py::TestViewportSizing::test_set_content_size PASSED [ 72%]
tests/test_snap_grid_and_viewport.py::TestViewportSizing::test_set_viewport_fires_subscriber PASSED [ 72%]
tests/test_snap_grid_and_viewport.py::TestViewportSizing::test_set_viewport_size PASSED [ 72%]
tests/test_snap_grid_and_viewport.py::TestViewportSubscription::test_multiple_subscribers PASSED [ 72%]
tests/test_snap_grid_and_viewport.py::TestViewportSubscription::test_unsubscribe_stops_events PASSED [ 72%]
tests/test_snapshot_migration.py::TestSchemaVersion::test_hashable PASSED [ 72%]
tests/test_snapshot_migration.py::TestSchemaVersion::test_minor_ordering PASSED [ 72%]
tests/test_snapshot_migration.py::TestSchemaVersion::test_ordering PASSED [ 72%]
tests/test_snapshot_migration.py::TestSchemaVersion::test_parse PASSED   [ 72%]
tests/test_snapshot_migration.py::TestSchemaVersion::test_parse_invalid PASSED [ 72%]
tests/test_snapshot_migration.py::TestSchemaVersion::test_str PASSED     [ 72%]
tests/test_snapshot_migration.py::TestMakeSnapshot::test_data_is_copied PASSED [ 72%]
tests/test_snapshot_migration.py::TestMakeSnapshot::test_read_version PASSED [ 72%]
tests/test_snapshot_migration.py::TestMakeSnapshot::test_schema_version_field PASSED [ 72%]
tests/test_snapshot_migration.py::TestMigrationStep::test_basic_construction PASSED [ 72%]
tests/test_snapshot_migration.py::TestMigrationStep::test_equal_versions_raises PASSED [ 72%]
tests/test_snapshot_migration.py::TestMigrationStep::test_invalid_direction_raises PASSED [ 73%]
tests/test_snapshot_migration.py::TestMigrationRegistry::test_find_direct_path PASSED [ 73%]
tests/test_snapshot_migration.py::TestMigrationRegistry::test_find_multi_hop_path PASSED [ 73%]
tests/test_snapshot_migration.py::TestMigrationRegistry::test_no_path_returns_none PASSED [ 73%]
tests/test_snapshot_migration.py::TestMigrationRegistry::test_same_version_returns_empty_path PASSED [ 73%]
tests/test_snapshot_migration.py::TestMigrationRegistry::test_steps_returns_copy PASSED [ 73%]
tests/test_snapshot_migration.py::TestSnapshotMigrator::test_can_migrate_false PASSED [ 73%]
tests/test_snapshot_migration.py::TestSnapshotMigrator::test_can_migrate_true PASSED [ 73%]
tests/test_snapshot_migration.py::TestSnapshotMigrator::test_migrate_direct PASSED [ 73%]
tests/test_snapshot_migration.py::TestSnapshotMigrator::test_migrate_multi_hop PASSED [ 73%]
tests/test_snapshot_migration.py::TestSnapshotMigrator::test_migrate_same_version PASSED [ 73%]
tests/test_snapshot_migration.py::TestSnapshotMigrator::test_no_path_raises PASSED [ 73%]
tests/test_snapshot_migration.py::TestSnapshotMigrator::test_original_not_mutated PASSED [ 73%]
tests/test_sort_filter_proxy.py::TestSortFilterProxyInitial::test_item_at_no_filter PASSED [ 73%]
tests/test_sort_filter_proxy.py::TestSortFilterProxyInitial::test_item_count_no_filter PASSED [ 73%]
tests/test_sort_filter_proxy.py::TestSortFilterProxyInitial::test_works_with_plain_list PASSED [ 73%]
tests/test_sort_filter_proxy.py::TestSortFilterProxyFilter::test_clear_filter_restores_all PASSED [ 73%]
tests/test_sort_filter_proxy.py::TestSortFilterProxyFilter::test_filter_notifies_subscriber PASSED [ 73%]
tests/test_sort_filter_proxy.py::TestSortFilterProxyFilter::test_filter_reduces_count PASSED [ 73%]
tests/test_sort_filter_proxy.py::TestSortFilterProxyFilter::test_filter_returns_correct_items PASSED [ 73%]
tests/test_sort_filter_proxy.py::TestSortFilterProxySort::test_clear_sort_restores_order PASSED [ 73%]
tests/test_sort_filter_proxy.py::TestSortFilterProxySort::test_sort_ascending PASSED [ 73%]
tests/test_sort_filter_proxy.py::TestSortFilterProxySort::test_sort_descending PASSED [ 73%]
tests/test_sort_filter_proxy.py::TestSortFilterProxySort::test_sort_strings PASSED [ 73%]
tests/test_sort_filter_proxy.py::TestSortFilterProxyCombined::test_filter_then_sort PASSED [ 73%]
tests/test_sort_filter_proxy.py::TestSortFilterProxySubscribe::test_subscribe_called_on_invalidate PASSED [ 73%]
tests/test_sort_filter_proxy.py::TestSortFilterProxySubscribe::test_unsubscribe_stops_notifications PASSED [ 73%]
tests/test_sound_event_bus.py::TestSoundCue::test_defaults PASSED        [ 73%]
tests/test_sound_event_bus.py::TestSoundCue::test_volume_clamped PASSED  [ 73%]
tests/test_sound_event_bus.py::TestSoundBankRegistry::test_event_names_sorted PASSED [ 73%]
tests/test_sound_event_bus.py::TestSoundBankRegistry::test_len PASSED    [ 73%]
tests/test_sound_event_bus.py::TestSoundBankRegistry::test_merge_later_wins PASSED [ 73%]
tests/test_sound_event_bus.py::TestSoundBankRegistry::test_register_and_get PASSED [ 73%]
tests/test_sound_event_bus.py::TestSoundBankRegistry::test_unregister PASSED [ 73%]
tests/test_sound_event_bus.py::TestSoundBankRegistry::test_unregister_missing_returns_false PASSED [ 73%]
tests/test_sound_event_bus.py::TestSoundEventBusDegradedMode::test_emit_returns_false_for_unregistered_event PASSED [ 73%]
tests/test_sound_event_bus.py::TestSoundEventBusDegradedMode::test_emit_returns_false_when_unavailable PASSED [ 73%]
tests/test_sound_event_bus.py::TestSoundEventBusDegradedMode::test_exports_from_gui_do PASSED [ 73%]
tests/test_sound_event_bus.py::TestSoundEventBusDegradedMode::test_is_available_reflects_state PASSED [ 73%]
tests/test_sound_event_bus.py::TestSoundEventBusDegradedMode::test_load_bank_registers_events PASSED [ 73%]
tests/test_sound_event_bus.py::TestSoundEventBusDegradedMode::test_master_volume_clamped PASSED [ 73%]
tests/test_sound_event_bus.py::TestSoundEventBusDegradedMode::test_mute_prevents_playback PASSED [ 73%]
tests/test_sound_event_bus.py::TestSoundEventBusDegradedMode::test_registered_event_names_sorted PASSED [ 73%]
tests/test_sound_event_bus.py::TestSoundEventBusDegradedMode::test_stop_all_no_op_when_unavailable PASSED [ 73%]
tests/test_sound_event_bus.py::TestSoundEventBusDegradedMode::test_unmute_restores PASSED [ 73%]
tests/test_splitter_button_group_panel_control.py::TestSplitterControlInitial::test_default_axis_horizontal PASSED [ 73%]
tests/test_splitter_button_group_panel_control.py::TestSplitterControlInitial::test_default_ratio_half PASSED [ 74%]
tests/test_splitter_button_group_panel_control.py::TestSplitterControlInitial::test_initial_ratio_stored PASSED [ 74%]
tests/test_splitter_button_group_panel_control.py::TestSplitterControlInitial::test_is_horizontal_false_for_vertical PASSED [ 74%]
tests/test_splitter_button_group_panel_control.py::TestSplitterControlInitial::test_is_horizontal_true PASSED [ 74%]
tests/test_splitter_button_group_panel_control.py::TestSplitterControlInitial::test_ratio_clamped_high PASSED [ 74%]
tests/test_splitter_button_group_panel_control.py::TestSplitterControlInitial::test_ratio_clamped_low PASSED [ 74%]
tests/test_splitter_button_group_panel_control.py::TestSplitterControlPaneRects::test_divider_width_matches_thickness PASSED [ 74%]
tests/test_splitter_button_group_panel_control.py::TestSplitterControlPaneRects::test_horizontal_pane_a_left_of_divider PASSED [ 74%]
tests/test_splitter_button_group_panel_control.py::TestSplitterControlPaneRects::test_horizontal_pane_b_right_of_divider PASSED [ 74%]
tests/test_splitter_button_group_panel_control.py::TestSplitterControlPaneRects::test_horizontal_panes_same_height PASSED [ 74%]
tests/test_splitter_button_group_panel_control.py::TestSplitterControlPaneRects::test_ratio_affects_pane_a_width PASSED [ 74%]
tests/test_splitter_button_group_panel_control.py::TestSplitterControlPaneRects::test_vertical_divider_height_matches_thickness PASSED [ 74%]
tests/test_splitter_button_group_panel_control.py::TestSplitterControlPaneRects::test_vertical_pane_a_above_divider PASSED [ 74%]
tests/test_splitter_button_group_panel_control.py::TestSplitterControlPaneRects::test_vertical_pane_b_below_divider PASSED [ 74%]
tests/test_splitter_button_group_panel_control.py::TestSplitterControlRatioSetter::test_min_pane_size_clamped_to_at_least_four PASSED [ 74%]
tests/test_splitter_button_group_panel_control.py::TestSplitterControlRatioSetter::test_on_ratio_changed_callback_stored PASSED [ 74%]
tests/test_splitter_button_group_panel_control.py::TestSplitterControlRatioSetter::test_set_ratio PASSED [ 74%]
tests/test_splitter_button_group_panel_control.py::TestSplitterControlRatioSetter::test_set_ratio_clamped_high PASSED [ 74%]
tests/test_splitter_button_group_panel_control.py::TestSplitterControlRatioSetter::test_set_ratio_clamped_low PASSED [ 74%]
tests/test_splitter_button_group_panel_control.py::TestSplitterControlAcceptsFocus::test_tab_index_zero PASSED [ 74%]
tests/test_splitter_button_group_panel_control.py::TestButtonGroupControlInitial::test_first_button_becomes_selected_when_none_specified PASSED [ 74%]
tests/test_splitter_button_group_panel_control.py::TestButtonGroupControlInitial::test_group_stored PASSED [ 74%]
tests/test_splitter_button_group_panel_control.py::TestButtonGroupControlInitial::test_selected_true_stores_pushed PASSED [ 74%]
tests/test_splitter_button_group_panel_control.py::TestButtonGroupControlInitial::test_text_stored PASSED [ 74%]
tests/test_splitter_button_group_panel_control.py::TestButtonGroupControlSetOnActivate::test_set_on_activate_callable PASSED [ 74%]
tests/test_splitter_button_group_panel_control.py::TestButtonGroupControlSetOnActivate::test_set_on_activate_non_callable_raises PASSED [ 74%]
tests/test_splitter_button_group_panel_control.py::TestButtonGroupControlSetOnActivate::test_set_on_activate_none_clears PASSED [ 74%]
tests/test_splitter_button_group_panel_control.py::TestButtonGroupControlClearGroupRegistry::test_clear_all_groups PASSED [ 74%]
tests/test_splitter_button_group_panel_control.py::TestButtonGroupControlClearGroupRegistry::test_clear_specific_group PASSED [ 74%]
tests/test_splitter_button_group_panel_control.py::TestButtonGroupControlInvokeClick::test_button_id_reflects_selected PASSED [ 74%]
tests/test_splitter_button_group_panel_control.py::TestButtonGroupControlInvokeClick::test_invoke_click_fires_on_activate PASSED [ 74%]
tests/test_splitter_button_group_panel_control.py::TestButtonGroupControlInvokeClick::test_invoke_click_keeps_pushed_true PASSED [ 74%]
tests/test_splitter_button_group_panel_control.py::TestPanelControlInitial::test_children_empty_initially PASSED [ 74%]
tests/test_splitter_button_group_panel_control.py::TestPanelControlInitial::test_constraints_none_by_default PASSED [ 74%]
tests/test_splitter_button_group_panel_control.py::TestPanelControlInitial::test_control_id PASSED [ 74%]
tests/test_splitter_button_group_panel_control.py::TestPanelControlInitial::test_draw_background_default_true PASSED [ 74%]
tests/test_splitter_button_group_panel_control.py::TestPanelControlInitial::test_draw_background_false PASSED [ 74%]
tests/test_splitter_button_group_panel_control.py::TestPanelControlInitial::test_rect_stored PASSED [ 74%]
tests/test_splitter_button_group_panel_control.py::TestPanelControlWindowHelpers::test_is_window_like_true PASSED [ 74%]
tests/test_splitter_button_group_panel_control.py::TestPanelControlWindowHelpers::test_next_top_visible_window_excluding PASSED [ 74%]
tests/test_splitter_button_group_panel_control.py::TestPanelControlWindowHelpers::test_top_visible_window_none_when_empty PASSED [ 74%]
tests/test_splitter_button_group_panel_control.py::TestPanelControlWindowHelpers::test_top_visible_window_returns_last_visible PASSED [ 74%]
tests/test_splitter_button_group_panel_control.py::TestPanelControlWindowHelpers::test_top_visible_window_skips_invisible PASSED [ 74%]
tests/test_splitter_button_group_panel_control.py::TestPanelControlWindowHelpers::test_top_window_at_finds_window PASSED [ 74%]
tests/test_splitter_button_group_panel_control.py::TestPanelControlWindowHelpers::test_top_window_at_returns_none_outside PASSED [ 74%]
tests/test_splitter_button_group_panel_control.py::TestPanelControlWindowDrag::test_drag_clamps_at_task_panel_reserved_strip_and_preserves_title_anchor PASSED [ 75%]
tests/test_splitter_button_group_panel_control.py::TestPanelControlWindowDrag::test_drag_clamps_to_scene_menu_bar_boundary_and_preserves_title_anchor PASSED [ 75%]
tests/test_splitter_button_group_panel_control.py::TestPanelControlWindowDrag::test_drag_clamps_when_window_would_leave_left_or_right_screen_edge PASSED [ 75%]
tests/test_splitter_button_group_panel_control.py::TestPanelControlWindowDrag::test_drag_without_scene_chrome_uses_top_and_bottom_screen_limits PASSED [ 75%]
tests/test_splitter_button_group_panel_control.py::TestPanelControlWindowDrag::test_shear_suppression_only_when_drag_pushes_into_edge_gutter 
tests/test_splitter_button_group_panel_control.py::TestPanelControlWindowDrag::test_shear_suppression_only_when_drag_pushes_into_edge_gutter PASSED [ 75%]
tests/test_splitter_button_group_panel_control.py::TestPanelControlWindowDrag::test_titlebar_drag_uses_mouse_anchor_in_shear_mode PASSED [ 75%]
tests/test_splitter_button_group_panel_control.py::TestPanelControlFocusedWindowDrawOrder::test_focused_window_drawn_last_when_not_shear_dragging PASSED [ 75%]
tests/test_splitter_button_group_panel_control.py::TestPanelControlFocusedWindowDrawOrder::test_focused_window_not_forced_last_during_active_shear_drag PASSED [ 75%]
tests/test_sprite_sheet_and_surface_compositor.py::TestSpriteSheetProperties::test_frame_count PASSED [ 75%]
tests/test_sprite_sheet_and_surface_compositor.py::TestSpriteSheetProperties::test_frame_h PASSED [ 75%]
tests/test_sprite_sheet_and_surface_compositor.py::TestSpriteSheetProperties::test_frame_w PASSED [ 75%]
tests/test_sprite_sheet_and_surface_compositor.py::TestSpriteSheetProperties::test_invalid_frame_h_raises PASSED [ 75%]
tests/test_sprite_sheet_and_surface_compositor.py::TestSpriteSheetProperties::test_invalid_frame_w_raises PASSED [ 75%]
tests/test_sprite_sheet_and_surface_compositor.py::TestSpriteSheetFrameAccess::test_frame_cached PASSED [ 75%]
tests/test_sprite_sheet_and_surface_compositor.py::TestSpriteSheetFrameAccess::test_frame_correct_size PASSED [ 75%]
tests/test_sprite_sheet_and_surface_compositor.py::TestSpriteSheetFrameAccess::test_frame_negative_raises PASSED [ 75%]
tests/test_sprite_sheet_and_surface_compositor.py::TestSpriteSheetFrameAccess::test_frame_out_of_range_raises PASSED [ 75%]
tests/test_sprite_sheet_and_surface_compositor.py::TestSpriteSheetFrameAccess::test_frame_returns_surface PASSED [ 75%]
tests/test_sprite_sheet_and_surface_compositor.py::TestSpriteSheetFrameAccess::test_frames_returns_list PASSED [ 75%]
tests/test_sprite_sheet_and_surface_compositor.py::TestFrameAnimationConstruction::test_empty_frames_raises PASSED [ 75%]
tests/test_sprite_sheet_and_surface_compositor.py::TestFrameAnimationConstruction::test_frames_list PASSED [ 75%]
tests/test_sprite_sheet_and_surface_compositor.py::TestFrameAnimationConstruction::test_initial_frame_index PASSED [ 75%]
tests/test_sprite_sheet_and_surface_compositor.py::TestFrameAnimationConstruction::test_initially_not_complete PASSED [ 75%]
tests/test_sprite_sheet_and_surface_compositor.py::TestFrameAnimationConstruction::test_initially_playing PASSED [ 75%]
tests/test_sprite_sheet_and_surface_compositor.py::TestFrameAnimationConstruction::test_negative_fps_raises PASSED [ 75%]
tests/test_sprite_sheet_and_surface_compositor.py::TestFrameAnimationConstruction::test_zero_fps_raises PASSED [ 75%]
tests/test_sprite_sheet_and_surface_compositor.py::TestFrameAnimationPlayback::test_current_surface_is_surface PASSED [ 75%]
tests/test_sprite_sheet_and_surface_compositor.py::TestFrameAnimationPlayback::test_pause_stops_advancing PASSED [ 75%]
tests/test_sprite_sheet_and_surface_compositor.py::TestFrameAnimationPlayback::test_play_resumes PASSED [ 75%]
tests/test_sprite_sheet_and_surface_compositor.py::TestFrameAnimationPlayback::test_reset_goes_to_frame_zero PASSED [ 75%]
tests/test_sprite_sheet_and_surface_compositor.py::TestFrameAnimationPlayback::test_seek_frame_out_of_range_raises PASSED [ 75%]
tests/test_sprite_sheet_and_surface_compositor.py::TestFrameAnimationPlayback::test_seek_frame_valid PASSED [ 75%]
tests/test_sprite_sheet_and_surface_compositor.py::TestFrameAnimationUpdate::test_advances_frame_over_time PASSED [ 75%]
tests/test_sprite_sheet_and_surface_compositor.py::TestFrameAnimationUpdate::test_completed_animation_does_not_re_fire_callback PASSED [ 75%]
tests/test_sprite_sheet_and_surface_compositor.py::TestFrameAnimationUpdate::test_non_loop_completes PASSED [ 75%]
tests/test_sprite_sheet_and_surface_compositor.py::TestFrameAnimationUpdate::test_non_loop_stays_on_last_frame PASSED [ 75%]
tests/test_sprite_sheet_and_surface_compositor.py::TestFrameAnimationUpdate::test_on_complete_callback_looping PASSED [ 75%]
tests/test_sprite_sheet_and_surface_compositor.py::TestFrameAnimationUpdate::test_on_complete_callback_non_looping PASSED [ 75%]
tests/test_sprite_sheet_and_surface_compositor.py::TestFrameAnimationUpdate::test_wraps_when_looping PASSED [ 75%]
tests/test_sprite_sheet_and_surface_compositor.py::TestLayer::test_name PASSED [ 75%]
tests/test_sprite_sheet_and_surface_compositor.py::TestLayer::test_opacity_clamped_to_range PASSED [ 75%]
tests/test_sprite_sheet_and_surface_compositor.py::TestLayer::test_opacity_default PASSED [ 75%]
tests/test_sprite_sheet_and_surface_compositor.py::TestLayer::test_resize_updates_surface_size PASSED [ 75%]
tests/test_sprite_sheet_and_surface_compositor.py::TestLayer::test_surface_has_correct_size PASSED [ 75%]
tests/test_sprite_sheet_and_surface_compositor.py::TestLayer::test_visible_default_true PASSED [ 75%]
tests/test_sprite_sheet_and_surface_compositor.py::TestLayer::test_visible_false PASSED [ 75%]
tests/test_sprite_sheet_and_surface_compositor.py::TestLayer::test_z_index PASSED [ 76%]
tests/test_sprite_sheet_and_surface_compositor.py::TestSurfaceCompositorLayerManagement::test_add_layer_returns_layer PASSED [ 76%]
tests/test_sprite_sheet_and_surface_compositor.py::TestSurfaceCompositorLayerManagement::test_duplicate_layer_name_raises PASSED [ 76%]
tests/test_sprite_sheet_and_surface_compositor.py::TestSurfaceCompositorLayerManagement::test_has_layer_false PASSED [ 76%]
tests/test_sprite_sheet_and_surface_compositor.py::TestSurfaceCompositorLayerManagement::test_has_layer_true PASSED [ 76%]
tests/test_sprite_sheet_and_surface_compositor.py::TestSurfaceCompositorLayerManagement::test_initially_no_layers PASSED [ 76%]
tests/test_sprite_sheet_and_surface_compositor.py::TestSurfaceCompositorLayerManagement::test_layer_names_in_z_order PASSED [ 76%]
tests/test_sprite_sheet_and_surface_compositor.py::TestSurfaceCompositorLayerManagement::test_layer_returns_layer_object PASSED [ 76%]
tests/test_sprite_sheet_and_surface_compositor.py::TestSurfaceCompositorLayerManagement::test_layer_surface_returns_surface PASSED [ 76%]
tests/test_sprite_sheet_and_surface_compositor.py::TestSurfaceCompositorLayerManagement::test_remove_layer PASSED [ 76%]
tests/test_sprite_sheet_and_surface_compositor.py::TestSurfaceCompositorLayerManagement::test_remove_missing_layer_no_error PASSED [ 76%]
tests/test_sprite_sheet_and_surface_compositor.py::TestSurfaceCompositorControls::test_resize_updates_all_layers PASSED [ 76%]
tests/test_sprite_sheet_and_surface_compositor.py::TestSurfaceCompositorControls::test_set_layer_opacity PASSED [ 76%]
tests/test_sprite_sheet_and_surface_compositor.py::TestSurfaceCompositorControls::test_set_layer_visible_false PASSED [ 76%]
tests/test_sprite_sheet_and_surface_compositor.py::TestSurfaceCompositorControls::test_set_layer_visible_true PASSED [ 76%]
tests/test_sprite_sheet_and_surface_compositor.py::TestSurfaceCompositorControls::test_set_layer_z_changes_order PASSED [ 76%]
tests/test_state_machine.py::TestStateMachineInitial::test_current_state PASSED [ 76%]
tests/test_state_machine.py::TestStateMachineInitial::test_empty_initial_raises PASSED [ 76%]
tests/test_state_machine.py::TestStateMachineInitial::test_initial_in_states PASSED [ 76%]
tests/test_state_machine.py::TestStateMachineAddState::test_add_state PASSED [ 76%]
tests/test_state_machine.py::TestStateMachineAddState::test_empty_name_raises PASSED [ 76%]
tests/test_state_machine.py::TestStateMachineAddState::test_on_enter_called PASSED [ 76%]
tests/test_state_machine.py::TestStateMachineAddState::test_on_exit_called PASSED [ 76%]
tests/test_state_machine.py::TestStateMachineTrigger::test_empty_trigger_raises PASSED [ 76%]
tests/test_state_machine.py::TestStateMachineTrigger::test_trigger_no_match_returns_false PASSED [ 76%]
tests/test_state_machine.py::TestStateMachineTrigger::test_trigger_notifies_subscribers PASSED [ 76%]
tests/test_state_machine.py::TestStateMachineTrigger::test_trigger_returns_true_on_success PASSED [ 76%]
tests/test_state_machine.py::TestStateMachineTrigger::test_trigger_updates_state PASSED [ 76%]
tests/test_state_machine.py::TestStateMachineTrigger::test_trigger_with_action PASSED [ 76%]
tests/test_state_machine.py::TestStateMachineTrigger::test_trigger_with_guard_false_returns_false PASSED [ 76%]
tests/test_state_machine.py::TestStateMachineTrigger::test_trigger_with_guard_true PASSED [ 76%]
tests/test_state_machine.py::TestStateMachineInspection::test_available_triggers PASSED [ 76%]
tests/test_state_machine.py::TestStateMachineInspection::test_can_trigger_from_current_false PASSED [ 76%]
tests/test_state_machine.py::TestStateMachineInspection::test_can_trigger_from_current_true PASSED [ 76%]
tests/test_state_machine.py::TestStateMachineInspection::test_states_includes_all PASSED [ 76%]
tests/test_state_machine_timers.py::TestStateMachineInitial::test_empty_initial_state_raises PASSED [ 76%]
tests/test_state_machine_timers.py::TestStateMachineInitial::test_initial_state_set PASSED [ 76%]
tests/test_state_machine_timers.py::TestStateMachineInitial::test_states_contains_initial PASSED [ 76%]
tests/test_state_machine_timers.py::TestStateMachineInitial::test_whitespace_initial_state_raises PASSED [ 76%]
tests/test_state_machine_timers.py::TestStateMachineAddState::test_add_state_registers PASSED [ 76%]
tests/test_state_machine_timers.py::TestStateMachineAddState::test_empty_state_name_raises PASSED [ 76%]
tests/test_state_machine_timers.py::TestStateMachineAddTransition::test_add_transition PASSED [ 76%]
tests/test_state_machine_timers.py::TestStateMachineAddTransition::test_both_states_auto_added PASSED [ 76%]
tests/test_state_machine_timers.py::TestStateMachineAddTransition::test_empty_trigger_raises PASSED [ 76%]
tests/test_state_machine_timers.py::TestStateMachineTrigger::test_trigger_changes_state PASSED [ 76%]
tests/test_state_machine_timers.py::TestStateMachineTrigger::test_trigger_fires_action PASSED [ 77%]
tests/test_state_machine_timers.py::TestStateMachineTrigger::test_trigger_fires_on_enter PASSED [ 77%]
tests/test_state_machine_timers.py::TestStateMachineTrigger::test_trigger_fires_on_exit PASSED [ 77%]
tests/test_state_machine_timers.py::TestStateMachineTrigger::test_trigger_guard_allows_when_true PASSED [ 77%]
tests/test_state_machine_timers.py::TestStateMachineTrigger::test_trigger_guard_blocks_when_false PASSED [ 77%]
tests/test_state_machine_timers.py::TestStateMachineTrigger::test_trigger_returns_false_no_match PASSED [ 77%]
tests/test_state_machine_timers.py::TestStateMachineTrigger::test_trigger_returns_true_on_match PASSED [ 77%]
tests/test_state_machine_timers.py::TestStateMachineTrigger::test_trigger_unknown_event PASSED [ 77%]
tests/test_state_machine_timers.py::TestStateMachineCanTrigger::test_can_trigger_false_guard_blocks PASSED [ 77%]
tests/test_state_machine_timers.py::TestStateMachineCanTrigger::test_can_trigger_false_no_transition PASSED [ 77%]
tests/test_state_machine_timers.py::TestStateMachineCanTrigger::test_can_trigger_true PASSED [ 77%]
tests/test_state_machine_timers.py::TestStateMachineObservable::test_subscriber_notified_on_change PASSED [ 77%]
tests/test_state_machine_timers.py::TestTimersInitial::test_has_timer_false_initially PASSED [ 77%]
tests/test_state_machine_timers.py::TestTimersInitial::test_no_timers_initially PASSED [ 77%]
tests/test_state_machine_timers.py::TestTimersAddTimer::test_add_timer_negative_interval_raises PASSED [ 77%]
tests/test_state_machine_timers.py::TestTimersAddTimer::test_add_timer_non_callable_raises PASSED [ 77%]
tests/test_state_machine_timers.py::TestTimersAddTimer::test_add_timer_registers PASSED [ 77%]
tests/test_state_machine_timers.py::TestTimersAddTimer::test_add_timer_zero_interval_raises PASSED [ 77%]
tests/test_state_machine_timers.py::TestTimersAddOnce::test_add_once_fires_and_removes PASSED [ 77%]
tests/test_state_machine_timers.py::TestTimersAddOnce::test_add_once_registers PASSED [ 77%]
tests/test_state_machine_timers.py::TestTimersAddOnce::test_add_once_zero_delay_raises PASSED [ 77%]
tests/test_state_machine_timers.py::TestTimersRemoveTimer::test_remove_missing_timer_no_error PASSED [ 77%]
tests/test_state_machine_timers.py::TestTimersRemoveTimer::test_remove_timer PASSED [ 77%]
tests/test_state_machine_timers.py::TestTimersCancelAll::test_cancel_all_clears PASSED [ 77%]
tests/test_state_machine_timers.py::TestTimersUpdate::test_no_update_when_no_timers PASSED [ 77%]
tests/test_state_machine_timers.py::TestTimersUpdate::test_repeating_timer_fires PASSED [ 77%]
tests/test_state_machine_timers.py::TestTimersUpdate::test_repeating_timer_fires_multiple PASSED [ 77%]
tests/test_state_machine_timers.py::TestTimersUpdate::test_repeating_timer_not_fired_yet PASSED [ 77%]
tests/test_state_machine_timers.py::TestTimersReschedule::test_reschedule_missing_returns_false PASSED [ 77%]
tests/test_state_machine_timers.py::TestTimersReschedule::test_reschedule_updates_interval PASSED [ 77%]
tests/test_state_machine_timers.py::TestTimersReschedule::test_reschedule_zero_raises PASSED [ 77%]
tests/test_surface_effects_and_asset_registry.py::TestSurfaceEffectsBlur::test_blur_negative_radius_treated_as_zero PASSED [ 77%]
tests/test_surface_effects_and_asset_registry.py::TestSurfaceEffectsBlur::test_blur_nonzero_same_size PASSED [ 77%]
tests/test_surface_effects_and_asset_registry.py::TestSurfaceEffectsBlur::test_blur_returns_new_surface PASSED [ 77%]
tests/test_surface_effects_and_asset_registry.py::TestSurfaceEffectsBlur::test_blur_zero_returns_copy PASSED [ 77%]
tests/test_surface_effects_and_asset_registry.py::TestSurfaceEffectsGreyscale::test_greyscale_returns_new_surface PASSED [ 77%]
tests/test_surface_effects_and_asset_registry.py::TestSurfaceEffectsGreyscale::test_greyscale_rgb_channels_equal PASSED [ 77%]
tests/test_surface_effects_and_asset_registry.py::TestSurfaceEffectsGreyscale::test_greyscale_same_size PASSED [ 77%]
tests/test_surface_effects_and_asset_registry.py::TestSurfaceEffectsTint::test_tint_full_alpha_shifts_pixel PASSED [ 77%]
tests/test_surface_effects_and_asset_registry.py::TestSurfaceEffectsTint::test_tint_returns_new_surface PASSED [ 77%]
tests/test_surface_effects_and_asset_registry.py::TestSurfaceEffectsTint::test_tint_same_size PASSED [ 77%]
tests/test_surface_effects_and_asset_registry.py::TestSurfaceEffectsTint::test_tint_zero_alpha_no_change PASSED [ 77%]
tests/test_surface_effects_and_asset_registry.py::TestSurfaceEffectsBrightness::test_brightness_clamped_at_255 PASSED [ 77%]
tests/test_surface_effects_and_asset_registry.py::TestSurfaceEffectsBrightness::test_brightness_factor_gt_1_increases_value PASSED [ 77%]
tests/test_surface_effects_and_asset_registry.py::TestSurfaceEffectsBrightness::test_brightness_factor_lt_1_decreases_value PASSED [ 77%]
tests/test_surface_effects_and_asset_registry.py::TestSurfaceEffectsBrightness::test_brightness_returns_new_surface PASSED [ 77%]
tests/test_surface_effects_and_asset_registry.py::TestSurfaceEffectsBrightness::test_brightness_same_size PASSED [ 78%]
tests/test_surface_effects_and_asset_registry.py::TestSurfaceEffectsPixelate::test_pixelate_block_size_1_returns_copy PASSED [ 78%]
tests/test_surface_effects_and_asset_registry.py::TestSurfaceEffectsPixelate::test_pixelate_block_size_negative_returns_copy PASSED [ 78%]
tests/test_surface_effects_and_asset_registry.py::TestSurfaceEffectsPixelate::test_pixelate_returns_new_surface PASSED [ 78%]
tests/test_surface_effects_and_asset_registry.py::TestSurfaceEffectsPixelate::test_pixelate_same_size PASSED [ 78%]
tests/test_surface_effects_and_asset_registry.py::TestSurfaceEffectsVignette::test_vignette_returns_new_surface PASSED [ 78%]
tests/test_surface_effects_and_asset_registry.py::TestSurfaceEffectsVignette::test_vignette_same_size PASSED [ 78%]
tests/test_surface_effects_and_asset_registry.py::TestSurfaceEffectsVignette::test_vignette_strength_zero_no_change PASSED [ 78%]
tests/test_surface_effects_and_asset_registry.py::TestAssetRegistryInitialState::test_clear_on_empty_no_error PASSED [ 78%]
tests/test_surface_effects_and_asset_registry.py::TestAssetRegistryInitialState::test_has_surface_false_initially PASSED [ 78%]
tests/test_surface_effects_and_asset_registry.py::TestAssetRegistryInitialState::test_stats_initially_zero PASSED [ 78%]
tests/test_surface_effects_and_asset_registry.py::TestAssetRegistrySurfaceCache::test_clear_evicts_all_surfaces PASSED [ 78%]
tests/test_surface_effects_and_asset_registry.py::TestAssetRegistrySurfaceCache::test_different_sizes_different_slots PASSED [ 78%]
tests/test_surface_effects_and_asset_registry.py::TestAssetRegistrySurfaceCache::test_get_surface_cached_on_second_call PASSED [ 78%]
tests/test_surface_effects_and_asset_registry.py::TestAssetRegistrySurfaceCache::test_get_surface_loads PASSED [ 78%]
tests/test_surface_effects_and_asset_registry.py::TestAssetRegistrySurfaceCache::test_has_surface_true_after_load PASSED [ 78%]
tests/test_surface_effects_and_asset_registry.py::TestAssetRegistrySurfaceCache::test_release_missing_surface_no_error PASSED [ 78%]
tests/test_surface_effects_and_asset_registry.py::TestAssetRegistrySurfaceCache::test_release_surface_decrements_ref PASSED [ 78%]
tests/test_surface_effects_and_asset_registry.py::TestAssetRegistrySurfaceCache::test_stats_surface_count PASSED [ 78%]
tests/test_surface_effects_and_asset_registry.py::TestAssetRegistryHotReload::test_changed_file_evicts_and_returns_true PASSED [ 78%]
tests/test_surface_effects_and_asset_registry.py::TestAssetRegistryHotReload::test_hot_reload_disabled_always_false PASSED [ 78%]
tests/test_surface_effects_and_asset_registry.py::TestAssetRegistryHotReload::test_no_change_returns_false PASSED [ 78%]
tests/test_surface_effects_and_asset_registry.py::TestAssetRegistryBasePathResolution::test_base_path_resolves_relative PASSED [ 78%]
tests/test_systems_feature.py::TestSystemsFeature::test_graphics_demo_burst_creates_particles PASSED [ 78%]
tests/test_systems_feature.py::TestSystemsFeature::test_graphics_runtime_updates_tile_map_status PASSED [ 78%]
tests/test_systems_feature.py::TestSystemsFeature::test_graphics_tile_preview_is_right_aligned_and_pans PASSED [ 78%]
tests/test_systems_feature.py::TestSystemsFeature::test_motion_animation_state_cycle_changes_state PASSED [ 78%]
tests/test_systems_feature.py::TestSystemsFeature::test_motion_panel_initializes_animation_state_machine_lazily PASSED [ 78%]
tests/test_systems_feature.py::TestSystemsFeature::test_motion_transition_toggle_updates_phase_and_value PASSED [ 78%]
tests/test_systems_feature.py::TestSystemsFeature::test_scheduling_rate_limiter_simulation_updates_status PASSED [ 78%]
tests/test_systems_feature.py::TestSystemsFeature::test_tab_definitions_include_new_runtime_tabs PASSED [ 78%]
tests/test_systems_feature.py::TestSystemsFeature::test_text_panel_locale_regex_preset_targets_multilingual_tokens PASSED [ 78%]
tests/test_systems_feature.py::TestSystemsFeature::test_text_panel_localization_and_search_updates_labels PASSED [ 78%]
tests/test_systems_feature.py::TestSystemsFeature::test_text_panel_mode_toggles_update_searcher_flags PASSED [ 78%]
tests/test_systems_feature.py::TestSystemsFeature::test_text_panel_regex_preset_sets_query_and_enables_regex PASSED [ 78%]
tests/test_systems_feature.py::TestSystemsFeature::test_window_spec_uses_eighty_percent_screen_size PASSED [ 78%]
tests/test_systems_feature.py::TestSystemsFeature::test_workspace_state_serializes_registered_settings PASSED [ 78%]
tests/test_tab_panel_manager.py::TestTabPanelManagerInitial::test_active_key_none PASSED [ 78%]
tests/test_tab_panel_manager.py::TestTabPanelManagerInitial::test_controls_for_unknown PASSED [ 78%]
tests/test_tab_panel_manager.py::TestTabPanelManagerInitial::test_keys_empty PASSED [ 78%]
tests/test_tab_panel_manager.py::TestTabPanelManagerRegister::test_register_adds_key PASSED [ 78%]
tests/test_tab_panel_manager.py::TestTabPanelManagerRegister::test_register_after_activate_keeps_active_panel_visible PASSED [ 78%]
tests/test_tab_panel_manager.py::TestTabPanelManagerRegister::test_register_hides_controls PASSED [ 78%]
tests/test_tab_panel_manager.py::TestTabPanelManagerRegister::test_register_single_control_as_iterable PASSED [ 78%]
tests/test_tab_panel_manager.py::TestTabPanelManagerRegister::test_register_stores_controls PASSED [ 78%]
tests/test_tab_panel_manager.py::TestTabPanelManagerActivate::test_activate_coerces_key_to_string PASSED [ 78%]
tests/test_tab_panel_manager.py::TestTabPanelManagerActivate::test_activate_does_not_clear_dirty_state_on_show PASSED [ 79%]
tests/test_tab_panel_manager.py::TestTabPanelManagerActivate::test_activate_does_not_fire_other_callbacks PASSED [ 79%]
tests/test_tab_panel_manager.py::TestTabPanelManagerActivate::test_activate_fires_callback PASSED [ 79%]
tests/test_tab_panel_manager.py::TestTabPanelManagerActivate::test_activate_hides_other_tabs PASSED [ 79%]
tests/test_tab_panel_manager.py::TestTabPanelManagerActivate::test_activate_sets_active_key PASSED [ 79%]
tests/test_tab_panel_manager.py::TestTabPanelManagerActivate::test_activate_shows_correct_tab PASSED [ 79%]
tests/test_tab_panel_manager.py::TestTabPanelManagerActivate::test_activate_unknown_key_keeps_existing_visibility PASSED [ 79%]
tests/test_tab_panel_manager.py::TestTabPanelManagerActivate::test_multiple_callbacks_all_fired PASSED [ 79%]
tests/test_tab_panel_manager.py::TestTabPanelManagerAppendRemove::test_append_to_active_makes_visible PASSED [ 79%]
tests/test_tab_panel_manager.py::TestTabPanelManagerAppendRemove::test_append_to_existing PASSED [ 79%]
tests/test_tab_panel_manager.py::TestTabPanelManagerAppendRemove::test_append_to_inactive_stays_hidden PASSED [ 79%]
tests/test_tab_panel_manager.py::TestTabPanelManagerAppendRemove::test_remove_from_hides_control PASSED [ 79%]
tests/test_tab_panel_manager.py::TestTabPanelManagerAppendRemove::test_remove_from_panel PASSED [ 79%]
tests/test_tab_scroll_arrow_frame_controls.py::TestTabControlInitial::test_accepts_focus PASSED [ 79%]
tests/test_tab_scroll_arrow_frame_controls.py::TestTabControlInitial::test_empty_selected_key_none PASSED [ 79%]
tests/test_tab_scroll_arrow_frame_controls.py::TestTabControlInitial::test_first_item_selected_by_default PASSED [ 79%]
tests/test_tab_scroll_arrow_frame_controls.py::TestTabControlInitial::test_invalid_selected_key_falls_back_to_first PASSED [ 79%]
tests/test_tab_scroll_arrow_frame_controls.py::TestTabControlInitial::test_items_returns_copy PASSED [ 79%]
tests/test_tab_scroll_arrow_frame_controls.py::TestTabControlInitial::test_selected_key_overrides_default PASSED [ 79%]
tests/test_tab_scroll_arrow_frame_controls.py::TestTabControlInitial::test_tab_index_zero PASSED [ 79%]
tests/test_tab_scroll_arrow_frame_controls.py::TestTabControlSelect::test_select_disabled_tab_returns_false PASSED [ 79%]
tests/test_tab_scroll_arrow_frame_controls.py::TestTabControlSelect::test_select_fires_on_change PASSED [ 79%]
tests/test_tab_scroll_arrow_frame_controls.py::TestTabControlSelect::test_select_same_key_no_callback PASSED [ 79%]
tests/test_tab_scroll_arrow_frame_controls.py::TestTabControlSelect::test_select_unknown_key_returns_false PASSED [ 79%]
tests/test_tab_scroll_arrow_frame_controls.py::TestTabControlSelect::test_select_valid_key_returns_true PASSED [ 79%]
tests/test_tab_scroll_arrow_frame_controls.py::TestTabControlSelect::test_select_valid_key_updates_selected PASSED [ 79%]
tests/test_tab_scroll_arrow_frame_controls.py::TestTabControlAddRemove::test_add_item_appended PASSED [ 79%]
tests/test_tab_scroll_arrow_frame_controls.py::TestTabControlAddRemove::test_add_item_second_no_change_to_selected PASSED [ 79%]
tests/test_tab_scroll_arrow_frame_controls.py::TestTabControlAddRemove::test_remove_item_missing_returns_false PASSED [ 79%]
tests/test_tab_scroll_arrow_frame_controls.py::TestTabControlAddRemove::test_remove_item_returns_true PASSED [ 79%]
tests/test_tab_scroll_arrow_frame_controls.py::TestTabControlAddRemove::test_remove_non_selected_tab_keeps_selection PASSED [ 79%]
tests/test_tab_scroll_arrow_frame_controls.py::TestTabControlAddRemove::test_remove_only_item_selected_none PASSED [ 79%]
tests/test_tab_scroll_arrow_frame_controls.py::TestTabControlAddRemove::test_remove_selected_advances_to_next PASSED [ 79%]
tests/test_tab_scroll_arrow_frame_controls.py::TestScrollViewControlInitial::test_children_empty_initially PASSED [ 79%]
tests/test_tab_scroll_arrow_frame_controls.py::TestScrollViewControlInitial::test_explicit_scroll_x_enabled PASSED [ 79%]
tests/test_tab_scroll_arrow_frame_controls.py::TestScrollViewControlInitial::test_initial_content_size PASSED [ 79%]
tests/test_tab_scroll_arrow_frame_controls.py::TestScrollViewControlInitial::test_initial_scroll_zero PASSED [ 79%]
tests/test_tab_scroll_arrow_frame_controls.py::TestScrollViewControlInitial::test_scroll_x_disabled_by_default PASSED [ 79%]
tests/test_tab_scroll_arrow_frame_controls.py::TestScrollViewControlInitial::test_scroll_y_enabled_by_default PASSED [ 79%]
tests/test_tab_scroll_arrow_frame_controls.py::TestScrollViewControlAdd::test_add_expands_content_height PASSED [ 79%]
tests/test_tab_scroll_arrow_frame_controls.py::TestScrollViewControlAdd::test_add_expands_content_width PASSED [ 79%]
tests/test_tab_scroll_arrow_frame_controls.py::TestScrollViewControlAdd::test_add_increments_children PASSED [ 79%]
tests/test_tab_scroll_arrow_frame_controls.py::TestScrollViewControlAdd::test_add_returns_child PASSED [ 79%]
tests/test_tab_scroll_arrow_frame_controls.py::TestScrollViewControlAdd::test_add_sets_child_parent PASSED [ 79%]
tests/test_tab_scroll_arrow_frame_controls.py::TestScrollViewControlRemove::test_remove_clears_parent PASSED [ 79%]
tests/test_tab_scroll_arrow_frame_controls.py::TestScrollViewControlRemove::test_remove_missing_returns_false PASSED [ 80%]
tests/test_tab_scroll_arrow_frame_controls.py::TestScrollViewControlRemove::test_remove_removes_child PASSED [ 80%]
tests/test_tab_scroll_arrow_frame_controls.py::TestScrollViewControlRemove::test_remove_returns_true PASSED [ 80%]
tests/test_tab_scroll_arrow_frame_controls.py::TestScrollViewControlSetScroll::test_scroll_by_negative PASSED [ 80%]
tests/test_tab_scroll_arrow_frame_controls.py::TestScrollViewControlSetScroll::test_scroll_by_y PASSED [ 80%]
tests/test_tab_scroll_arrow_frame_controls.py::TestScrollViewControlSetScroll::test_set_content_size PASSED [ 80%]
tests/test_tab_scroll_arrow_frame_controls.py::TestScrollViewControlSetScroll::test_set_scroll_clamped_high PASSED [ 80%]
tests/test_tab_scroll_arrow_frame_controls.py::TestScrollViewControlSetScroll::test_set_scroll_clamped_low PASSED [ 80%]
tests/test_tab_scroll_arrow_frame_controls.py::TestScrollViewControlSetScroll::test_set_scroll_x PASSED [ 80%]
tests/test_tab_scroll_arrow_frame_controls.py::TestScrollViewControlSetScroll::test_set_scroll_y PASSED [ 80%]
tests/test_tab_scroll_arrow_frame_controls.py::TestScrollViewControlResize::test_resize_updates_rect PASSED [ 80%]
tests/test_tab_scroll_arrow_frame_controls.py::TestScrollViewControlResize::test_set_pos PASSED [ 80%]
tests/test_tab_scroll_arrow_frame_controls.py::TestScrollViewControlResize::test_set_rect PASSED [ 80%]
tests/test_tab_scroll_arrow_frame_controls.py::TestArrowBoxControlInitial::test_direction_normalised_mod360 PASSED [ 80%]
tests/test_tab_scroll_arrow_frame_controls.py::TestArrowBoxControlInitial::test_direction_stored PASSED [ 80%]
tests/test_tab_scroll_arrow_frame_controls.py::TestArrowBoxControlInitial::test_on_activate_none_by_default PASSED [ 80%]
tests/test_tab_scroll_arrow_frame_controls.py::TestArrowBoxControlInitial::test_repeat_interval_stored PASSED [ 80%]
tests/test_tab_scroll_arrow_frame_controls.py::TestArrowBoxControlSetOnActivate::test_initial_on_activate_fires PASSED [ 80%]
tests/test_tab_scroll_arrow_frame_controls.py::TestArrowBoxControlSetOnActivate::test_invoke_click_fires_on_activate PASSED [ 80%]
tests/test_tab_scroll_arrow_frame_controls.py::TestArrowBoxControlSetOnActivate::test_set_on_activate_callable PASSED [ 80%]
tests/test_tab_scroll_arrow_frame_controls.py::TestArrowBoxControlSetOnActivate::test_set_on_activate_non_callable_raises PASSED [ 80%]
tests/test_tab_scroll_arrow_frame_controls.py::TestArrowBoxControlSetOnActivate::test_set_on_activate_none_clears PASSED [ 80%]
tests/test_tab_scroll_arrow_frame_controls.py::TestFrameControlInitial::test_border_width_clamped_to_one PASSED [ 80%]
tests/test_tab_scroll_arrow_frame_controls.py::TestFrameControlInitial::test_default_border_width_one PASSED [ 80%]
tests/test_tab_scroll_arrow_frame_controls.py::TestFrameControlInitial::test_initial_border_width_stored PASSED [ 80%]
tests/test_tab_scroll_arrow_frame_controls.py::TestFrameControlInitial::test_rect_stored PASSED [ 80%]
tests/test_tab_scroll_arrow_frame_controls.py::TestFrameControlBorderWidthSetter::test_set_border_width PASSED [ 80%]
tests/test_tab_scroll_arrow_frame_controls.py::TestFrameControlBorderWidthSetter::test_set_border_width_clamped_to_one PASSED [ 80%]
tests/test_tab_scroll_arrow_frame_controls.py::TestFrameControlBorderWidthSetter::test_set_same_border_width_idempotent PASSED [ 80%]
tests/test_task_panel_f1_toggle.py::TestTaskPanelF1Toggle::test_accessibility_down_is_consumed_by_focused_control_without_fallthrough PASSED [ 80%]
tests/test_task_panel_f1_toggle.py::TestTaskPanelF1Toggle::test_accessibility_tab_is_consumed_by_focused_control PASSED [ 80%]
tests/test_task_panel_f1_toggle.py::TestTaskPanelF1Toggle::test_arrow_left_is_consumed_and_routed_to_focused_control PASSED [ 80%]
tests/test_task_panel_f1_toggle.py::TestTaskPanelF1Toggle::test_arrow_right_is_consumed_even_without_focus PASSED [ 80%]
tests/test_task_panel_f1_toggle.py::TestTaskPanelF1Toggle::test_control_showcase_binds_scene_owned_escape_global_exit PASSED [ 80%]
tests/test_task_panel_f1_toggle.py::TestTaskPanelF1Toggle::test_control_showcase_binds_scene_owned_f1_toggle PASSED [ 80%]
tests/test_task_panel_f1_toggle.py::TestTaskPanelF1Toggle::test_keyboard_manager_allows_f1_action_while_task_panel_mode_active PASSED [ 80%]
tests/test_task_panel_f1_toggle.py::TestTaskPanelF1Toggle::test_main_binds_scene_owned_escape_global_exit PASSED [ 80%]
tests/test_task_panel_f1_toggle.py::TestTaskPanelF1Toggle::test_non_accessible_key_routes_to_active_window_before_screen_handler PASSED [ 80%]
tests/test_task_panel_f1_toggle.py::TestTaskPanelF1Toggle::test_non_accessible_key_routes_to_screen_handler_when_no_active_window PASSED [ 80%]
tests/test_task_panel_focus_manager_order.py::TestTaskPanelFocusManagerOrder::test_candidates_follow_explicit_tab_index_order PASSED [ 80%]
tests/test_task_panel_focus_manager_order.py::TestTaskPanelFocusManagerOrder::test_excluded_controls_are_not_candidates PASSED [ 80%]
tests/test_task_panel_focus_manager_order.py::TestTaskPanelFocusManagerOrder::test_unindexed_candidates_follow_indexed_candidates PASSED [ 80%]
tests/test_task_panel_scene_switch_hover_reconcile.py::TestTaskPanelSceneSwitchHoverReconcile::test_switch_scene_clears_outgoing_task_panel_hover_state PASSED [ 80%]
tests/test_task_panel_scene_switch_hover_reconcile.py::TestTaskPanelSceneSwitchHoverReconcile::test_switch_scene_does_not_draw_focused_control_from_outgoing_scene PASSED [ 80%]
tests/test_task_panel_scene_switch_hover_reconcile.py::TestTaskPanelSceneSwitchHoverReconcile::test_switch_scene_recomputes_incoming_task_panel_hover_from_pointer PASSED [ 80%]
tests/test_task_scheduler_dispatch_batching.py::TaskSchedulerDispatchBatchingTests::test_dispatch_limit_is_honored_with_batched_dispatch PASSED [ 80%]
tests/test_telemetry_analyzer.py::TestTelemetryHotspot::test_fields_stored PASSED [ 81%]
tests/test_telemetry_analyzer.py::TestTelemetryHotspot::test_is_frozen PASSED [ 81%]
tests/test_telemetry_analyzer.py::TestTelemetryAnalysis::test_fields_stored PASSED [ 81%]
tests/test_telemetry_analyzer.py::TestTelemetryAnalysis::test_is_frozen PASSED [ 81%]
tests/test_telemetry_analyzer.py::TestAnalyzeTelemetryRecords::test_empty_records PASSED [ 81%]
tests/test_telemetry_analyzer.py::TestAnalyzeTelemetryRecords::test_feature_hotspot_extracted PASSED [ 81%]
tests/test_telemetry_analyzer.py::TestAnalyzeTelemetryRecords::test_hotspot_average_ms PASSED [ 81%]
tests/test_telemetry_analyzer.py::TestAnalyzeTelemetryRecords::test_hotspot_count PASSED [ 81%]
tests/test_telemetry_analyzer.py::TestAnalyzeTelemetryRecords::test_hotspot_key_format PASSED [ 81%]
tests/test_telemetry_analyzer.py::TestAnalyzeTelemetryRecords::test_hotspot_sorted_by_total_ms PASSED [ 81%]
tests/test_telemetry_analyzer.py::TestAnalyzeTelemetryRecords::test_multiple_systems_sorted PASSED [ 81%]
tests/test_telemetry_analyzer.py::TestAnalyzeTelemetryRecords::test_records_missing_system_skipped PASSED [ 81%]
tests/test_telemetry_analyzer.py::TestAnalyzeTelemetryRecords::test_single_record PASSED [ 81%]
tests/test_telemetry_analyzer.py::TestAnalyzeTelemetryRecords::test_top_n_limits_hotspots PASSED [ 81%]
tests/test_telemetry_analyzer_and_first_frame_profiler.py::TestPercentile::test_empty_returns_zero PASSED [ 81%]
tests/test_telemetry_analyzer_and_first_frame_profiler.py::TestPercentile::test_fraction_clamped_high PASSED [ 81%]
tests/test_telemetry_analyzer_and_first_frame_profiler.py::TestPercentile::test_fraction_clamped_low PASSED [ 81%]
tests/test_telemetry_analyzer_and_first_frame_profiler.py::TestPercentile::test_p50_of_three PASSED [ 81%]
tests/test_telemetry_analyzer_and_first_frame_profiler.py::TestPercentile::test_p95_clamped PASSED [ 81%]
tests/test_telemetry_analyzer_and_first_frame_profiler.py::TestPercentile::test_single_value PASSED [ 81%]
tests/test_telemetry_analyzer_and_first_frame_profiler.py::TestAnalyzeTelemetryRecordsEmpty::test_empty_records PASSED [ 81%]
tests/test_telemetry_analyzer_and_first_frame_profiler.py::TestAnalyzeTelemetryRecordsBasic::test_hotspot_average_ms PASSED [ 81%]
tests/test_telemetry_analyzer_and_first_frame_profiler.py::TestAnalyzeTelemetryRecordsBasic::test_hotspot_count PASSED [ 81%]
tests/test_telemetry_analyzer_and_first_frame_profiler.py::TestAnalyzeTelemetryRecordsBasic::test_hotspot_count_field PASSED [ 81%]
tests/test_telemetry_analyzer_and_first_frame_profiler.py::TestAnalyzeTelemetryRecordsBasic::test_hotspot_max_ms PASSED [ 81%]
tests/test_telemetry_analyzer_and_first_frame_profiler.py::TestAnalyzeTelemetryRecordsBasic::test_hotspot_ranked_by_total_ms PASSED [ 81%]
tests/test_telemetry_analyzer_and_first_frame_profiler.py::TestAnalyzeTelemetryRecordsBasic::test_hotspot_total_ms PASSED [ 81%]
tests/test_telemetry_analyzer_and_first_frame_profiler.py::TestAnalyzeTelemetryRecordsBasic::test_sample_count PASSED [ 81%]
tests/test_telemetry_analyzer_and_first_frame_profiler.py::TestAnalyzeTelemetryRecordsBasic::test_systems_sorted PASSED [ 81%]
tests/test_telemetry_analyzer_and_first_frame_profiler.py::TestAnalyzeTelemetryRecordsFeatureHotspots::test_blank_feature_name_ignored PASSED [ 81%]
tests/test_telemetry_analyzer_and_first_frame_profiler.py::TestAnalyzeTelemetryRecordsFeatureHotspots::test_feature_hotspot_aggregated PASSED [ 81%]
tests/test_telemetry_analyzer_and_first_frame_profiler.py::TestAnalyzeTelemetryRecordsFeatureHotspots::test_feature_hotspots_from_metadata PASSED [ 81%]
tests/test_telemetry_analyzer_and_first_frame_profiler.py::TestAnalyzeTelemetryRecordsFeatureHotspots::test_no_feature_hotspot_without_metadata PASSED [ 81%]
tests/test_telemetry_analyzer_and_first_frame_profiler.py::TestAnalyzeTelemetryRecordsSkipsInvalid::test_empty_point_skipped PASSED [ 81%]
tests/test_telemetry_analyzer_and_first_frame_profiler.py::TestAnalyzeTelemetryRecordsSkipsInvalid::test_empty_system_skipped PASSED [ 81%]
tests/test_telemetry_analyzer_and_first_frame_profiler.py::TestAnalyzeTelemetryRecordsSkipsInvalid::test_negative_elapsed_clamped_to_zero PASSED [ 81%]
tests/test_telemetry_analyzer_and_first_frame_profiler.py::TestAnalyzeTelemetryRecordsSkipsInvalid::test_top_n_limits_hotspots PASSED [ 81%]
tests/test_telemetry_analyzer_and_first_frame_profiler.py::TestAnalyzeTelemetryRecordsObjectRecords::test_object_with_attributes PASSED [ 81%]
tests/test_telemetry_analyzer_and_first_frame_profiler.py::TestRenderTelemetryReport::test_contains_header PASSED [ 81%]
tests/test_telemetry_analyzer_and_first_frame_profiler.py::TestRenderTelemetryReport::test_contains_hotspot_key PASSED [ 81%]
tests/test_telemetry_analyzer_and_first_frame_profiler.py::TestRenderTelemetryReport::test_contains_sample_count PASSED [ 81%]
tests/test_telemetry_analyzer_and_first_frame_profiler.py::TestRenderTelemetryReport::test_contains_source PASSED [ 81%]
tests/test_telemetry_analyzer_and_first_frame_profiler.py::TestRenderTelemetryReport::test_contains_systems_seen PASSED [ 81%]
tests/test_telemetry_analyzer_and_first_frame_profiler.py::TestRenderTelemetryReport::test_empty_analysis_no_hotspots_message PASSED [ 81%]
tests/test_telemetry_analyzer_and_first_frame_profiler.py::TestRenderTelemetryReport::test_generated_at_in_report PASSED [ 81%]
tests/test_telemetry_analyzer_and_first_frame_profiler.py::TestRenderTelemetryReport::test_guidance_mentions_top_hotspot PASSED [ 82%]
tests/test_telemetry_analyzer_and_first_frame_profiler.py::TestRenderTelemetryReport::test_report_ends_with_newline PASSED [ 82%]
tests/test_telemetry_analyzer_and_first_frame_profiler.py::TestFirstFrameProfilerBasic::test_begin_frame_returns_frame_number PASSED [ 82%]
tests/test_telemetry_analyzer_and_first_frame_profiler.py::TestFirstFrameProfilerBasic::test_disabled_by_default PASSED [ 82%]
tests/test_telemetry_analyzer_and_first_frame_profiler.py::TestFirstFrameProfilerBasic::test_independent_scenes PASSED [ 82%]
tests/test_telemetry_analyzer_and_first_frame_profiler.py::TestFirstFrameProfilerBasic::test_profile_first_frame_false_on_frame_2 PASSED [ 82%]
tests/test_telemetry_analyzer_and_first_frame_profiler.py::TestFirstFrameProfilerBasic::test_profile_first_frame_true_on_frame_1 PASSED [ 82%]
tests/test_telemetry_analyzer_and_first_frame_profiler.py::TestFirstFrameProfilerBasic::test_scene_frame_count_after_begin PASSED [ 82%]
tests/test_telemetry_analyzer_and_first_frame_profiler.py::TestFirstFrameProfilerBasic::test_scene_frame_count_zero_before_begin PASSED [ 82%]
tests/test_telemetry_analyzer_and_first_frame_profiler.py::TestFirstFrameProfilerRecordOnce::test_configure_enabled PASSED [ 82%]
tests/test_telemetry_analyzer_and_first_frame_profiler.py::TestFirstFrameProfilerRecordOnce::test_configure_logger PASSED [ 82%]
tests/test_telemetry_analyzer_and_first_frame_profiler.py::TestFirstFrameProfilerRecordOnce::test_configure_min_ms PASSED [ 82%]
tests/test_telemetry_analyzer_and_first_frame_profiler.py::TestFirstFrameProfilerRecordOnce::test_detail_in_emitted_message PASSED [ 82%]
tests/test_telemetry_analyzer_and_first_frame_profiler.py::TestFirstFrameProfilerRecordOnce::test_min_ms_negative_clamped_to_zero PASSED [ 82%]
tests/test_telemetry_analyzer_and_first_frame_profiler.py::TestFirstFrameProfilerRecordOnce::test_record_once_below_min_ms_not_emitted PASSED [ 82%]
tests/test_telemetry_analyzer_and_first_frame_profiler.py::TestFirstFrameProfilerRecordOnce::test_record_once_different_keys_both_emitted PASSED [ 82%]
tests/test_telemetry_analyzer_and_first_frame_profiler.py::TestFirstFrameProfilerRecordOnce::test_record_once_disabled_not_emitted PASSED [ 82%]
tests/test_telemetry_analyzer_and_first_frame_profiler.py::TestFirstFrameProfilerRecordOnce::test_record_once_emits_to_logger PASSED [ 82%]
tests/test_telemetry_analyzer_and_first_frame_profiler.py::TestFirstFrameProfilerRecordOnce::test_record_once_only_once_per_key PASSED [ 82%]
tests/test_telemetry_analyzer_and_first_frame_profiler.py::TestTaskSchedulerRecommendedWorkerCount::test_cap_limits_count PASSED [ 82%]
tests/test_telemetry_analyzer_and_first_frame_profiler.py::TestTaskSchedulerRecommendedWorkerCount::test_four_cpus_reserve_one PASSED [ 82%]
tests/test_telemetry_analyzer_and_first_frame_profiler.py::TestTaskSchedulerRecommendedWorkerCount::test_none_logical_cpus_uses_os PASSED [ 82%]
tests/test_telemetry_analyzer_and_first_frame_profiler.py::TestTaskSchedulerRecommendedWorkerCount::test_result_always_at_least_one PASSED [ 82%]
tests/test_telemetry_analyzer_and_first_frame_profiler.py::TestTaskSchedulerRecommendedWorkerCount::test_single_cpu_returns_one PASSED [ 82%]
tests/test_text_area_debug_overlay_shape_renderer.py::TestTextAreaControlInitial::test_accepts_focus PASSED [ 82%]
tests/test_text_area_debug_overlay_shape_renderer.py::TestTextAreaControlInitial::test_accepts_mouse_focus PASSED [ 82%]
tests/test_text_area_debug_overlay_shape_renderer.py::TestTextAreaControlInitial::test_cursor_pos_at_end_of_value PASSED [ 82%]
tests/test_text_area_debug_overlay_shape_renderer.py::TestTextAreaControlInitial::test_empty_value_default PASSED [ 82%]
tests/test_text_area_debug_overlay_shape_renderer.py::TestTextAreaControlInitial::test_max_length_none_by_default PASSED [ 82%]
tests/test_text_area_debug_overlay_shape_renderer.py::TestTextAreaControlInitial::test_placeholder_stored PASSED [ 82%]
tests/test_text_area_debug_overlay_shape_renderer.py::TestTextAreaControlInitial::test_read_only_false_by_default PASSED [ 82%]
tests/test_text_area_debug_overlay_shape_renderer.py::TestTextAreaControlInitial::test_read_only_true_stored PASSED [ 82%]
tests/test_text_area_debug_overlay_shape_renderer.py::TestTextAreaControlInitial::test_tab_index_zero PASSED [ 82%]
tests/test_text_area_debug_overlay_shape_renderer.py::TestTextAreaControlInitial::test_value_stored PASSED [ 82%]
tests/test_text_area_debug_overlay_shape_renderer.py::TestTextAreaControlSetValue::test_read_only_setter PASSED [ 82%]
tests/test_text_area_debug_overlay_shape_renderer.py::TestTextAreaControlSetValue::test_set_value PASSED [ 82%]
tests/test_text_area_debug_overlay_shape_renderer.py::TestTextAreaControlSetValue::test_set_value_moves_cursor_to_end PASSED [ 82%]
tests/test_text_area_debug_overlay_shape_renderer.py::TestTextAreaControlSetValue::test_set_value_no_callback PASSED [ 82%]
tests/test_text_area_debug_overlay_shape_renderer.py::TestTextAreaControlSetValue::test_set_value_respects_max_length PASSED [ 82%]
tests/test_text_area_debug_overlay_shape_renderer.py::TestTextAreaControlSetValue::test_value_setter PASSED [ 82%]
tests/test_text_area_debug_overlay_shape_renderer.py::TestTextAreaControlSelectAll::test_select_all_sets_anchors PASSED [ 82%]
tests/test_text_area_debug_overlay_shape_renderer.py::TestTextAreaControlSelectAll::test_selection_range_no_selection PASSED [ 82%]
tests/test_text_area_debug_overlay_shape_renderer.py::TestTextAreaControlSelectAll::test_selection_range_with_selection PASSED [ 82%]
tests/test_text_area_debug_overlay_shape_renderer.py::TestTextAreaControlFocusedKeyConsumption::test_end_keeps_insertions_on_wrapped_visual_line_end PASSED [ 82%]
tests/test_text_area_debug_overlay_shape_renderer.py::TestTextAreaControlFocusedKeyConsumption::test_end_stays_on_current_line_before_explicit_newline PASSED [ 82%]
tests/test_text_area_debug_overlay_shape_renderer.py::TestTextAreaControlFocusedKeyConsumption::test_home_and_end_use_current_visual_line_at_wrap_boundary PASSED [ 82%]
tests/test_text_area_debug_overlay_shape_renderer.py::TestTextAreaControlFocusedKeyConsumption::test_home_moves_to_start_of_wrapped_visual_line PASSED [ 83%]
tests/test_text_area_debug_overlay_shape_renderer.py::TestTextAreaControlFocusedKeyConsumption::test_non_traversal_key_consumed_when_focused PASSED [ 83%]
tests/test_text_area_debug_overlay_shape_renderer.py::TestTextAreaControlFocusedKeyConsumption::test_space_input_at_line_end_keeps_visual_spans_aligned PASSED [ 83%]
tests/test_text_area_debug_overlay_shape_renderer.py::TestTextAreaControlFocusedKeyConsumption::test_tab_traversal_keys_not_consumed_when_focused 
tests/test_text_area_debug_overlay_shape_renderer.py::TestTextAreaControlFocusedKeyConsumption::test_tab_traversal_keys_not_consumed_when_focused PASSED [ 83%]
tests/test_text_area_debug_overlay_shape_renderer.py::TestTextAreaControlFocusedKeyConsumption::test_wrap_does_not_break_after_space_when_line_still_fits PASSED [ 83%]
tests/test_text_area_debug_overlay_shape_renderer.py::TestTextAreaControlFocusedKeyConsumption::test_wrap_preserves_space_at_visual_break PASSED [ 83%]
tests/test_text_area_debug_overlay_shape_renderer.py::TestDebugOverlayInitial::test_disabled_by_default PASSED [ 83%]
tests/test_text_area_debug_overlay_shape_renderer.py::TestDebugOverlayInitial::test_event_log_empty_initially PASSED [ 83%]
tests/test_text_area_debug_overlay_shape_renderer.py::TestDebugOverlayInitial::test_show_event_log_default_true PASSED [ 83%]
tests/test_text_area_debug_overlay_shape_renderer.py::TestDebugOverlayInitial::test_show_fps_default_true PASSED [ 83%]
tests/test_text_area_debug_overlay_shape_renderer.py::TestDebugOverlayInitial::test_show_rects_default_true PASSED [ 83%]
tests/test_text_area_debug_overlay_shape_renderer.py::TestDebugOverlayInitial::test_show_roles_default_false PASSED [ 83%]
tests/test_text_area_debug_overlay_shape_renderer.py::TestDebugOverlayToggle::test_toggle_disables PASSED [ 83%]
tests/test_text_area_debug_overlay_shape_renderer.py::TestDebugOverlayToggle::test_toggle_enables PASSED [ 83%]
tests/test_text_area_debug_overlay_shape_renderer.py::TestDebugOverlayEventLog::test_clear_event_log PASSED [ 83%]
tests/test_text_area_debug_overlay_shape_renderer.py::TestDebugOverlayEventLog::test_log_event_appends PASSED [ 83%]
tests/test_text_area_debug_overlay_shape_renderer.py::TestDebugOverlayEventLog::test_log_event_multiple PASSED [ 83%]
tests/test_text_area_debug_overlay_shape_renderer.py::TestDebugOverlayEventLog::test_log_event_respects_max PASSED [ 83%]
tests/test_text_area_debug_overlay_shape_renderer.py::TestDebugOverlayFeedDirty::test_feed_dirty_rects PASSED [ 83%]
tests/test_text_area_debug_overlay_shape_renderer.py::TestDebugOverlayFeedDirty::test_feed_dirty_rects_copies PASSED [ 83%]
tests/test_text_area_debug_overlay_shape_renderer.py::TestShapeRenderer::test_check_mark PASSED [ 83%]
tests/test_text_area_debug_overlay_shape_renderer.py::TestShapeRenderer::test_chevron_down PASSED [ 83%]
tests/test_text_area_debug_overlay_shape_renderer.py::TestShapeRenderer::test_chevron_left PASSED [ 83%]
tests/test_text_area_debug_overlay_shape_renderer.py::TestShapeRenderer::test_chevron_right PASSED [ 83%]
tests/test_text_area_debug_overlay_shape_renderer.py::TestShapeRenderer::test_chevron_up PASSED [ 83%]
tests/test_text_area_debug_overlay_shape_renderer.py::TestShapeRenderer::test_cross_mark PASSED [ 83%]
tests/test_text_area_debug_overlay_shape_renderer.py::TestShapeRenderer::test_dotted_border PASSED [ 83%]
tests/test_text_area_debug_overlay_shape_renderer.py::TestShapeRenderer::test_drop_shadow PASSED [ 83%]
tests/test_text_area_debug_overlay_shape_renderer.py::TestShapeRenderer::test_gradient_rect_empty PASSED [ 83%]
tests/test_text_area_debug_overlay_shape_renderer.py::TestShapeRenderer::test_gradient_rect_horizontal PASSED [ 83%]
tests/test_text_area_debug_overlay_shape_renderer.py::TestShapeRenderer::test_gradient_rect_vertical PASSED [ 83%]
tests/test_text_area_debug_overlay_shape_renderer.py::TestShapeRenderer::test_pill PASSED [ 83%]
tests/test_text_area_debug_overlay_shape_renderer.py::TestShapeRenderer::test_progress_arc_empty PASSED [ 83%]
tests/test_text_area_debug_overlay_shape_renderer.py::TestShapeRenderer::test_progress_arc_full PASSED [ 83%]
tests/test_text_area_debug_overlay_shape_renderer.py::TestShapeRenderer::test_rounded_rect_filled PASSED [ 83%]
tests/test_text_area_debug_overlay_shape_renderer.py::TestShapeRenderer::test_rounded_rect_outline PASSED [ 83%]
tests/test_text_area_debug_overlay_shape_renderer.py::TestShapeRenderer::test_rounded_rect_zero_radius PASSED [ 83%]
tests/test_text_area_debug_overlay_shape_renderer.py::TestShapeRenderer::test_separator_horizontal PASSED [ 83%]
tests/test_text_area_debug_overlay_shape_renderer.py::TestShapeRenderer::test_separator_vertical PASSED [ 83%]
tests/test_text_formatter.py::TestNumericFormatterDefaults::test_adjust_cursor PASSED [ 83%]
tests/test_text_formatter.py::TestNumericFormatterDefaults::test_format_float PASSED [ 83%]
tests/test_text_formatter.py::TestNumericFormatterDefaults::test_format_integer PASSED [ 83%]
tests/test_text_formatter.py::TestNumericFormatterDefaults::test_format_invalid_returns_raw PASSED [ 83%]
tests/test_text_formatter.py::TestNumericFormatterDefaults::test_format_thousands_sep PASSED [ 83%]
tests/test_text_formatter.py::TestNumericFormatterDefaults::test_parse_float PASSED [ 83%]
tests/test_text_formatter.py::TestNumericFormatterDefaults::test_parse_removes_sep PASSED [ 84%]
tests/test_text_formatter.py::TestNumericFormatterDefaults::test_validate_invalid_text PASSED [ 84%]
tests/test_text_formatter.py::TestNumericFormatterDefaults::test_validate_max_bound PASSED [ 84%]
tests/test_text_formatter.py::TestNumericFormatterDefaults::test_validate_min_bound PASSED [ 84%]
tests/test_text_formatter.py::TestNumericFormatterDefaults::test_validate_valid PASSED [ 84%]
tests/test_text_formatter.py::TestPatternFormatterInitial::test_mask_stored PASSED [ 84%]
tests/test_text_formatter.py::TestPatternFormatterInitial::test_slot_count PASSED [ 84%]
tests/test_text_formatter.py::TestPatternFormatterInitial::test_slot_count_simple PASSED [ 84%]
tests/test_text_formatter.py::TestPatternFormatterFormat::test_format_empty_all_fill PASSED [ 84%]
tests/test_text_formatter.py::TestPatternFormatterFormat::test_format_full_digits PASSED [ 84%]
tests/test_text_formatter.py::TestPatternFormatterFormat::test_format_partial_pads_with_fill PASSED [ 84%]
tests/test_text_formatter.py::TestPatternFormatterFormat::test_parse_empty PASSED [ 84%]
tests/test_text_formatter.py::TestPatternFormatterFormat::test_parse_extracts_digits PASSED [ 84%]
tests/test_text_formatter.py::TestPatternFormatterValidate::test_validate_empty_returns_false PASSED [ 84%]
tests/test_text_formatter.py::TestPatternFormatterValidate::test_validate_full PASSED [ 84%]
tests/test_text_formatter.py::TestPatternFormatterValidate::test_validate_more_digits_allowed PASSED [ 84%]
tests/test_text_formatter.py::TestPatternFormatterValidate::test_validate_partial_returns_false PASSED [ 84%]
tests/test_text_formatter.py::TestPatternFormatterFormatPartial::test_format_partial_empty_returns_empty PASSED [ 84%]
tests/test_text_formatter.py::TestPatternFormatterFormatPartial::test_format_partial_one_digit PASSED [ 84%]
tests/test_text_formatters.py::TestNumericFormatterFormat::test_float_format PASSED [ 84%]
tests/test_text_formatters.py::TestNumericFormatterFormat::test_format_rounds PASSED [ 84%]
tests/test_text_formatters.py::TestNumericFormatterFormat::test_integer_format PASSED [ 84%]
tests/test_text_formatters.py::TestNumericFormatterFormat::test_invalid_returns_raw PASSED [ 84%]
tests/test_text_formatters.py::TestNumericFormatterFormat::test_negative_integer PASSED [ 84%]
tests/test_text_formatters.py::TestNumericFormatterFormat::test_thousands_large PASSED [ 84%]
tests/test_text_formatters.py::TestNumericFormatterFormat::test_thousands_separator PASSED [ 84%]
tests/test_text_formatters.py::TestNumericFormatterParse::test_parse_float PASSED [ 84%]
tests/test_text_formatters.py::TestNumericFormatterParse::test_parse_integer PASSED [ 84%]
tests/test_text_formatters.py::TestNumericFormatterParse::test_parse_invalid_returns_raw PASSED [ 84%]
tests/test_text_formatters.py::TestNumericFormatterParse::test_parse_strips_thousands_sep PASSED [ 84%]
tests/test_text_formatters.py::TestNumericFormatterValidate::test_above_max PASSED [ 84%]
tests/test_text_formatters.py::TestNumericFormatterValidate::test_at_max_boundary PASSED [ 84%]
tests/test_text_formatters.py::TestNumericFormatterValidate::test_at_min_boundary PASSED [ 84%]
tests/test_text_formatters.py::TestNumericFormatterValidate::test_below_min PASSED [ 84%]
tests/test_text_formatters.py::TestNumericFormatterValidate::test_invalid_text PASSED [ 84%]
tests/test_text_formatters.py::TestNumericFormatterValidate::test_no_bounds PASSED [ 84%]
tests/test_text_formatters.py::TestNumericFormatterValidate::test_valid_integer PASSED [ 84%]
tests/test_text_formatters.py::TestNumericFormatterAdjustCursor::test_cursor_clamped PASSED [ 84%]
tests/test_text_formatters.py::TestNumericFormatterAdjustCursor::test_cursor_moves_forward PASSED [ 84%]
tests/test_text_formatters.py::TestPatternFormatterInitial::test_mask_stored PASSED [ 84%]
tests/test_text_formatters.py::TestPatternFormatterInitial::test_slot_count PASSED [ 84%]
tests/test_text_formatters.py::TestPatternFormatterInitial::test_slot_count_simple PASSED [ 84%]
tests/test_text_formatters.py::TestPatternFormatterFormat::test_format_empty_all_placeholders PASSED [ 84%]
tests/test_text_formatters.py::TestPatternFormatterFormat::test_format_full PASSED [ 84%]
tests/test_text_formatters.py::TestPatternFormatterFormat::test_format_partial_fills_with_placeholder PASSED [ 84%]
tests/test_text_formatters.py::TestPatternFormatterFormat::test_format_phone_number PASSED [ 84%]
tests/test_text_formatters.py::TestPatternFormatterParse::test_parse_empty PASSED [ 85%]
tests/test_text_formatters.py::TestPatternFormatterParse::test_parse_extracts_digits PASSED [ 85%]
tests/test_text_formatters.py::TestPatternFormatterParse::test_parse_phone PASSED [ 85%]
tests/test_text_formatters.py::TestPatternFormatterValidate::test_validate_empty_false PASSED [ 85%]
tests/test_text_formatters.py::TestPatternFormatterValidate::test_validate_exact_count PASSED [ 85%]
tests/test_text_formatters.py::TestPatternFormatterValidate::test_validate_full PASSED [ 85%]
tests/test_text_formatters.py::TestPatternFormatterValidate::test_validate_partial_false PASSED [ 85%]
tests/test_text_formatters.py::TestPatternFormatterFormatPartial::test_format_partial_empty PASSED [ 85%]
tests/test_text_formatters.py::TestPatternFormatterFormatPartial::test_format_partial_includes_literals PASSED [ 85%]
tests/test_text_formatters.py::TestPatternFormatterFormatPartial::test_format_partial_three_digits PASSED [ 85%]
tests/test_text_searcher.py::TestTextMatch::test_fields_stored PASSED    [ 85%]
tests/test_text_searcher.py::TestTextMatch::test_is_frozen PASSED        [ 85%]
tests/test_text_searcher.py::TestTextSearcherInitial::test_case_sensitive_default_false PASSED [ 85%]
tests/test_text_searcher.py::TestTextSearcherInitial::test_text_settable PASSED [ 85%]
tests/test_text_searcher.py::TestTextSearcherInitial::test_text_stored PASSED [ 85%]
tests/test_text_searcher.py::TestTextSearcherInitial::test_use_regex_default_false PASSED [ 85%]
tests/test_text_searcher.py::TestTextSearcherInitial::test_whole_word_default_false PASSED [ 85%]
tests/test_text_searcher.py::TestTextSearcherFindAll::test_find_all_case_insensitive PASSED [ 85%]
tests/test_text_searcher.py::TestTextSearcherFindAll::test_find_all_case_sensitive PASSED [ 85%]
tests/test_text_searcher.py::TestTextSearcherFindAll::test_find_all_empty_query_returns_empty PASSED [ 85%]
tests/test_text_searcher.py::TestTextSearcherFindAll::test_find_all_no_match_returns_empty PASSED [ 85%]
tests/test_text_searcher.py::TestTextSearcherFindAll::test_find_all_regex PASSED [ 85%]
tests/test_text_searcher.py::TestTextSearcherFindAll::test_find_all_returns_correct_spans PASSED [ 85%]
tests/test_text_searcher.py::TestTextSearcherFindAll::test_find_all_whole_word PASSED [ 85%]
tests/test_text_searcher.py::TestTextSearcherFindNext::test_find_next_empty_query_returns_none PASSED [ 85%]
tests/test_text_searcher.py::TestTextSearcherFindNext::test_find_next_from_zero PASSED [ 85%]
tests/test_text_searcher.py::TestTextSearcherFindNext::test_find_next_no_match_returns_none PASSED [ 85%]
tests/test_text_searcher.py::TestTextSearcherFindNext::test_find_next_with_offset PASSED [ 85%]
tests/test_text_searcher.py::TestTextSearcherFindPrev::test_find_prev_no_match_returns_none PASSED [ 85%]
tests/test_text_searcher.py::TestTextSearcherFindPrev::test_find_prev_returns_last_before_pos PASSED [ 85%]
tests/test_text_searcher.py::TestTextSearcherReplace::test_replace_all_empty_query_returns_original PASSED [ 85%]
tests/test_text_searcher.py::TestTextSearcherReplace::test_replace_all_replaces_all PASSED [ 85%]
tests/test_text_searcher.py::TestTextSearcherReplace::test_replace_does_not_modify_text PASSED [ 85%]
tests/test_text_searcher.py::TestTextSearcherReplace::test_replace_single PASSED [ 85%]
tests/test_text_searcher_and_settings_registry.py::TestTextSearcher::test_find_all_case_insensitive_default PASSED [ 85%]
tests/test_text_searcher_and_settings_registry.py::TestTextSearcher::test_find_all_case_sensitive PASSED [ 85%]
tests/test_text_searcher_and_settings_registry.py::TestTextSearcher::test_find_all_empty_query_returns_empty PASSED [ 85%]
tests/test_text_searcher_and_settings_registry.py::TestTextSearcher::test_find_all_invalid_regex_returns_empty PASSED [ 85%]
tests/test_text_searcher_and_settings_registry.py::TestTextSearcher::test_find_all_match_positions PASSED [ 85%]
tests/test_text_searcher_and_settings_registry.py::TestTextSearcher::test_find_all_no_match_returns_empty PASSED [ 85%]
tests/test_text_searcher_and_settings_registry.py::TestTextSearcher::test_find_all_use_regex PASSED [ 85%]
tests/test_text_searcher_and_settings_registry.py::TestTextSearcher::test_find_all_whole_word PASSED [ 85%]
tests/test_text_searcher_and_settings_registry.py::TestTextSearcher::test_find_next_empty_query_returns_none PASSED [ 85%]
tests/test_text_searcher_and_settings_registry.py::TestTextSearcher::test_find_next_returns_first_match_from_pos PASSED [ 85%]
tests/test_text_searcher_and_settings_registry.py::TestTextSearcher::test_find_next_returns_none_when_no_match PASSED [ 85%]
tests/test_text_searcher_and_settings_registry.py::TestTextSearcher::test_find_next_skips_before_from_pos PASSED [ 85%]
tests/test_text_searcher_and_settings_registry.py::TestTextSearcher::test_find_prev_returns_last_match_before_pos PASSED [ 86%]
tests/test_text_searcher_and_settings_registry.py::TestTextSearcher::test_find_prev_returns_none_when_no_match_before_pos PASSED [ 86%]
tests/test_text_searcher_and_settings_registry.py::TestTextSearcher::test_highlight_spans_custom_style PASSED [ 86%]
tests/test_text_searcher_and_settings_registry.py::TestTextSearcher::test_highlight_spans_returns_dicts PASSED [ 86%]
tests/test_text_searcher_and_settings_registry.py::TestTextSearcher::test_replace_all_empty_query_returns_original PASSED [ 86%]
tests/test_text_searcher_and_settings_registry.py::TestTextSearcher::test_replace_all_regex_mode PASSED [ 86%]
tests/test_text_searcher_and_settings_registry.py::TestTextSearcher::test_replace_all_replaces_every_match PASSED [ 86%]
tests/test_text_searcher_and_settings_registry.py::TestTextSearcher::test_replace_does_not_mutate_text_attr PASSED [ 86%]
tests/test_text_searcher_and_settings_registry.py::TestTextSearcher::test_replace_single_match PASSED [ 86%]
tests/test_text_searcher_and_settings_registry.py::TestTextSearcher::test_text_match_is_frozen PASSED [ 86%]
tests/test_text_searcher_and_settings_registry.py::TestTextSearcher::test_text_setter_changes_search_target PASSED [ 86%]
tests/test_text_searcher_and_settings_registry.py::TestSettingsRegistry::test_all_descriptors_ordered PASSED [ 86%]
tests/test_text_searcher_and_settings_registry.py::TestSettingsRegistry::test_declare_empty_key_raises PASSED [ 86%]
tests/test_text_searcher_and_settings_registry.py::TestSettingsRegistry::test_declare_empty_namespace_raises PASSED [ 86%]
tests/test_text_searcher_and_settings_registry.py::TestSettingsRegistry::test_declare_returns_observable_value PASSED [ 86%]
tests/test_text_searcher_and_settings_registry.py::TestSettingsRegistry::test_declare_twice_returns_same_observable PASSED [ 86%]
tests/test_text_searcher_and_settings_registry.py::TestSettingsRegistry::test_describe_returns_descriptor PASSED [ 86%]
tests/test_text_searcher_and_settings_registry.py::TestSettingsRegistry::test_describe_unknown_returns_none PASSED [ 86%]
tests/test_text_searcher_and_settings_registry.py::TestSettingsRegistry::test_get_raises_for_undeclared PASSED [ 86%]
tests/test_text_searcher_and_settings_registry.py::TestSettingsRegistry::test_get_returns_observable PASSED [ 86%]
tests/test_text_searcher_and_settings_registry.py::TestSettingsRegistry::test_get_value_returns_raw_value PASSED [ 86%]
tests/test_text_searcher_and_settings_registry.py::TestSettingsRegistry::test_keys_returns_sorted PASSED [ 86%]
tests/test_text_searcher_and_settings_registry.py::TestSettingsRegistry::test_load_ignores_unknown_keys PASSED [ 86%]
tests/test_text_searcher_and_settings_registry.py::TestSettingsRegistry::test_load_without_file_path_returns_false PASSED [ 86%]
tests/test_text_searcher_and_settings_registry.py::TestSettingsRegistry::test_namespaces_returns_sorted PASSED [ 86%]
tests/test_text_searcher_and_settings_registry.py::TestSettingsRegistry::test_reset_all_reverts_every_namespace PASSED [ 86%]
tests/test_text_searcher_and_settings_registry.py::TestSettingsRegistry::test_reset_reverts_to_default PASSED [ 86%]
tests/test_text_searcher_and_settings_registry.py::TestSettingsRegistry::test_save_and_load_roundtrip PASSED [ 86%]
tests/test_text_searcher_and_settings_registry.py::TestSettingsRegistry::test_save_without_file_path_returns_false PASSED [ 86%]
tests/test_text_searcher_and_settings_registry.py::TestSettingsRegistry::test_set_file_path PASSED [ 86%]
tests/test_text_searcher_and_settings_registry.py::TestSettingsRegistry::test_set_value_updates_and_fires_observer PASSED [ 86%]
tests/test_theme_invalidation_bus.py::TestThemeInvalidationBusRegistration::test_clear_removes_all PASSED [ 86%]
tests/test_theme_invalidation_bus.py::TestThemeInvalidationBusRegistration::test_initial_count PASSED [ 86%]
tests/test_theme_invalidation_bus.py::TestThemeInvalidationBusRegistration::test_register_increments_count PASSED [ 86%]
tests/test_theme_invalidation_bus.py::TestThemeInvalidationBusRegistration::test_register_replaces_fn_for_same_widget PASSED [ 86%]
tests/test_theme_invalidation_bus.py::TestThemeInvalidationBusRegistration::test_unregister_decrements PASSED [ 86%]
tests/test_theme_invalidation_bus.py::TestThemeInvalidationBusRegistration::test_unregister_unknown_noop PASSED [ 86%]
tests/test_theme_invalidation_bus.py::TestThemeInvalidationBusOnChange::test_dirty_tracker_mark_all_dirty_called PASSED [ 86%]
tests/test_theme_invalidation_bus.py::TestThemeInvalidationBusOnChange::test_dirty_tracker_not_called_without_screen_rect PASSED [ 86%]
tests/test_theme_invalidation_bus.py::TestThemeInvalidationBusOnChange::test_dispose_unregisters_and_stops_notifications PASSED [ 86%]
tests/test_theme_invalidation_bus.py::TestThemeInvalidationBusOnChange::test_font_manager_flush_called PASSED [ 86%]
tests/test_theme_invalidation_bus.py::TestThemeInvalidationBusOnChange::test_graphics_factory_flush_called PASSED [ 86%]
tests/test_theme_invalidation_bus.py::TestThemeInvalidationBusOnChange::test_invalidate_fn_called_on_theme_change PASSED [ 86%]
tests/test_theme_invalidation_bus.py::TestThemeInvalidationBusOnChange::test_invalidate_fn_exception_does_not_propagate PASSED [ 86%]
tests/test_theme_invalidation_bus.py::TestThemeInvalidationBusOnChange::test_multiple_controls_all_called PASSED [ 86%]
tests/test_theme_invalidation_bus.py::TestThemeInvalidationBusOnChange::test_set_screen_rect PASSED [ 87%]
tests/test_theme_invalidation_bus.py::TestThemeInvalidationBusOnChange::test_trigger_invalidation_manual PASSED [ 87%]
tests/test_theme_invalidation_bus.py::TestThemeInvalidationBusExports::test_importable_from_gui_do PASSED [ 87%]
tests/test_thumb_drag_lock.py::TestAnchorAdjustedLockRect::test_clamped_when_handle_larger_than_track PASSED [ 87%]
tests/test_thumb_drag_lock.py::TestAnchorAdjustedLockRect::test_x_axis_basic PASSED [ 87%]
tests/test_thumb_drag_lock.py::TestAnchorAdjustedLockRect::test_x_axis_zero_range PASSED [ 87%]
tests/test_thumb_drag_lock.py::TestAnchorAdjustedLockRect::test_x_lock_height_is_one PASSED [ 87%]
tests/test_thumb_drag_lock.py::TestAnchorAdjustedLockRect::test_y_axis_basic PASSED [ 87%]
tests/test_thumb_drag_lock.py::TestAnchorAdjustedLockRect::test_y_axis_zero_anchor PASSED [ 87%]
tests/test_thumb_drag_lock.py::TestAnchorAdjustedLockRect::test_y_lock_width_is_one PASSED [ 87%]
tests/test_timers_and_state_machine.py::TestTimers::test_add_once_fires_exactly_once_then_removes PASSED [ 87%]
tests/test_timers_and_state_machine.py::TestTimers::test_add_once_invalid_delay_raises PASSED [ 87%]
tests/test_timers_and_state_machine.py::TestTimers::test_add_timer_invalid_interval_raises PASSED [ 87%]
tests/test_timers_and_state_machine.py::TestTimers::test_add_timer_registers_and_fires_on_interval PASSED [ 87%]
tests/test_timers_and_state_machine.py::TestTimers::test_cancel_all_removes_all_timers PASSED [ 87%]
tests/test_timers_and_state_machine.py::TestTimers::test_has_timer_reflects_registration PASSED [ 87%]
tests/test_timers_and_state_machine.py::TestTimers::test_remove_timer_deregisters_timer PASSED [ 87%]
tests/test_timers_and_state_machine.py::TestTimers::test_remove_timer_on_unknown_id_is_noop PASSED [ 87%]
tests/test_timers_and_state_machine.py::TestTimers::test_repeating_timer_fires_multiple_times PASSED [ 87%]
tests/test_timers_and_state_machine.py::TestTimers::test_reschedule_changes_interval PASSED [ 87%]
tests/test_timers_and_state_machine.py::TestTimers::test_reschedule_known_id_returns_true PASSED [ 87%]
tests/test_timers_and_state_machine.py::TestTimers::test_reschedule_unknown_id_returns_false PASSED [ 87%]
tests/test_timers_and_state_machine.py::TestTimers::test_timer_ids_returns_all_registered_ids PASSED [ 87%]
tests/test_timers_and_state_machine.py::TestTimers::test_timer_not_yet_elapsed_does_not_fire PASSED [ 87%]
tests/test_timers_and_state_machine.py::TestTimers::test_update_with_zero_dt_does_not_fire PASSED [ 87%]
tests/test_timers_and_state_machine.py::TestStateMachine::test_action_called_during_transition PASSED [ 87%]
tests/test_timers_and_state_machine.py::TestStateMachine::test_add_on_enter_adds_additional_entry_callback PASSED [ 87%]
tests/test_timers_and_state_machine.py::TestStateMachine::test_available_triggers_lists_valid_triggers PASSED [ 87%]
tests/test_timers_and_state_machine.py::TestStateMachine::test_can_trigger_false_when_guard_blocks PASSED [ 87%]
tests/test_timers_and_state_machine.py::TestStateMachine::test_can_trigger_reflects_current_state PASSED [ 87%]
tests/test_timers_and_state_machine.py::TestStateMachine::test_empty_initial_state_raises PASSED [ 87%]
tests/test_timers_and_state_machine.py::TestStateMachine::test_guard_false_prevents_transition PASSED [ 87%]
tests/test_timers_and_state_machine.py::TestStateMachine::test_guard_true_allows_transition PASSED [ 87%]
tests/test_timers_and_state_machine.py::TestStateMachine::test_initial_state_set_correctly PASSED [ 87%]
tests/test_timers_and_state_machine.py::TestStateMachine::test_on_enter_callback_fires_on_transition PASSED [ 87%]
tests/test_timers_and_state_machine.py::TestStateMachine::test_on_exit_callback_fires_on_transition PASSED [ 87%]
tests/test_timers_and_state_machine.py::TestStateMachine::test_sequential_transitions_change_state_correctly PASSED [ 87%]
tests/test_timers_and_state_machine.py::TestStateMachine::test_states_property_includes_all_declared_states PASSED [ 87%]
tests/test_timers_and_state_machine.py::TestStateMachine::test_transition_count_reflects_declarations PASSED [ 87%]
tests/test_timers_and_state_machine.py::TestStateMachine::test_trigger_fires_observable_value_change PASSED [ 87%]
tests/test_timers_and_state_machine.py::TestStateMachine::test_trigger_invalid_transition_returns_false PASSED [ 87%]
tests/test_timers_and_state_machine.py::TestStateMachine::test_trigger_valid_transition_returns_true PASSED [ 87%]
tests/test_timers_scheduler.py::TestTimersInitial::test_has_timer_false PASSED [ 87%]
tests/test_timers_scheduler.py::TestTimersInitial::test_no_timers_initially PASSED [ 87%]
tests/test_timers_scheduler.py::TestTimersAddTimer::test_add_timer_invalid_interval_raises PASSED [ 87%]
tests/test_timers_scheduler.py::TestTimersAddTimer::test_add_timer_non_callable_raises PASSED [ 87%]
tests/test_timers_scheduler.py::TestTimersAddTimer::test_add_timer_registers PASSED [ 88%]
tests/test_timers_scheduler.py::TestTimersAddTimer::test_cancel_all_returns_count PASSED [ 88%]
tests/test_timers_scheduler.py::TestTimersAddTimer::test_remove_timer PASSED [ 88%]
tests/test_timers_scheduler.py::TestTimersAddTimer::test_timer_does_not_fire_before_interval PASSED [ 88%]
tests/test_timers_scheduler.py::TestTimersAddTimer::test_timer_fires_after_interval PASSED [ 88%]
tests/test_timers_scheduler.py::TestTimersAddTimer::test_timer_fires_multiple_times PASSED [ 88%]
tests/test_timers_scheduler.py::TestTimersAddOnce::test_add_once_fires_once PASSED [ 88%]
tests/test_timers_scheduler.py::TestTimersAddOnce::test_add_once_invalid_delay_raises PASSED [ 88%]
tests/test_timers_scheduler.py::TestTimersAddOnce::test_add_once_removed_after_fire PASSED [ 88%]
tests/test_timers_scheduler.py::TestTimersReschedule::test_reschedule_invalid_interval_raises PASSED [ 88%]
tests/test_timers_scheduler.py::TestTimersReschedule::test_reschedule_missing_returns_false PASSED [ 88%]
tests/test_timers_scheduler.py::TestTimersReschedule::test_reschedule_updates_interval PASSED [ 88%]
tests/test_timers_scheduler.py::TestPause::test_instantiates PASSED      [ 88%]
tests/test_timers_scheduler.py::TestSleep::test_negative_seconds_raises PASSED [ 88%]
tests/test_timers_scheduler.py::TestSleep::test_seconds_stored PASSED    [ 88%]
tests/test_timers_scheduler.py::TestSleep::test_zero_seconds_ok PASSED   [ 88%]
tests/test_timers_scheduler.py::TestWaitUntil::test_predicate_stored PASSED [ 88%]
tests/test_timers_scheduler.py::TestTransitionEvent::test_members_exist PASSED [ 88%]
tests/test_timers_scheduler.py::TestTransitionEvent::test_unique_values PASSED [ 88%]
tests/test_timers_scheduler.py::TestTransitionSpec::test_custom_start_value PASSED [ 88%]
tests/test_timers_scheduler.py::TestTransitionSpec::test_required_fields PASSED [ 88%]
tests/test_timers_scheduler.py::TestTransitionSpec::test_start_value_default_none PASSED [ 88%]
tests/test_toast_hover_reconcile.py::TestToastHoverReconcile::test_entering_toast_clears_underlying_hover_state PASSED [ 88%]
tests/test_toast_manager_and_notification_center.py::TestToastManagerInitialState::test_dismiss_all_on_empty_returns_zero PASSED [ 88%]
tests/test_toast_manager_and_notification_center.py::TestToastManagerInitialState::test_visible_count_zero_initially PASSED [ 88%]
tests/test_toast_manager_and_notification_center.py::TestToastManagerShow::test_max_visible_respected PASSED [ 88%]
tests/test_toast_manager_and_notification_center.py::TestToastManagerShow::test_show_custom_severity PASSED [ 88%]
tests/test_toast_manager_and_notification_center.py::TestToastManagerShow::test_show_handle_is_visible PASSED [ 88%]
tests/test_toast_manager_and_notification_center.py::TestToastManagerShow::test_show_increments_visible_count PASSED [ 88%]
tests/test_toast_manager_and_notification_center.py::TestToastManagerShow::test_show_multiple PASSED [ 88%]
tests/test_toast_manager_and_notification_center.py::TestToastManagerShow::test_show_persistent_returns_handle PASSED [ 88%]
tests/test_toast_manager_and_notification_center.py::TestToastManagerShow::test_show_returns_handle PASSED [ 88%]
tests/test_toast_manager_and_notification_center.py::TestToastManagerShow::test_show_severity_default_info PASSED [ 88%]
tests/test_toast_manager_and_notification_center.py::TestToastManagerDismiss::test_dismiss_all PASSED [ 88%]
tests/test_toast_manager_and_notification_center.py::TestToastManagerDismiss::test_dismiss_already_gone_no_error PASSED [ 88%]
tests/test_toast_manager_and_notification_center.py::TestToastManagerDismiss::test_dismiss_one_leaves_others PASSED [ 88%]
tests/test_toast_manager_and_notification_center.py::TestToastManagerDismiss::test_dismiss_removes_toast PASSED [ 88%]
tests/test_toast_manager_and_notification_center.py::TestToastManagerUpdate::test_persistent_toast_not_expired_by_update PASSED [ 88%]
tests/test_toast_manager_and_notification_center.py::TestToastManagerUpdate::test_update_expires_only_old_toasts PASSED [ 88%]
tests/test_toast_manager_and_notification_center.py::TestToastManagerUpdate::test_update_keeps_unexpired_toast PASSED [ 88%]
tests/test_toast_manager_and_notification_center.py::TestToastManagerUpdate::test_update_removes_expired_toast PASSED [ 88%]
tests/test_toast_manager_and_notification_center.py::TestToastManagerEventBusMessage::test_dict_payload_shows_toast PASSED [ 88%]
tests/test_toast_manager_and_notification_center.py::TestToastManagerEventBusMessage::test_empty_dict_no_error PASSED [ 88%]
tests/test_toast_manager_and_notification_center.py::TestToastManagerEventBusMessage::test_non_dict_payload_ignored PASSED [ 88%]
tests/test_toast_manager_and_notification_center.py::TestToastManagerClickHandling::test_click_inside_toast_consumes_by_default PASSED [ 88%]
tests/test_toast_manager_and_notification_center.py::TestToastManagerClickHandling::test_click_inside_toast_invokes_callback PASSED [ 89%]
tests/test_toast_manager_and_notification_center.py::TestToastManagerClickHandling::test_click_inside_toast_mouse_up_consumes_without_callback PASSED [ 89%]
tests/test_toast_manager_and_notification_center.py::TestToastManagerClickHandling::test_click_outside_toast_not_consumed PASSED [ 89%]
tests/test_toast_manager_and_notification_center.py::TestToastManagerClickHandling::test_mouse_motion_inside_toast_consumed PASSED [ 89%]
tests/test_toast_manager_and_notification_center.py::TestToastManagerClickHandling::test_mouse_wheel_inside_toast_consumed PASSED [ 89%]
tests/test_toast_manager_and_notification_center.py::TestToastManagerClickHandling::test_non_left_click_inside_toast_consumed_without_callback PASSED [ 89%]
tests/test_toast_manager_and_notification_center.py::TestNotificationCenterInitialState::test_all_records_empty PASSED [ 89%]
tests/test_toast_manager_and_notification_center.py::TestNotificationCenterInitialState::test_records_empty_initially PASSED [ 89%]
tests/test_toast_manager_and_notification_center.py::TestNotificationCenterInitialState::test_unread_count_zero_initially PASSED [ 89%]
tests/test_toast_manager_and_notification_center.py::TestNotificationCenterAdd::test_add_fires_subscriber_on_records PASSED [ 89%]
tests/test_toast_manager_and_notification_center.py::TestNotificationCenterAdd::test_add_fires_subscriber_on_unread_count PASSED [ 89%]
tests/test_toast_manager_and_notification_center.py::TestNotificationCenterAdd::test_add_increments_unread_count PASSED [ 89%]
tests/test_toast_manager_and_notification_center.py::TestNotificationCenterAdd::test_add_most_recent_first PASSED [ 89%]
tests/test_toast_manager_and_notification_center.py::TestNotificationCenterAdd::test_add_record_appears_in_all_records PASSED [ 89%]
tests/test_toast_manager_and_notification_center.py::TestNotificationCenterAdd::test_add_respects_max_records PASSED [ 89%]
tests/test_toast_manager_and_notification_center.py::TestNotificationCenterAdd::test_add_updates_records_observable PASSED [ 89%]
tests/test_toast_manager_and_notification_center.py::TestNotificationCenterMarkRead::test_mark_all_read PASSED [ 89%]
tests/test_toast_manager_and_notification_center.py::TestNotificationCenterMarkRead::test_mark_all_read_sets_all_flags PASSED [ 89%]
tests/test_toast_manager_and_notification_center.py::TestNotificationCenterMarkRead::test_mark_read_decrements_unread PASSED [ 89%]
tests/test_toast_manager_and_notification_center.py::TestNotificationCenterMarkRead::test_mark_read_sets_flag PASSED [ 89%]
tests/test_toast_manager_and_notification_center.py::TestNotificationCenterMarkRead::test_mark_read_twice_no_error PASSED [ 89%]
tests/test_toast_manager_and_notification_center.py::TestNotificationCenterClear::test_clear_removes_all_records PASSED [ 89%]
tests/test_toast_manager_and_notification_center.py::TestNotificationCenterClear::test_clear_resets_records_observable PASSED [ 89%]
tests/test_toast_manager_and_notification_center.py::TestNotificationCenterClear::test_clear_resets_unread_count PASSED [ 89%]
tests/test_toast_manager_and_notification_center.py::TestNotificationCenterSubscribe::test_subscribe_without_event_bus_no_error PASSED [ 89%]
tests/test_toast_manager_and_notification_center.py::TestNotificationCenterSubscribe::test_unsubscribe_all_no_error PASSED [ 89%]
tests/test_toast_manager_and_notification_center.py::TestNotificationCenterBusIntegration::test_dict_payload_can_override_severity PASSED [ 89%]
tests/test_toast_manager_and_notification_center.py::TestNotificationCenterBusIntegration::test_dict_payload_extracts_message PASSED [ 89%]
tests/test_toast_manager_and_notification_center.py::TestNotificationCenterBusIntegration::test_message_creates_record PASSED [ 89%]
tests/test_toast_manager_and_notification_center.py::TestNotificationCenterBusIntegration::test_message_uses_subscribed_severity PASSED [ 89%]
tests/test_toast_manager_and_notification_center.py::TestNotificationCenterBusIntegration::test_record_topic_set_correctly PASSED [ 89%]
tests/test_toast_manager_and_notification_center.py::TestNotificationCenterBusIntegration::test_unsubscribed_topic_ignored PASSED [ 89%]
tests/test_transfer_and_form_schema.py::TestTransferDataInitial::test_empty_formats PASSED [ 89%]
tests/test_transfer_and_form_schema.py::TestTransferDataInitial::test_has_format_false_initially PASSED [ 89%]
tests/test_transfer_and_form_schema.py::TestTransferDataInitial::test_preferred_format_default PASSED [ 89%]
tests/test_transfer_and_form_schema.py::TestTransferDataSetGet::test_format_names_sorted PASSED [ 89%]
tests/test_transfer_and_form_schema.py::TestTransferDataSetGet::test_get_missing_custom_default PASSED [ 89%]
tests/test_transfer_and_form_schema.py::TestTransferDataSetGet::test_get_missing_returns_default PASSED [ 89%]
tests/test_transfer_and_form_schema.py::TestTransferDataSetGet::test_has_format_after_set PASSED [ 89%]
tests/test_transfer_and_form_schema.py::TestTransferDataSetGet::test_set_then_get PASSED [ 89%]
tests/test_transfer_and_form_schema.py::TestTransferManagerClipboard::test_clear_clipboard PASSED [ 89%]
tests/test_transfer_and_form_schema.py::TestTransferManagerClipboard::test_initial_clipboard_none PASSED [ 89%]
tests/test_transfer_and_form_schema.py::TestTransferManagerClipboard::test_set_clipboard PASSED [ 89%]
tests/test_transfer_and_form_schema.py::TestTransferManagerDrag::test_begin_drag PASSED [ 89%]
tests/test_transfer_and_form_schema.py::TestTransferManagerDrag::test_copy_drag_no_drag_returns_false PASSED [ 89%]
tests/test_transfer_and_form_schema.py::TestTransferManagerDrag::test_copy_drag_to_clipboard PASSED [ 89%]
tests/test_transfer_and_form_schema.py::TestTransferManagerDrag::test_end_drag_returns_data PASSED [ 90%]
tests/test_transfer_and_form_schema.py::TestTransferManagerDrag::test_initial_drag_none PASSED [ 90%]
tests/test_transfer_and_form_schema.py::TestSchemaField::test_defaults PASSED [ 90%]
tests/test_transfer_and_form_schema.py::TestSchemaField::test_fields_stored PASSED [ 90%]
tests/test_transfer_and_form_schema.py::TestFormSchema::test_build_form_creates_fields PASSED [ 90%]
tests/test_transfer_and_form_schema.py::TestFormSchema::test_build_form_preserves_required PASSED [ 90%]
tests/test_transfer_and_form_schema.py::TestFormSchema::test_defaults PASSED [ 90%]
tests/test_transfer_and_form_schema.py::TestFormSchema::test_duplicate_names_raises PASSED [ 90%]
tests/test_transfer_and_form_schema.py::TestFormSchema::test_extract_from PASSED [ 90%]
tests/test_transfer_and_form_schema.py::TestFormSchema::test_fields_property PASSED [ 90%]
tests/test_transfer_and_form_schema.py::TestFormSchema::test_validate_values_no_errors PASSED [ 90%]
tests/test_transfer_and_form_schema.py::TestFormSchema::test_validate_values_required_empty PASSED [ 90%]
tests/test_transfer_data_popup_placement_dirty_region_vector_path.py::TestTransferData::test_empty_has_no_formats PASSED [ 90%]
tests/test_transfer_data_popup_placement_dirty_region_vector_path.py::TestTransferData::test_format_names_sorted PASSED [ 90%]
tests/test_transfer_data_popup_placement_dirty_region_vector_path.py::TestTransferData::test_get_missing_custom_default PASSED [ 90%]
tests/test_transfer_data_popup_placement_dirty_region_vector_path.py::TestTransferData::test_get_missing_returns_default PASSED [ 90%]
tests/test_transfer_data_popup_placement_dirty_region_vector_path.py::TestTransferData::test_has_format_false PASSED [ 90%]
tests/test_transfer_data_popup_placement_dirty_region_vector_path.py::TestTransferData::test_has_format_true PASSED [ 90%]
tests/test_transfer_data_popup_placement_dirty_region_vector_path.py::TestTransferData::test_multiple_formats PASSED [ 90%]
tests/test_transfer_data_popup_placement_dirty_region_vector_path.py::TestTransferData::test_overwrite_value PASSED [ 90%]
tests/test_transfer_data_popup_placement_dirty_region_vector_path.py::TestTransferData::test_preferred_format_custom PASSED [ 90%]
tests/test_transfer_data_popup_placement_dirty_region_vector_path.py::TestTransferData::test_preferred_format_default PASSED [ 90%]
tests/test_transfer_data_popup_placement_dirty_region_vector_path.py::TestTransferData::test_set_and_get PASSED [ 90%]
tests/test_transfer_data_popup_placement_dirty_region_vector_path.py::TestTransferManager::test_begin_drag PASSED [ 90%]
tests/test_transfer_data_popup_placement_dirty_region_vector_path.py::TestTransferManager::test_clear_clipboard PASSED [ 90%]
tests/test_transfer_data_popup_placement_dirty_region_vector_path.py::TestTransferManager::test_clipboard_initially_none PASSED [ 90%]
tests/test_transfer_data_popup_placement_dirty_region_vector_path.py::TestTransferManager::test_copy_drag_to_clipboard PASSED [ 90%]
tests/test_transfer_data_popup_placement_dirty_region_vector_path.py::TestTransferManager::test_copy_drag_to_clipboard_no_drag_returns_false PASSED [ 90%]
tests/test_transfer_data_popup_placement_dirty_region_vector_path.py::TestTransferManager::test_drag_initially_none PASSED [ 90%]
tests/test_transfer_data_popup_placement_dirty_region_vector_path.py::TestTransferManager::test_end_drag_no_drag_returns_none PASSED [ 90%]
tests/test_transfer_data_popup_placement_dirty_region_vector_path.py::TestTransferManager::test_end_drag_returns_data_and_clears PASSED [ 90%]
tests/test_transfer_data_popup_placement_dirty_region_vector_path.py::TestTransferManager::test_set_and_get_clipboard PASSED [ 90%]
tests/test_transfer_data_popup_placement_dirty_region_vector_path.py::TestComputePopupRect::test_above_start_alignment PASSED [ 90%]
tests/test_transfer_data_popup_placement_dirty_region_vector_path.py::TestComputePopupRect::test_below_start_alignment PASSED [ 90%]
tests/test_transfer_data_popup_placement_dirty_region_vector_path.py::TestComputePopupRect::test_center_alignment_horizontal PASSED [ 90%]
tests/test_transfer_data_popup_placement_dirty_region_vector_path.py::TestComputePopupRect::test_end_alignment_horizontal PASSED [ 90%]
tests/test_transfer_data_popup_placement_dirty_region_vector_path.py::TestComputePopupRect::test_flips_to_top_when_bottom_overflows PASSED [ 90%]
tests/test_transfer_data_popup_placement_dirty_region_vector_path.py::TestComputePopupRect::test_left_start_alignment PASSED [ 90%]
tests/test_transfer_data_popup_placement_dirty_region_vector_path.py::TestComputePopupRect::test_no_flip_when_flip_axes_false PASSED [ 90%]
tests/test_transfer_data_popup_placement_dirty_region_vector_path.py::TestComputePopupRect::test_no_nudge_when_fits_perfectly PASSED [ 90%]
tests/test_transfer_data_popup_placement_dirty_region_vector_path.py::TestComputePopupRect::test_nudges_when_overflows_right PASSED [ 90%]
tests/test_transfer_data_popup_placement_dirty_region_vector_path.py::TestComputePopupRect::test_offset_applied PASSED [ 90%]
tests/test_transfer_data_popup_placement_dirty_region_vector_path.py::TestComputePopupRect::test_placement_result_fields PASSED [ 90%]
tests/test_transfer_data_popup_placement_dirty_region_vector_path.py::TestComputePopupRect::test_popup_placement_descriptor_delegates_to_compute PASSED [ 90%]
tests/test_transfer_data_popup_placement_dirty_region_vector_path.py::TestComputePopupRect::test_result_has_correct_popup_size PASSED [ 90%]
tests/test_transfer_data_popup_placement_dirty_region_vector_path.py::TestComputePopupRect::test_right_start_alignment PASSED [ 91%]
tests/test_transfer_data_popup_placement_dirty_region_vector_path.py::TestDirtyRegionTracker::test_consume_clears_dirty_state PASSED [ 91%]
tests/test_transfer_data_popup_placement_dirty_region_vector_path.py::TestDirtyRegionTracker::test_consume_returns_accumulated_rects PASSED [ 91%]
tests/test_transfer_data_popup_placement_dirty_region_vector_path.py::TestDirtyRegionTracker::test_dirty_union_does_not_consume PASSED [ 91%]
tests/test_transfer_data_popup_placement_dirty_region_vector_path.py::TestDirtyRegionTracker::test_dirty_union_none_when_clean PASSED [ 91%]
tests/test_transfer_data_popup_placement_dirty_region_vector_path.py::TestDirtyRegionTracker::test_dirty_union_single_rect PASSED [ 91%]
tests/test_transfer_data_popup_placement_dirty_region_vector_path.py::TestDirtyRegionTracker::test_dirty_union_two_rects PASSED [ 91%]
tests/test_transfer_data_popup_placement_dirty_region_vector_path.py::TestDirtyRegionTracker::test_initially_not_dirty PASSED [ 91%]
tests/test_transfer_data_popup_placement_dirty_region_vector_path.py::TestDirtyRegionTracker::test_mark_all_dirty_overrides_partials PASSED [ 91%]
tests/test_transfer_data_popup_placement_dirty_region_vector_path.py::TestDirtyRegionTracker::test_mark_dirty_after_mark_all_ignored PASSED [ 91%]
tests/test_transfer_data_popup_placement_dirty_region_vector_path.py::TestDirtyRegionTracker::test_mark_dirty_sets_has_dirty PASSED [ 91%]
tests/test_transfer_data_popup_placement_dirty_region_vector_path.py::TestDirtyRegionTracker::test_overlaps_dirty_false PASSED [ 91%]
tests/test_transfer_data_popup_placement_dirty_region_vector_path.py::TestDirtyRegionTracker::test_overlaps_dirty_false_when_clean PASSED [ 91%]
tests/test_transfer_data_popup_placement_dirty_region_vector_path.py::TestDirtyRegionTracker::test_overlaps_dirty_full_dirty_is_always_true PASSED [ 91%]
tests/test_transfer_data_popup_placement_dirty_region_vector_path.py::TestDirtyRegionTracker::test_overlaps_dirty_true PASSED [ 91%]
tests/test_transfer_data_popup_placement_dirty_region_vector_path.py::TestDirtyRegionTracker::test_rects_union_empty_returns_none PASSED [ 91%]
tests/test_transfer_data_popup_placement_dirty_region_vector_path.py::TestDirtyRegionTracker::test_rects_union_multiple PASSED [ 91%]
tests/test_transfer_data_popup_placement_dirty_region_vector_path.py::TestDirtyRegionTracker::test_rects_union_single PASSED [ 91%]
tests/test_transfer_data_popup_placement_dirty_region_vector_path.py::TestDirtyRegionTracker::test_zero_size_rect_ignored PASSED [ 91%]
tests/test_transfer_data_popup_placement_dirty_region_vector_path.py::TestVectorPathSegments::test_arc_adds_segment PASSED [ 91%]
tests/test_transfer_data_popup_placement_dirty_region_vector_path.py::TestVectorPathSegments::test_chaining_returns_self PASSED [ 91%]
tests/test_transfer_data_popup_placement_dirty_region_vector_path.py::TestVectorPathSegments::test_close_adds_segment PASSED [ 91%]
tests/test_transfer_data_popup_placement_dirty_region_vector_path.py::TestVectorPathSegments::test_cubic_to_adds_segment PASSED [ 91%]
tests/test_transfer_data_popup_placement_dirty_region_vector_path.py::TestVectorPathSegments::test_empty_path_has_no_segments PASSED [ 91%]
tests/test_transfer_data_popup_placement_dirty_region_vector_path.py::TestVectorPathSegments::test_line_to_adds_segment PASSED [ 91%]
tests/test_transfer_data_popup_placement_dirty_region_vector_path.py::TestVectorPathSegments::test_move_to_adds_segment PASSED [ 91%]
tests/test_transfer_data_popup_placement_dirty_region_vector_path.py::TestVectorPathSegments::test_quadratic_to_adds_segment PASSED [ 91%]
tests/test_transfer_data_popup_placement_dirty_region_vector_path.py::TestVectorPathSegments::test_rect_adds_multiple_segments PASSED [ 91%]
tests/test_transfer_data_popup_placement_dirty_region_vector_path.py::TestVectorPathBoundingRect::test_arc_bounding_rect_nonzero PASSED [ 91%]
tests/test_transfer_data_popup_placement_dirty_region_vector_path.py::TestVectorPathBoundingRect::test_empty_path_bounding_rect PASSED [ 91%]
tests/test_transfer_data_popup_placement_dirty_region_vector_path.py::TestVectorPathBoundingRect::test_rect_path_bounding_rect PASSED [ 91%]
tests/test_transfer_data_popup_placement_dirty_region_vector_path.py::TestVectorPathBoundingRect::test_simple_line_bounding_rect PASSED [ 91%]
tests/test_transfer_data_popup_placement_dirty_region_vector_path.py::TestVectorPathContainsPoint::test_point_inside_rect_path PASSED [ 91%]
tests/test_transfer_data_popup_placement_dirty_region_vector_path.py::TestVectorPathContainsPoint::test_point_outside_rect_path PASSED [ 91%]
tests/test_transfer_data_popup_placement_dirty_region_vector_path.py::TestVectorPathTransform::test_close_segment_preserved_in_transform PASSED [ 91%]
tests/test_transfer_data_popup_placement_dirty_region_vector_path.py::TestVectorPathTransform::test_identity_transform_preserves_segments PASSED [ 91%]
tests/test_transfer_data_popup_placement_dirty_region_vector_path.py::TestVectorPathTransform::test_original_unchanged_after_transform PASSED [ 91%]
tests/test_transfer_data_popup_placement_dirty_region_vector_path.py::TestVectorPathTransform::test_rotate_90_swaps_axes PASSED [ 91%]
tests/test_transfer_data_popup_placement_dirty_region_vector_path.py::TestVectorPathTransform::test_scale_multiplies_coords PASSED [ 91%]
tests/test_transfer_data_popup_placement_dirty_region_vector_path.py::TestVectorPathTransform::test_translate_moves_move_segment PASSED [ 91%]
tests/test_tree_control_and_color_picker.py::TestTreeNode::test_data_default_none PASSED [ 91%]
tests/test_tree_control_and_color_picker.py::TestTreeNode::test_enabled_default_true PASSED [ 91%]
tests/test_tree_control_and_color_picker.py::TestTreeNode::test_expanded_default_false PASSED [ 91%]
tests/test_tree_control_and_color_picker.py::TestTreeNode::test_is_leaf_no_children PASSED [ 91%]
tests/test_tree_control_and_color_picker.py::TestTreeNode::test_is_leaf_with_children PASSED [ 91%]
tests/test_tree_control_and_color_picker.py::TestTreeNode::test_label_stored PASSED [ 91%]
tests/test_tree_control_and_color_picker.py::TestFlattenHelper::test_child_depth_is_one PASSED [ 92%]
tests/test_tree_control_and_color_picker.py::TestFlattenHelper::test_collapsed_children_not_in_rows PASSED [ 92%]
tests/test_tree_control_and_color_picker.py::TestFlattenHelper::test_empty_nodes PASSED [ 92%]
tests/test_tree_control_and_color_picker.py::TestFlattenHelper::test_expanded_children_included PASSED [ 92%]
tests/test_tree_control_and_color_picker.py::TestFlattenHelper::test_flat_list_all_depth_zero PASSED [ 92%]
tests/test_tree_control_and_color_picker.py::TestFlattenHelper::test_grandchild_depth_is_two PASSED [ 92%]
tests/test_tree_control_and_color_picker.py::TestFlattenHelper::test_nested_expanded_counts PASSED [ 92%]
tests/test_tree_control_and_color_picker.py::TestTreeControlInitial::test_empty_nodes PASSED [ 92%]
tests/test_tree_control_and_color_picker.py::TestTreeControlInitial::test_nodes_returns_copy PASSED [ 92%]
tests/test_tree_control_and_color_picker.py::TestTreeControlInitial::test_selected_node_none_initially PASSED [ 92%]
tests/test_tree_control_and_color_picker.py::TestTreeControlInitial::test_tab_index_zero PASSED [ 92%]
tests/test_tree_control_and_color_picker.py::TestTreeControlInitial::test_with_nodes PASSED [ 92%]
tests/test_tree_control_and_color_picker.py::TestTreeControlSetNodes::test_set_nodes_clears_selection PASSED [ 92%]
tests/test_tree_control_and_color_picker.py::TestTreeControlSetNodes::test_set_nodes_replaces PASSED [ 92%]
tests/test_tree_control_and_color_picker.py::TestTreeControlExpandCollapse::test_collapse_fires_on_expand_callback PASSED [ 92%]
tests/test_tree_control_and_color_picker.py::TestTreeControlExpandCollapse::test_collapse_hides_children_in_rows PASSED [ 92%]
tests/test_tree_control_and_color_picker.py::TestTreeControlExpandCollapse::test_expand_fires_on_expand_callback PASSED [ 92%]
tests/test_tree_control_and_color_picker.py::TestTreeControlExpandCollapse::test_expand_leaf_no_effect PASSED [ 92%]
tests/test_tree_control_and_color_picker.py::TestTreeControlExpandCollapse::test_expand_shows_children_in_rows PASSED [ 92%]
tests/test_tree_control_and_color_picker.py::TestTreeControlExpandCollapse::test_toggle_collapses_expanded PASSED [ 92%]
tests/test_tree_control_and_color_picker.py::TestTreeControlExpandCollapse::test_toggle_expands_collapsed PASSED [ 92%]
tests/test_tree_control_and_color_picker.py::TestTreeControlExpandAll::test_collapse_all PASSED [ 92%]
tests/test_tree_control_and_color_picker.py::TestTreeControlExpandAll::test_expand_all PASSED [ 92%]
tests/test_tree_control_and_color_picker.py::TestTreeControlSelect::test_select_node PASSED [ 92%]
tests/test_tree_control_and_color_picker.py::TestTreeControlSelect::test_select_none_clears PASSED [ 92%]
tests/test_tree_control_and_color_picker.py::TestColorPickerControlInitial::test_default_color_red PASSED [ 92%]
tests/test_tree_control_and_color_picker.py::TestColorPickerControlInitial::test_hex_editing_false_initially PASSED [ 92%]
tests/test_tree_control_and_color_picker.py::TestColorPickerControlInitial::test_hex_text_initialized PASSED [ 92%]
tests/test_tree_control_and_color_picker.py::TestColorPickerControlInitial::test_initial_color_stored PASSED [ 92%]
tests/test_tree_control_and_color_picker.py::TestColorPickerControlInitial::test_on_change_stored PASSED [ 92%]
tests/test_tree_control_and_color_picker.py::TestColorPickerControlInitial::test_tab_index_zero PASSED [ 92%]
tests/test_tree_control_and_color_picker.py::TestColorPickerControlColorSetter::test_set_color_clamped PASSED [ 92%]
tests/test_tree_control_and_color_picker.py::TestColorPickerControlColorSetter::test_set_color_updates PASSED [ 92%]
tests/test_tree_control_and_color_picker.py::TestColorPickerControlColorSetter::test_set_color_updates_hex_text PASSED [ 92%]
tests/test_tree_control_and_color_picker.py::TestColorPickerControlHexHelpers::test_rgb_to_hex_black PASSED [ 92%]
tests/test_tree_control_and_color_picker.py::TestColorPickerControlHexHelpers::test_rgb_to_hex_red PASSED [ 92%]
tests/test_tree_control_and_color_picker.py::TestColorPickerControlHexHelpers::test_rgb_to_hex_white PASSED [ 92%]
tests/test_tree_control_and_color_picker.py::TestColorPickerControlCommitHex::test_accepts_focus PASSED [ 92%]
tests/test_tree_control_and_color_picker.py::TestColorPickerControlCommitHex::test_commit_hex_fires_on_change PASSED [ 92%]
tests/test_tree_control_and_color_picker.py::TestColorPickerControlCommitHex::test_commit_invalid_hex_sets_error PASSED [ 92%]
tests/test_tree_control_and_color_picker.py::TestColorPickerControlCommitHex::test_commit_valid_hex PASSED [ 92%]
tests/test_tween_manager_and_hsm.py::TestEasingHelpers::test_ease_in_out_midpoint PASSED [ 92%]
tests/test_tween_manager_and_hsm.py::TestEasingHelpers::test_ease_out_at_one PASSED [ 92%]
tests/test_tween_manager_and_hsm.py::TestEasingHelpers::test_ease_out_at_zero PASSED [ 92%]
tests/test_tween_manager_and_hsm.py::TestEasingHelpers::test_lerp_float_end PASSED [ 92%]
tests/test_tween_manager_and_hsm.py::TestEasingHelpers::test_lerp_float_midpoint PASSED [ 92%]
tests/test_tween_manager_and_hsm.py::TestEasingHelpers::test_lerp_float_start PASSED [ 93%]
tests/test_tween_manager_and_hsm.py::TestEasingHelpers::test_lerp_tuple_rgb_midpoint PASSED [ 93%]
tests/test_tween_manager_and_hsm.py::TestEasingHelpers::test_resolve_easing_callable PASSED [ 93%]
tests/test_tween_manager_and_hsm.py::TestEasingHelpers::test_resolve_easing_enum PASSED [ 93%]
tests/test_tween_manager_and_hsm.py::TestEasingHelpers::test_resolve_easing_string PASSED [ 93%]
tests/test_tween_manager_and_hsm.py::TestEasingHelpers::test_resolve_easing_unknown_raises PASSED [ 93%]
tests/test_tween_manager_and_hsm.py::TestTweenManager::test_active_count_drops_after_completion PASSED [ 93%]
tests/test_tween_manager_and_hsm.py::TestTweenManager::test_active_count_increments PASSED [ 93%]
tests/test_tween_manager_and_hsm.py::TestTweenManager::test_cancel_all_for_tag PASSED [ 93%]
tests/test_tween_manager_and_hsm.py::TestTweenManager::test_cancel_all_stops_all_tweens PASSED [ 93%]
tests/test_tween_manager_and_hsm.py::TestTweenManager::test_cancel_returns_false_for_already_complete PASSED [ 93%]
tests/test_tween_manager_and_hsm.py::TestTweenManager::test_cancel_returns_true_for_active PASSED [ 93%]
tests/test_tween_manager_and_hsm.py::TestTweenManager::test_cancel_stops_updates PASSED [ 93%]
tests/test_tween_manager_and_hsm.py::TestTweenManager::test_handle_elapsed_fraction PASSED [ 93%]
tests/test_tween_manager_and_hsm.py::TestTweenManager::test_handle_elapsed_fraction_complete_is_one PASSED [ 93%]
tests/test_tween_manager_and_hsm.py::TestTweenManager::test_is_cancelled_after_cancel PASSED [ 93%]
tests/test_tween_manager_and_hsm.py::TestTweenManager::test_on_complete_fires_when_tween_finishes PASSED [ 93%]
tests/test_tween_manager_and_hsm.py::TestTweenManager::test_tween_attr_completes_at_end_value PASSED [ 93%]
tests/test_tween_manager_and_hsm.py::TestTweenManager::test_tween_attr_float PASSED [ 93%]
tests/test_tween_manager_and_hsm.py::TestTweenManager::test_tween_attr_tuple_interpolation PASSED [ 93%]
tests/test_tween_manager_and_hsm.py::TestTweenManager::test_update_advances_tween PASSED [ 93%]
tests/test_tween_manager_and_hsm.py::TestTweenManager::test_update_completes_tween_when_elapsed_exceeds_duration PASSED [ 93%]
tests/test_tween_manager_and_hsm.py::TestTweenManager::test_update_zero_dt_does_not_advance PASSED [ 93%]
tests/test_tween_manager_and_hsm.py::TestTweenManager::test_zero_duration_fires_on_complete PASSED [ 93%]
tests/test_tween_manager_and_hsm.py::TestTweenManager::test_zero_duration_tween_completes_immediately PASSED [ 93%]
tests/test_tween_manager_and_hsm.py::TestHierarchicalStateMachine::test_composite_entry_resets_sub_machine PASSED [ 93%]
tests/test_tween_manager_and_hsm.py::TestHierarchicalStateMachine::test_flat_transition_still_works PASSED [ 93%]
tests/test_tween_manager_and_hsm.py::TestHierarchicalStateMachine::test_history_resumes_last_sub_state PASSED [ 93%]
tests/test_tween_manager_and_hsm.py::TestHierarchicalStateMachine::test_history_uses_initial_on_first_entry PASSED [ 93%]
tests/test_tween_manager_and_hsm.py::TestHierarchicalStateMachine::test_parallel_regions_tracked PASSED [ 93%]
tests/test_tween_manager_and_hsm.py::TestHierarchicalStateMachine::test_sub_current_returns_sub_state PASSED [ 93%]
tests/test_tween_manager_and_hsm.py::TestHierarchicalStateMachine::test_sub_current_unknown_returns_none PASSED [ 93%]
tests/test_tween_manager_and_hsm.py::TestHierarchicalStateMachine::test_sub_machine_accessor PASSED [ 93%]
tests/test_tween_manager_and_hsm.py::TestHierarchicalStateMachine::test_sub_machine_unknown_returns_none PASSED [ 93%]
tests/test_tween_manager_and_hsm.py::TestHierarchicalStateMachine::test_sub_trigger_advances_inner_machine PASSED [ 93%]
tests/test_tween_manager_and_hsm.py::TestHierarchicalStateMachine::test_sub_trigger_unknown_composite_returns_false PASSED [ 93%]
tests/test_tween_manager_and_hsm.py::TestHierarchicalStateMachine::test_trigger_parallel_fires_in_all_regions PASSED [ 93%]
tests/test_tween_manager_and_hsm.py::TestHierarchicalStateMachine::test_trigger_to_bypasses_transitions PASSED [ 93%]
tests/test_tween_manager_and_hsm.py::TestHierarchicalStateMachine::test_trigger_to_same_state_returns_false PASSED [ 93%]
tests/test_tween_manager_and_hsm.py::TestHierarchicalStateMachine::test_trigger_to_unknown_state_raises PASSED [ 93%]
tests/test_ui_node.py::TestUiNodeInitial::test_accessibility_role_default PASSED [ 93%]
tests/test_ui_node.py::TestUiNodeInitial::test_children_empty PASSED     [ 93%]
tests/test_ui_node.py::TestUiNodeInitial::test_control_id_stored PASSED  [ 93%]
tests/test_ui_node.py::TestUiNodeInitial::test_depth_zero PASSED         [ 93%]
tests/test_ui_node.py::TestUiNodeInitial::test_enabled_true_by_default PASSED [ 93%]
tests/test_ui_node.py::TestUiNodeInitial::test_is_root_true PASSED       [ 94%]
tests/test_ui_node.py::TestUiNodeInitial::test_parent_none PASSED        [ 94%]
tests/test_ui_node.py::TestUiNodeInitial::test_rect_stored PASSED        [ 94%]
tests/test_ui_node.py::TestUiNodeInitial::test_tab_index_minus_one PASSED [ 94%]
tests/test_ui_node.py::TestUiNodeInitial::test_visible_true_by_default PASSED [ 94%]
tests/test_ui_node.py::TestUiNodeVisibility::test_disable PASSED         [ 94%]
tests/test_ui_node.py::TestUiNodeVisibility::test_enable PASSED          [ 94%]
tests/test_ui_node.py::TestUiNodeVisibility::test_hide PASSED            [ 94%]
tests/test_ui_node.py::TestUiNodeVisibility::test_show PASSED            [ 94%]
tests/test_ui_node.py::TestUiNodeGeometry::test_hit_test_inside PASSED   [ 94%]
tests/test_ui_node.py::TestUiNodeGeometry::test_hit_test_outside PASSED  [ 94%]
tests/test_ui_node.py::TestUiNodeGeometry::test_resize PASSED            [ 94%]
tests/test_ui_node.py::TestUiNodeGeometry::test_set_pos PASSED           [ 94%]
tests/test_ui_node.py::TestUiNodeGeometry::test_set_rect PASSED          [ 94%]
tests/test_ui_node.py::TestUiNodeAccessibility::test_set_accessibility_label PASSED [ 94%]
tests/test_ui_node.py::TestUiNodeAccessibility::test_set_accessibility_role PASSED [ 94%]
tests/test_ui_node.py::TestUiNodeAccessibility::test_set_tab_index PASSED [ 94%]
tests/test_ui_node.py::TestUiNodeTreeTraversal::test_add_child PASSED    [ 94%]
tests/test_ui_node.py::TestUiNodeTreeTraversal::test_ancestors_yields_parent PASSED [ 94%]
tests/test_ui_node.py::TestUiNodeTreeTraversal::test_depth_one_level PASSED [ 94%]
tests/test_ui_node.py::TestUiNodeTreeTraversal::test_find_descendant_direct PASSED [ 94%]
tests/test_ui_node.py::TestUiNodeTreeTraversal::test_find_descendant_missing PASSED [ 94%]
tests/test_ui_node.py::TestUiNodeTreeTraversal::test_find_descendants_of_type PASSED [ 94%]
tests/test_ui_node.py::TestUiNodeTreeTraversal::test_find_descendants_predicate PASSED [ 94%]
tests/test_ui_node.py::TestUiNodeTreeTraversal::test_is_root_false_when_has_parent PASSED [ 94%]
tests/test_ui_node.py::TestUiNodeTreeTraversal::test_sibling_index PASSED [ 94%]
tests/test_ui_node.py::TestUiNodeTreeTraversal::test_sibling_index_root PASSED [ 94%]
tests/test_undo_context_manager.py::TestUndoContextManagerRegistration::test_contains PASSED [ 94%]
tests/test_undo_context_manager.py::TestUndoContextManagerRegistration::test_get_returns_history PASSED [ 94%]
tests/test_undo_context_manager.py::TestUndoContextManagerRegistration::test_get_unknown_returns_none PASSED [ 94%]
tests/test_undo_context_manager.py::TestUndoContextManagerRegistration::test_initially_empty PASSED [ 94%]
tests/test_undo_context_manager.py::TestUndoContextManagerRegistration::test_register_default_key_auto_activates PASSED [ 94%]
tests/test_undo_context_manager.py::TestUndoContextManagerRegistration::test_register_increases_len PASSED [ 94%]
tests/test_undo_context_manager.py::TestUndoContextManagerRegistration::test_register_make_active PASSED [ 94%]
tests/test_undo_context_manager.py::TestUndoContextManagerRegistration::test_registered_keys_sorted PASSED [ 94%]
tests/test_undo_context_manager.py::TestUndoContextManagerRegistration::test_unregister_active_key_clears_active PASSED [ 94%]
tests/test_undo_context_manager.py::TestUndoContextManagerRegistration::test_unregister_removes_key PASSED [ 94%]
tests/test_undo_context_manager.py::TestUndoContextManagerRegistration::test_unregister_unknown_returns_false PASSED [ 94%]
tests/test_undo_context_manager.py::TestUndoContextManagerActivation::test_set_active_known_key PASSED [ 94%]
tests/test_undo_context_manager.py::TestUndoContextManagerActivation::test_set_active_none_deactivates PASSED [ 94%]
tests/test_undo_context_manager.py::TestUndoContextManagerActivation::test_set_active_unknown_raises_key_error PASSED [ 94%]
tests/test_undo_context_manager.py::TestUndoContextManagerUndoRedo::test_can_redo_property PASSED [ 94%]
tests/test_undo_context_manager.py::TestUndoContextManagerUndoRedo::test_can_undo_false_when_no_active PASSED [ 94%]
tests/test_undo_context_manager.py::TestUndoContextManagerUndoRedo::test_can_undo_property PASSED [ 94%]
tests/test_undo_context_manager.py::TestUndoContextManagerUndoRedo::test_redo_returns_false_when_cannot_redo PASSED [ 94%]
tests/test_undo_context_manager.py::TestUndoContextManagerUndoRedo::test_redo_returns_false_when_no_active PASSED [ 94%]
tests/test_undo_context_manager.py::TestUndoContextManagerUndoRedo::test_redo_routes_to_active_stack PASSED [ 95%]
tests/test_undo_context_manager.py::TestUndoContextManagerUndoRedo::test_switch_routes_to_new_active PASSED [ 95%]
tests/test_undo_context_manager.py::TestUndoContextManagerUndoRedo::test_undo_returns_false_when_cannot_undo PASSED [ 95%]
tests/test_undo_context_manager.py::TestUndoContextManagerUndoRedo::test_undo_returns_false_when_no_active PASSED [ 95%]
tests/test_undo_context_manager.py::TestUndoContextManagerUndoRedo::test_undo_routes_to_active_stack PASSED [ 95%]
tests/test_undo_context_manager.py::TestUndoContextManagerObservers::test_no_notification_if_key_unchanged PASSED [ 95%]
tests/test_undo_context_manager.py::TestUndoContextManagerObservers::test_subscribe_exception_does_not_propagate PASSED [ 95%]
tests/test_undo_context_manager.py::TestUndoContextManagerObservers::test_subscribe_notified_on_none PASSED [ 95%]
tests/test_undo_context_manager.py::TestUndoContextManagerObservers::test_subscribe_notified_on_set_active PASSED [ 95%]
tests/test_undo_context_manager.py::TestUndoContextManagerObservers::test_unsubscribe PASSED [ 95%]
tests/test_undo_context_manager.py::TestUndoContextManagerExports::test_importable_from_gui_do PASSED [ 95%]
tests/test_validator.py::TestValidationResult::test_bool_false_when_failed PASSED [ 95%]
tests/test_validator.py::TestValidationResult::test_bool_true_when_ok PASSED [ 95%]
tests/test_validator.py::TestValidationResult::test_failed_factory PASSED [ 95%]
tests/test_validator.py::TestValidationResult::test_passed_factory PASSED [ 95%]
tests/test_validator.py::TestRequiredValidator::test_custom_message PASSED [ 95%]
tests/test_validator.py::TestRequiredValidator::test_empty_list_rejected PASSED [ 95%]
tests/test_validator.py::TestRequiredValidator::test_empty_string_rejected PASSED [ 95%]
tests/test_validator.py::TestRequiredValidator::test_non_empty_list_accepted PASSED [ 95%]
tests/test_validator.py::TestRequiredValidator::test_non_empty_string_accepted PASSED [ 95%]
tests/test_validator.py::TestRequiredValidator::test_none_rejected PASSED [ 95%]
tests/test_validator.py::TestRangeValidator::test_above_max_rejected PASSED [ 95%]
tests/test_validator.py::TestRangeValidator::test_at_bounds_accepted PASSED [ 95%]
tests/test_validator.py::TestRangeValidator::test_below_min_rejected PASSED [ 95%]
tests/test_validator.py::TestRangeValidator::test_custom_message PASSED  [ 95%]
tests/test_validator.py::TestRangeValidator::test_non_numeric_rejected PASSED [ 95%]
tests/test_validator.py::TestRangeValidator::test_within_range_ok PASSED [ 95%]
tests/test_validator.py::TestLengthValidator::test_at_min_length_ok PASSED [ 95%]
tests/test_validator.py::TestLengthValidator::test_no_len_attribute_rejected PASSED [ 95%]
tests/test_validator.py::TestLengthValidator::test_too_long_rejected PASSED [ 95%]
tests/test_validator.py::TestLengthValidator::test_too_short_rejected PASSED [ 95%]
tests/test_validator.py::TestLengthValidator::test_within_length_ok PASSED [ 95%]
tests/test_validator.py::TestPatternValidator::test_custom_message PASSED [ 95%]
tests/test_validator.py::TestPatternValidator::test_matching_pattern_ok PASSED [ 95%]
tests/test_validator.py::TestPatternValidator::test_non_matching_rejected PASSED [ 95%]
tests/test_validator.py::TestPatternValidator::test_partial_match_with_search PASSED [ 95%]
tests/test_validator.py::TestCustomValidator::test_fails_when_fn_returns_string PASSED [ 95%]
tests/test_validator.py::TestCustomValidator::test_non_callable_raises PASSED [ 95%]
tests/test_validator.py::TestCustomValidator::test_passes_when_fn_returns_none PASSED [ 95%]
tests/test_validator.py::TestDependentValidator::test_check_with_context PASSED [ 95%]
tests/test_validator.py::TestDependentValidator::test_check_without_context_uses_empty_dict PASSED [ 95%]
tests/test_validator.py::TestValidationPipeline::test_add_fluent PASSED  [ 95%]
tests/test_validator.py::TestValidationPipeline::test_all_pass_returns_ok PASSED [ 95%]
tests/test_validator.py::TestValidationPipeline::test_collect_all_errors PASSED [ 95%]
tests/test_validator.py::TestValidationPipeline::test_context_forwarded_to_dependent PASSED [ 95%]
tests/test_validator.py::TestValidationPipeline::test_empty_pipeline_passes_anything PASSED [ 96%]
tests/test_validator.py::TestValidationPipeline::test_first_error_stops_pipeline PASSED [ 96%]
tests/test_validator.py::TestValidationPipeline::test_is_valid_shorthand PASSED [ 96%]
tests/test_validator_and_selection_model.py::TestValidationResult::test_bool_conversion_reflects_ok PASSED [ 96%]
tests/test_validator_and_selection_model.py::TestValidationResult::test_failed_factory_produces_not_ok_result PASSED [ 96%]
tests/test_validator_and_selection_model.py::TestValidationResult::test_passed_factory_produces_ok_result PASSED [ 96%]
tests/test_validator_and_selection_model.py::TestRequiredValidator::test_empty_list_is_invalid PASSED [ 96%]
tests/test_validator_and_selection_model.py::TestRequiredValidator::test_empty_string_is_invalid PASSED [ 96%]
tests/test_validator_and_selection_model.py::TestRequiredValidator::test_none_is_invalid PASSED [ 96%]
tests/test_validator_and_selection_model.py::TestRequiredValidator::test_nonempty_string_is_valid PASSED [ 96%]
tests/test_validator_and_selection_model.py::TestRequiredValidator::test_zero_is_valid PASSED [ 96%]
tests/test_validator_and_selection_model.py::TestRangeValidator::test_boundary_values_are_valid PASSED [ 96%]
tests/test_validator_and_selection_model.py::TestRangeValidator::test_custom_message_used_when_provided PASSED [ 96%]
tests/test_validator_and_selection_model.py::TestRangeValidator::test_non_numeric_returns_error PASSED [ 96%]
tests/test_validator_and_selection_model.py::TestRangeValidator::test_value_above_max_returns_error PASSED [ 96%]
tests/test_validator_and_selection_model.py::TestRangeValidator::test_value_below_min_returns_error PASSED [ 96%]
tests/test_validator_and_selection_model.py::TestRangeValidator::test_value_in_range_is_valid PASSED [ 96%]
tests/test_validator_and_selection_model.py::TestLengthValidator::test_exact_max_is_valid PASSED [ 96%]
tests/test_validator_and_selection_model.py::TestLengthValidator::test_exact_min_is_valid PASSED [ 96%]
tests/test_validator_and_selection_model.py::TestLengthValidator::test_non_sized_value_returns_error PASSED [ 96%]
tests/test_validator_and_selection_model.py::TestLengthValidator::test_string_too_long_returns_error PASSED [ 96%]
tests/test_validator_and_selection_model.py::TestLengthValidator::test_string_too_short_returns_error PASSED [ 96%]
tests/test_validator_and_selection_model.py::TestLengthValidator::test_string_within_length_is_valid PASSED [ 96%]
tests/test_validator_and_selection_model.py::TestPatternValidator::test_fullmatch_rejects_partial_match PASSED [ 96%]
tests/test_validator_and_selection_model.py::TestPatternValidator::test_matching_pattern_is_valid PASSED [ 96%]
tests/test_validator_and_selection_model.py::TestPatternValidator::test_non_matching_pattern_returns_error PASSED [ 96%]
tests/test_validator_and_selection_model.py::TestPatternValidator::test_search_mode_matches_substring PASSED [ 96%]
tests/test_validator_and_selection_model.py::TestCustomValidator::test_callable_wrapping_works PASSED [ 96%]
tests/test_validator_and_selection_model.py::TestCustomValidator::test_non_callable_raises_type_error PASSED [ 96%]
tests/test_validator_and_selection_model.py::TestDependentValidator::test_check_passes_empty_context PASSED [ 96%]
tests/test_validator_and_selection_model.py::TestDependentValidator::test_check_with_context_passes_context PASSED [ 96%]
tests/test_validator_and_selection_model.py::TestValidationPipeline::test_add_returns_self_for_fluent_chaining PASSED [ 96%]
tests/test_validator_and_selection_model.py::TestValidationPipeline::test_collect_all_errors_when_stop_on_first_error_false PASSED [ 96%]
tests/test_validator_and_selection_model.py::TestValidationPipeline::test_dependent_validator_receives_context_via_pipeline PASSED [ 96%]
tests/test_validator_and_selection_model.py::TestValidationPipeline::test_first_failure_stops_pipeline_by_default PASSED [ 96%]
tests/test_validator_and_selection_model.py::TestValidationPipeline::test_is_valid_convenience_returns_bool PASSED [ 96%]
tests/test_validator_and_selection_model.py::TestValidationPipeline::test_passing_pipeline_returns_ok PASSED [ 96%]
tests/test_validator_and_selection_model.py::TestValidationPipeline::test_validators_property_returns_copy PASSED [ 96%]
tests/test_validator_and_selection_model.py::TestSelectionModelSingle::test_clear_removes_all_selections PASSED [ 96%]
tests/test_validator_and_selection_model.py::TestSelectionModelSingle::test_deselect_clears_selected_index PASSED [ 96%]
tests/test_validator_and_selection_model.py::TestSelectionModelSingle::test_initially_nothing_selected PASSED [ 96%]
tests/test_validator_and_selection_model.py::TestSelectionModelSingle::test_is_selected_reflects_state PASSED [ 96%]
tests/test_validator_and_selection_model.py::TestSelectionModelSingle::test_out_of_range_index_is_ignored PASSED [ 96%]
tests/test_validator_and_selection_model.py::TestSelectionModelSingle::test_select_all_selects_all_items PASSED [ 96%]
tests/test_validator_and_selection_model.py::TestSelectionModelSingle::test_select_replaces_previous_selection PASSED [ 96%]
tests/test_validator_and_selection_model.py::TestSelectionModelSingle::test_select_sets_single_index PASSED [ 96%]
tests/test_validator_and_selection_model.py::TestSelectionModelSingle::test_set_item_count_prunes_out_of_range_selection PASSED [ 97%]
tests/test_validator_and_selection_model.py::TestSelectionModelSingle::test_subscriber_notified_on_change PASSED [ 97%]
tests/test_validator_and_selection_model.py::TestSelectionModelSingle::test_unsubscribe_stops_notifications PASSED [ 97%]
tests/test_validator_and_selection_model.py::TestSelectionModelMulti::test_multiple_items_selectable PASSED [ 97%]
tests/test_validator_and_selection_model.py::TestSelectionModelMulti::test_toggle_adds_and_removes PASSED [ 97%]
tests/test_validator_and_selection_model.py::TestSelectionModelRange::test_anchor_and_active_define_range PASSED [ 97%]
tests/test_validator_and_selection_model.py::TestSelectionModelRange::test_reversed_range_works PASSED [ 97%]
tests/test_validator_and_selection_model.py::TestSelectionModelRange::test_single_item_range PASSED [ 97%]
tests/test_validators.py::TestValidationResult::test_bool_false PASSED   [ 97%]
tests/test_validators.py::TestValidationResult::test_bool_true PASSED    [ 97%]
tests/test_validators.py::TestValidationResult::test_failed PASSED       [ 97%]
tests/test_validators.py::TestValidationResult::test_passed PASSED       [ 97%]
tests/test_validators.py::TestRequiredValidator::test_callable PASSED    [ 97%]
tests/test_validators.py::TestRequiredValidator::test_custom_message PASSED [ 97%]
tests/test_validators.py::TestRequiredValidator::test_empty_list_rejected PASSED [ 97%]
tests/test_validators.py::TestRequiredValidator::test_empty_string_rejected PASSED [ 97%]
tests/test_validators.py::TestRequiredValidator::test_none_rejected PASSED [ 97%]
tests/test_validators.py::TestRequiredValidator::test_nonempty_string_accepted PASSED [ 97%]
tests/test_validators.py::TestRangeValidator::test_above_max PASSED      [ 97%]
tests/test_validators.py::TestRangeValidator::test_at_max_boundary PASSED [ 97%]
tests/test_validators.py::TestRangeValidator::test_at_min_boundary PASSED [ 97%]
tests/test_validators.py::TestRangeValidator::test_below_min PASSED      [ 97%]
tests/test_validators.py::TestRangeValidator::test_custom_message PASSED [ 97%]
tests/test_validators.py::TestRangeValidator::test_no_bounds PASSED      [ 97%]
tests/test_validators.py::TestRangeValidator::test_non_numeric_rejected PASSED [ 97%]
tests/test_validators.py::TestRangeValidator::test_within_range PASSED   [ 97%]
tests/test_validators.py::TestLengthValidator::test_no_bounds_accepts_anything PASSED [ 97%]
tests/test_validators.py::TestLengthValidator::test_no_len_rejected PASSED [ 97%]
tests/test_validators.py::TestLengthValidator::test_too_long PASSED      [ 97%]
tests/test_validators.py::TestLengthValidator::test_too_short PASSED     [ 97%]
tests/test_validators.py::TestLengthValidator::test_valid_length PASSED  [ 97%]
tests/test_validators.py::TestPatternValidator::test_custom_error_message PASSED [ 97%]
tests/test_validators.py::TestPatternValidator::test_invalid_match PASSED [ 97%]
tests/test_validators.py::TestPatternValidator::test_partial_match_with_search PASSED [ 97%]
tests/test_validators.py::TestPatternValidator::test_valid_match PASSED  [ 97%]
tests/test_validators.py::TestCustomValidator::test_accepts_valid PASSED [ 97%]
tests/test_validators.py::TestCustomValidator::test_noncallable_raises PASSED [ 97%]
tests/test_validators.py::TestCustomValidator::test_rejects_invalid PASSED [ 97%]
tests/test_validators.py::TestDependentValidator::test_check_passes_context PASSED [ 97%]
tests/test_validators.py::TestValidationPipeline::test_add_validator_fluent PASSED [ 97%]
tests/test_validators.py::TestValidationPipeline::test_all_pass PASSED   [ 97%]
tests/test_validators.py::TestValidationPipeline::test_collect_all_errors PASSED [ 97%]
tests/test_validators.py::TestValidationPipeline::test_empty_pipeline_passes_anything PASSED [ 97%]
tests/test_validators.py::TestValidationPipeline::test_is_valid_false PASSED [ 97%]
tests/test_validators.py::TestValidationPipeline::test_is_valid_true PASSED [ 97%]
tests/test_validators.py::TestValidationPipeline::test_stops_on_first_error PASSED [ 98%]
tests/test_viewport_responsive.py::TestViewportInitial::test_content_size_stored PASSED [ 98%]
tests/test_viewport_responsive.py::TestViewportInitial::test_scroll_offset_tuple PASSED [ 98%]
tests/test_viewport_responsive.py::TestViewportInitial::test_scroll_zero PASSED [ 98%]
tests/test_viewport_responsive.py::TestViewportInitial::test_viewport_size_stored PASSED [ 98%]
tests/test_viewport_responsive.py::TestViewportInitial::test_zoom_default PASSED [ 98%]
tests/test_viewport_responsive.py::TestViewportScroll::test_scroll_by_relative PASSED [ 98%]
tests/test_viewport_responsive.py::TestViewportScroll::test_scroll_clamped_at_max PASSED [ 98%]
tests/test_viewport_responsive.py::TestViewportScroll::test_scroll_clamped_at_zero PASSED [ 98%]
tests/test_viewport_responsive.py::TestViewportScroll::test_scroll_no_notify_when_unchanged PASSED [ 98%]
tests/test_viewport_responsive.py::TestViewportScroll::test_scroll_notifies_subscriber PASSED [ 98%]
tests/test_viewport_responsive.py::TestViewportScroll::test_scroll_to_absolute PASSED [ 98%]
tests/test_viewport_responsive.py::TestViewportZoom::test_adjust_zoom_multiplies PASSED [ 98%]
tests/test_viewport_responsive.py::TestViewportZoom::test_set_zoom PASSED [ 98%]
tests/test_viewport_responsive.py::TestViewportZoom::test_set_zoom_notifies_subscriber PASSED [ 98%]
tests/test_viewport_responsive.py::TestViewportZoom::test_zoom_clamped_at_max PASSED [ 98%]
tests/test_viewport_responsive.py::TestViewportZoom::test_zoom_clamped_at_min PASSED [ 98%]
tests/test_viewport_responsive.py::TestViewportTransforms::test_local_to_screen_no_scroll_no_zoom PASSED [ 98%]
tests/test_viewport_responsive.py::TestViewportTransforms::test_roundtrip PASSED [ 98%]
tests/test_viewport_responsive.py::TestViewportTransforms::test_screen_to_local_no_scroll_no_zoom PASSED [ 98%]
tests/test_viewport_responsive.py::TestViewportTransforms::test_screen_to_local_with_scroll PASSED [ 98%]
tests/test_viewport_responsive.py::TestViewportSizeUpdate::test_set_content_size PASSED [ 98%]
tests/test_viewport_responsive.py::TestViewportSizeUpdate::test_set_viewport_size PASSED [ 98%]
tests/test_viewport_responsive.py::TestBreakpoint::test_fields_stored PASSED [ 98%]
tests/test_viewport_responsive.py::TestResponsiveLayoutInitial::test_active_breakpoint_name_default PASSED [ 98%]
tests/test_viewport_responsive.py::TestResponsiveLayoutInitial::test_active_layout_is_default PASSED [ 98%]
tests/test_viewport_responsive.py::TestResponsiveLayoutInitial::test_breakpoints_empty PASSED [ 98%]
tests/test_viewport_responsive.py::TestResponsiveLayoutInitial::test_current_width_zero PASSED [ 98%]
tests/test_viewport_responsive.py::TestResponsiveLayoutUpdate::test_breakpoints_sorted_widest_first PASSED [ 98%]
tests/test_viewport_responsive.py::TestResponsiveLayoutUpdate::test_current_width_updated PASSED [ 98%]
tests/test_viewport_responsive.py::TestResponsiveLayoutUpdate::test_invalid_breakpoint_raises PASSED [ 98%]
tests/test_viewport_responsive.py::TestResponsiveLayoutUpdate::test_set_default_layout PASSED [ 98%]
tests/test_viewport_responsive.py::TestResponsiveLayoutUpdate::test_update_falls_back_to_default PASSED [ 98%]
tests/test_viewport_responsive.py::TestResponsiveLayoutUpdate::test_update_returns_false_when_same PASSED [ 98%]
tests/test_viewport_responsive.py::TestResponsiveLayoutUpdate::test_update_selects_medium PASSED [ 98%]
tests/test_viewport_responsive.py::TestResponsiveLayoutUpdate::test_update_selects_wide PASSED [ 98%]
tests/test_virtualization_core.py::TestMeasurePolicy::test_item_at_offset_clamped PASSED [ 98%]
tests/test_virtualization_core.py::TestMeasurePolicy::test_item_at_offset_empty PASSED [ 98%]
tests/test_virtualization_core.py::TestMeasurePolicy::test_item_at_offset_uniform PASSED [ 98%]
tests/test_virtualization_core.py::TestMeasurePolicy::test_item_at_offset_variable PASSED [ 98%]
tests/test_virtualization_core.py::TestMeasurePolicy::test_offset_of_item_uniform PASSED [ 98%]
tests/test_virtualization_core.py::TestMeasurePolicy::test_offset_of_item_variable PASSED [ 98%]
tests/test_virtualization_core.py::TestMeasurePolicy::test_total_height_uniform PASSED [ 98%]
tests/test_virtualization_core.py::TestMeasurePolicy::test_total_height_variable PASSED [ 98%]
tests/test_virtualization_core.py::TestMeasurePolicy::test_uniform_height PASSED [ 98%]
tests/test_virtualization_core.py::TestMeasurePolicy::test_variable_height PASSED [ 98%]
tests/test_virtualization_core.py::TestVirtualizedWindow::test_basic_visible_range PASSED [ 99%]
tests/test_virtualization_core.py::TestVirtualizedWindow::test_empty_range PASSED [ 99%]
tests/test_virtualization_core.py::TestVirtualizedWindow::test_overscan_extends_range PASSED [ 99%]
tests/test_virtualization_core.py::TestVirtualizedWindow::test_range_clamped_to_item_count PASSED [ 99%]
tests/test_virtualization_core.py::TestVirtualizedWindow::test_scroll_updates_range PASSED [ 99%]
tests/test_virtualization_core.py::TestRecyclePool::test_acquire_from_pool PASSED [ 99%]
tests/test_virtualization_core.py::TestRecyclePool::test_factory_called_when_empty PASSED [ 99%]
tests/test_virtualization_core.py::TestRecyclePool::test_no_reset_fn PASSED [ 99%]
tests/test_virtualization_core.py::TestRecyclePool::test_pool_size_tracks PASSED [ 99%]
tests/test_virtualization_core.py::TestRecyclePool::test_reset_fn_called_on_release PASSED [ 99%]
tests/test_virtualization_core.py::TestVirtualizationCore::test_cells_recycled_on_scroll PASSED [ 99%]
tests/test_virtualization_core.py::TestVirtualizationCore::test_empty_item_count PASSED [ 99%]
tests/test_virtualization_core.py::TestVirtualizationCore::test_pool_reuses_cells PASSED [ 99%]
tests/test_virtualization_core.py::TestVirtualizationCore::test_refresh_binds_visible_cells PASSED [ 99%]
tests/test_window_chrome_title_centering_height.py::TestWindowChromeTitleCenteringHeight::test_build_window_chrome_enforces_minimum_height_for_font PASSED [ 99%]
tests/test_window_chrome_title_centering_height.py::TestWindowChromeTitleCenteringHeight::test_build_window_chrome_respects_requested_titlebar_height PASSED [ 99%]
tests/test_window_lifecycle_presenter.py::TestWindowLifecyclePresenter::test_add_remove_clear_manage_content_layer_children PASSED [ 99%]
tests/test_window_lifecycle_presenter.py::TestWindowLifecyclePresenter::test_content_scope_blocks_titlebar_child_interaction PASSED [ 99%]
tests/test_window_lifecycle_presenter.py::TestWindowLifecyclePresenter::test_move_by_translates_entire_content_subtree PASSED [ 99%]
tests/test_window_lifecycle_presenter.py::TestWindowLifecyclePresenter::test_presenter_lifecycle_hooks_are_wired PASSED [ 99%]
tests/test_window_lifecycle_presenter.py::TestWindowLifecyclePresenter::test_titlebar_height_fits_to_title_font_height_plus_padding PASSED [ 99%]
tests/test_window_lifecycle_presenter.py::TestWindowLifecyclePresenter::test_titlebar_height_respects_minimum_floor_when_font_is_small PASSED [ 99%]
tests/test_wizard_flow.py::TestWizardStep::test_custom_fields PASSED     [ 99%]
tests/test_wizard_flow.py::TestWizardStep::test_defaults PASSED          [ 99%]
tests/test_wizard_flow.py::TestWizardStep::test_title_stored PASSED      [ 99%]
tests/test_wizard_flow.py::TestWizardFlowInitial::test_current_step_is_first PASSED [ 99%]
tests/test_wizard_flow.py::TestWizardFlowInitial::test_empty_steps_raises PASSED [ 99%]
tests/test_wizard_flow.py::TestWizardFlowInitial::test_progress_zero PASSED [ 99%]
tests/test_wizard_flow.py::TestWizardFlowInitial::test_step_count PASSED [ 99%]
tests/test_wizard_flow.py::TestWizardFlowInitial::test_step_index_zero PASSED [ 99%]
tests/test_wizard_flow.py::TestWizardFlowAdvance::test_advance_moves_to_next_step PASSED [ 99%]
tests/test_wizard_flow.py::TestWizardFlowAdvance::test_advance_returns_true PASSED [ 99%]
tests/test_wizard_flow.py::TestWizardFlowAdvance::test_advance_with_data_collected PASSED [ 99%]
tests/test_wizard_flow.py::TestWizardFlowAdvance::test_last_step_calls_on_complete PASSED [ 99%]
tests/test_wizard_flow.py::TestWizardFlowAdvance::test_progress_updated_after_advance PASSED [ 99%]
tests/test_wizard_flow.py::TestWizardFlowAdvance::test_validation_failure_blocks_advance PASSED [ 99%]
tests/test_wizard_flow.py::TestWizardFlowAdvance::test_validation_pass_advances PASSED [ 99%]
tests/test_wizard_flow.py::TestWizardFlowBack::test_back_from_first_returns_false PASSED [ 99%]
tests/test_wizard_flow.py::TestWizardFlowBack::test_back_moves_to_previous_step PASSED [ 99%]
tests/test_wizard_flow.py::TestWizardFlowBack::test_back_returns_true PASSED [ 99%]
tests/test_wizard_flow.py::TestWizardFlowCancel::test_cancel_calls_on_cancel PASSED [ 99%]
tests/test_wizard_flow.py::TestWizardHandle::test_cancel_idempotent PASSED [ 99%]
tests/test_wizard_flow.py::TestWizardHandle::test_cancel_sets_cancelled PASSED [ 99%]
tests/test_wizard_flow.py::TestWizardHandle::test_not_cancelled_initially PASSED [ 99%]
tests/test_workspace_persistence_observability.py::TestWorkspacePersistenceObservability::test_restore_tracks_missing_blocks_and_malformed_payloads PASSED [ 99%]
tests/test_workspace_persistence_observability.py::TestWorkspacePersistenceObservability::test_restore_tracks_scene_features_snapshot_and_settings PASSED [100%]

================================== FAILURES ===================================
_ TestMenuStripControl.test_add_window_menu_strip_accepts_optional_scene_and_window_providers _
tests\test_scene_menu_strip_control.py:616: in test_add_window_menu_strip_accepts_optional_scene_and_window_providers
    added = add_window_menu_strip(
gui_do\features\feature_lifecycle.py:1057: in add_window_menu_strip
    raise ValueError("host.window_presentation is required for MenuStripControl")
E   ValueError: host.window_presentation is required for MenuStripControl
_ TestMenuStripControl.test_open_windows_flyout_auto_refreshes_when_visibility_changes _
tests\test_scene_menu_strip_control.py:248: in test_open_windows_flyout_auto_refreshes_when_visibility_changes
    self.assertTrue(consumed)
E   AssertionError: False is not true
_ TestMenuStripControl.test_windows_menu_action_calls_on_window_toggled_callback _
tests\test_scene_menu_strip_control.py:528: in test_windows_menu_action_calls_on_window_toggled_callback
    self.assertTrue(windows_entry.items)
E   AssertionError: [] is not true
_ TestMenuStripControl.test_windows_menu_discovers_mandelbrot_window_without_built_in_setter _
tests\test_scene_menu_strip_control.py:509: in test_windows_menu_discovers_mandelbrot_window_without_built_in_setter
    self.assertIn("Mandelbrot Demo", labels)
E   AssertionError: 'Mandelbrot Demo' not found in []
____ TestMenuStripControl.test_windows_menu_state_updates_on_keyboard_open ____
tests\test_scene_menu_strip_control.py:226: in test_windows_menu_state_updates_on_keyboard_open
    self.assertTrue(consumed)
E   AssertionError: False is not true
=========================== short test summary info ===========================
FAILED tests/test_scene_menu_strip_control.py::TestMenuStripControl::test_add_window_menu_strip_accepts_optional_scene_and_window_providers
FAILED tests/test_scene_menu_strip_control.py::TestMenuStripControl::test_open_windows_flyout_auto_refreshes_when_visibility_changes
FAILED tests/test_scene_menu_strip_control.py::TestMenuStripControl::test_windows_menu_action_calls_on_window_toggled_callback
FAILED tests/test_scene_menu_strip_control.py::TestMenuStripControl::test_windows_menu_discovers_mandelbrot_window_without_built_in_setter
FAILED tests/test_scene_menu_strip_control.py::TestMenuStripControl::test_windows_menu_state_updates_on_keyboard_open
============= 5 failed, 4552 passed, 16 subtests passed in 4.00s ==============
